INFO: [Common 17-3922] A valid Vivado Design Suite ENTERPRISE license has been detected. Your current license is active and will expire on Permanent.

****** Vivado v2026.1 (64-bit)
  **** SW Build 6511674 on Tue Jun 16 11:01:26 MDT 2026
  **** IP Build 6504888 on Tue Jun 09 09:05:25 MDT 2026
  **** SharedData Build 6501428 on Mon Jun 08 17:34:18 MDT 2026
  **** Start of session at: Thu Oct  1 18:54:03 2026
    ** Copyright 1986-2022 Xilinx, Inc. All Rights Reserved.
    ** Copyright 2022-2026 Advanced Micro Devices, Inc. All Rights Reserved.

source /home/shen/AI370-2/docs/M9/native-toolchain-smoke/hw_target_probe.tcl
# open_hw_manager
CRITICAL WARNING: [Board 49-56] Problem parsing board file - /home/shen/tools/Xilinx/2026.1/2026.1/data/boards/board_files/Avnet/zub1cg/1.0/board.xml.
Resolution: Please contact your board vendor with this message.
CRITICAL WARNING: [Board 49-56] Problem parsing board file - /home/shen/tools/Xilinx/2026.1/2026.1/data/boards/board_files/alinx/axku042/1.0/board.xml.
Resolution: Please contact your board vendor with this message.
CRITICAL WARNING: [Board 49-56] Problem parsing board file - /home/shen/tools/Xilinx/2026.1/2026.1/data/boards/board_files/AlphaData/admpa101_2ms/1.1/board.xml.
Resolution: Please contact your board vendor with this message.
CRITICAL WARNING: [Board 49-56] Problem parsing board file - /home/shen/tools/Xilinx/2026.1/2026.1/data/boards/board_files/AlphaData/admpa100_2ms/1.0/board.xml.
Resolution: Please contact your board vendor with this message.
CRITICAL WARNING: [Board 49-56] Problem parsing board file - /home/shen/tools/Xilinx/2026.1/2026.1/data/boards/board_files/AlphaData/admpa101_2ms/1.2/board.xml.
Resolution: Please contact your board vendor with this message.
CRITICAL WARNING: [Board 49-56] Problem parsing board file - /home/shen/tools/Xilinx/2026.1/2026.1/data/boards/board_files/AlphaData/admpa100_2ms/1.2/board.xml.
Resolution: Please contact your board vendor with this message.
# connect_hw_server
INFO: [Labtools 27-2285] Connecting to hw_server url TCP:localhost:3121
INFO: [Labtools 27-2222] Launching hw_server...
INFO: [Labtools 27-2221] Launch Output:

****** Xilinx hw_server v2026.1
  **** Build date : May 29 2026 at 20:56:35
    ** Copyright 1986-2022 Xilinx, Inc. All Rights Reserved.


INFO: [Labtools 27-3415] Connecting to cs_server url TCP:localhost:0
INFO: [Labtools 27-3417] Launching cs_server...
INFO: [Labtools 27-2221] Launch Output:

****** Xilinx cs_server v2026.1
  **** Build Info : #60 | 2026-06-15 19:15 UTC | a9691a9
    ** Copyright 2017-2022 Xilinx, Inc. All Rights Reserved.
    ** Copyright 2022-2026 Advanced Micro Devices, Inc. All Rights Reserved.



ERROR: [Labtoolstcl 44-199] No matching targets found on connected servers: localhost
Resolution: If needed connect the desired target to a server and use command refresh_hw_server. Then rerun the get_hw_targets command.
ERROR: [Common 17-39] 'get_hw_targets' failed due to earlier errors.

    while executing
"get_hw_targets"
    invoked from within
"set targets [get_hw_targets]"
    (file "/home/shen/AI370-2/docs/M9/native-toolchain-smoke/hw_target_probe.tcl" line 3)
INFO: [Common 17-206] Exiting Vivado at Thu Oct  1 18:54:11 2026...
