CPU reference calculated explicitly; candidate run forbids fallback
2026-10-01 18:50:14.725114471 [I:onnxruntime:, inference_session.cc:606 TraceSessionOptions] Session Options {  execution_mode:0 execution_order:DEFAULT enable_profiling:1 optimized_model_filepath:"" enable_mem_pattern:1 enable_mem_reuse:1 enable_cpu_mem_arena:1 profile_file_prefix:/home/shen/AI370-2/output/M9/license-npu-run/ort-profile session_logid: session_log_severity_level:0 session_log_verbosity_level:0 max_num_graph_transformation_steps:10 graph_optimization_level:4 intra_op_param:OrtThreadPoolParams { thread_pool_size: 0 auto_set_affinity: 0 allow_spinning: 1 dynamic_block_base_: 0 stack_size: 0 affinity_str:  set_denormal_as_zero: 0 } inter_op_param:OrtThreadPoolParams { thread_pool_size: 0 auto_set_affinity: 0 allow_spinning: 1 dynamic_block_base_: 0 stack_size: 0 affinity_str:  set_denormal_as_zero: 0 } use_per_session_threads:1 thread_pool_allow_spinning:1 use_deterministic_compute:0 ep_selection_policy:0 config_options: {   session.disable_cpu_ep_fallback: 1 } }
2026-10-01 18:50:14.725126744 [I:onnxruntime:, inference_session.cc:422 ConstructorCommon] Creating and using per session threadpools since use_per_session_threads_ is true
2026-10-01 18:50:14.725130701 [I:onnxruntime:, inference_session.cc:446 ConstructorCommon] Dynamic block base set to 0
2026-10-01 18:50:14.931982413 [I:onnxruntime:, inference_session.cc:2042 Initialize] Initializing session.
2026-10-01 18:50:14.932007280 [I:onnxruntime:, inference_session.cc:2080 Initialize] Adding default CPU execution provider.
2026-10-01 18:50:14.932113148 [I:onnxruntime:, graph_partitioner.cc:1209 InlineFunctionsAOT] This model does not have any local functions defined. AOT Inlining is not performed
2026-10-01 18:50:14.932375891 [I:onnxruntime:, graph_transformer.cc:15 Apply] GraphTransformer EnsureUniqueDQForNodeUnit modified: 1 with status: OK
2026-10-01 18:50:14.933966904 [I:onnxruntime:, graph_transformer.cc:15 Apply] GraphTransformer Level1_RuleBasedTransformer modified: 1 with status: OK
2026-10-01 18:50:14.934989331 [I:onnxruntime:, graph.cc:4888 CleanUnusedInitializersAndNodeArgs] Removing initializer '/avgpool/GlobalAveragePool_output_0_Scale'. It is no longer used by any node.
2026-10-01 18:50:14.935159279 [I:onnxruntime:, graph_transformer.cc:15 Apply] GraphTransformer DoubleQDQPairsRemover modified: 0 with status: OK
2026-10-01 18:50:14.935499547 [I:onnxruntime:, constant_sharing.cc:248 ApplyImpl] Total shared scalar initializer count: 174
2026-10-01 18:50:14.935506240 [I:onnxruntime:, graph_transformer.cc:15 Apply] GraphTransformer ConstantSharing modified: 1 with status: OK
2026-10-01 18:50:14.936649533 [I:onnxruntime:, graph_transformer.cc:15 Apply] GraphTransformer CommonSubexpressionElimination modified: 0 with status: OK
2026-10-01 18:50:14.936766172 [I:onnxruntime:, graph_transformer.cc:15 Apply] GraphTransformer ConstantFolding modified: 0 with status: OK
2026-10-01 18:50:14.936819612 [I:onnxruntime:, graph_transformer.cc:15 Apply] GraphTransformer MatMulAddFusion modified: 0 with status: OK
2026-10-01 18:50:14.936870978 [I:onnxruntime:, graph_transformer.cc:15 Apply] GraphTransformer ReshapeFusion modified: 0 with status: OK
2026-10-01 18:50:14.936874214 [I:onnxruntime:, graph_transformer.cc:15 Apply] GraphTransformer FreeDimensionOverrideTransformer modified: 0 with status: OK
2026-10-01 18:50:14.936877050 [I:onnxruntime:, graph_transformer.cc:15 Apply] GraphTransformer GeluFusionL1 modified: 0 with status: OK
2026-10-01 18:50:14.936879254 [I:onnxruntime:, graph_transformer.cc:15 Apply] GraphTransformer LayerNormFusionL1 modified: 0 with status: OK
2026-10-01 18:50:14.937009067 [I:onnxruntime:, graph_transformer.cc:15 Apply] GraphTransformer QDQPropagationTransformer modified: 0 with status: OK
2026-10-01 18:50:14.937087995 [I:onnxruntime:, graph_transformer.cc:15 Apply] GraphTransformer WeightBiasQuantization modified: 0 with status: OK
2026-10-01 18:50:14.937157876 [I:onnxruntime:, graph_transformer.cc:15 Apply] GraphTransformer EnsureUniqueDQForNodeUnit modified: 0 with status: OK
2026-10-01 18:50:14.937220654 [I:onnxruntime:, graph_transformer.cc:15 Apply] GraphTransformer RocmBlasAltImpl modified: 0 with status: OK
2026-10-01 18:50:14.937477656 [I:onnxruntime:, graph_transformer.cc:15 Apply] GraphTransformer TransposeOptimizer modified: 0 with status: OK
2026-10-01 18:50:14.937522129 [I:onnxruntime:, graph_transformer.cc:15 Apply] GraphTransformer Level1_RuleBasedTransformer modified: 0 with status: OK
2026-10-01 18:50:14.937618871 [I:onnxruntime:, graph_transformer.cc:15 Apply] GraphTransformer DoubleQDQPairsRemover modified: 0 with status: OK
2026-10-01 18:50:14.937828704 [I:onnxruntime:, graph_transformer.cc:15 Apply] GraphTransformer CommonSubexpressionElimination modified: 0 with status: OK
2026-10-01 18:50:14.937911459 [I:onnxruntime:, graph_transformer.cc:15 Apply] GraphTransformer ConstantFolding modified: 0 with status: OK
2026-10-01 18:50:14.937946044 [I:onnxruntime:, graph_transformer.cc:15 Apply] GraphTransformer MatMulAddFusion modified: 0 with status: OK
2026-10-01 18:50:14.937980579 [I:onnxruntime:, graph_transformer.cc:15 Apply] GraphTransformer ReshapeFusion modified: 0 with status: OK
2026-10-01 18:50:14.937982793 [I:onnxruntime:, graph_transformer.cc:15 Apply] GraphTransformer FreeDimensionOverrideTransformer modified: 0 with status: OK
2026-10-01 18:50:14.937984536 [I:onnxruntime:, graph_transformer.cc:15 Apply] GraphTransformer GeluFusionL1 modified: 0 with status: OK
2026-10-01 18:50:14.937985808 [I:onnxruntime:, graph_transformer.cc:15 Apply] GraphTransformer LayerNormFusionL1 modified: 0 with status: OK
2026-10-01 18:50:14.938068934 [I:onnxruntime:, graph_transformer.cc:15 Apply] GraphTransformer QDQPropagationTransformer modified: 0 with status: OK
2026-10-01 18:50:14.938116614 [I:onnxruntime:, graph_transformer.cc:15 Apply] GraphTransformer WeightBiasQuantization modified: 0 with status: OK
2026-10-01 18:50:14.938158111 [I:onnxruntime:, graph_transformer.cc:15 Apply] GraphTransformer EnsureUniqueDQForNodeUnit modified: 0 with status: OK
2026-10-01 18:50:14.938190823 [I:onnxruntime:, graph_transformer.cc:15 Apply] GraphTransformer RocmBlasAltImpl modified: 0 with status: OK
2026-10-01 18:50:18.304526418 [I:onnxruntime:, graph.cc:4888 CleanUnusedInitializersAndNodeArgs] Removing initializer 'fc.2.bias_quantized'. It is no longer used by any node.
2026-10-01 18:50:18.304549141 [I:onnxruntime:, graph.cc:4888 CleanUnusedInitializersAndNodeArgs] Removing initializer 'fc.2.bias_scale'. It is no longer used by any node.
2026-10-01 18:50:18.304550874 [I:onnxruntime:, graph.cc:4888 CleanUnusedInitializersAndNodeArgs] Removing initializer 'fc.2.weight_zero_point'. It is no longer used by any node.
2026-10-01 18:50:18.304552227 [I:onnxruntime:, graph.cc:4888 CleanUnusedInitializersAndNodeArgs] Removing initializer '/fc/fc.1/Relu_output_0_scale'. It is no longer used by any node.
2026-10-01 18:50:18.304553329 [I:onnxruntime:, graph.cc:4888 CleanUnusedInitializersAndNodeArgs] Removing initializer '/fc/fc.1/Relu_output_0_zero_point'. It is no longer used by any node.
2026-10-01 18:50:18.304554461 [I:onnxruntime:, graph.cc:4888 CleanUnusedInitializersAndNodeArgs] Removing initializer 'fc.0.bias_zero_point'. It is no longer used by any node.
2026-10-01 18:50:18.304555483 [I:onnxruntime:, graph.cc:4888 CleanUnusedInitializersAndNodeArgs] Removing initializer 'fc.0.weight_zero_point'. It is no longer used by any node.
2026-10-01 18:50:18.304556555 [I:onnxruntime:, graph.cc:4888 CleanUnusedInitializersAndNodeArgs] Removing initializer '/layer4/layer4.2/relu_2/Relu_output_0_zero_point'. It is no longer used by any node.
2026-10-01 18:50:18.304557597 [I:onnxruntime:, graph.cc:4888 CleanUnusedInitializersAndNodeArgs] Removing initializer 'onnx::Conv_658_zero_point'. It is no longer used by any node.
2026-10-01 18:50:18.304558719 [I:onnxruntime:, graph.cc:4888 CleanUnusedInitializersAndNodeArgs] Removing initializer 'onnx::Conv_657_quantized'. It is no longer used by any node.
2026-10-01 18:50:18.304559851 [I:onnxruntime:, graph.cc:4888 CleanUnusedInitializersAndNodeArgs] Removing initializer '/layer4/layer4.2/relu_1/Relu_output_0_zero_point'. It is no longer used by any node.
2026-10-01 18:50:18.304572956 [I:onnxruntime:, graph.cc:4888 CleanUnusedInitializersAndNodeArgs] Removing initializer 'onnx::Conv_655_zero_point'. It is no longer used by any node.
2026-10-01 18:50:18.304574078 [I:onnxruntime:, graph.cc:4888 CleanUnusedInitializersAndNodeArgs] Removing initializer 'onnx::Conv_655_scale'. It is no longer used by any node.
2026-10-01 18:50:18.304575090 [I:onnxruntime:, graph.cc:4888 CleanUnusedInitializersAndNodeArgs] Removing initializer 'onnx::Conv_654_zero_point'. It is no longer used by any node.
2026-10-01 18:50:18.304576202 [I:onnxruntime:, graph.cc:4888 CleanUnusedInitializersAndNodeArgs] Removing initializer 'onnx::Conv_654_scale'. It is no longer used by any node.
2026-10-01 18:50:18.304577344 [I:onnxruntime:, graph.cc:4888 CleanUnusedInitializersAndNodeArgs] Removing initializer '/layer4/layer4.2/relu/Relu_output_0_zero_point'. It is no longer used by any node.
2026-10-01 18:50:18.304578396 [I:onnxruntime:, graph.cc:4888 CleanUnusedInitializersAndNodeArgs] Removing initializer 'onnx::Conv_652_zero_point'. It is no longer used by any node.
2026-10-01 18:50:18.304579538 [I:onnxruntime:, graph.cc:4888 CleanUnusedInitializersAndNodeArgs] Removing initializer 'onnx::Conv_651_zero_point'. It is no longer used by any node.
2026-10-01 18:50:18.304580590 [I:onnxruntime:, graph.cc:4888 CleanUnusedInitializersAndNodeArgs] Removing initializer '/layer4/layer4.1/relu_2/Relu_output_0_zero_point'. It is no longer used by any node.
2026-10-01 18:50:18.304581612 [I:onnxruntime:, graph.cc:4888 CleanUnusedInitializersAndNodeArgs] Removing initializer 'onnx::Conv_649_zero_point'. It is no longer used by any node.
2026-10-01 18:50:18.304582624 [I:onnxruntime:, graph.cc:4888 CleanUnusedInitializersAndNodeArgs] Removing initializer 'onnx::Conv_648_zero_point'. It is no longer used by any node.
2026-10-01 18:50:18.304583676 [I:onnxruntime:, graph.cc:4888 CleanUnusedInitializersAndNodeArgs] Removing initializer '/layer4/layer4.1/conv3/Conv_output_0_zero_point'. It is no longer used by any node.
2026-10-01 18:50:18.304584758 [I:onnxruntime:, graph.cc:4888 CleanUnusedInitializersAndNodeArgs] Removing initializer '/layer4/layer4.1/relu_1/Relu_output_0_zero_point'. It is no longer used by any node.
2026-10-01 18:50:18.304585780 [I:onnxruntime:, graph.cc:4888 CleanUnusedInitializersAndNodeArgs] Removing initializer 'onnx::Conv_645_zero_point'. It is no longer used by any node.
2026-10-01 18:50:18.304586792 [I:onnxruntime:, graph.cc:4888 CleanUnusedInitializersAndNodeArgs] Removing initializer 'onnx::Conv_642_quantized'. It is no longer used by any node.
2026-10-01 18:50:18.304587844 [I:onnxruntime:, graph.cc:4888 CleanUnusedInitializersAndNodeArgs] Removing initializer '/layer4/layer4.0/relu_2/Relu_output_0_zero_point'. It is no longer used by any node.
2026-10-01 18:50:18.304588926 [I:onnxruntime:, graph.cc:4888 CleanUnusedInitializersAndNodeArgs] Removing initializer 'onnx::Conv_639_quantized'. It is no longer used by any node.
2026-10-01 18:50:18.304590008 [I:onnxruntime:, graph.cc:4888 CleanUnusedInitializersAndNodeArgs] Removing initializer 'onnx::Conv_637_quantized'. It is no longer used by any node.
2026-10-01 18:50:18.304591100 [I:onnxruntime:, graph.cc:4888 CleanUnusedInitializersAndNodeArgs] Removing initializer 'onnx::Conv_636_quantized'. It is no longer used by any node.
2026-10-01 18:50:18.304592142 [I:onnxruntime:, graph.cc:4888 CleanUnusedInitializersAndNodeArgs] Removing initializer 'onnx::Conv_636_zero_point'. It is no longer used by any node.
2026-10-01 18:50:18.304593173 [I:onnxruntime:, graph.cc:4888 CleanUnusedInitializersAndNodeArgs] Removing initializer '/layer4/layer4.0/conv3/Conv_output_0_zero_point'. It is no longer used by any node.
2026-10-01 18:50:18.304594185 [I:onnxruntime:, graph.cc:4888 CleanUnusedInitializersAndNodeArgs] Removing initializer 'onnx::Conv_634_quantized'. It is no longer used by any node.
2026-10-01 18:50:18.304595177 [I:onnxruntime:, graph.cc:4888 CleanUnusedInitializersAndNodeArgs] Removing initializer 'onnx::Conv_657_zero_point'. It is no longer used by any node.
2026-10-01 18:50:18.304597351 [I:onnxruntime:, graph.cc:4888 CleanUnusedInitializersAndNodeArgs] Removing initializer 'onnx::Conv_634_zero_point'. It is no longer used by any node.
2026-10-01 18:50:18.304598423 [I:onnxruntime:, graph.cc:4888 CleanUnusedInitializersAndNodeArgs] Removing initializer '/layer4/layer4.0/relu/Relu_output_0_zero_point'. It is no longer used by any node.
2026-10-01 18:50:18.304599966 [I:onnxruntime:, graph.cc:4888 CleanUnusedInitializersAndNodeArgs] Removing initializer 'onnx::Conv_631_zero_point'. It is no longer used by any node.
2026-10-01 18:50:18.304601088 [I:onnxruntime:, graph.cc:4888 CleanUnusedInitializersAndNodeArgs] Removing initializer '/layer3/layer3.5/relu_2/Relu_output_0_zero_point'. It is no longer used by any node.
2026-10-01 18:50:18.304602120 [I:onnxruntime:, graph.cc:4888 CleanUnusedInitializersAndNodeArgs] Removing initializer 'onnx::Conv_628_quantized'. It is no longer used by any node.
2026-10-01 18:50:18.304603112 [I:onnxruntime:, graph.cc:4888 CleanUnusedInitializersAndNodeArgs] Removing initializer 'onnx::Conv_628_zero_point'. It is no longer used by any node.
2026-10-01 18:50:18.304604154 [I:onnxruntime:, graph.cc:4888 CleanUnusedInitializersAndNodeArgs] Removing initializer 'onnx::Conv_627_quantized'. It is no longer used by any node.
2026-10-01 18:50:18.304605206 [I:onnxruntime:, graph.cc:4888 CleanUnusedInitializersAndNodeArgs] Removing initializer 'onnx::Conv_627_zero_point'. It is no longer used by any node.
2026-10-01 18:50:18.304606228 [I:onnxruntime:, graph.cc:4888 CleanUnusedInitializersAndNodeArgs] Removing initializer '/layer3/layer3.5/relu_1/Relu_output_0_zero_point'. It is no longer used by any node.
2026-10-01 18:50:18.304607220 [I:onnxruntime:, graph.cc:4888 CleanUnusedInitializersAndNodeArgs] Removing initializer 'onnx::Conv_624_quantized'. It is no longer used by any node.
2026-10-01 18:50:18.304608232 [I:onnxruntime:, graph.cc:4888 CleanUnusedInitializersAndNodeArgs] Removing initializer 'onnx::Conv_633_zero_point'. It is no longer used by any node.
2026-10-01 18:50:18.304612520 [I:onnxruntime:, graph.cc:4888 CleanUnusedInitializersAndNodeArgs] Removing initializer 'onnx::Conv_624_zero_point'. It is no longer used by any node.
2026-10-01 18:50:18.304613922 [I:onnxruntime:, graph.cc:4888 CleanUnusedInitializersAndNodeArgs] Removing initializer '/layer4/layer4.1/relu/Relu_output_0_zero_point'. It is no longer used by any node.
2026-10-01 18:50:18.304614954 [I:onnxruntime:, graph.cc:4888 CleanUnusedInitializersAndNodeArgs] Removing initializer '/layer3/layer3.5/relu/Relu_output_0_zero_point'. It is no longer used by any node.
2026-10-01 18:50:18.304615976 [I:onnxruntime:, graph.cc:4888 CleanUnusedInitializersAndNodeArgs] Removing initializer 'onnx::Conv_622_quantized'. It is no longer used by any node.
2026-10-01 18:50:18.304617088 [I:onnxruntime:, graph.cc:4888 CleanUnusedInitializersAndNodeArgs] Removing initializer 'onnx::Conv_622_zero_point'. It is no longer used by any node.
2026-10-01 18:50:18.304618090 [I:onnxruntime:, graph.cc:4888 CleanUnusedInitializersAndNodeArgs] Removing initializer 'onnx::Conv_619_quantized'. It is no longer used by any node.
2026-10-01 18:50:18.304619102 [I:onnxruntime:, graph.cc:4888 CleanUnusedInitializersAndNodeArgs] Removing initializer 'onnx::Conv_649_quantized'. It is no longer used by any node.
2026-10-01 18:50:18.304620084 [I:onnxruntime:, graph.cc:4888 CleanUnusedInitializersAndNodeArgs] Removing initializer 'onnx::Conv_618_zero_point'. It is no longer used by any node.
2026-10-01 18:50:18.304621156 [I:onnxruntime:, graph.cc:4888 CleanUnusedInitializersAndNodeArgs] Removing initializer 'onnx::Conv_643_quantized'. It is no longer used by any node.
2026-10-01 18:50:18.304622178 [I:onnxruntime:, graph.cc:4888 CleanUnusedInitializersAndNodeArgs] Removing initializer '/layer3/layer3.4/relu_1/Relu_output_0_zero_point'. It is no longer used by any node.
2026-10-01 18:50:18.304623200 [I:onnxruntime:, graph.cc:4888 CleanUnusedInitializersAndNodeArgs] Removing initializer 'onnx::Conv_616_scale'. It is no longer used by any node.
2026-10-01 18:50:18.304625043 [I:onnxruntime:, graph.cc:4888 CleanUnusedInitializersAndNodeArgs] Removing initializer 'onnx::Conv_615_quantized'. It is no longer used by any node.
2026-10-01 18:50:18.304626095 [I:onnxruntime:, graph.cc:4888 CleanUnusedInitializersAndNodeArgs] Removing initializer 'onnx::Conv_615_zero_point'. It is no longer used by any node.
2026-10-01 18:50:18.304627127 [I:onnxruntime:, graph.cc:4888 CleanUnusedInitializersAndNodeArgs] Removing initializer 'onnx::Conv_646_zero_point'. It is no longer used by any node.
2026-10-01 18:50:18.304628229 [I:onnxruntime:, graph.cc:4888 CleanUnusedInitializersAndNodeArgs] Removing initializer 'onnx::Conv_612_quantized'. It is no longer used by any node.
2026-10-01 18:50:18.304629251 [I:onnxruntime:, graph.cc:4888 CleanUnusedInitializersAndNodeArgs] Removing initializer 'onnx::Conv_610_quantized'. It is no longer used by any node.
2026-10-01 18:50:18.304630253 [I:onnxruntime:, graph.cc:4888 CleanUnusedInitializersAndNodeArgs] Removing initializer 'onnx::Conv_621_quantized'. It is no longer used by any node.
2026-10-01 18:50:18.304631235 [I:onnxruntime:, graph.cc:4888 CleanUnusedInitializersAndNodeArgs] Removing initializer 'onnx::Conv_609_quantized'. It is no longer used by any node.
2026-10-01 18:50:18.304632267 [I:onnxruntime:, graph.cc:4888 CleanUnusedInitializersAndNodeArgs] Removing initializer 'onnx::Conv_609_zero_point'. It is no longer used by any node.
2026-10-01 18:50:18.304633299 [I:onnxruntime:, graph.cc:4888 CleanUnusedInitializersAndNodeArgs] Removing initializer '/layer3/layer3.3/conv3/Conv_output_0_zero_point'. It is no longer used by any node.
2026-10-01 18:50:18.304634341 [I:onnxruntime:, graph.cc:4888 CleanUnusedInitializersAndNodeArgs] Removing initializer 'onnx::Conv_607_zero_point'. It is no longer used by any node.
2026-10-01 18:50:18.304635864 [I:onnxruntime:, graph.cc:4888 CleanUnusedInitializersAndNodeArgs] Removing initializer 'onnx::Conv_631_quantized'. It is no longer used by any node.
2026-10-01 18:50:18.304636916 [I:onnxruntime:, graph.cc:4888 CleanUnusedInitializersAndNodeArgs] Removing initializer '/avgpool/GlobalAveragePool_output_0_zero_point'. It is no longer used by any node.
2026-10-01 18:50:18.304637917 [I:onnxruntime:, graph.cc:4888 CleanUnusedInitializersAndNodeArgs] Removing initializer 'onnx::Conv_625_quantized'. It is no longer used by any node.
2026-10-01 18:50:18.304638929 [I:onnxruntime:, graph.cc:4888 CleanUnusedInitializersAndNodeArgs] Removing initializer 'onnx::Conv_606_zero_point'. It is no longer used by any node.
2026-10-01 18:50:18.304639941 [I:onnxruntime:, graph.cc:4888 CleanUnusedInitializersAndNodeArgs] Removing initializer '/layer3/layer3.4/relu_2/Relu_output_0_zero_point'. It is no longer used by any node.
2026-10-01 18:50:18.304640913 [I:onnxruntime:, graph.cc:4888 CleanUnusedInitializersAndNodeArgs] Removing initializer 'onnx::Conv_604_quantized'. It is no longer used by any node.
2026-10-01 18:50:18.304641975 [I:onnxruntime:, graph.cc:4888 CleanUnusedInitializersAndNodeArgs] Removing initializer 'onnx::Conv_645_quantized'. It is no longer used by any node.
2026-10-01 18:50:18.304642977 [I:onnxruntime:, graph.cc:4888 CleanUnusedInitializersAndNodeArgs] Removing initializer '/layer3/layer3.2/relu_2/Relu_output_0_zero_point'. It is no longer used by any node.
2026-10-01 18:50:18.304643959 [I:onnxruntime:, graph.cc:4888 CleanUnusedInitializersAndNodeArgs] Removing initializer 'onnx::Conv_601_quantized'. It is no longer used by any node.
2026-10-01 18:50:18.304644981 [I:onnxruntime:, graph.cc:4888 CleanUnusedInitializersAndNodeArgs] Removing initializer 'onnx::Conv_601_zero_point'. It is no longer used by any node.
2026-10-01 18:50:18.304645972 [I:onnxruntime:, graph.cc:4888 CleanUnusedInitializersAndNodeArgs] Removing initializer 'onnx::Conv_600_quantized'. It is no longer used by any node.
2026-10-01 18:50:18.304647044 [I:onnxruntime:, graph.cc:4888 CleanUnusedInitializersAndNodeArgs] Removing initializer '/layer3/layer3.2/relu_1/Relu_output_0_zero_point'. It is no longer used by any node.
2026-10-01 18:50:18.304649058 [I:onnxruntime:, graph.cc:4888 CleanUnusedInitializersAndNodeArgs] Removing initializer 'fc.0.bias_quantized'. It is no longer used by any node.
2026-10-01 18:50:18.304650240 [I:onnxruntime:, graph.cc:4888 CleanUnusedInitializersAndNodeArgs] Removing initializer 'onnx::Conv_618_quantized'. It is no longer used by any node.
2026-10-01 18:50:18.304651262 [I:onnxruntime:, graph.cc:4888 CleanUnusedInitializersAndNodeArgs] Removing initializer 'onnx::Conv_598_zero_point'. It is no longer used by any node.
2026-10-01 18:50:18.304652264 [I:onnxruntime:, graph.cc:4888 CleanUnusedInitializersAndNodeArgs] Removing initializer 'onnx::Conv_597_quantized'. It is no longer used by any node.
2026-10-01 18:50:18.304653276 [I:onnxruntime:, graph.cc:4888 CleanUnusedInitializersAndNodeArgs] Removing initializer 'onnx::Conv_597_zero_point'. It is no longer used by any node.
2026-10-01 18:50:18.304654258 [I:onnxruntime:, graph.cc:4888 CleanUnusedInitializersAndNodeArgs] Removing initializer 'onnx::Conv_595_quantized'. It is no longer used by any node.
2026-10-01 18:50:18.304655260 [I:onnxruntime:, graph.cc:4888 CleanUnusedInitializersAndNodeArgs] Removing initializer 'onnx::Conv_595_zero_point'. It is no longer used by any node.
2026-10-01 18:50:18.304656282 [I:onnxruntime:, graph.cc:4888 CleanUnusedInitializersAndNodeArgs] Removing initializer 'onnx::Conv_594_quantized'. It is no longer used by any node.
2026-10-01 18:50:18.304657324 [I:onnxruntime:, graph.cc:4888 CleanUnusedInitializersAndNodeArgs] Removing initializer 'onnx::Conv_594_zero_point'. It is no longer used by any node.
2026-10-01 18:50:18.304658416 [I:onnxruntime:, graph.cc:4888 CleanUnusedInitializersAndNodeArgs] Removing initializer '/layer3/layer3.1/relu_2/Relu_output_0_zero_point'. It is no longer used by any node.
2026-10-01 18:50:18.304659578 [I:onnxruntime:, graph.cc:4888 CleanUnusedInitializersAndNodeArgs] Removing initializer 'onnx::Conv_592_quantized'. It is no longer used by any node.
2026-10-01 18:50:18.304660590 [I:onnxruntime:, graph.cc:4888 CleanUnusedInitializersAndNodeArgs] Removing initializer 'onnx::Conv_591_quantized'. It is no longer used by any node.
2026-10-01 18:50:18.304661592 [I:onnxruntime:, graph.cc:4888 CleanUnusedInitializersAndNodeArgs] Removing initializer 'onnx::Conv_568_zero_point'. It is no longer used by any node.
2026-10-01 18:50:18.304662634 [I:onnxruntime:, graph.cc:4888 CleanUnusedInitializersAndNodeArgs] Removing initializer 'onnx::Conv_576_quantized'. It is no longer used by any node.
2026-10-01 18:50:18.304663616 [I:onnxruntime:, graph.cc:4888 CleanUnusedInitializersAndNodeArgs] Removing initializer 'onnx::Conv_540_zero_point'. It is no longer used by any node.
2026-10-01 18:50:18.304664607 [I:onnxruntime:, graph.cc:4888 CleanUnusedInitializersAndNodeArgs] Removing initializer 'onnx::Conv_502_quantized'. It is no longer used by any node.
2026-10-01 18:50:18.304665659 [I:onnxruntime:, graph.cc:4888 CleanUnusedInitializersAndNodeArgs] Removing initializer '/layer2/layer2.0/conv3/Conv_output_0_zero_point'. It is no longer used by any node.
2026-10-01 18:50:18.304666691 [I:onnxruntime:, graph.cc:4888 CleanUnusedInitializersAndNodeArgs] Removing initializer 'fc.2.weight_quantized'. It is no longer used by any node.
2026-10-01 18:50:18.304667783 [I:onnxruntime:, graph.cc:4888 CleanUnusedInitializersAndNodeArgs] Removing initializer 'onnx::Conv_519_zero_point'. It is no longer used by any node.
2026-10-01 18:50:18.304668825 [I:onnxruntime:, graph.cc:4888 CleanUnusedInitializersAndNodeArgs] Removing initializer 'onnx::Conv_612_zero_point'. It is no longer used by any node.
2026-10-01 18:50:18.304669887 [I:onnxruntime:, graph.cc:4888 CleanUnusedInitializersAndNodeArgs] Removing initializer 'onnx::Conv_538_zero_point'. It is no longer used by any node.
2026-10-01 18:50:18.304670939 [I:onnxruntime:, graph.cc:4888 CleanUnusedInitializersAndNodeArgs] Removing initializer 'onnx::Conv_591_zero_point'. It is no longer used by any node.
2026-10-01 18:50:18.304672632 [I:onnxruntime:, graph.cc:4888 CleanUnusedInitializersAndNodeArgs] Removing initializer 'onnx::Conv_537_zero_point'. It is no longer used by any node.
2026-10-01 18:50:18.304673714 [I:onnxruntime:, graph.cc:4888 CleanUnusedInitializersAndNodeArgs] Removing initializer 'onnx::Conv_567_quantized'. It is no longer used by any node.
2026-10-01 18:50:18.304674736 [I:onnxruntime:, graph.cc:4888 CleanUnusedInitializersAndNodeArgs] Removing initializer 'onnx::Conv_619_zero_point'. It is no longer used by any node.
2026-10-01 18:50:18.304675738 [I:onnxruntime:, graph.cc:4888 CleanUnusedInitializersAndNodeArgs] Removing initializer 'onnx::Conv_561_zero_point'. It is no longer used by any node.
2026-10-01 18:50:18.304676740 [I:onnxruntime:, graph.cc:4888 CleanUnusedInitializersAndNodeArgs] Removing initializer 'onnx::Conv_531_zero_point'. It is no longer used by any node.
2026-10-01 18:50:18.304677722 [I:onnxruntime:, graph.cc:4888 CleanUnusedInitializersAndNodeArgs] Removing initializer 'onnx::Conv_543_zero_point'. It is no longer used by any node.
2026-10-01 18:50:18.304678794 [I:onnxruntime:, graph.cc:4888 CleanUnusedInitializersAndNodeArgs] Removing initializer 'onnx::Conv_540_quantized'. It is no longer used by any node.
2026-10-01 18:50:18.304679836 [I:onnxruntime:, graph.cc:4888 CleanUnusedInitializersAndNodeArgs] Removing initializer 'onnx::Conv_532_zero_point'. It is no longer used by any node.
2026-10-01 18:50:18.304680848 [I:onnxruntime:, graph.cc:4888 CleanUnusedInitializersAndNodeArgs] Removing initializer 'onnx::Conv_639_zero_point'. It is no longer used by any node.
2026-10-01 18:50:18.304681830 [I:onnxruntime:, graph.cc:4888 CleanUnusedInitializersAndNodeArgs] Removing initializer 'onnx::Conv_610_zero_point'. It is no longer used by any node.
2026-10-01 18:50:18.304682882 [I:onnxruntime:, graph.cc:4888 CleanUnusedInitializersAndNodeArgs] Removing initializer '/layer1/layer1.2/conv3/Conv_output_0_zero_point'. It is no longer used by any node.
2026-10-01 18:50:18.304683894 [I:onnxruntime:, graph.cc:4888 CleanUnusedInitializersAndNodeArgs] Removing initializer 'onnx::Conv_582_quantized'. It is no longer used by any node.
2026-10-01 18:50:18.304684885 [I:onnxruntime:, graph.cc:4888 CleanUnusedInitializersAndNodeArgs] Removing initializer 'onnx::Conv_570_quantized'. It is no longer used by any node.
2026-10-01 18:50:18.304685907 [I:onnxruntime:, graph.cc:4888 CleanUnusedInitializersAndNodeArgs] Removing initializer 'onnx::Conv_651_quantized'. It is no longer used by any node.
2026-10-01 18:50:18.304686929 [I:onnxruntime:, graph.cc:4888 CleanUnusedInitializersAndNodeArgs] Removing initializer 'onnx::Conv_532_quantized'. It is no longer used by any node.
2026-10-01 18:50:18.304687981 [I:onnxruntime:, graph.cc:4888 CleanUnusedInitializersAndNodeArgs] Removing initializer 'onnx::Conv_517_zero_point'. It is no longer used by any node.
2026-10-01 18:50:18.304688983 [I:onnxruntime:, graph.cc:4888 CleanUnusedInitializersAndNodeArgs] Removing initializer 'onnx::Conv_643_zero_point'. It is no longer used by any node.
2026-10-01 18:50:18.304689985 [I:onnxruntime:, graph.cc:4888 CleanUnusedInitializersAndNodeArgs] Removing initializer 'onnx::Conv_613_zero_point'. It is no longer used by any node.
2026-10-01 18:50:18.304691007 [I:onnxruntime:, graph.cc:4888 CleanUnusedInitializersAndNodeArgs] Removing initializer '/layer1/layer1.2/relu_1/Relu_output_0_zero_point'. It is no longer used by any node.
2026-10-01 18:50:18.304692009 [I:onnxruntime:, graph.cc:4888 CleanUnusedInitializersAndNodeArgs] Removing initializer 'onnx::Conv_528_quantized'. It is no longer used by any node.
2026-10-01 18:50:18.304693031 [I:onnxruntime:, graph.cc:4888 CleanUnusedInitializersAndNodeArgs] Removing initializer 'onnx::Conv_570_scale'. It is no longer used by any node.
2026-10-01 18:50:18.304694053 [I:onnxruntime:, graph.cc:4888 CleanUnusedInitializersAndNodeArgs] Removing initializer 'onnx::Conv_588_quantized'. It is no longer used by any node.
2026-10-01 18:50:18.304695115 [I:onnxruntime:, graph.cc:4888 CleanUnusedInitializersAndNodeArgs] Removing initializer '/layer3/layer3.3/relu/Relu_output_0_zero_point'. It is no longer used by any node.
2026-10-01 18:50:18.304696788 [I:onnxruntime:, graph.cc:4888 CleanUnusedInitializersAndNodeArgs] Removing initializer '/layer2/layer2.0/downsample/downsample.0/Conv_output_0_zero_point'. It is no longer used by any node.
2026-10-01 18:50:18.304697850 [I:onnxruntime:, graph.cc:4888 CleanUnusedInitializersAndNodeArgs] Removing initializer 'fc.0.weight_quantized'. It is no longer used by any node.
2026-10-01 18:50:18.304698882 [I:onnxruntime:, graph.cc:4888 CleanUnusedInitializersAndNodeArgs] Removing initializer 'onnx::Conv_534_zero_point'. It is no longer used by any node.
2026-10-01 18:50:18.304699934 [I:onnxruntime:, graph.cc:4888 CleanUnusedInitializersAndNodeArgs] Removing initializer '/layer1/layer1.0/relu_2/Relu_output_0_zero_point'. It is no longer used by any node.
2026-10-01 18:50:18.304700936 [I:onnxruntime:, graph.cc:4888 CleanUnusedInitializersAndNodeArgs] Removing initializer 'onnx::Conv_574_quantized'. It is no longer used by any node.
2026-10-01 18:50:18.304701937 [I:onnxruntime:, graph.cc:4888 CleanUnusedInitializersAndNodeArgs] Removing initializer 'onnx::Conv_603_zero_point'. It is no longer used by any node.
2026-10-01 18:50:18.304703009 [I:onnxruntime:, graph.cc:4888 CleanUnusedInitializersAndNodeArgs] Removing initializer 'onnx::Conv_541_zero_point'. It is no longer used by any node.
2026-10-01 18:50:18.304704412 [I:onnxruntime:, graph.cc:4888 CleanUnusedInitializersAndNodeArgs] Removing initializer 'onnx::Conv_616_zero_point'. It is no longer used by any node.
2026-10-01 18:50:18.304705424 [I:onnxruntime:, graph.cc:4888 CleanUnusedInitializersAndNodeArgs] Removing initializer 'onnx::Conv_505_quantized'. It is no longer used by any node.
2026-10-01 18:50:18.304706456 [I:onnxruntime:, graph.cc:4888 CleanUnusedInitializersAndNodeArgs] Removing initializer 'onnx::Conv_525_zero_point'. It is no longer used by any node.
2026-10-01 18:50:18.304707468 [I:onnxruntime:, graph.cc:4888 CleanUnusedInitializersAndNodeArgs] Removing initializer 'onnx::Conv_501_quantized'. It is no longer used by any node.
2026-10-01 18:50:18.304708470 [I:onnxruntime:, graph.cc:4888 CleanUnusedInitializersAndNodeArgs] Removing initializer 'onnx::Conv_520_zero_point'. It is no longer used by any node.
2026-10-01 18:50:18.304709482 [I:onnxruntime:, graph.cc:4888 CleanUnusedInitializersAndNodeArgs] Removing initializer 'onnx::Conv_625_zero_point'. It is no longer used by any node.
2026-10-01 18:50:18.304710503 [I:onnxruntime:, graph.cc:4888 CleanUnusedInitializersAndNodeArgs] Removing initializer 'onnx::Conv_526_zero_point'. It is no longer used by any node.
2026-10-01 18:50:18.304711525 [I:onnxruntime:, graph.cc:4888 CleanUnusedInitializersAndNodeArgs] Removing initializer '/layer1/layer1.1/relu_2/Relu_output_0_zero_point'. It is no longer used by any node.
2026-10-01 18:50:18.304712537 [I:onnxruntime:, graph.cc:4888 CleanUnusedInitializersAndNodeArgs] Removing initializer 'onnx::Conv_613_quantized'. It is no longer used by any node.
2026-10-01 18:50:18.304713559 [I:onnxruntime:, graph.cc:4888 CleanUnusedInitializersAndNodeArgs] Removing initializer 'onnx::Conv_549_zero_point'. It is no longer used by any node.
2026-10-01 18:50:18.304714571 [I:onnxruntime:, graph.cc:4888 CleanUnusedInitializersAndNodeArgs] Removing initializer '/layer3/layer3.0/relu_2/Relu_output_0_zero_point'. It is no longer used by any node.
2026-10-01 18:50:18.304715593 [I:onnxruntime:, graph.cc:4888 CleanUnusedInitializersAndNodeArgs] Removing initializer 'onnx::Conv_523_quantized'. It is no longer used by any node.
2026-10-01 18:50:18.304716615 [I:onnxruntime:, graph.cc:4888 CleanUnusedInitializersAndNodeArgs] Removing initializer 'onnx::Conv_507_quantized'. It is no longer used by any node.
2026-10-01 18:50:18.304717667 [I:onnxruntime:, graph.cc:4888 CleanUnusedInitializersAndNodeArgs] Removing initializer '/layer4/layer4.0/downsample/downsample.0/Conv_output_0_zero_point'. It is no longer used by any node.
2026-10-01 18:50:18.304718669 [I:onnxruntime:, graph.cc:4888 CleanUnusedInitializersAndNodeArgs] Removing initializer 'onnx::Conv_547_zero_point'. It is no longer used by any node.
2026-10-01 18:50:18.304720572 [I:onnxruntime:, graph.cc:4888 CleanUnusedInitializersAndNodeArgs] Removing initializer '/relu/Relu_output_0_zero_point'. It is no longer used by any node.
2026-10-01 18:50:18.304721644 [I:onnxruntime:, graph.cc:4888 CleanUnusedInitializersAndNodeArgs] Removing initializer '/layer3/layer3.4/conv3/Conv_output_0_zero_point'. It is no longer used by any node.
2026-10-01 18:50:18.304722716 [I:onnxruntime:, graph.cc:4888 CleanUnusedInitializersAndNodeArgs] Removing initializer 'onnx::Conv_523_zero_point'. It is no longer used by any node.
2026-10-01 18:50:18.304723788 [I:onnxruntime:, graph.cc:4888 CleanUnusedInitializersAndNodeArgs] Removing initializer 'onnx::Conv_652_quantized'. It is no longer used by any node.
2026-10-01 18:50:18.304724790 [I:onnxruntime:, graph.cc:4888 CleanUnusedInitializersAndNodeArgs] Removing initializer 'onnx::Conv_550_quantized'. It is no longer used by any node.
2026-10-01 18:50:18.304725782 [I:onnxruntime:, graph.cc:4888 CleanUnusedInitializersAndNodeArgs] Removing initializer '/layer2/layer2.2/relu_1/Relu_output_0_zero_point'. It is no longer used by any node.
2026-10-01 18:50:18.304726774 [I:onnxruntime:, graph.cc:4888 CleanUnusedInitializersAndNodeArgs] Removing initializer 'onnx::Conv_522_quantized'. It is no longer used by any node.
2026-10-01 18:50:18.304727786 [I:onnxruntime:, graph.cc:4888 CleanUnusedInitializersAndNodeArgs] Removing initializer 'onnx::Conv_522_zero_point'. It is no longer used by any node.
2026-10-01 18:50:18.304728808 [I:onnxruntime:, graph.cc:4888 CleanUnusedInitializersAndNodeArgs] Removing initializer 'onnx::Conv_561_quantized'. It is no longer used by any node.
2026-10-01 18:50:18.304729830 [I:onnxruntime:, graph.cc:4888 CleanUnusedInitializersAndNodeArgs] Removing initializer 'onnx::Conv_577_zero_point'. It is no longer used by any node.
2026-10-01 18:50:18.304730852 [I:onnxruntime:, graph.cc:4888 CleanUnusedInitializersAndNodeArgs] Removing initializer 'onnx::Conv_642_scale'. It is no longer used by any node.
2026-10-01 18:50:18.304731853 [I:onnxruntime:, graph.cc:4888 CleanUnusedInitializersAndNodeArgs] Removing initializer 'onnx::Conv_637_zero_point'. It is no longer used by any node.
2026-10-01 18:50:18.304732875 [I:onnxruntime:, graph.cc:4888 CleanUnusedInitializersAndNodeArgs] Removing initializer '/layer1/layer1.1/conv3/Conv_output_0_zero_point'. It is no longer used by any node.
2026-10-01 18:50:18.304733887 [I:onnxruntime:, graph.cc:4888 CleanUnusedInitializersAndNodeArgs] Removing initializer 'onnx::Conv_531_quantized'. It is no longer used by any node.
2026-10-01 18:50:18.304734939 [I:onnxruntime:, graph.cc:4888 CleanUnusedInitializersAndNodeArgs] Removing initializer '/layer2/layer2.1/conv3/Conv_output_0_zero_point'. It is no longer used by any node.
2026-10-01 18:50:18.304736011 [I:onnxruntime:, graph.cc:4888 CleanUnusedInitializersAndNodeArgs] Removing initializer '/layer4/layer4.2/conv3/Conv_output_0_zero_point'. It is no longer used by any node.
2026-10-01 18:50:18.304737023 [I:onnxruntime:, graph.cc:4888 CleanUnusedInitializersAndNodeArgs] Removing initializer 'onnx::Conv_577_quantized'. It is no longer used by any node.
2026-10-01 18:50:18.304738025 [I:onnxruntime:, graph.cc:4888 CleanUnusedInitializersAndNodeArgs] Removing initializer 'onnx::Conv_526_quantized'. It is no longer used by any node.
2026-10-01 18:50:18.304739007 [I:onnxruntime:, graph.cc:4888 CleanUnusedInitializersAndNodeArgs] Removing initializer '/layer1/layer1.0/relu_1/Relu_output_0_zero_point'. It is no longer used by any node.
2026-10-01 18:50:18.304740029 [I:onnxruntime:, graph.cc:4888 CleanUnusedInitializersAndNodeArgs] Removing initializer '/layer1/layer1.0/relu/Relu_output_0_zero_point'. It is no longer used by any node.
2026-10-01 18:50:18.304741041 [I:onnxruntime:, graph.cc:4888 CleanUnusedInitializersAndNodeArgs] Removing initializer 'onnx::Conv_538_quantized'. It is no longer used by any node.
2026-10-01 18:50:18.304742774 [I:onnxruntime:, graph.cc:4888 CleanUnusedInitializersAndNodeArgs] Removing initializer '/layer3/layer3.0/conv3/Conv_output_0_zero_point'. It is no longer used by any node.
2026-10-01 18:50:18.304743846 [I:onnxruntime:, graph.cc:4888 CleanUnusedInitializersAndNodeArgs] Removing initializer 'onnx::Conv_537_quantized'. It is no longer used by any node.
2026-10-01 18:50:18.304744908 [I:onnxruntime:, graph.cc:4888 CleanUnusedInitializersAndNodeArgs] Removing initializer 'onnx::Conv_570_zero_point'. It is no longer used by any node.
2026-10-01 18:50:18.304745900 [I:onnxruntime:, graph.cc:4888 CleanUnusedInitializersAndNodeArgs] Removing initializer 'onnx::Conv_534_quantized'. It is no longer used by any node.
2026-10-01 18:50:18.304746952 [I:onnxruntime:, graph.cc:4888 CleanUnusedInitializersAndNodeArgs] Removing initializer '/layer1/layer1.0/conv3/Conv_output_0_zero_point'. It is no longer used by any node.
2026-10-01 18:50:18.304748024 [I:onnxruntime:, graph.cc:4888 CleanUnusedInitializersAndNodeArgs] Removing initializer '/layer1/layer1.1/relu/Relu_output_0_zero_point'. It is no longer used by any node.
2026-10-01 18:50:18.304749096 [I:onnxruntime:, graph.cc:4888 CleanUnusedInitializersAndNodeArgs] Removing initializer 'onnx::Conv_541_quantized'. It is no longer used by any node.
2026-10-01 18:50:18.304750128 [I:onnxruntime:, graph.cc:4888 CleanUnusedInitializersAndNodeArgs] Removing initializer 'onnx::Conv_586_quantized'. It is no longer used by any node.
2026-10-01 18:50:18.304751170 [I:onnxruntime:, graph.cc:4888 CleanUnusedInitializersAndNodeArgs] Removing initializer 'onnx::Conv_510_zero_point'. It is no longer used by any node.
2026-10-01 18:50:18.304752182 [I:onnxruntime:, graph.cc:4888 CleanUnusedInitializersAndNodeArgs] Removing initializer 'onnx::Conv_598_quantized'. It is no longer used by any node.
2026-10-01 18:50:18.304753234 [I:onnxruntime:, graph.cc:4888 CleanUnusedInitializersAndNodeArgs] Removing initializer '/layer2/layer2.0/relu_1/Relu_output_0_zero_point'. It is no longer used by any node.
2026-10-01 18:50:18.304754255 [I:onnxruntime:, graph.cc:4888 CleanUnusedInitializersAndNodeArgs] Removing initializer '/layer3/layer3.2/relu/Relu_output_0_zero_point'. It is no longer used by any node.
2026-10-01 18:50:18.304755257 [I:onnxruntime:, graph.cc:4888 CleanUnusedInitializersAndNodeArgs] Removing initializer 'onnx::Conv_640_zero_point'. It is no longer used by any node.
2026-10-01 18:50:18.304756259 [I:onnxruntime:, graph.cc:4888 CleanUnusedInitializersAndNodeArgs] Removing initializer 'onnx::Conv_582_zero_point'. It is no longer used by any node.
2026-10-01 18:50:18.304757281 [I:onnxruntime:, graph.cc:4888 CleanUnusedInitializersAndNodeArgs] Removing initializer 'onnx::Conv_505_zero_point'. It is no longer used by any node.
2026-10-01 18:50:18.304758303 [I:onnxruntime:, graph.cc:4888 CleanUnusedInitializersAndNodeArgs] Removing initializer 'onnx::Conv_648_quantized'. It is no longer used by any node.
2026-10-01 18:50:18.304759295 [I:onnxruntime:, graph.cc:4888 CleanUnusedInitializersAndNodeArgs] Removing initializer 'onnx::Conv_508_zero_point'. It is no longer used by any node.
2026-10-01 18:50:18.304760377 [I:onnxruntime:, graph.cc:4888 CleanUnusedInitializersAndNodeArgs] Removing initializer 'onnx::Conv_514_zero_point'. It is no longer used by any node.
2026-10-01 18:50:18.304761399 [I:onnxruntime:, graph.cc:4888 CleanUnusedInitializersAndNodeArgs] Removing initializer 'onnx::Conv_646_quantized'. It is no longer used by any node.
2026-10-01 18:50:18.304762411 [I:onnxruntime:, graph.cc:4888 CleanUnusedInitializersAndNodeArgs] Removing initializer '/layer1/layer1.1/conv3/Conv_output_0_scale'. It is no longer used by any node.
2026-10-01 18:50:18.304763403 [I:onnxruntime:, graph.cc:4888 CleanUnusedInitializersAndNodeArgs] Removing initializer 'onnx::Conv_516_zero_point'. It is no longer used by any node.
2026-10-01 18:50:18.304764425 [I:onnxruntime:, graph.cc:4888 CleanUnusedInitializersAndNodeArgs] Removing initializer '/layer3/layer3.2/conv3/Conv_output_0_zero_point'. It is no longer used by any node.
2026-10-01 18:50:18.304766198 [I:onnxruntime:, graph.cc:4888 CleanUnusedInitializersAndNodeArgs] Removing initializer 'onnx::Conv_547_quantized'. It is no longer used by any node.
2026-10-01 18:50:18.304767230 [I:onnxruntime:, graph.cc:4888 CleanUnusedInitializersAndNodeArgs] Removing initializer 'onnx::Conv_589_quantized'. It is no longer used by any node.
2026-10-01 18:50:18.304768222 [I:onnxruntime:, graph.cc:4888 CleanUnusedInitializersAndNodeArgs] Removing initializer 'onnx::Conv_621_zero_point'. It is no longer used by any node.
2026-10-01 18:50:18.304769254 [I:onnxruntime:, graph.cc:4888 CleanUnusedInitializersAndNodeArgs] Removing initializer 'onnx::Conv_640_quantized'. It is no longer used by any node.
2026-10-01 18:50:18.304770235 [I:onnxruntime:, graph.cc:4888 CleanUnusedInitializersAndNodeArgs] Removing initializer 'onnx::Conv_630_zero_point'. It is no longer used by any node.
2026-10-01 18:50:18.304771297 [I:onnxruntime:, graph.cc:4888 CleanUnusedInitializersAndNodeArgs] Removing initializer 'onnx::Conv_501_zero_point'. It is no longer used by any node.
2026-10-01 18:50:18.304772319 [I:onnxruntime:, graph.cc:4888 CleanUnusedInitializersAndNodeArgs] Removing initializer 'onnx::Conv_502_zero_point'. It is no longer used by any node.
2026-10-01 18:50:18.304773311 [I:onnxruntime:, graph.cc:4888 CleanUnusedInitializersAndNodeArgs] Removing initializer 'onnx::Conv_607_quantized'. It is no longer used by any node.
2026-10-01 18:50:18.304774303 [I:onnxruntime:, graph.cc:4888 CleanUnusedInitializersAndNodeArgs] Removing initializer 'onnx::Conv_546_quantized'. It is no longer used by any node.
2026-10-01 18:50:18.304775345 [I:onnxruntime:, graph.cc:4888 CleanUnusedInitializersAndNodeArgs] Removing initializer '/layer2/layer2.3/relu_2/Relu_output_0_zero_point'. It is no longer used by any node.
2026-10-01 18:50:18.304776357 [I:onnxruntime:, graph.cc:4888 CleanUnusedInitializersAndNodeArgs] Removing initializer 'onnx::Conv_658_quantized'. It is no longer used by any node.
2026-10-01 18:50:18.304777379 [I:onnxruntime:, graph.cc:4888 CleanUnusedInitializersAndNodeArgs] Removing initializer 'onnx::Conv_604_zero_point'. It is no longer used by any node.
2026-10-01 18:50:18.304778381 [I:onnxruntime:, graph.cc:4888 CleanUnusedInitializersAndNodeArgs] Removing initializer 'onnx::Conv_508_quantized'. It is no longer used by any node.
2026-10-01 18:50:18.304779363 [I:onnxruntime:, graph.cc:4888 CleanUnusedInitializersAndNodeArgs] Removing initializer 'onnx::Conv_516_quantized'. It is no longer used by any node.
2026-10-01 18:50:18.304780415 [I:onnxruntime:, graph.cc:4888 CleanUnusedInitializersAndNodeArgs] Removing initializer 'onnx::Conv_504_quantized'. It is no longer used by any node.
2026-10-01 18:50:18.304781446 [I:onnxruntime:, graph.cc:4888 CleanUnusedInitializersAndNodeArgs] Removing initializer 'onnx::Conv_504_zero_point'. It is no longer used by any node.
2026-10-01 18:50:18.304782448 [I:onnxruntime:, graph.cc:4888 CleanUnusedInitializersAndNodeArgs] Removing initializer 'onnx::Conv_558_quantized'. It is no longer used by any node.
2026-10-01 18:50:18.304783430 [I:onnxruntime:, graph.cc:4888 CleanUnusedInitializersAndNodeArgs] Removing initializer 'onnx::Conv_511_quantized'. It is no longer used by any node.
2026-10-01 18:50:18.304784432 [I:onnxruntime:, graph.cc:4888 CleanUnusedInitializersAndNodeArgs] Removing initializer 'onnx::Conv_579_quantized'. It is no longer used by any node.
2026-10-01 18:50:18.304785444 [I:onnxruntime:, graph.cc:4888 CleanUnusedInitializersAndNodeArgs] Removing initializer '/layer2/layer2.0/relu/Relu_output_0_zero_point'. It is no longer used by any node.
2026-10-01 18:50:18.304786466 [I:onnxruntime:, graph.cc:4888 CleanUnusedInitializersAndNodeArgs] Removing initializer '/layer3/layer3.3/relu_2/Relu_output_0_zero_point'. It is no longer used by any node.
2026-10-01 18:50:18.304787488 [I:onnxruntime:, graph.cc:4888 CleanUnusedInitializersAndNodeArgs] Removing initializer 'onnx::Conv_520_quantized'. It is no longer used by any node.
2026-10-01 18:50:18.304788550 [I:onnxruntime:, graph.cc:4888 CleanUnusedInitializersAndNodeArgs] Removing initializer 'onnx::Conv_654_quantized'. It is no longer used by any node.
2026-10-01 18:50:18.304790263 [I:onnxruntime:, graph.cc:4888 CleanUnusedInitializersAndNodeArgs] Removing initializer '/layer3/layer3.1/relu/Relu_output_0_zero_point'. It is no longer used by any node.
2026-10-01 18:50:18.304791265 [I:onnxruntime:, graph.cc:4888 CleanUnusedInitializersAndNodeArgs] Removing initializer 'onnx::Conv_655_quantized'. It is no longer used by any node.
2026-10-01 18:50:18.304792337 [I:onnxruntime:, graph.cc:4888 CleanUnusedInitializersAndNodeArgs] Removing initializer 'onnx::Conv_552_quantized'. It is no longer used by any node.
2026-10-01 18:50:18.304793329 [I:onnxruntime:, graph.cc:4888 CleanUnusedInitializersAndNodeArgs] Removing initializer 'onnx::Conv_511_zero_point'. It is no longer used by any node.
2026-10-01 18:50:18.304794451 [I:onnxruntime:, graph.cc:4888 CleanUnusedInitializersAndNodeArgs] Removing initializer 'onnx::Conv_513_zero_point'. It is no longer used by any node.
2026-10-01 18:50:18.304795483 [I:onnxruntime:, graph.cc:4888 CleanUnusedInitializersAndNodeArgs] Removing initializer 'onnx::Conv_544_zero_point'. It is no longer used by any node.
2026-10-01 18:50:18.304796495 [I:onnxruntime:, graph.cc:4888 CleanUnusedInitializersAndNodeArgs] Removing initializer 'onnx::Conv_589_zero_point'. It is no longer used by any node.
2026-10-01 18:50:18.304797507 [I:onnxruntime:, graph.cc:4888 CleanUnusedInitializersAndNodeArgs] Removing initializer 'onnx::Conv_514_quantized'. It is no longer used by any node.
2026-10-01 18:50:18.304798518 [I:onnxruntime:, graph.cc:4888 CleanUnusedInitializersAndNodeArgs] Removing initializer 'onnx::Conv_555_quantized'. It is no longer used by any node.
2026-10-01 18:50:18.304799530 [I:onnxruntime:, graph.cc:4888 CleanUnusedInitializersAndNodeArgs] Removing initializer 'onnx::Conv_529_zero_point'. It is no longer used by any node.
2026-10-01 18:50:18.304800602 [I:onnxruntime:, graph.cc:4888 CleanUnusedInitializersAndNodeArgs] Removing initializer 'onnx::Conv_507_zero_point'. It is no longer used by any node.
2026-10-01 18:50:18.304801624 [I:onnxruntime:, graph.cc:4888 CleanUnusedInitializersAndNodeArgs] Removing initializer 'onnx::Conv_513_quantized'. It is no longer used by any node.
2026-10-01 18:50:18.304802616 [I:onnxruntime:, graph.cc:4888 CleanUnusedInitializersAndNodeArgs] Removing initializer 'onnx::Conv_603_quantized'. It is no longer used by any node.
2026-10-01 18:50:18.304803618 [I:onnxruntime:, graph.cc:4888 CleanUnusedInitializersAndNodeArgs] Removing initializer 'onnx::Conv_606_quantized'. It is no longer used by any node.
2026-10-01 18:50:18.304804590 [I:onnxruntime:, graph.cc:4888 CleanUnusedInitializersAndNodeArgs] Removing initializer 'onnx::Conv_519_quantized'. It is no longer used by any node.
2026-10-01 18:50:18.304805582 [I:onnxruntime:, graph.cc:4888 CleanUnusedInitializersAndNodeArgs] Removing initializer 'onnx::Conv_630_quantized'. It is no longer used by any node.
2026-10-01 18:50:18.304806584 [I:onnxruntime:, graph.cc:4888 CleanUnusedInitializersAndNodeArgs] Removing initializer 'onnx::Conv_543_quantized'. It is no longer used by any node.
2026-10-01 18:50:18.304807585 [I:onnxruntime:, graph.cc:4888 CleanUnusedInitializersAndNodeArgs] Removing initializer 'onnx::Conv_544_quantized'. It is no longer used by any node.
2026-10-01 18:50:18.304808607 [I:onnxruntime:, graph.cc:4888 CleanUnusedInitializersAndNodeArgs] Removing initializer 'onnx::Conv_633_quantized'. It is no longer used by any node.
2026-10-01 18:50:18.304809629 [I:onnxruntime:, graph.cc:4888 CleanUnusedInitializersAndNodeArgs] Removing initializer 'onnx::Conv_528_zero_point'. It is no longer used by any node.
2026-10-01 18:50:18.304810621 [I:onnxruntime:, graph.cc:4888 CleanUnusedInitializersAndNodeArgs] Removing initializer 'onnx::Conv_564_zero_point'. It is no longer used by any node.
2026-10-01 18:50:18.304811623 [I:onnxruntime:, graph.cc:4888 CleanUnusedInitializersAndNodeArgs] Removing initializer 'onnx::Conv_525_quantized'. It is no longer used by any node.
2026-10-01 18:50:18.304813326 [I:onnxruntime:, graph.cc:4888 CleanUnusedInitializersAndNodeArgs] Removing initializer 'onnx::Conv_546_zero_point'. It is no longer used by any node.
2026-10-01 18:50:18.304814338 [I:onnxruntime:, graph.cc:4888 CleanUnusedInitializersAndNodeArgs] Removing initializer 'onnx::Conv_558_zero_point'. It is no longer used by any node.
2026-10-01 18:50:18.304815370 [I:onnxruntime:, graph.cc:4888 CleanUnusedInitializersAndNodeArgs] Removing initializer 'onnx::Conv_564_quantized'. It is no longer used by any node.
2026-10-01 18:50:18.304816372 [I:onnxruntime:, graph.cc:4888 CleanUnusedInitializersAndNodeArgs] Removing initializer '/layer2/layer2.1/relu/Relu_output_0_zero_point'. It is no longer used by any node.
2026-10-01 18:50:18.304817394 [I:onnxruntime:, graph.cc:4888 CleanUnusedInitializersAndNodeArgs] Removing initializer 'onnx::Conv_549_quantized'. It is no longer used by any node.
2026-10-01 18:50:18.304818416 [I:onnxruntime:, graph.cc:4888 CleanUnusedInitializersAndNodeArgs] Removing initializer '/layer3/layer3.1/conv3/Conv_output_0_zero_point'. It is no longer used by any node.
2026-10-01 18:50:18.304819448 [I:onnxruntime:, graph.cc:4888 CleanUnusedInitializersAndNodeArgs] Removing initializer 'onnx::Conv_550_zero_point'. It is no longer used by any node.
2026-10-01 18:50:18.304820460 [I:onnxruntime:, graph.cc:4888 CleanUnusedInitializersAndNodeArgs] Removing initializer '/layer3/layer3.5/conv3/Conv_output_0_zero_point'. It is no longer used by any node.
2026-10-01 18:50:18.304821472 [I:onnxruntime:, graph.cc:4888 CleanUnusedInitializersAndNodeArgs] Removing initializer '/layer3/layer3.0/relu/Relu_output_0_zero_point'. It is no longer used by any node.
2026-10-01 18:50:18.304822483 [I:onnxruntime:, graph.cc:4888 CleanUnusedInitializersAndNodeArgs] Removing initializer 'onnx::Conv_583_zero_point'. It is no longer used by any node.
2026-10-01 18:50:18.304823475 [I:onnxruntime:, graph.cc:4888 CleanUnusedInitializersAndNodeArgs] Removing initializer '/layer1/layer1.2/relu_2/Relu_output_0_zero_point'. It is no longer used by any node.
2026-10-01 18:50:18.304824457 [I:onnxruntime:, graph.cc:4888 CleanUnusedInitializersAndNodeArgs] Removing initializer 'onnx::Conv_552_zero_point'. It is no longer used by any node.
2026-10-01 18:50:18.304825489 [I:onnxruntime:, graph.cc:4888 CleanUnusedInitializersAndNodeArgs] Removing initializer 'onnx::Conv_553_zero_point'. It is no longer used by any node.
2026-10-01 18:50:18.304826471 [I:onnxruntime:, graph.cc:4888 CleanUnusedInitializersAndNodeArgs] Removing initializer 'onnx::Conv_559_quantized'. It is no longer used by any node.
2026-10-01 18:50:18.304827483 [I:onnxruntime:, graph.cc:4888 CleanUnusedInitializersAndNodeArgs] Removing initializer '/layer2/layer2.1/relu_2/Relu_output_0_zero_point'. It is no longer used by any node.
2026-10-01 18:50:18.304828515 [I:onnxruntime:, graph.cc:4888 CleanUnusedInitializersAndNodeArgs] Removing initializer 'onnx::Conv_568_quantized'. It is no longer used by any node.
2026-10-01 18:50:18.304829587 [I:onnxruntime:, graph.cc:4888 CleanUnusedInitializersAndNodeArgs] Removing initializer '/layer3/layer3.0/downsample/downsample.0/Conv_output_0_zero_point'. It is no longer used by any node.
2026-10-01 18:50:18.304830609 [I:onnxruntime:, graph.cc:4888 CleanUnusedInitializersAndNodeArgs] Removing initializer 'onnx::Conv_555_zero_point'. It is no longer used by any node.
2026-10-01 18:50:18.304831600 [I:onnxruntime:, graph.cc:4888 CleanUnusedInitializersAndNodeArgs] Removing initializer 'onnx::Conv_573_zero_point'. It is no longer used by any node.
2026-10-01 18:50:18.304832693 [I:onnxruntime:, graph.cc:4888 CleanUnusedInitializersAndNodeArgs] Removing initializer '/layer2/layer2.1/relu_1/Relu_output_0_zero_point'. It is no longer used by any node.
2026-10-01 18:50:18.304833755 [I:onnxruntime:, graph.cc:4888 CleanUnusedInitializersAndNodeArgs] Removing initializer 'onnx::Conv_556_zero_point'. It is no longer used by any node.
2026-10-01 18:50:18.304834807 [I:onnxruntime:, graph.cc:4888 CleanUnusedInitializersAndNodeArgs] Removing initializer 'onnx::Conv_556_quantized'. It is no longer used by any node.
2026-10-01 18:50:18.304836480 [I:onnxruntime:, graph.cc:4888 CleanUnusedInitializersAndNodeArgs] Removing initializer '/layer2/layer2.2/relu/Relu_output_0_zero_point'. It is no longer used by any node.
2026-10-01 18:50:18.304837492 [I:onnxruntime:, graph.cc:4888 CleanUnusedInitializersAndNodeArgs] Removing initializer 'onnx::Conv_642_zero_point'. It is no longer used by any node.
2026-10-01 18:50:18.304838493 [I:onnxruntime:, graph.cc:4888 CleanUnusedInitializersAndNodeArgs] Removing initializer 'onnx::Conv_616_quantized'. It is no longer used by any node.
2026-10-01 18:50:18.304840678 [I:onnxruntime:, graph.cc:4888 CleanUnusedInitializersAndNodeArgs] Removing initializer 'onnx::Conv_562_quantized'. It is no longer used by any node.
2026-10-01 18:50:18.304841699 [I:onnxruntime:, graph.cc:4888 CleanUnusedInitializersAndNodeArgs] Removing initializer '/layer3/layer3.4/relu/Relu_output_0_zero_point'. It is no longer used by any node.
2026-10-01 18:50:18.304842711 [I:onnxruntime:, graph.cc:4888 CleanUnusedInitializersAndNodeArgs] Removing initializer '/Flatten_output_0_zero_point'. It is no longer used by any node.
2026-10-01 18:50:18.304843823 [I:onnxruntime:, graph.cc:4888 CleanUnusedInitializersAndNodeArgs] Removing initializer '/layer2/layer2.2/conv3/Conv_output_0_zero_point'. It is no longer used by any node.
2026-10-01 18:50:18.304844835 [I:onnxruntime:, graph.cc:4888 CleanUnusedInitializersAndNodeArgs] Removing initializer 'onnx::Conv_600_zero_point'. It is no longer used by any node.
2026-10-01 18:50:18.304845867 [I:onnxruntime:, graph.cc:4888 CleanUnusedInitializersAndNodeArgs] Removing initializer '/layer2/layer2.0/relu_2/Relu_output_0_zero_point'. It is no longer used by any node.
2026-10-01 18:50:18.304846869 [I:onnxruntime:, graph.cc:4888 CleanUnusedInitializersAndNodeArgs] Removing initializer 'onnx::Conv_580_quantized'. It is no longer used by any node.
2026-10-01 18:50:18.304847971 [I:onnxruntime:, graph.cc:4888 CleanUnusedInitializersAndNodeArgs] Removing initializer '/layer1/layer1.2/relu/Relu_output_0_zero_point'. It is no longer used by any node.
2026-10-01 18:50:18.304848963 [I:onnxruntime:, graph.cc:4888 CleanUnusedInitializersAndNodeArgs] Removing initializer 'onnx::Conv_562_zero_point'. It is no longer used by any node.
2026-10-01 18:50:18.304849975 [I:onnxruntime:, graph.cc:4888 CleanUnusedInitializersAndNodeArgs] Removing initializer '/layer2/layer2.2/relu_2/Relu_output_0_zero_point'. It is no longer used by any node.
2026-10-01 18:50:18.304850987 [I:onnxruntime:, graph.cc:4888 CleanUnusedInitializersAndNodeArgs] Removing initializer 'onnx::Conv_535_zero_point'. It is no longer used by any node.
2026-10-01 18:50:18.304851959 [I:onnxruntime:, graph.cc:4888 CleanUnusedInitializersAndNodeArgs] Removing initializer 'onnx::Conv_565_zero_point'. It is no longer used by any node.
2026-10-01 18:50:18.304852961 [I:onnxruntime:, graph.cc:4888 CleanUnusedInitializersAndNodeArgs] Removing initializer 'onnx::Conv_565_quantized'. It is no longer used by any node.
2026-10-01 18:50:18.304853972 [I:onnxruntime:, graph.cc:4888 CleanUnusedInitializersAndNodeArgs] Removing initializer 'onnx::Conv_535_quantized'. It is no longer used by any node.
2026-10-01 18:50:18.304854974 [I:onnxruntime:, graph.cc:4888 CleanUnusedInitializersAndNodeArgs] Removing initializer 'onnx::Conv_571_zero_point'. It is no longer used by any node.
2026-10-01 18:50:18.304856036 [I:onnxruntime:, graph.cc:4888 CleanUnusedInitializersAndNodeArgs] Removing initializer '/layer4/layer4.0/relu_1/Relu_output_0_zero_point'. It is no longer used by any node.
2026-10-01 18:50:18.304857098 [I:onnxruntime:, graph.cc:4888 CleanUnusedInitializersAndNodeArgs] Removing initializer '/layer2/layer2.3/relu/Relu_output_0_zero_point'. It is no longer used by any node.
2026-10-01 18:50:18.304858170 [I:onnxruntime:, graph.cc:4888 CleanUnusedInitializersAndNodeArgs] Removing initializer 'onnx::Conv_567_zero_point'. It is no longer used by any node.
2026-10-01 18:50:18.304860014 [I:onnxruntime:, graph.cc:4888 CleanUnusedInitializersAndNodeArgs] Removing initializer 'onnx::Conv_574_zero_point'. It is no longer used by any node.
2026-10-01 18:50:18.304861036 [I:onnxruntime:, graph.cc:4888 CleanUnusedInitializersAndNodeArgs] Removing initializer 'fc.2.bias_zero_point'. It is no longer used by any node.
2026-10-01 18:50:18.304862048 [I:onnxruntime:, graph.cc:4888 CleanUnusedInitializersAndNodeArgs] Removing initializer '/layer3/layer3.3/relu_1/Relu_output_0_zero_point'. It is no longer used by any node.
2026-10-01 18:50:18.304863080 [I:onnxruntime:, graph.cc:4888 CleanUnusedInitializersAndNodeArgs] Removing initializer '/layer2/layer2.3/relu_1/Relu_output_0_zero_point'. It is no longer used by any node.
2026-10-01 18:50:18.304864061 [I:onnxruntime:, graph.cc:4888 CleanUnusedInitializersAndNodeArgs] Removing initializer 'onnx::Conv_592_zero_point'. It is no longer used by any node.
2026-10-01 18:50:18.304865093 [I:onnxruntime:, graph.cc:4888 CleanUnusedInitializersAndNodeArgs] Removing initializer '/layer1/layer1.0/downsample/downsample.0/Conv_output_0_zero_point'. It is no longer used by any node.
2026-10-01 18:50:18.304866125 [I:onnxruntime:, graph.cc:4888 CleanUnusedInitializersAndNodeArgs] Removing initializer '/layer2/layer2.3/conv3/Conv_output_0_zero_point'. It is no longer used by any node.
2026-10-01 18:50:18.304867107 [I:onnxruntime:, graph.cc:4888 CleanUnusedInitializersAndNodeArgs] Removing initializer 'onnx::Conv_553_quantized'. It is no longer used by any node.
2026-10-01 18:50:18.304868089 [I:onnxruntime:, graph.cc:4888 CleanUnusedInitializersAndNodeArgs] Removing initializer 'onnx::Conv_571_quantized'. It is no longer used by any node.
2026-10-01 18:50:18.304869111 [I:onnxruntime:, graph.cc:4888 CleanUnusedInitializersAndNodeArgs] Removing initializer 'onnx::Conv_559_zero_point'. It is no longer used by any node.
2026-10-01 18:50:18.304870133 [I:onnxruntime:, graph.cc:4888 CleanUnusedInitializersAndNodeArgs] Removing initializer 'onnx::Conv_579_zero_point'. It is no longer used by any node.
2026-10-01 18:50:18.304871125 [I:onnxruntime:, graph.cc:4888 CleanUnusedInitializersAndNodeArgs] Removing initializer 'onnx::Conv_510_quantized'. It is no longer used by any node.
2026-10-01 18:50:18.304872197 [I:onnxruntime:, graph.cc:4888 CleanUnusedInitializersAndNodeArgs] Removing initializer 'onnx::Conv_573_quantized'. It is no longer used by any node.
2026-10-01 18:50:18.304873208 [I:onnxruntime:, graph.cc:4888 CleanUnusedInitializersAndNodeArgs] Removing initializer 'onnx::Conv_529_quantized'. It is no longer used by any node.
2026-10-01 18:50:18.304874220 [I:onnxruntime:, graph.cc:4888 CleanUnusedInitializersAndNodeArgs] Removing initializer 'onnx::Conv_576_zero_point'. It is no longer used by any node.
2026-10-01 18:50:18.304875212 [I:onnxruntime:, graph.cc:4888 CleanUnusedInitializersAndNodeArgs] Removing initializer '/layer1/layer1.1/relu_1/Relu_output_0_zero_point'. It is no longer used by any node.
2026-10-01 18:50:18.304876224 [I:onnxruntime:, graph.cc:4888 CleanUnusedInitializersAndNodeArgs] Removing initializer '/layer3/layer3.0/relu_1/Relu_output_0_zero_point'. It is no longer used by any node.
2026-10-01 18:50:18.304877236 [I:onnxruntime:, graph.cc:4888 CleanUnusedInitializersAndNodeArgs] Removing initializer 'onnx::Conv_517_quantized'. It is no longer used by any node.
2026-10-01 18:50:18.304878238 [I:onnxruntime:, graph.cc:4888 CleanUnusedInitializersAndNodeArgs] Removing initializer 'onnx::Conv_585_zero_point'. It is no longer used by any node.
2026-10-01 18:50:18.304879260 [I:onnxruntime:, graph.cc:4888 CleanUnusedInitializersAndNodeArgs] Removing initializer 'onnx::Conv_580_zero_point'. It is no longer used by any node.
2026-10-01 18:50:18.304880402 [I:onnxruntime:, graph.cc:4888 CleanUnusedInitializersAndNodeArgs] Removing initializer 'onnx::Conv_583_quantized'. It is no longer used by any node.
2026-10-01 18:50:18.304881414 [I:onnxruntime:, graph.cc:4888 CleanUnusedInitializersAndNodeArgs] Removing initializer 'onnx::Conv_585_quantized'. It is no longer used by any node.
2026-10-01 18:50:18.304883097 [I:onnxruntime:, graph.cc:4888 CleanUnusedInitializersAndNodeArgs] Removing initializer 'onnx::Conv_586_zero_point'. It is no longer used by any node.
2026-10-01 18:50:18.304884119 [I:onnxruntime:, graph.cc:4888 CleanUnusedInitializersAndNodeArgs] Removing initializer 'onnx::Conv_588_zero_point'. It is no longer used by any node.
2026-10-01 18:50:18.304885171 [I:onnxruntime:, graph.cc:4888 CleanUnusedInitializersAndNodeArgs] Removing initializer '/layer3/layer3.1/relu_1/Relu_output_0_zero_point'. It is no longer used by any node.
2026-10-01 18:50:18.305139508 [I:onnxruntime:, inference_session.cc:1465 TransformGraph] Running graph optimizations in loop 1 time/s (Graph Optimizations Loop Level : 1)
2026-10-01 18:50:18.305147242 [I:onnxruntime:, graph_transformer.cc:15 Apply] GraphTransformer Level2_RuleBasedTransformer modified: 0 with status: OK
2026-10-01 18:50:18.305158443 [I:onnxruntime:, graph_transformer.cc:15 Apply] GraphTransformer TransposeOptimizer_CPUExecutionProvider modified: 0 with status: OK
2026-10-01 18:50:18.305161038 [I:onnxruntime:, graph_transformer.cc:15 Apply] GraphTransformer QDQS8ToU8Transformer modified: 0 with status: OK
2026-10-01 18:50:18.305163913 [I:onnxruntime:, graph_transformer.cc:15 Apply] GraphTransformer QDQSelectorActionTransformer modified: 0 with status: OK
2026-10-01 18:50:18.305166518 [I:onnxruntime:, graph_transformer.cc:15 Apply] GraphTransformer GemmActivationFusion modified: 0 with status: OK
2026-10-01 18:50:18.305168783 [I:onnxruntime:, graph_transformer.cc:15 Apply] GraphTransformer MatMulIntegerToFloatFusion modified: 0 with status: OK
2026-10-01 18:50:18.305170907 [I:onnxruntime:, graph_transformer.cc:15 Apply] GraphTransformer DynamicQuantizeMatMulFusion modified: 0 with status: OK
2026-10-01 18:50:18.305172900 [I:onnxruntime:, graph_transformer.cc:15 Apply] GraphTransformer ConvActivationFusion modified: 0 with status: OK
2026-10-01 18:50:18.305176277 [I:onnxruntime:, graph_transformer.cc:15 Apply] GraphTransformer GeluFusionL2 modified: 0 with status: OK
2026-10-01 18:50:18.305178791 [I:onnxruntime:, graph_transformer.cc:15 Apply] GraphTransformer LayerNormFusionL2 modified: 0 with status: OK
2026-10-01 18:50:18.305181506 [I:onnxruntime:, graph_transformer.cc:15 Apply] GraphTransformer SimplifiedLayerNormFusion modified: 0 with status: OK
2026-10-01 18:50:18.305184081 [I:onnxruntime:, graph_transformer.cc:15 Apply] GraphTransformer AttentionFusion modified: 0 with status: OK
2026-10-01 18:50:18.305186275 [I:onnxruntime:, graph_transformer.cc:15 Apply] GraphTransformer EmbedLayerNormFusion modified: 0 with status: OK
2026-10-01 18:50:18.305189692 [I:onnxruntime:, graph_transformer.cc:15 Apply] GraphTransformer GatherSliceToSplitFusion modified: 0 with status: OK
2026-10-01 18:50:18.305191645 [I:onnxruntime:, graph_transformer.cc:15 Apply] GraphTransformer GatherToSliceFusion modified: 0 with status: OK
2026-10-01 18:50:18.305194120 [I:onnxruntime:, graph_transformer.cc:15 Apply] GraphTransformer MatmulTransposeFusion modified: 0 with status: OK
2026-10-01 18:50:18.305196164 [I:onnxruntime:, graph_transformer.cc:15 Apply] GraphTransformer BiasGeluFusion modified: 0 with status: OK
2026-10-01 18:50:18.305198348 [I:onnxruntime:, graph_transformer.cc:15 Apply] GraphTransformer GroupQueryAttentionFusion modified: 0 with status: OK
2026-10-01 18:50:18.305200592 [I:onnxruntime:, graph_transformer.cc:15 Apply] GraphTransformer MatMulAddFusion modified: 0 with status: OK
2026-10-01 18:50:18.305202867 [I:onnxruntime:, graph_transformer.cc:15 Apply] GraphTransformer SkipLayerNormFusion modified: 0 with status: OK
2026-10-01 18:50:18.305205191 [I:onnxruntime:, graph_transformer.cc:15 Apply] GraphTransformer FastGeluFusion modified: 0 with status: OK
2026-10-01 18:50:18.305207375 [I:onnxruntime:, graph_transformer.cc:15 Apply] GraphTransformer QuickGeluFusion modified: 0 with status: OK
2026-10-01 18:50:18.305209659 [I:onnxruntime:, graph_transformer.cc:15 Apply] GraphTransformer BiasSoftmaxFusion modified: 0 with status: OK
2026-10-01 18:50:18.305215360 [I:onnxruntime:, graph_transformer.cc:15 Apply] GraphTransformer BiasDropoutFusion modified: 0 with status: OK
2026-10-01 18:50:18.305217504 [I:onnxruntime:, graph_transformer.cc:15 Apply] GraphTransformer MatMulScaleFusion modified: 0 with status: OK
2026-10-01 18:50:18.305219488 [I:onnxruntime:, graph_transformer.cc:15 Apply] GraphTransformer MatMulActivationFusion modified: 0 with status: OK
2026-10-01 18:50:18.305221291 [I:onnxruntime:, graph_transformer.cc:15 Apply] GraphTransformer MatMulNBitsFusion modified: 0 with status: OK
2026-10-01 18:50:18.305224247 [I:onnxruntime:, graph_transformer.cc:15 Apply] GraphTransformer QDQFinalCleanupTransformer modified: 0 with status: OK
2026-10-01 18:50:18.305227032 [I:onnxruntime:, graph_transformer.cc:15 Apply] GraphTransformer NchwcTransformer modified: 0 with status: OK
2026-10-01 18:50:18.305230027 [I:onnxruntime:, graph_transformer.cc:15 Apply] GraphTransformer NhwcTransformer modified: 0 with status: OK
2026-10-01 18:50:18.305231731 [I:onnxruntime:, graph_transformer.cc:15 Apply] GraphTransformer ConvAddActivationFusion modified: 0 with status: OK
2026-10-01 18:50:18.305236860 [I:onnxruntime:, graph_transformer.cc:15 Apply] GraphTransformer RemoveDuplicateCastTransformer modified: 0 with status: OK
2026-10-01 18:50:18.305238353 [I:onnxruntime:, graph_transformer.cc:15 Apply] GraphTransformer CastFloat16Transformer modified: 0 with status: OK
2026-10-01 18:50:18.305241018 [I:onnxruntime:, graph_transformer.cc:15 Apply] GraphTransformer FuseFp16InitializerToFp32NodeTransformer modified: 0 with status: OK
2026-10-01 18:50:18.305244745 [I:onnxruntime:, graph_transformer.cc:15 Apply] GraphTransformer MemcpyTransformer modified: 0 with status: OK
2026-10-01 18:50:18.305260254 [V:onnxruntime:, session_state.cc:1296 VerifyEachNodeIsAssignedToAnEp] Node placements
2026-10-01 18:50:18.305261727 [V:onnxruntime:, session_state.cc:1299 VerifyEachNodeIsAssignedToAnEp]  All nodes placed on [VitisAIExecutionProvider]. Number of nodes: 3
2026-10-01 18:50:18.305276755 [V:onnxruntime:, session_state.cc:175 CreateGraphInfo] SaveMLValueNameIndexMapping
2026-10-01 18:50:18.305280462 [V:onnxruntime:, session_state.cc:221 CreateGraphInfo] Done saving OrtValue mappings.
2026-10-01 18:50:18.305283979 [I:onnxruntime:, allocation_planner.cc:2659 CreateGraphPartitioner] Use DeviceBasedPartition as default
2026-10-01 18:50:18.305314446 [I:onnxruntime:, session_state_utils.cc:243 SaveInitializedTensors] Saving initialized tensors.
2026-10-01 18:50:18.305338130 [I:onnxruntime:, session_state_utils.cc:438 SaveInitializedTensors] Done saving initialized tensors
2026-10-01 18:50:18.558242625 [I:onnxruntime:, inference_session.cc:2532 Initialize] Session successfully initialized.
2026-10-01 18:50:18.576515244 [I:onnxruntime:, profiler.cc:115 EndProfiling] Writing profiler data to file /home/shen/AI370-2/output/M9/license-npu-run/ort-profile_2026-10-01_18-50-14.json
{
  "status": "PASS",
  "model_sha256": "7a78c7e85bac3a0681e3d2f77e69093a761e1c8f62f7fc65ff5ce3e1b82c5ba3",
  "onnxruntime": "1.23.3.dev20260320",
  "providers": [
    "VitisAIExecutionProvider",
    "CPUExecutionProvider"
  ],
  "cpu_fallback_disabled": true,
  "profile_path": "output/M9/license-npu-run/ort-profile_2026-10-01_18-50-14.json",
  "profile_node_providers": [
    "VitisAIExecutionProvider"
  ],
  "npu_device_fds": {
    "6": {
      "device": "/dev/accel/accel0",
      "fdinfo": "pos:\t0\nflags:\t0100002\nmnt_id:\t29\nino:\t921\ndrm-driver:\tamdxdna_accel_driver\ndrm-client-id:\t161\ndrm-pdev:\t0000:c6:00.1\ndrm-engine-npu-amdxdna:\t0 ns\ndrm-total-memory:\t159468 KiB\ndrm-shared-memory:\t0\n"
    }
  },
  "after_npu_device_fds": {
    "6": {
      "device": "/dev/accel/accel0",
      "fdinfo": "pos:\t0\nflags:\t0100002\nmnt_id:\t29\nino:\t921\ndrm-driver:\tamdxdna_accel_driver\ndrm-client-id:\t161\ndrm-pdev:\t0000:c6:00.1\ndrm-engine-npu-amdxdna:\t14621103 ns\ndrm-total-memory:\t159468 KiB\ndrm-shared-memory:\t0\n"
    }
  },
  "iterations": 10,
  "elapsed_seconds": 0.017111732013290748,
  "npu_hardware_time_delta_ns": 14621103,
  "max_abs_errors": [
    0.0
  ],
  "rtol": 0.001,
  "atol": 0.0001
}
2026-10-01 18:50:18.630419799 [V:onnxruntime:, inference_session.cc:3536 EndProfiling] Profiler is disabled.
