

================================================================
== Synthesis Summary Report of 'invert32'
================================================================
+ General Information: 
    * Date:           Fri Oct  2 15:00:17 2026
    * Version:        2026.1 (Build 6493734 on Jun 16 2026)
    * Project:        ross-hls-skill-smoke
    * Solution:       hls
    * Product family: spartan7
    * Target device:  xc7s100-fgga676-2
    

* Performance & Resource Estimates: 
+------------+------+---------------+----------+---------+------+----------+---------+-------+------+------+----+---+----------+-----+
|   Modules  | Issue|               | Iteration|         | Trip |          |     Latency     |      |      |    |   |          |     |
|   & Loops  | Type | Violation Type|  Latency | Interval| Count| Pipelined| (cycles)|  (ns) | Slack| BRAM | DSP| FF|    LUT   | URAM|
+------------+------+---------------+----------+---------+------+----------+---------+-------+------+------+----+---+----------+-----+
|+ invert32  |     -|              -|         -|        1|     -|        no|        0|  0.000|  2.81|     -|   -|  -|  32 (~0%)|    -|
+------------+------+---------------+----------+---------+------+----------+---------+-------+------+------+----+---+----------+-----+
    Name Prefix: '+' for module, 'o' for loop, '*' for dataflow


================================================================
== HW Interfaces
================================================================
* Other Ports
+-----------+---------+-----------+----------+
| Port      | Mode    | Direction | Bitwidth |
+-----------+---------+-----------+----------+
| ap_return |         | out       | 32       |
| input_r   | ap_none | in        | 32       |
+-----------+---------+-----------+----------+

* TOP LEVEL CONTROL
+-----------+------------+-----------------------------------+
| Interface | Type       | Ports                             |
+-----------+------------+-----------------------------------+
| ap_rst    | reset      | ap_rst                            |
| ap_ctrl   | ap_ctrl_hs | ap_done ap_idle ap_ready ap_start |
+-----------+------------+-----------------------------------+


================================================================
== SW I/O Information
================================================================
* Top Function Arguments
+----------+-----------+--------------+
| Argument | Direction | Datatype     |
+----------+-----------+--------------+
| input    | in        | unsigned int |
| return   | out       | unsigned int |
+----------+-----------+--------------+

* SW-to-HW Mapping
+----------+--------------+---------+
| Argument | HW Interface | HW Type |
+----------+--------------+---------+
| input    | input_r      | port    |
| return   | ap_return    | port    |
+----------+--------------+---------+


================================================================
== Bind Op Report
================================================================
+-------------+-----+--------+----------+-----+------+---------+
| Name        | DSP | Pragma | Variable | Op  | Impl | Latency |
+-------------+-----+--------+----------+-----+------+---------+
| + invert32  | 0   |        |          |     |      |         |
|   ap_return |     |        | xor_ln4  | xor | auto | 0       |
+-------------+-----+--------+----------+-----+------+---------+


================================================================
== Storage Report
================================================================
  No bind storage info in design

================================================================
== Pragma Report
================================================================
  No pragmas found

