
****** v++ v2026.1 (64-bit)
  **** SW Build 6511674 on 2026-06-16-13:16:19
  **** Start of session at: Fri Oct  2 15:00:05 2026
    ** Copyright 1986-2022 Xilinx, Inc. All Rights Reserved.
    ** Copyright 2022-2026 Advanced Micro Devices, Inc. All Rights Reserved.

  **** HLS Build v2026.1 6493734
INFO: [HLS 200-2005] Using work_dir /home/shen/AI370-2/output/M13/ross-hls-skill-smoke 
INFO: [HLS 200-2006] Changing directory to /home/shen/AI370-2/output/M13
INFO: [HLS 200-2176] Writing Vitis IDE component file /home/shen/AI370-2/output/M13/ross-hls-skill-smoke/vitis-comp.json
INFO: [HLS 200-10] Creating and opening component '/home/shen/AI370-2/output/M13/ross-hls-skill-smoke'.
INFO: [HLS 200-2174] Applying component config ini file ../../projects/FPGA/Ross_HLS_Skill_Smoke/hls_config.cfg
INFO: [HLS 200-1465] Applying config ini 'syn.file=src/invert32.cpp' from ../../projects/FPGA/Ross_HLS_Skill_Smoke/hls_config.cfg(2)
INFO: [HLS 200-10] Adding design file '/home/shen/AI370-2/projects/FPGA/Ross_HLS_Skill_Smoke/src/invert32.cpp' to the project
INFO: [HLS 200-1465] Applying config ini 'syn.top=invert32' from ../../projects/FPGA/Ross_HLS_Skill_Smoke/hls_config.cfg(3)
INFO: [HLS 200-1465] Applying config ini 'clock=5ns' from ../../projects/FPGA/Ross_HLS_Skill_Smoke/hls_config.cfg(5)
INFO: [SYN 201-201] Setting up clock 'default' with a period of 5ns.
INFO: [HLS 200-2176] Writing Vitis IDE component file /home/shen/AI370-2/output/M13/ross-hls-skill-smoke/vitis-comp.json
INFO: [HLS 200-1465] Applying config ini 'part=xc7s100fgga676-2' from command line
INFO: [HLS 200-1611] Setting target device to 'xc7s100-fgga676-2'
INFO: [HLS 200-111] Finished File checks and directory preparation: CPU user time: 1.1 seconds. CPU system time: 0.25 seconds. Elapsed time: 1.45 seconds; current allocated memory: 493.203 MB.
INFO: [HLS 200-2191] C-Synthesis will use clang-16 as the compiler
INFO: [HLS 200-10] Analyzing design file '/home/shen/AI370-2/projects/FPGA/Ross_HLS_Skill_Smoke/src/invert32.cpp' ... 
INFO: [HLS 200-111] Finished Source Code Analysis and Preprocessing: CPU user time: 0.14 seconds. CPU system time: 0.16 seconds. Elapsed time: 0.5 seconds; current allocated memory: 494.535 MB.
INFO: [HLS 200-1995] There were 2 instructions in the design after the 'Compile/Link' phase of compilation. See the Design Size Report for more details (/home/shen/AI370-2/output/M13/ross-hls-skill-smoke/hls/syn/report/csynth_design_size.rpt:2)
INFO: [HLS 200-1995] There were 2 instructions in the design after the 'Unroll/Inline' phase of compilation. See the Design Size Report for more details (/home/shen/AI370-2/output/M13/ross-hls-skill-smoke/hls/syn/report/csynth_design_size.rpt:2)
INFO: [HLS 200-1995] There were 2 instructions in the design after the 'Unroll/Inline (step 2)' phase of compilation. See the Design Size Report for more details (/home/shen/AI370-2/output/M13/ross-hls-skill-smoke/hls/syn/report/csynth_design_size.rpt:2)
INFO: [HLS 200-1995] There were 2 instructions in the design after the 'Unroll/Inline (step 3)' phase of compilation. See the Design Size Report for more details (/home/shen/AI370-2/output/M13/ross-hls-skill-smoke/hls/syn/report/csynth_design_size.rpt:2)
INFO: [HLS 200-1995] There were 2 instructions in the design after the 'Unroll/Inline (step 4)' phase of compilation. See the Design Size Report for more details (/home/shen/AI370-2/output/M13/ross-hls-skill-smoke/hls/syn/report/csynth_design_size.rpt:2)
INFO: [HLS 200-1995] There were 2 instructions in the design after the 'Array/Struct' phase of compilation. See the Design Size Report for more details (/home/shen/AI370-2/output/M13/ross-hls-skill-smoke/hls/syn/report/csynth_design_size.rpt:2)
INFO: [HLS 200-1995] There were 2 instructions in the design after the 'Array/Struct (step 2)' phase of compilation. See the Design Size Report for more details (/home/shen/AI370-2/output/M13/ross-hls-skill-smoke/hls/syn/report/csynth_design_size.rpt:2)
INFO: [HLS 200-1995] There were 2 instructions in the design after the 'Array/Struct (step 3)' phase of compilation. See the Design Size Report for more details (/home/shen/AI370-2/output/M13/ross-hls-skill-smoke/hls/syn/report/csynth_design_size.rpt:2)
INFO: [HLS 200-1995] There were 2 instructions in the design after the 'Array/Struct (step 4)' phase of compilation. See the Design Size Report for more details (/home/shen/AI370-2/output/M13/ross-hls-skill-smoke/hls/syn/report/csynth_design_size.rpt:2)
INFO: [HLS 200-1995] There were 2 instructions in the design after the 'Array/Struct (step 5)' phase of compilation. See the Design Size Report for more details (/home/shen/AI370-2/output/M13/ross-hls-skill-smoke/hls/syn/report/csynth_design_size.rpt:2)
INFO: [HLS 200-1995] There were 2 instructions in the design after the 'Performance' phase of compilation. See the Design Size Report for more details (/home/shen/AI370-2/output/M13/ross-hls-skill-smoke/hls/syn/report/csynth_design_size.rpt:2)
INFO: [HLS 200-1995] There were 2 instructions in the design after the 'Performance (step 2)' phase of compilation. See the Design Size Report for more details (/home/shen/AI370-2/output/M13/ross-hls-skill-smoke/hls/syn/report/csynth_design_size.rpt:2)
INFO: [HLS 200-1995] There were 2 instructions in the design after the 'Performance (step 3)' phase of compilation. See the Design Size Report for more details (/home/shen/AI370-2/output/M13/ross-hls-skill-smoke/hls/syn/report/csynth_design_size.rpt:2)
INFO: [HLS 200-1995] There were 2 instructions in the design after the 'Performance (step 4)' phase of compilation. See the Design Size Report for more details (/home/shen/AI370-2/output/M13/ross-hls-skill-smoke/hls/syn/report/csynth_design_size.rpt:2)
INFO: [HLS 200-1995] There were 4 instructions in the design after the 'HW Transforms' phase of compilation. See the Design Size Report for more details (/home/shen/AI370-2/output/M13/ross-hls-skill-smoke/hls/syn/report/csynth_design_size.rpt:2)
INFO: [HLS 200-1995] There were 5 instructions in the design after the 'HW Transforms (step 2)' phase of compilation. See the Design Size Report for more details (/home/shen/AI370-2/output/M13/ross-hls-skill-smoke/hls/syn/report/csynth_design_size.rpt:2)
INFO: [HLS 200-111] Finished Compiling Optimization and Transform: CPU user time: 1.38 seconds. CPU system time: 0.17 seconds. Elapsed time: 6.53 seconds; current allocated memory: 497.250 MB.
INFO: [HLS 200-111] Finished Checking Pragmas: CPU user time: 0 seconds. CPU system time: 0 seconds. Elapsed time: 0 seconds; current allocated memory: 497.250 MB.
INFO: [HLS 200-10] Starting code transformations ...
INFO: [HLS 200-111] Finished Standard Transforms: CPU user time: 0 seconds. CPU system time: 0 seconds. Elapsed time: 0.03 seconds; current allocated memory: 497.250 MB.
INFO: [HLS 200-10] Checking synthesizability ...
INFO: [HLS 200-111] Finished Checking Synthesizability: CPU user time: 0.01 seconds. CPU system time: 0 seconds. Elapsed time: 0 seconds; current allocated memory: 497.250 MB.
INFO: [HLS 200-111] Finished Loop, function and other optimizations: CPU user time: 0 seconds. CPU system time: 0 seconds. Elapsed time: 0.01 seconds; current allocated memory: 517.391 MB.
INFO: [HLS 200-111] Finished Architecture Synthesis: CPU user time: 0.01 seconds. CPU system time: 0 seconds. Elapsed time: 0.01 seconds; current allocated memory: 509.387 MB.
INFO: [HLS 200-2255] Checking Wire Delay Status: Wire Delay Mode is ON
INFO: [HLS 200-10] Starting hardware synthesis ...
INFO: [HLS 200-10] Synthesizing 'invert32' ...
INFO: [HLS 200-10] ----------------------------------------------------------------
INFO: [HLS 200-42] -- Implementing module 'invert32' 
INFO: [HLS 200-10] ----------------------------------------------------------------
INFO: [SCHED 204-11] Starting scheduling ...
INFO: [SCHED 204-11] Finished scheduling.
INFO: [HLS 200-111] Finished Scheduling: CPU user time: 0.01 seconds. CPU system time: 0.02 seconds. Elapsed time: 0.03 seconds; current allocated memory: 509.387 MB.
INFO: [BIND 205-100] Starting micro-architecture generation ...
INFO: [BIND 205-101] Performing variable lifetime analysis.
INFO: [BIND 205-101] Exploring resource sharing.
INFO: [BIND 205-101] Binding ...
INFO: [BIND 205-100] Finished micro-architecture generation.
INFO: [HLS 200-111] Finished Binding: CPU user time: 0 seconds. CPU system time: 0 seconds. Elapsed time: 0 seconds; current allocated memory: 509.387 MB.
INFO: [HLS 200-10] ----------------------------------------------------------------
INFO: [HLS 200-10] -- Generating RTL for module 'invert32' 
INFO: [HLS 200-10] ----------------------------------------------------------------
INFO: [RTGEN 206-500] Setting interface mode on port 'invert32/input_r' to 'ap_none'.
INFO: [RTGEN 206-500] Setting interface mode on function 'invert32' to 'ap_ctrl_hs'.
INFO: [RTGEN 206-100] Finished creating RTL model for 'invert32'.
INFO: [HLS 200-111] Finished Creating RTL model: CPU user time: 0.01 seconds. CPU system time: 0 seconds. Elapsed time: 0.01 seconds; current allocated memory: 509.387 MB.
INFO: [HLS 200-111] Finished Generating all RTL models: CPU user time: 0.08 seconds. CPU system time: 0.01 seconds. Elapsed time: 0.1 seconds; current allocated memory: 509.980 MB.
INFO: [HLS 200-2225] Wrote inferred directives to file /home/shen/AI370-2/output/M13/ross-hls-skill-smoke/hls/syn/inferred_directives.ini
INFO: [HLS 200-111] Finished Updating report files: CPU user time: 0.11 seconds. CPU system time: 0.02 seconds. Elapsed time: 0.13 seconds; current allocated memory: 510.961 MB.
INFO: [VHDL 208-304] Generating VHDL RTL for invert32.
INFO: [VLOG 209-307] Generating Verilog RTL for invert32.
INFO: [HLS 200-789] **** Estimated Fmax: 1184.83 MHz
INFO: [IMPL 213-8] Exporting RTL as a Vivado IP.
INFO: [Common 17-3922] A valid Vivado Design Suite ENTERPRISE license has been detected. Your current license is active and will expire on Permanent.

****** Vivado v2026.1 (64-bit)
  **** SW Build 6511674 on Tue Jun 16 11:01:26 MDT 2026
  **** IP Build 6504888 on Tue Jun 09 09:05:25 MDT 2026
  **** SharedData Build 6501428 on Mon Jun 08 17:34:18 MDT 2026
  **** Start of session at: Fri Oct  2 15:00:18 2026
    ** Copyright 1986-2022 Xilinx, Inc. All Rights Reserved.
    ** Copyright 2022-2026 Advanced Micro Devices, Inc. All Rights Reserved.

source run_ippack.tcl -notrace
INFO: calling package_hls_ip ip_types=vitis sysgen json_file=/home/shen/AI370-2/output/M13/ross-hls-skill-smoke/hls/hls_data.json outdir=/home/shen/AI370-2/output/M13/ross-hls-skill-smoke/hls/impl/ip srcdir=/home/shen/AI370-2/output/M13/ross-hls-skill-smoke/hls ippack_options_dict= ippack_options_dict=
INFO: Copied 1 ipmisc file(s) to /home/shen/AI370-2/output/M13/ross-hls-skill-smoke/hls/impl/ip/misc
INFO: Copied 1 verilog file(s) to /home/shen/AI370-2/output/M13/ross-hls-skill-smoke/hls/impl/ip/hdl/verilog
INFO: Copied 1 vhdl file(s) to /home/shen/AI370-2/output/M13/ross-hls-skill-smoke/hls/impl/ip/hdl/vhdl
CRITICAL WARNING: [Board 49-56] Problem parsing board file - /home/shen/tools/Xilinx/2026.1/2026.1/data/boards/board_files/Avnet/zub1cg/1.0/board.xml.
Resolution: Please contact your board vendor with this message.
CRITICAL WARNING: [Board 49-56] Problem parsing board file - /home/shen/tools/Xilinx/2026.1/2026.1/data/boards/board_files/alinx/axku042/1.0/board.xml.
Resolution: Please contact your board vendor with this message.
CRITICAL WARNING: [Board 49-56] Problem parsing board file - /home/shen/tools/Xilinx/2026.1/2026.1/data/boards/board_files/AlphaData/admpa101_2ms/1.1/board.xml.
Resolution: Please contact your board vendor with this message.
CRITICAL WARNING: [Board 49-56] Problem parsing board file - /home/shen/tools/Xilinx/2026.1/2026.1/data/boards/board_files/AlphaData/admpa100_2ms/1.0/board.xml.
Resolution: Please contact your board vendor with this message.
CRITICAL WARNING: [Board 49-56] Problem parsing board file - /home/shen/tools/Xilinx/2026.1/2026.1/data/boards/board_files/AlphaData/admpa101_2ms/1.2/board.xml.
Resolution: Please contact your board vendor with this message.
CRITICAL WARNING: [Board 49-56] Problem parsing board file - /home/shen/tools/Xilinx/2026.1/2026.1/data/boards/board_files/AlphaData/admpa100_2ms/1.2/board.xml.
Resolution: Please contact your board vendor with this message.
INFO: Import ports from HDL: /home/shen/AI370-2/output/M13/ross-hls-skill-smoke/hls/impl/ip/hdl/vhdl/invert32.vhd (invert32)
INFO: Add ap_ctrl interface ap_ctrl
INFO: Add data interface ap_return
INFO: [IP_Flow 19-234] Refreshing IP repositories
INFO: [IP_Flow 19-1704] No user IP repositories specified
INFO: [IP_Flow 19-2313] Loaded Vivado IP repository '/home/shen/tools/Xilinx/2026.1/2026.1/data/ip'.
INFO: Add reset interface ap_rst
INFO: Add data interface input_r
INFO: Calling post_process_vitis to specialize IP
INFO: Calling post_process_sysgen to specialize IP
Generating sysgen info xml from json file
INFO: Created IP /home/shen/AI370-2/output/M13/ross-hls-skill-smoke/hls/impl/ip/component.xml
INFO: Created IP archive /home/shen/AI370-2/output/M13/ross-hls-skill-smoke/hls/impl/ip/xilinx_com_hls_invert32_1_0.zip
INFO: [Common 17-206] Exiting Vivado at Fri Oct  2 15:00:22 2026...
INFO: [HLS 200-802] Generated output file ross-hls-skill-smoke/invert32.zip
INFO: [HLS 200-112] Total CPU user time: 19.82 seconds. Total CPU system time: 1.97 seconds. Total elapsed time: 13.46 seconds; peak allocated memory: 517.391 MB.
INFO: [v++ 60-791] Total elapsed time: 0h 0m 16s
