Checking patch projects/FPGA/Local_AI_FPGA_Engineering_Test/src/local_model_axi_lite.v...
error: while searching for:
          REG_CONTROL: begin
            s_axi_rdata <= control_reg;
            s_axi_rresp <= AXI_OKAY;
          end
          REG_RESULT: begin
            s_axi_rdata <= ~input_reg;
            s_axi_rresp <= AXI_OKAY;

error: patch failed: projects/FPGA/Local_AI_FPGA_Engineering_Test/src/local_model_axi_lite.v:1
error: projects/FPGA/Local_AI_FPGA_Engineering_Test/src/local_model_axi_lite.v: patch does not apply
Checking patch projects/FPGA/Local_AI_FPGA_Engineering_Test/src/local_model_axi_lite.v...
error: while searching for:
          REG_CONTROL: begin
            s_axi_rdata <= control_reg;
            s_axi_rresp <= AXI_OKAY;
          end
          REG_RESULT: begin
            s_axi_rdata <= ~input_reg;
            s_axi_rresp <= AXI_OKAY;

error: patch failed: projects/FPGA/Local_AI_FPGA_Engineering_Test/src/local_model_axi_lite.v:1
error: projects/FPGA/Local_AI_FPGA_Engineering_Test/src/local_model_axi_lite.v: patch does not apply
