CPU reference calculated explicitly; candidate run forbids fallback
2026-10-02 14:00:59.608395422 [I:onnxruntime:, inference_session.cc:606 TraceSessionOptions] Session Options {  execution_mode:0 execution_order:DEFAULT enable_profiling:1 optimized_model_filepath:"" enable_mem_pattern:1 enable_mem_reuse:1 enable_cpu_mem_arena:1 profile_file_prefix:/home/shen/AI370-2/output/M11/post-ddr-20261002/cnn/ort-profile session_logid: session_log_severity_level:0 session_log_verbosity_level:0 max_num_graph_transformation_steps:10 graph_optimization_level:4 intra_op_param:OrtThreadPoolParams { thread_pool_size: 0 auto_set_affinity: 0 allow_spinning: 1 dynamic_block_base_: 0 stack_size: 0 affinity_str:  set_denormal_as_zero: 0 } inter_op_param:OrtThreadPoolParams { thread_pool_size: 0 auto_set_affinity: 0 allow_spinning: 1 dynamic_block_base_: 0 stack_size: 0 affinity_str:  set_denormal_as_zero: 0 } use_per_session_threads:1 thread_pool_allow_spinning:1 use_deterministic_compute:0 ep_selection_policy:0 config_options: {   session.disable_cpu_ep_fallback: 1 } }
2026-10-02 14:00:59.608407144 [I:onnxruntime:, inference_session.cc:422 ConstructorCommon] Creating and using per session threadpools since use_per_session_threads_ is true
2026-10-02 14:00:59.608411111 [I:onnxruntime:, inference_session.cc:446 ConstructorCommon] Dynamic block base set to 0
2026-10-02 14:00:59.696237095 [I:onnxruntime:, inference_session.cc:2042 Initialize] Initializing session.
2026-10-02 14:00:59.696256772 [I:onnxruntime:, inference_session.cc:2080 Initialize] Adding default CPU execution provider.
2026-10-02 14:00:59.696357401 [I:onnxruntime:, graph_partitioner.cc:1209 InlineFunctionsAOT] This model does not have any local functions defined. AOT Inlining is not performed
2026-10-02 14:00:59.696606326 [I:onnxruntime:, graph_transformer.cc:15 Apply] GraphTransformer EnsureUniqueDQForNodeUnit modified: 1 with status: OK
2026-10-02 14:00:59.698375497 [I:onnxruntime:, graph_transformer.cc:15 Apply] GraphTransformer Level1_RuleBasedTransformer modified: 1 with status: OK
2026-10-02 14:00:59.699336645 [I:onnxruntime:, graph.cc:4888 CleanUnusedInitializersAndNodeArgs] Removing initializer '/avgpool/GlobalAveragePool_output_0_Scale'. It is no longer used by any node.
2026-10-02 14:00:59.699498037 [I:onnxruntime:, graph_transformer.cc:15 Apply] GraphTransformer DoubleQDQPairsRemover modified: 0 with status: OK
2026-10-02 14:00:59.699853893 [I:onnxruntime:, constant_sharing.cc:248 ApplyImpl] Total shared scalar initializer count: 174
2026-10-02 14:00:59.699861026 [I:onnxruntime:, graph_transformer.cc:15 Apply] GraphTransformer ConstantSharing modified: 1 with status: OK
2026-10-02 14:00:59.700947429 [I:onnxruntime:, graph_transformer.cc:15 Apply] GraphTransformer CommonSubexpressionElimination modified: 0 with status: OK
2026-10-02 14:00:59.701045492 [I:onnxruntime:, graph_transformer.cc:15 Apply] GraphTransformer ConstantFolding modified: 0 with status: OK
2026-10-02 14:00:59.701083012 [I:onnxruntime:, graph_transformer.cc:15 Apply] GraphTransformer MatMulAddFusion modified: 0 with status: OK
2026-10-02 14:00:59.701117657 [I:onnxruntime:, graph_transformer.cc:15 Apply] GraphTransformer ReshapeFusion modified: 0 with status: OK
2026-10-02 14:00:59.701119771 [I:onnxruntime:, graph_transformer.cc:15 Apply] GraphTransformer FreeDimensionOverrideTransformer modified: 0 with status: OK
2026-10-02 14:00:59.701121454 [I:onnxruntime:, graph_transformer.cc:15 Apply] GraphTransformer GeluFusionL1 modified: 0 with status: OK
2026-10-02 14:00:59.701122707 [I:onnxruntime:, graph_transformer.cc:15 Apply] GraphTransformer LayerNormFusionL1 modified: 0 with status: OK
2026-10-02 14:00:59.701206954 [I:onnxruntime:, graph_transformer.cc:15 Apply] GraphTransformer QDQPropagationTransformer modified: 0 with status: OK
2026-10-02 14:00:59.701253141 [I:onnxruntime:, graph_transformer.cc:15 Apply] GraphTransformer WeightBiasQuantization modified: 0 with status: OK
2026-10-02 14:00:59.701294238 [I:onnxruntime:, graph_transformer.cc:15 Apply] GraphTransformer EnsureUniqueDQForNodeUnit modified: 0 with status: OK
2026-10-02 14:00:59.701335334 [I:onnxruntime:, graph_transformer.cc:15 Apply] GraphTransformer RocmBlasAltImpl modified: 0 with status: OK
2026-10-02 14:00:59.701576666 [I:onnxruntime:, graph_transformer.cc:15 Apply] GraphTransformer TransposeOptimizer modified: 0 with status: OK
2026-10-02 14:00:59.701623263 [I:onnxruntime:, graph_transformer.cc:15 Apply] GraphTransformer Level1_RuleBasedTransformer modified: 0 with status: OK
2026-10-02 14:00:59.701702732 [I:onnxruntime:, graph_transformer.cc:15 Apply] GraphTransformer DoubleQDQPairsRemover modified: 0 with status: OK
2026-10-02 14:00:59.701879863 [I:onnxruntime:, graph_transformer.cc:15 Apply] GraphTransformer CommonSubexpressionElimination modified: 0 with status: OK
2026-10-02 14:00:59.701962578 [I:onnxruntime:, graph_transformer.cc:15 Apply] GraphTransformer ConstantFolding modified: 0 with status: OK
2026-10-02 14:00:59.701997954 [I:onnxruntime:, graph_transformer.cc:15 Apply] GraphTransformer MatMulAddFusion modified: 0 with status: OK
2026-10-02 14:00:59.702032619 [I:onnxruntime:, graph_transformer.cc:15 Apply] GraphTransformer ReshapeFusion modified: 0 with status: OK
2026-10-02 14:00:59.702034132 [I:onnxruntime:, graph_transformer.cc:15 Apply] GraphTransformer FreeDimensionOverrideTransformer modified: 0 with status: OK
2026-10-02 14:00:59.702035234 [I:onnxruntime:, graph_transformer.cc:15 Apply] GraphTransformer GeluFusionL1 modified: 0 with status: OK
2026-10-02 14:00:59.702036306 [I:onnxruntime:, graph_transformer.cc:15 Apply] GraphTransformer LayerNormFusionL1 modified: 0 with status: OK
2026-10-02 14:00:59.702115594 [I:onnxruntime:, graph_transformer.cc:15 Apply] GraphTransformer QDQPropagationTransformer modified: 0 with status: OK
2026-10-02 14:00:59.702160528 [I:onnxruntime:, graph_transformer.cc:15 Apply] GraphTransformer WeightBiasQuantization modified: 0 with status: OK
2026-10-02 14:00:59.702201635 [I:onnxruntime:, graph_transformer.cc:15 Apply] GraphTransformer EnsureUniqueDQForNodeUnit modified: 0 with status: OK
2026-10-02 14:00:59.702235058 [I:onnxruntime:, graph_transformer.cc:15 Apply] GraphTransformer RocmBlasAltImpl modified: 0 with status: OK
2026-10-02 14:01:02.909154166 [I:onnxruntime:, graph.cc:4888 CleanUnusedInitializersAndNodeArgs] Removing initializer 'fc.2.bias_quantized'. It is no longer used by any node.
2026-10-02 14:01:02.909170747 [I:onnxruntime:, graph.cc:4888 CleanUnusedInitializersAndNodeArgs] Removing initializer 'fc.2.bias_scale'. It is no longer used by any node.
2026-10-02 14:01:02.909172650 [I:onnxruntime:, graph.cc:4888 CleanUnusedInitializersAndNodeArgs] Removing initializer 'fc.2.weight_zero_point'. It is no longer used by any node.
2026-10-02 14:01:02.909173963 [I:onnxruntime:, graph.cc:4888 CleanUnusedInitializersAndNodeArgs] Removing initializer '/fc/fc.1/Relu_output_0_scale'. It is no longer used by any node.
2026-10-02 14:01:02.909175055 [I:onnxruntime:, graph.cc:4888 CleanUnusedInitializersAndNodeArgs] Removing initializer '/fc/fc.1/Relu_output_0_zero_point'. It is no longer used by any node.
2026-10-02 14:01:02.909176197 [I:onnxruntime:, graph.cc:4888 CleanUnusedInitializersAndNodeArgs] Removing initializer 'fc.0.bias_zero_point'. It is no longer used by any node.
2026-10-02 14:01:02.909177209 [I:onnxruntime:, graph.cc:4888 CleanUnusedInitializersAndNodeArgs] Removing initializer 'fc.0.weight_zero_point'. It is no longer used by any node.
2026-10-02 14:01:02.909178241 [I:onnxruntime:, graph.cc:4888 CleanUnusedInitializersAndNodeArgs] Removing initializer '/layer4/layer4.2/relu_2/Relu_output_0_zero_point'. It is no longer used by any node.
2026-10-02 14:01:02.909179263 [I:onnxruntime:, graph.cc:4888 CleanUnusedInitializersAndNodeArgs] Removing initializer 'onnx::Conv_658_zero_point'. It is no longer used by any node.
2026-10-02 14:01:02.909180405 [I:onnxruntime:, graph.cc:4888 CleanUnusedInitializersAndNodeArgs] Removing initializer 'onnx::Conv_657_quantized'. It is no longer used by any node.
2026-10-02 14:01:02.909181437 [I:onnxruntime:, graph.cc:4888 CleanUnusedInitializersAndNodeArgs] Removing initializer '/layer4/layer4.2/relu_1/Relu_output_0_zero_point'. It is no longer used by any node.
2026-10-02 14:01:02.909196675 [I:onnxruntime:, graph.cc:4888 CleanUnusedInitializersAndNodeArgs] Removing initializer 'onnx::Conv_655_zero_point'. It is no longer used by any node.
2026-10-02 14:01:02.909197807 [I:onnxruntime:, graph.cc:4888 CleanUnusedInitializersAndNodeArgs] Removing initializer 'onnx::Conv_655_scale'. It is no longer used by any node.
2026-10-02 14:01:02.909198819 [I:onnxruntime:, graph.cc:4888 CleanUnusedInitializersAndNodeArgs] Removing initializer 'onnx::Conv_654_zero_point'. It is no longer used by any node.
2026-10-02 14:01:02.909199871 [I:onnxruntime:, graph.cc:4888 CleanUnusedInitializersAndNodeArgs] Removing initializer 'onnx::Conv_654_scale'. It is no longer used by any node.
2026-10-02 14:01:02.909201023 [I:onnxruntime:, graph.cc:4888 CleanUnusedInitializersAndNodeArgs] Removing initializer '/layer4/layer4.2/relu/Relu_output_0_zero_point'. It is no longer used by any node.
2026-10-02 14:01:02.909202085 [I:onnxruntime:, graph.cc:4888 CleanUnusedInitializersAndNodeArgs] Removing initializer 'onnx::Conv_652_zero_point'. It is no longer used by any node.
2026-10-02 14:01:02.909203157 [I:onnxruntime:, graph.cc:4888 CleanUnusedInitializersAndNodeArgs] Removing initializer 'onnx::Conv_651_zero_point'. It is no longer used by any node.
2026-10-02 14:01:02.909204229 [I:onnxruntime:, graph.cc:4888 CleanUnusedInitializersAndNodeArgs] Removing initializer '/layer4/layer4.1/relu_2/Relu_output_0_zero_point'. It is no longer used by any node.
2026-10-02 14:01:02.909205261 [I:onnxruntime:, graph.cc:4888 CleanUnusedInitializersAndNodeArgs] Removing initializer 'onnx::Conv_649_zero_point'. It is no longer used by any node.
2026-10-02 14:01:02.909206283 [I:onnxruntime:, graph.cc:4888 CleanUnusedInitializersAndNodeArgs] Removing initializer 'onnx::Conv_648_zero_point'. It is no longer used by any node.
2026-10-02 14:01:02.909207345 [I:onnxruntime:, graph.cc:4888 CleanUnusedInitializersAndNodeArgs] Removing initializer '/layer4/layer4.1/conv3/Conv_output_0_zero_point'. It is no longer used by any node.
2026-10-02 14:01:02.909208427 [I:onnxruntime:, graph.cc:4888 CleanUnusedInitializersAndNodeArgs] Removing initializer '/layer4/layer4.1/relu_1/Relu_output_0_zero_point'. It is no longer used by any node.
2026-10-02 14:01:02.909209479 [I:onnxruntime:, graph.cc:4888 CleanUnusedInitializersAndNodeArgs] Removing initializer 'onnx::Conv_645_zero_point'. It is no longer used by any node.
2026-10-02 14:01:02.909210491 [I:onnxruntime:, graph.cc:4888 CleanUnusedInitializersAndNodeArgs] Removing initializer 'onnx::Conv_642_quantized'. It is no longer used by any node.
2026-10-02 14:01:02.909211553 [I:onnxruntime:, graph.cc:4888 CleanUnusedInitializersAndNodeArgs] Removing initializer '/layer4/layer4.0/relu_2/Relu_output_0_zero_point'. It is no longer used by any node.
2026-10-02 14:01:02.909212585 [I:onnxruntime:, graph.cc:4888 CleanUnusedInitializersAndNodeArgs] Removing initializer 'onnx::Conv_639_quantized'. It is no longer used by any node.
2026-10-02 14:01:02.909213647 [I:onnxruntime:, graph.cc:4888 CleanUnusedInitializersAndNodeArgs] Removing initializer 'onnx::Conv_637_quantized'. It is no longer used by any node.
2026-10-02 14:01:02.909214739 [I:onnxruntime:, graph.cc:4888 CleanUnusedInitializersAndNodeArgs] Removing initializer 'onnx::Conv_636_quantized'. It is no longer used by any node.
2026-10-02 14:01:02.909215791 [I:onnxruntime:, graph.cc:4888 CleanUnusedInitializersAndNodeArgs] Removing initializer 'onnx::Conv_636_zero_point'. It is no longer used by any node.
2026-10-02 14:01:02.909216843 [I:onnxruntime:, graph.cc:4888 CleanUnusedInitializersAndNodeArgs] Removing initializer '/layer4/layer4.0/conv3/Conv_output_0_zero_point'. It is no longer used by any node.
2026-10-02 14:01:02.909217855 [I:onnxruntime:, graph.cc:4888 CleanUnusedInitializersAndNodeArgs] Removing initializer 'onnx::Conv_634_quantized'. It is no longer used by any node.
2026-10-02 14:01:02.909218877 [I:onnxruntime:, graph.cc:4888 CleanUnusedInitializersAndNodeArgs] Removing initializer 'onnx::Conv_657_zero_point'. It is no longer used by any node.
2026-10-02 14:01:02.909220981 [I:onnxruntime:, graph.cc:4888 CleanUnusedInitializersAndNodeArgs] Removing initializer 'onnx::Conv_634_zero_point'. It is no longer used by any node.
2026-10-02 14:01:02.909222073 [I:onnxruntime:, graph.cc:4888 CleanUnusedInitializersAndNodeArgs] Removing initializer '/layer4/layer4.0/relu/Relu_output_0_zero_point'. It is no longer used by any node.
2026-10-02 14:01:02.909223075 [I:onnxruntime:, graph.cc:4888 CleanUnusedInitializersAndNodeArgs] Removing initializer 'onnx::Conv_631_zero_point'. It is no longer used by any node.
2026-10-02 14:01:02.909224177 [I:onnxruntime:, graph.cc:4888 CleanUnusedInitializersAndNodeArgs] Removing initializer '/layer3/layer3.5/relu_2/Relu_output_0_zero_point'. It is no longer used by any node.
2026-10-02 14:01:02.909225489 [I:onnxruntime:, graph.cc:4888 CleanUnusedInitializersAndNodeArgs] Removing initializer 'onnx::Conv_628_quantized'. It is no longer used by any node.
2026-10-02 14:01:02.909226491 [I:onnxruntime:, graph.cc:4888 CleanUnusedInitializersAndNodeArgs] Removing initializer 'onnx::Conv_628_zero_point'. It is no longer used by any node.
2026-10-02 14:01:02.909227503 [I:onnxruntime:, graph.cc:4888 CleanUnusedInitializersAndNodeArgs] Removing initializer 'onnx::Conv_627_quantized'. It is no longer used by any node.
2026-10-02 14:01:02.909228525 [I:onnxruntime:, graph.cc:4888 CleanUnusedInitializersAndNodeArgs] Removing initializer 'onnx::Conv_627_zero_point'. It is no longer used by any node.
2026-10-02 14:01:02.909229537 [I:onnxruntime:, graph.cc:4888 CleanUnusedInitializersAndNodeArgs] Removing initializer '/layer3/layer3.5/relu_1/Relu_output_0_zero_point'. It is no longer used by any node.
2026-10-02 14:01:02.909230619 [I:onnxruntime:, graph.cc:4888 CleanUnusedInitializersAndNodeArgs] Removing initializer 'onnx::Conv_624_quantized'. It is no longer used by any node.
2026-10-02 14:01:02.909231601 [I:onnxruntime:, graph.cc:4888 CleanUnusedInitializersAndNodeArgs] Removing initializer 'onnx::Conv_633_zero_point'. It is no longer used by any node.
2026-10-02 14:01:02.909232683 [I:onnxruntime:, graph.cc:4888 CleanUnusedInitializersAndNodeArgs] Removing initializer 'onnx::Conv_624_zero_point'. It is no longer used by any node.
2026-10-02 14:01:02.909233715 [I:onnxruntime:, graph.cc:4888 CleanUnusedInitializersAndNodeArgs] Removing initializer '/layer4/layer4.1/relu/Relu_output_0_zero_point'. It is no longer used by any node.
2026-10-02 14:01:02.909234736 [I:onnxruntime:, graph.cc:4888 CleanUnusedInitializersAndNodeArgs] Removing initializer '/layer3/layer3.5/relu/Relu_output_0_zero_point'. It is no longer used by any node.
2026-10-02 14:01:02.909235758 [I:onnxruntime:, graph.cc:4888 CleanUnusedInitializersAndNodeArgs] Removing initializer 'onnx::Conv_622_quantized'. It is no longer used by any node.
2026-10-02 14:01:02.909236820 [I:onnxruntime:, graph.cc:4888 CleanUnusedInitializersAndNodeArgs] Removing initializer 'onnx::Conv_622_zero_point'. It is no longer used by any node.
2026-10-02 14:01:02.909237862 [I:onnxruntime:, graph.cc:4888 CleanUnusedInitializersAndNodeArgs] Removing initializer 'onnx::Conv_619_quantized'. It is no longer used by any node.
2026-10-02 14:01:02.909238874 [I:onnxruntime:, graph.cc:4888 CleanUnusedInitializersAndNodeArgs] Removing initializer 'onnx::Conv_649_quantized'. It is no longer used by any node.
2026-10-02 14:01:02.909239886 [I:onnxruntime:, graph.cc:4888 CleanUnusedInitializersAndNodeArgs] Removing initializer 'onnx::Conv_618_zero_point'. It is no longer used by any node.
2026-10-02 14:01:02.909240978 [I:onnxruntime:, graph.cc:4888 CleanUnusedInitializersAndNodeArgs] Removing initializer 'onnx::Conv_643_quantized'. It is no longer used by any node.
2026-10-02 14:01:02.909241980 [I:onnxruntime:, graph.cc:4888 CleanUnusedInitializersAndNodeArgs] Removing initializer '/layer3/layer3.4/relu_1/Relu_output_0_zero_point'. It is no longer used by any node.
2026-10-02 14:01:02.909243002 [I:onnxruntime:, graph.cc:4888 CleanUnusedInitializersAndNodeArgs] Removing initializer 'onnx::Conv_616_scale'. It is no longer used by any node.
2026-10-02 14:01:02.909244685 [I:onnxruntime:, graph.cc:4888 CleanUnusedInitializersAndNodeArgs] Removing initializer 'onnx::Conv_615_quantized'. It is no longer used by any node.
2026-10-02 14:01:02.909245737 [I:onnxruntime:, graph.cc:4888 CleanUnusedInitializersAndNodeArgs] Removing initializer 'onnx::Conv_615_zero_point'. It is no longer used by any node.
2026-10-02 14:01:02.909246779 [I:onnxruntime:, graph.cc:4888 CleanUnusedInitializersAndNodeArgs] Removing initializer 'onnx::Conv_646_zero_point'. It is no longer used by any node.
2026-10-02 14:01:02.909247861 [I:onnxruntime:, graph.cc:4888 CleanUnusedInitializersAndNodeArgs] Removing initializer 'onnx::Conv_612_quantized'. It is no longer used by any node.
2026-10-02 14:01:02.909248943 [I:onnxruntime:, graph.cc:4888 CleanUnusedInitializersAndNodeArgs] Removing initializer 'onnx::Conv_610_quantized'. It is no longer used by any node.
2026-10-02 14:01:02.909249935 [I:onnxruntime:, graph.cc:4888 CleanUnusedInitializersAndNodeArgs] Removing initializer 'onnx::Conv_621_quantized'. It is no longer used by any node.
2026-10-02 14:01:02.909250937 [I:onnxruntime:, graph.cc:4888 CleanUnusedInitializersAndNodeArgs] Removing initializer 'onnx::Conv_609_quantized'. It is no longer used by any node.
2026-10-02 14:01:02.909251989 [I:onnxruntime:, graph.cc:4888 CleanUnusedInitializersAndNodeArgs] Removing initializer 'onnx::Conv_609_zero_point'. It is no longer used by any node.
2026-10-02 14:01:02.909253031 [I:onnxruntime:, graph.cc:4888 CleanUnusedInitializersAndNodeArgs] Removing initializer '/layer3/layer3.3/conv3/Conv_output_0_zero_point'. It is no longer used by any node.
2026-10-02 14:01:02.909254043 [I:onnxruntime:, graph.cc:4888 CleanUnusedInitializersAndNodeArgs] Removing initializer 'onnx::Conv_607_zero_point'. It is no longer used by any node.
2026-10-02 14:01:02.909255425 [I:onnxruntime:, graph.cc:4888 CleanUnusedInitializersAndNodeArgs] Removing initializer 'onnx::Conv_631_quantized'. It is no longer used by any node.
2026-10-02 14:01:02.909256487 [I:onnxruntime:, graph.cc:4888 CleanUnusedInitializersAndNodeArgs] Removing initializer '/avgpool/GlobalAveragePool_output_0_zero_point'. It is no longer used by any node.
2026-10-02 14:01:02.909257499 [I:onnxruntime:, graph.cc:4888 CleanUnusedInitializersAndNodeArgs] Removing initializer 'onnx::Conv_625_quantized'. It is no longer used by any node.
2026-10-02 14:01:02.909258521 [I:onnxruntime:, graph.cc:4888 CleanUnusedInitializersAndNodeArgs] Removing initializer 'onnx::Conv_606_zero_point'. It is no longer used by any node.
2026-10-02 14:01:02.909259543 [I:onnxruntime:, graph.cc:4888 CleanUnusedInitializersAndNodeArgs] Removing initializer '/layer3/layer3.4/relu_2/Relu_output_0_zero_point'. It is no longer used by any node.
2026-10-02 14:01:02.909260515 [I:onnxruntime:, graph.cc:4888 CleanUnusedInitializersAndNodeArgs] Removing initializer 'onnx::Conv_604_quantized'. It is no longer used by any node.
2026-10-02 14:01:02.909261577 [I:onnxruntime:, graph.cc:4888 CleanUnusedInitializersAndNodeArgs] Removing initializer 'onnx::Conv_645_quantized'. It is no longer used by any node.
2026-10-02 14:01:02.909262568 [I:onnxruntime:, graph.cc:4888 CleanUnusedInitializersAndNodeArgs] Removing initializer '/layer3/layer3.2/relu_2/Relu_output_0_zero_point'. It is no longer used by any node.
2026-10-02 14:01:02.909263590 [I:onnxruntime:, graph.cc:4888 CleanUnusedInitializersAndNodeArgs] Removing initializer 'onnx::Conv_601_quantized'. It is no longer used by any node.
2026-10-02 14:01:02.909264602 [I:onnxruntime:, graph.cc:4888 CleanUnusedInitializersAndNodeArgs] Removing initializer 'onnx::Conv_601_zero_point'. It is no longer used by any node.
2026-10-02 14:01:02.909265624 [I:onnxruntime:, graph.cc:4888 CleanUnusedInitializersAndNodeArgs] Removing initializer 'onnx::Conv_600_quantized'. It is no longer used by any node.
2026-10-02 14:01:02.909266716 [I:onnxruntime:, graph.cc:4888 CleanUnusedInitializersAndNodeArgs] Removing initializer '/layer3/layer3.2/relu_1/Relu_output_0_zero_point'. It is no longer used by any node.
2026-10-02 14:01:02.909268309 [I:onnxruntime:, graph.cc:4888 CleanUnusedInitializersAndNodeArgs] Removing initializer 'fc.0.bias_quantized'. It is no longer used by any node.
2026-10-02 14:01:02.909269451 [I:onnxruntime:, graph.cc:4888 CleanUnusedInitializersAndNodeArgs] Removing initializer 'onnx::Conv_618_quantized'. It is no longer used by any node.
2026-10-02 14:01:02.909270483 [I:onnxruntime:, graph.cc:4888 CleanUnusedInitializersAndNodeArgs] Removing initializer 'onnx::Conv_598_zero_point'. It is no longer used by any node.
2026-10-02 14:01:02.909271495 [I:onnxruntime:, graph.cc:4888 CleanUnusedInitializersAndNodeArgs] Removing initializer 'onnx::Conv_597_quantized'. It is no longer used by any node.
2026-10-02 14:01:02.909272537 [I:onnxruntime:, graph.cc:4888 CleanUnusedInitializersAndNodeArgs] Removing initializer 'onnx::Conv_597_zero_point'. It is no longer used by any node.
2026-10-02 14:01:02.909273539 [I:onnxruntime:, graph.cc:4888 CleanUnusedInitializersAndNodeArgs] Removing initializer 'onnx::Conv_595_quantized'. It is no longer used by any node.
2026-10-02 14:01:02.909274571 [I:onnxruntime:, graph.cc:4888 CleanUnusedInitializersAndNodeArgs] Removing initializer 'onnx::Conv_595_zero_point'. It is no longer used by any node.
2026-10-02 14:01:02.909275623 [I:onnxruntime:, graph.cc:4888 CleanUnusedInitializersAndNodeArgs] Removing initializer 'onnx::Conv_594_quantized'. It is no longer used by any node.
2026-10-02 14:01:02.909276665 [I:onnxruntime:, graph.cc:4888 CleanUnusedInitializersAndNodeArgs] Removing initializer 'onnx::Conv_594_zero_point'. It is no longer used by any node.
2026-10-02 14:01:02.909277737 [I:onnxruntime:, graph.cc:4888 CleanUnusedInitializersAndNodeArgs] Removing initializer '/layer3/layer3.1/relu_2/Relu_output_0_zero_point'. It is no longer used by any node.
2026-10-02 14:01:02.909278809 [I:onnxruntime:, graph.cc:4888 CleanUnusedInitializersAndNodeArgs] Removing initializer 'onnx::Conv_592_quantized'. It is no longer used by any node.
2026-10-02 14:01:02.909279821 [I:onnxruntime:, graph.cc:4888 CleanUnusedInitializersAndNodeArgs] Removing initializer 'onnx::Conv_591_quantized'. It is no longer used by any node.
2026-10-02 14:01:02.909280833 [I:onnxruntime:, graph.cc:4888 CleanUnusedInitializersAndNodeArgs] Removing initializer 'onnx::Conv_568_zero_point'. It is no longer used by any node.
2026-10-02 14:01:02.909281865 [I:onnxruntime:, graph.cc:4888 CleanUnusedInitializersAndNodeArgs] Removing initializer 'onnx::Conv_576_quantized'. It is no longer used by any node.
2026-10-02 14:01:02.909282846 [I:onnxruntime:, graph.cc:4888 CleanUnusedInitializersAndNodeArgs] Removing initializer 'onnx::Conv_540_zero_point'. It is no longer used by any node.
2026-10-02 14:01:02.909283888 [I:onnxruntime:, graph.cc:4888 CleanUnusedInitializersAndNodeArgs] Removing initializer 'onnx::Conv_502_quantized'. It is no longer used by any node.
2026-10-02 14:01:02.909284960 [I:onnxruntime:, graph.cc:4888 CleanUnusedInitializersAndNodeArgs] Removing initializer '/layer2/layer2.0/conv3/Conv_output_0_zero_point'. It is no longer used by any node.
2026-10-02 14:01:02.909285992 [I:onnxruntime:, graph.cc:4888 CleanUnusedInitializersAndNodeArgs] Removing initializer 'fc.2.weight_quantized'. It is no longer used by any node.
2026-10-02 14:01:02.909287054 [I:onnxruntime:, graph.cc:4888 CleanUnusedInitializersAndNodeArgs] Removing initializer 'onnx::Conv_519_zero_point'. It is no longer used by any node.
2026-10-02 14:01:02.909288076 [I:onnxruntime:, graph.cc:4888 CleanUnusedInitializersAndNodeArgs] Removing initializer 'onnx::Conv_612_zero_point'. It is no longer used by any node.
2026-10-02 14:01:02.909289168 [I:onnxruntime:, graph.cc:4888 CleanUnusedInitializersAndNodeArgs] Removing initializer 'onnx::Conv_538_zero_point'. It is no longer used by any node.
2026-10-02 14:01:02.909290210 [I:onnxruntime:, graph.cc:4888 CleanUnusedInitializersAndNodeArgs] Removing initializer 'onnx::Conv_591_zero_point'. It is no longer used by any node.
2026-10-02 14:01:02.909291943 [I:onnxruntime:, graph.cc:4888 CleanUnusedInitializersAndNodeArgs] Removing initializer 'onnx::Conv_537_zero_point'. It is no longer used by any node.
2026-10-02 14:01:02.909293056 [I:onnxruntime:, graph.cc:4888 CleanUnusedInitializersAndNodeArgs] Removing initializer 'onnx::Conv_567_quantized'. It is no longer used by any node.
2026-10-02 14:01:02.909294047 [I:onnxruntime:, graph.cc:4888 CleanUnusedInitializersAndNodeArgs] Removing initializer 'onnx::Conv_619_zero_point'. It is no longer used by any node.
2026-10-02 14:01:02.909295069 [I:onnxruntime:, graph.cc:4888 CleanUnusedInitializersAndNodeArgs] Removing initializer 'onnx::Conv_561_zero_point'. It is no longer used by any node.
2026-10-02 14:01:02.909296091 [I:onnxruntime:, graph.cc:4888 CleanUnusedInitializersAndNodeArgs] Removing initializer 'onnx::Conv_531_zero_point'. It is no longer used by any node.
2026-10-02 14:01:02.909297093 [I:onnxruntime:, graph.cc:4888 CleanUnusedInitializersAndNodeArgs] Removing initializer 'onnx::Conv_543_zero_point'. It is no longer used by any node.
2026-10-02 14:01:02.909298175 [I:onnxruntime:, graph.cc:4888 CleanUnusedInitializersAndNodeArgs] Removing initializer 'onnx::Conv_540_quantized'. It is no longer used by any node.
2026-10-02 14:01:02.909299237 [I:onnxruntime:, graph.cc:4888 CleanUnusedInitializersAndNodeArgs] Removing initializer 'onnx::Conv_532_zero_point'. It is no longer used by any node.
2026-10-02 14:01:02.909300229 [I:onnxruntime:, graph.cc:4888 CleanUnusedInitializersAndNodeArgs] Removing initializer 'onnx::Conv_639_zero_point'. It is no longer used by any node.
2026-10-02 14:01:02.909301241 [I:onnxruntime:, graph.cc:4888 CleanUnusedInitializersAndNodeArgs] Removing initializer 'onnx::Conv_610_zero_point'. It is no longer used by any node.
2026-10-02 14:01:02.909302273 [I:onnxruntime:, graph.cc:4888 CleanUnusedInitializersAndNodeArgs] Removing initializer '/layer1/layer1.2/conv3/Conv_output_0_zero_point'. It is no longer used by any node.
2026-10-02 14:01:02.909303295 [I:onnxruntime:, graph.cc:4888 CleanUnusedInitializersAndNodeArgs] Removing initializer 'onnx::Conv_582_quantized'. It is no longer used by any node.
2026-10-02 14:01:02.909304287 [I:onnxruntime:, graph.cc:4888 CleanUnusedInitializersAndNodeArgs] Removing initializer 'onnx::Conv_570_quantized'. It is no longer used by any node.
2026-10-02 14:01:02.909305308 [I:onnxruntime:, graph.cc:4888 CleanUnusedInitializersAndNodeArgs] Removing initializer 'onnx::Conv_651_quantized'. It is no longer used by any node.
2026-10-02 14:01:02.909306350 [I:onnxruntime:, graph.cc:4888 CleanUnusedInitializersAndNodeArgs] Removing initializer 'onnx::Conv_532_quantized'. It is no longer used by any node.
2026-10-02 14:01:02.909307412 [I:onnxruntime:, graph.cc:4888 CleanUnusedInitializersAndNodeArgs] Removing initializer 'onnx::Conv_517_zero_point'. It is no longer used by any node.
2026-10-02 14:01:02.909308454 [I:onnxruntime:, graph.cc:4888 CleanUnusedInitializersAndNodeArgs] Removing initializer 'onnx::Conv_643_zero_point'. It is no longer used by any node.
2026-10-02 14:01:02.909309456 [I:onnxruntime:, graph.cc:4888 CleanUnusedInitializersAndNodeArgs] Removing initializer 'onnx::Conv_613_zero_point'. It is no longer used by any node.
2026-10-02 14:01:02.909310488 [I:onnxruntime:, graph.cc:4888 CleanUnusedInitializersAndNodeArgs] Removing initializer '/layer1/layer1.2/relu_1/Relu_output_0_zero_point'. It is no longer used by any node.
2026-10-02 14:01:02.909311500 [I:onnxruntime:, graph.cc:4888 CleanUnusedInitializersAndNodeArgs] Removing initializer 'onnx::Conv_528_quantized'. It is no longer used by any node.
2026-10-02 14:01:02.909312692 [I:onnxruntime:, graph.cc:4888 CleanUnusedInitializersAndNodeArgs] Removing initializer 'onnx::Conv_570_scale'. It is no longer used by any node.
2026-10-02 14:01:02.909313684 [I:onnxruntime:, graph.cc:4888 CleanUnusedInitializersAndNodeArgs] Removing initializer 'onnx::Conv_588_quantized'. It is no longer used by any node.
2026-10-02 14:01:02.909314716 [I:onnxruntime:, graph.cc:4888 CleanUnusedInitializersAndNodeArgs] Removing initializer '/layer3/layer3.3/relu/Relu_output_0_zero_point'. It is no longer used by any node.
2026-10-02 14:01:02.909316429 [I:onnxruntime:, graph.cc:4888 CleanUnusedInitializersAndNodeArgs] Removing initializer '/layer2/layer2.0/downsample/downsample.0/Conv_output_0_zero_point'. It is no longer used by any node.
2026-10-02 14:01:02.909317491 [I:onnxruntime:, graph.cc:4888 CleanUnusedInitializersAndNodeArgs] Removing initializer 'fc.0.weight_quantized'. It is no longer used by any node.
2026-10-02 14:01:02.909318523 [I:onnxruntime:, graph.cc:4888 CleanUnusedInitializersAndNodeArgs] Removing initializer 'onnx::Conv_534_zero_point'. It is no longer used by any node.
2026-10-02 14:01:02.909319555 [I:onnxruntime:, graph.cc:4888 CleanUnusedInitializersAndNodeArgs] Removing initializer '/layer1/layer1.0/relu_2/Relu_output_0_zero_point'. It is no longer used by any node.
2026-10-02 14:01:02.909320567 [I:onnxruntime:, graph.cc:4888 CleanUnusedInitializersAndNodeArgs] Removing initializer 'onnx::Conv_574_quantized'. It is no longer used by any node.
2026-10-02 14:01:02.909321569 [I:onnxruntime:, graph.cc:4888 CleanUnusedInitializersAndNodeArgs] Removing initializer 'onnx::Conv_603_zero_point'. It is no longer used by any node.
2026-10-02 14:01:02.909322621 [I:onnxruntime:, graph.cc:4888 CleanUnusedInitializersAndNodeArgs] Removing initializer 'onnx::Conv_541_zero_point'. It is no longer used by any node.
2026-10-02 14:01:02.909324134 [I:onnxruntime:, graph.cc:4888 CleanUnusedInitializersAndNodeArgs] Removing initializer 'onnx::Conv_616_zero_point'. It is no longer used by any node.
2026-10-02 14:01:02.909325166 [I:onnxruntime:, graph.cc:4888 CleanUnusedInitializersAndNodeArgs] Removing initializer 'onnx::Conv_505_quantized'. It is no longer used by any node.
2026-10-02 14:01:02.909326198 [I:onnxruntime:, graph.cc:4888 CleanUnusedInitializersAndNodeArgs] Removing initializer 'onnx::Conv_525_zero_point'. It is no longer used by any node.
2026-10-02 14:01:02.909327239 [I:onnxruntime:, graph.cc:4888 CleanUnusedInitializersAndNodeArgs] Removing initializer 'onnx::Conv_501_quantized'. It is no longer used by any node.
2026-10-02 14:01:02.909328241 [I:onnxruntime:, graph.cc:4888 CleanUnusedInitializersAndNodeArgs] Removing initializer 'onnx::Conv_520_zero_point'. It is no longer used by any node.
2026-10-02 14:01:02.909329283 [I:onnxruntime:, graph.cc:4888 CleanUnusedInitializersAndNodeArgs] Removing initializer 'onnx::Conv_625_zero_point'. It is no longer used by any node.
2026-10-02 14:01:02.909330295 [I:onnxruntime:, graph.cc:4888 CleanUnusedInitializersAndNodeArgs] Removing initializer 'onnx::Conv_526_zero_point'. It is no longer used by any node.
2026-10-02 14:01:02.909331347 [I:onnxruntime:, graph.cc:4888 CleanUnusedInitializersAndNodeArgs] Removing initializer '/layer1/layer1.1/relu_2/Relu_output_0_zero_point'. It is no longer used by any node.
2026-10-02 14:01:02.909332379 [I:onnxruntime:, graph.cc:4888 CleanUnusedInitializersAndNodeArgs] Removing initializer 'onnx::Conv_613_quantized'. It is no longer used by any node.
2026-10-02 14:01:02.909333391 [I:onnxruntime:, graph.cc:4888 CleanUnusedInitializersAndNodeArgs] Removing initializer 'onnx::Conv_549_zero_point'. It is no longer used by any node.
2026-10-02 14:01:02.909334423 [I:onnxruntime:, graph.cc:4888 CleanUnusedInitializersAndNodeArgs] Removing initializer '/layer3/layer3.0/relu_2/Relu_output_0_zero_point'. It is no longer used by any node.
2026-10-02 14:01:02.909335445 [I:onnxruntime:, graph.cc:4888 CleanUnusedInitializersAndNodeArgs] Removing initializer 'onnx::Conv_523_quantized'. It is no longer used by any node.
2026-10-02 14:01:02.909336437 [I:onnxruntime:, graph.cc:4888 CleanUnusedInitializersAndNodeArgs] Removing initializer 'onnx::Conv_507_quantized'. It is no longer used by any node.
2026-10-02 14:01:02.909337489 [I:onnxruntime:, graph.cc:4888 CleanUnusedInitializersAndNodeArgs] Removing initializer '/layer4/layer4.0/downsample/downsample.0/Conv_output_0_zero_point'. It is no longer used by any node.
2026-10-02 14:01:02.909338621 [I:onnxruntime:, graph.cc:4888 CleanUnusedInitializersAndNodeArgs] Removing initializer 'onnx::Conv_547_zero_point'. It is no longer used by any node.
2026-10-02 14:01:02.909340655 [I:onnxruntime:, graph.cc:4888 CleanUnusedInitializersAndNodeArgs] Removing initializer '/relu/Relu_output_0_zero_point'. It is no longer used by any node.
2026-10-02 14:01:02.909341767 [I:onnxruntime:, graph.cc:4888 CleanUnusedInitializersAndNodeArgs] Removing initializer '/layer3/layer3.4/conv3/Conv_output_0_zero_point'. It is no longer used by any node.
2026-10-02 14:01:02.909342799 [I:onnxruntime:, graph.cc:4888 CleanUnusedInitializersAndNodeArgs] Removing initializer 'onnx::Conv_523_zero_point'. It is no longer used by any node.
2026-10-02 14:01:02.909343911 [I:onnxruntime:, graph.cc:4888 CleanUnusedInitializersAndNodeArgs] Removing initializer 'onnx::Conv_652_quantized'. It is no longer used by any node.
2026-10-02 14:01:02.909344913 [I:onnxruntime:, graph.cc:4888 CleanUnusedInitializersAndNodeArgs] Removing initializer 'onnx::Conv_550_quantized'. It is no longer used by any node.
2026-10-02 14:01:02.909345924 [I:onnxruntime:, graph.cc:4888 CleanUnusedInitializersAndNodeArgs] Removing initializer '/layer2/layer2.2/relu_1/Relu_output_0_zero_point'. It is no longer used by any node.
2026-10-02 14:01:02.909346956 [I:onnxruntime:, graph.cc:4888 CleanUnusedInitializersAndNodeArgs] Removing initializer 'onnx::Conv_522_quantized'. It is no longer used by any node.
2026-10-02 14:01:02.909347968 [I:onnxruntime:, graph.cc:4888 CleanUnusedInitializersAndNodeArgs] Removing initializer 'onnx::Conv_522_zero_point'. It is no longer used by any node.
2026-10-02 14:01:02.909348980 [I:onnxruntime:, graph.cc:4888 CleanUnusedInitializersAndNodeArgs] Removing initializer 'onnx::Conv_561_quantized'. It is no longer used by any node.
2026-10-02 14:01:02.909349992 [I:onnxruntime:, graph.cc:4888 CleanUnusedInitializersAndNodeArgs] Removing initializer 'onnx::Conv_577_zero_point'. It is no longer used by any node.
2026-10-02 14:01:02.909351024 [I:onnxruntime:, graph.cc:4888 CleanUnusedInitializersAndNodeArgs] Removing initializer 'onnx::Conv_642_scale'. It is no longer used by any node.
2026-10-02 14:01:02.909352036 [I:onnxruntime:, graph.cc:4888 CleanUnusedInitializersAndNodeArgs] Removing initializer 'onnx::Conv_637_zero_point'. It is no longer used by any node.
2026-10-02 14:01:02.909353078 [I:onnxruntime:, graph.cc:4888 CleanUnusedInitializersAndNodeArgs] Removing initializer '/layer1/layer1.1/conv3/Conv_output_0_zero_point'. It is no longer used by any node.
2026-10-02 14:01:02.909354110 [I:onnxruntime:, graph.cc:4888 CleanUnusedInitializersAndNodeArgs] Removing initializer 'onnx::Conv_531_quantized'. It is no longer used by any node.
2026-10-02 14:01:02.909355132 [I:onnxruntime:, graph.cc:4888 CleanUnusedInitializersAndNodeArgs] Removing initializer '/layer2/layer2.1/conv3/Conv_output_0_zero_point'. It is no longer used by any node.
2026-10-02 14:01:02.909356184 [I:onnxruntime:, graph.cc:4888 CleanUnusedInitializersAndNodeArgs] Removing initializer '/layer4/layer4.2/conv3/Conv_output_0_zero_point'. It is no longer used by any node.
2026-10-02 14:01:02.909357196 [I:onnxruntime:, graph.cc:4888 CleanUnusedInitializersAndNodeArgs] Removing initializer 'onnx::Conv_577_quantized'. It is no longer used by any node.
2026-10-02 14:01:02.909358207 [I:onnxruntime:, graph.cc:4888 CleanUnusedInitializersAndNodeArgs] Removing initializer 'onnx::Conv_526_quantized'. It is no longer used by any node.
2026-10-02 14:01:02.909359229 [I:onnxruntime:, graph.cc:4888 CleanUnusedInitializersAndNodeArgs] Removing initializer '/layer1/layer1.0/relu_1/Relu_output_0_zero_point'. It is no longer used by any node.
2026-10-02 14:01:02.909360251 [I:onnxruntime:, graph.cc:4888 CleanUnusedInitializersAndNodeArgs] Removing initializer '/layer1/layer1.0/relu/Relu_output_0_zero_point'. It is no longer used by any node.
2026-10-02 14:01:02.909361263 [I:onnxruntime:, graph.cc:4888 CleanUnusedInitializersAndNodeArgs] Removing initializer 'onnx::Conv_538_quantized'. It is no longer used by any node.
2026-10-02 14:01:02.909362906 [I:onnxruntime:, graph.cc:4888 CleanUnusedInitializersAndNodeArgs] Removing initializer '/layer3/layer3.0/conv3/Conv_output_0_zero_point'. It is no longer used by any node.
2026-10-02 14:01:02.909363978 [I:onnxruntime:, graph.cc:4888 CleanUnusedInitializersAndNodeArgs] Removing initializer 'onnx::Conv_537_quantized'. It is no longer used by any node.
2026-10-02 14:01:02.909365130 [I:onnxruntime:, graph.cc:4888 CleanUnusedInitializersAndNodeArgs] Removing initializer 'onnx::Conv_570_zero_point'. It is no longer used by any node.
2026-10-02 14:01:02.909366192 [I:onnxruntime:, graph.cc:4888 CleanUnusedInitializersAndNodeArgs] Removing initializer 'onnx::Conv_534_quantized'. It is no longer used by any node.
2026-10-02 14:01:02.909367234 [I:onnxruntime:, graph.cc:4888 CleanUnusedInitializersAndNodeArgs] Removing initializer '/layer1/layer1.0/conv3/Conv_output_0_zero_point'. It is no longer used by any node.
2026-10-02 14:01:02.909368316 [I:onnxruntime:, graph.cc:4888 CleanUnusedInitializersAndNodeArgs] Removing initializer '/layer1/layer1.1/relu/Relu_output_0_zero_point'. It is no longer used by any node.
2026-10-02 14:01:02.909369408 [I:onnxruntime:, graph.cc:4888 CleanUnusedInitializersAndNodeArgs] Removing initializer 'onnx::Conv_541_quantized'. It is no longer used by any node.
2026-10-02 14:01:02.909370450 [I:onnxruntime:, graph.cc:4888 CleanUnusedInitializersAndNodeArgs] Removing initializer 'onnx::Conv_586_quantized'. It is no longer used by any node.
2026-10-02 14:01:02.909371472 [I:onnxruntime:, graph.cc:4888 CleanUnusedInitializersAndNodeArgs] Removing initializer 'onnx::Conv_510_zero_point'. It is no longer used by any node.
2026-10-02 14:01:02.909372494 [I:onnxruntime:, graph.cc:4888 CleanUnusedInitializersAndNodeArgs] Removing initializer 'onnx::Conv_598_quantized'. It is no longer used by any node.
2026-10-02 14:01:02.909373546 [I:onnxruntime:, graph.cc:4888 CleanUnusedInitializersAndNodeArgs] Removing initializer '/layer2/layer2.0/relu_1/Relu_output_0_zero_point'. It is no longer used by any node.
2026-10-02 14:01:02.909374558 [I:onnxruntime:, graph.cc:4888 CleanUnusedInitializersAndNodeArgs] Removing initializer '/layer3/layer3.2/relu/Relu_output_0_zero_point'. It is no longer used by any node.
2026-10-02 14:01:02.909375570 [I:onnxruntime:, graph.cc:4888 CleanUnusedInitializersAndNodeArgs] Removing initializer 'onnx::Conv_640_zero_point'. It is no longer used by any node.
2026-10-02 14:01:02.909376572 [I:onnxruntime:, graph.cc:4888 CleanUnusedInitializersAndNodeArgs] Removing initializer 'onnx::Conv_582_zero_point'. It is no longer used by any node.
2026-10-02 14:01:02.909377624 [I:onnxruntime:, graph.cc:4888 CleanUnusedInitializersAndNodeArgs] Removing initializer 'onnx::Conv_505_zero_point'. It is no longer used by any node.
2026-10-02 14:01:02.909378656 [I:onnxruntime:, graph.cc:4888 CleanUnusedInitializersAndNodeArgs] Removing initializer 'onnx::Conv_648_quantized'. It is no longer used by any node.
2026-10-02 14:01:02.909379658 [I:onnxruntime:, graph.cc:4888 CleanUnusedInitializersAndNodeArgs] Removing initializer 'onnx::Conv_508_zero_point'. It is no longer used by any node.
2026-10-02 14:01:02.909380730 [I:onnxruntime:, graph.cc:4888 CleanUnusedInitializersAndNodeArgs] Removing initializer 'onnx::Conv_514_zero_point'. It is no longer used by any node.
2026-10-02 14:01:02.909381772 [I:onnxruntime:, graph.cc:4888 CleanUnusedInitializersAndNodeArgs] Removing initializer 'onnx::Conv_646_quantized'. It is no longer used by any node.
2026-10-02 14:01:02.909382773 [I:onnxruntime:, graph.cc:4888 CleanUnusedInitializersAndNodeArgs] Removing initializer '/layer1/layer1.1/conv3/Conv_output_0_scale'. It is no longer used by any node.
2026-10-02 14:01:02.909383765 [I:onnxruntime:, graph.cc:4888 CleanUnusedInitializersAndNodeArgs] Removing initializer 'onnx::Conv_516_zero_point'. It is no longer used by any node.
2026-10-02 14:01:02.909384797 [I:onnxruntime:, graph.cc:4888 CleanUnusedInitializersAndNodeArgs] Removing initializer '/layer3/layer3.2/conv3/Conv_output_0_zero_point'. It is no longer used by any node.
2026-10-02 14:01:02.909386430 [I:onnxruntime:, graph.cc:4888 CleanUnusedInitializersAndNodeArgs] Removing initializer 'onnx::Conv_547_quantized'. It is no longer used by any node.
2026-10-02 14:01:02.909387452 [I:onnxruntime:, graph.cc:4888 CleanUnusedInitializersAndNodeArgs] Removing initializer 'onnx::Conv_589_quantized'. It is no longer used by any node.
2026-10-02 14:01:02.909388464 [I:onnxruntime:, graph.cc:4888 CleanUnusedInitializersAndNodeArgs] Removing initializer 'onnx::Conv_621_zero_point'. It is no longer used by any node.
2026-10-02 14:01:02.909389486 [I:onnxruntime:, graph.cc:4888 CleanUnusedInitializersAndNodeArgs] Removing initializer 'onnx::Conv_640_quantized'. It is no longer used by any node.
2026-10-02 14:01:02.909390478 [I:onnxruntime:, graph.cc:4888 CleanUnusedInitializersAndNodeArgs] Removing initializer 'onnx::Conv_630_zero_point'. It is no longer used by any node.
2026-10-02 14:01:02.909391510 [I:onnxruntime:, graph.cc:4888 CleanUnusedInitializersAndNodeArgs] Removing initializer 'onnx::Conv_501_zero_point'. It is no longer used by any node.
2026-10-02 14:01:02.909392532 [I:onnxruntime:, graph.cc:4888 CleanUnusedInitializersAndNodeArgs] Removing initializer 'onnx::Conv_502_zero_point'. It is no longer used by any node.
2026-10-02 14:01:02.909393524 [I:onnxruntime:, graph.cc:4888 CleanUnusedInitializersAndNodeArgs] Removing initializer 'onnx::Conv_607_quantized'. It is no longer used by any node.
2026-10-02 14:01:02.909394505 [I:onnxruntime:, graph.cc:4888 CleanUnusedInitializersAndNodeArgs] Removing initializer 'onnx::Conv_546_quantized'. It is no longer used by any node.
2026-10-02 14:01:02.909395537 [I:onnxruntime:, graph.cc:4888 CleanUnusedInitializersAndNodeArgs] Removing initializer '/layer2/layer2.3/relu_2/Relu_output_0_zero_point'. It is no longer used by any node.
2026-10-02 14:01:02.909396559 [I:onnxruntime:, graph.cc:4888 CleanUnusedInitializersAndNodeArgs] Removing initializer 'onnx::Conv_658_quantized'. It is no longer used by any node.
2026-10-02 14:01:02.909397581 [I:onnxruntime:, graph.cc:4888 CleanUnusedInitializersAndNodeArgs] Removing initializer 'onnx::Conv_604_zero_point'. It is no longer used by any node.
2026-10-02 14:01:02.909398603 [I:onnxruntime:, graph.cc:4888 CleanUnusedInitializersAndNodeArgs] Removing initializer 'onnx::Conv_508_quantized'. It is no longer used by any node.
2026-10-02 14:01:02.909399625 [I:onnxruntime:, graph.cc:4888 CleanUnusedInitializersAndNodeArgs] Removing initializer 'onnx::Conv_516_quantized'. It is no longer used by any node.
2026-10-02 14:01:02.909400687 [I:onnxruntime:, graph.cc:4888 CleanUnusedInitializersAndNodeArgs] Removing initializer 'onnx::Conv_504_quantized'. It is no longer used by any node.
2026-10-02 14:01:02.909401709 [I:onnxruntime:, graph.cc:4888 CleanUnusedInitializersAndNodeArgs] Removing initializer 'onnx::Conv_504_zero_point'. It is no longer used by any node.
2026-10-02 14:01:02.909402731 [I:onnxruntime:, graph.cc:4888 CleanUnusedInitializersAndNodeArgs] Removing initializer 'onnx::Conv_558_quantized'. It is no longer used by any node.
2026-10-02 14:01:02.909403703 [I:onnxruntime:, graph.cc:4888 CleanUnusedInitializersAndNodeArgs] Removing initializer 'onnx::Conv_511_quantized'. It is no longer used by any node.
2026-10-02 14:01:02.909404684 [I:onnxruntime:, graph.cc:4888 CleanUnusedInitializersAndNodeArgs] Removing initializer 'onnx::Conv_579_quantized'. It is no longer used by any node.
2026-10-02 14:01:02.909405696 [I:onnxruntime:, graph.cc:4888 CleanUnusedInitializersAndNodeArgs] Removing initializer '/layer2/layer2.0/relu/Relu_output_0_zero_point'. It is no longer used by any node.
2026-10-02 14:01:02.909406738 [I:onnxruntime:, graph.cc:4888 CleanUnusedInitializersAndNodeArgs] Removing initializer '/layer3/layer3.3/relu_2/Relu_output_0_zero_point'. It is no longer used by any node.
2026-10-02 14:01:02.909407790 [I:onnxruntime:, graph.cc:4888 CleanUnusedInitializersAndNodeArgs] Removing initializer 'onnx::Conv_520_quantized'. It is no longer used by any node.
2026-10-02 14:01:02.909408882 [I:onnxruntime:, graph.cc:4888 CleanUnusedInitializersAndNodeArgs] Removing initializer 'onnx::Conv_654_quantized'. It is no longer used by any node.
2026-10-02 14:01:02.909410605 [I:onnxruntime:, graph.cc:4888 CleanUnusedInitializersAndNodeArgs] Removing initializer '/layer3/layer3.1/relu/Relu_output_0_zero_point'. It is no longer used by any node.
2026-10-02 14:01:02.909411627 [I:onnxruntime:, graph.cc:4888 CleanUnusedInitializersAndNodeArgs] Removing initializer 'onnx::Conv_655_quantized'. It is no longer used by any node.
2026-10-02 14:01:02.909412699 [I:onnxruntime:, graph.cc:4888 CleanUnusedInitializersAndNodeArgs] Removing initializer 'onnx::Conv_552_quantized'. It is no longer used by any node.
2026-10-02 14:01:02.909413711 [I:onnxruntime:, graph.cc:4888 CleanUnusedInitializersAndNodeArgs] Removing initializer 'onnx::Conv_511_zero_point'. It is no longer used by any node.
2026-10-02 14:01:02.909414723 [I:onnxruntime:, graph.cc:4888 CleanUnusedInitializersAndNodeArgs] Removing initializer 'onnx::Conv_513_zero_point'. It is no longer used by any node.
2026-10-02 14:01:02.909415745 [I:onnxruntime:, graph.cc:4888 CleanUnusedInitializersAndNodeArgs] Removing initializer 'onnx::Conv_544_zero_point'. It is no longer used by any node.
2026-10-02 14:01:02.909416747 [I:onnxruntime:, graph.cc:4888 CleanUnusedInitializersAndNodeArgs] Removing initializer 'onnx::Conv_589_zero_point'. It is no longer used by any node.
2026-10-02 14:01:02.909417759 [I:onnxruntime:, graph.cc:4888 CleanUnusedInitializersAndNodeArgs] Removing initializer 'onnx::Conv_514_quantized'. It is no longer used by any node.
2026-10-02 14:01:02.909418761 [I:onnxruntime:, graph.cc:4888 CleanUnusedInitializersAndNodeArgs] Removing initializer 'onnx::Conv_555_quantized'. It is no longer used by any node.
2026-10-02 14:01:02.909419783 [I:onnxruntime:, graph.cc:4888 CleanUnusedInitializersAndNodeArgs] Removing initializer 'onnx::Conv_529_zero_point'. It is no longer used by any node.
2026-10-02 14:01:02.909420815 [I:onnxruntime:, graph.cc:4888 CleanUnusedInitializersAndNodeArgs] Removing initializer 'onnx::Conv_507_zero_point'. It is no longer used by any node.
2026-10-02 14:01:02.909421816 [I:onnxruntime:, graph.cc:4888 CleanUnusedInitializersAndNodeArgs] Removing initializer 'onnx::Conv_513_quantized'. It is no longer used by any node.
2026-10-02 14:01:02.909422818 [I:onnxruntime:, graph.cc:4888 CleanUnusedInitializersAndNodeArgs] Removing initializer 'onnx::Conv_603_quantized'. It is no longer used by any node.
2026-10-02 14:01:02.909423810 [I:onnxruntime:, graph.cc:4888 CleanUnusedInitializersAndNodeArgs] Removing initializer 'onnx::Conv_606_quantized'. It is no longer used by any node.
2026-10-02 14:01:02.909424792 [I:onnxruntime:, graph.cc:4888 CleanUnusedInitializersAndNodeArgs] Removing initializer 'onnx::Conv_519_quantized'. It is no longer used by any node.
2026-10-02 14:01:02.909425774 [I:onnxruntime:, graph.cc:4888 CleanUnusedInitializersAndNodeArgs] Removing initializer 'onnx::Conv_630_quantized'. It is no longer used by any node.
2026-10-02 14:01:02.909426766 [I:onnxruntime:, graph.cc:4888 CleanUnusedInitializersAndNodeArgs] Removing initializer 'onnx::Conv_543_quantized'. It is no longer used by any node.
2026-10-02 14:01:02.909427778 [I:onnxruntime:, graph.cc:4888 CleanUnusedInitializersAndNodeArgs] Removing initializer 'onnx::Conv_544_quantized'. It is no longer used by any node.
2026-10-02 14:01:02.909428800 [I:onnxruntime:, graph.cc:4888 CleanUnusedInitializersAndNodeArgs] Removing initializer 'onnx::Conv_633_quantized'. It is no longer used by any node.
2026-10-02 14:01:02.909429821 [I:onnxruntime:, graph.cc:4888 CleanUnusedInitializersAndNodeArgs] Removing initializer 'onnx::Conv_528_zero_point'. It is no longer used by any node.
2026-10-02 14:01:02.909430813 [I:onnxruntime:, graph.cc:4888 CleanUnusedInitializersAndNodeArgs] Removing initializer 'onnx::Conv_564_zero_point'. It is no longer used by any node.
2026-10-02 14:01:02.909431805 [I:onnxruntime:, graph.cc:4888 CleanUnusedInitializersAndNodeArgs] Removing initializer 'onnx::Conv_525_quantized'. It is no longer used by any node.
2026-10-02 14:01:02.909433378 [I:onnxruntime:, graph.cc:4888 CleanUnusedInitializersAndNodeArgs] Removing initializer 'onnx::Conv_546_zero_point'. It is no longer used by any node.
2026-10-02 14:01:02.909434390 [I:onnxruntime:, graph.cc:4888 CleanUnusedInitializersAndNodeArgs] Removing initializer 'onnx::Conv_558_zero_point'. It is no longer used by any node.
2026-10-02 14:01:02.909435382 [I:onnxruntime:, graph.cc:4888 CleanUnusedInitializersAndNodeArgs] Removing initializer 'onnx::Conv_564_quantized'. It is no longer used by any node.
2026-10-02 14:01:02.909436374 [I:onnxruntime:, graph.cc:4888 CleanUnusedInitializersAndNodeArgs] Removing initializer '/layer2/layer2.1/relu/Relu_output_0_zero_point'. It is no longer used by any node.
2026-10-02 14:01:02.909437396 [I:onnxruntime:, graph.cc:4888 CleanUnusedInitializersAndNodeArgs] Removing initializer 'onnx::Conv_549_quantized'. It is no longer used by any node.
2026-10-02 14:01:02.909438458 [I:onnxruntime:, graph.cc:4888 CleanUnusedInitializersAndNodeArgs] Removing initializer '/layer3/layer3.1/conv3/Conv_output_0_zero_point'. It is no longer used by any node.
2026-10-02 14:01:02.909439479 [I:onnxruntime:, graph.cc:4888 CleanUnusedInitializersAndNodeArgs] Removing initializer 'onnx::Conv_550_zero_point'. It is no longer used by any node.
2026-10-02 14:01:02.909440501 [I:onnxruntime:, graph.cc:4888 CleanUnusedInitializersAndNodeArgs] Removing initializer '/layer3/layer3.5/conv3/Conv_output_0_zero_point'. It is no longer used by any node.
2026-10-02 14:01:02.909441533 [I:onnxruntime:, graph.cc:4888 CleanUnusedInitializersAndNodeArgs] Removing initializer '/layer3/layer3.0/relu/Relu_output_0_zero_point'. It is no longer used by any node.
2026-10-02 14:01:02.909442635 [I:onnxruntime:, graph.cc:4888 CleanUnusedInitializersAndNodeArgs] Removing initializer 'onnx::Conv_583_zero_point'. It is no longer used by any node.
2026-10-02 14:01:02.909443627 [I:onnxruntime:, graph.cc:4888 CleanUnusedInitializersAndNodeArgs] Removing initializer '/layer1/layer1.2/relu_2/Relu_output_0_zero_point'. It is no longer used by any node.
2026-10-02 14:01:02.909444639 [I:onnxruntime:, graph.cc:4888 CleanUnusedInitializersAndNodeArgs] Removing initializer 'onnx::Conv_552_zero_point'. It is no longer used by any node.
2026-10-02 14:01:02.909445661 [I:onnxruntime:, graph.cc:4888 CleanUnusedInitializersAndNodeArgs] Removing initializer 'onnx::Conv_553_zero_point'. It is no longer used by any node.
2026-10-02 14:01:02.909446633 [I:onnxruntime:, graph.cc:4888 CleanUnusedInitializersAndNodeArgs] Removing initializer 'onnx::Conv_559_quantized'. It is no longer used by any node.
2026-10-02 14:01:02.909447645 [I:onnxruntime:, graph.cc:4888 CleanUnusedInitializersAndNodeArgs] Removing initializer '/layer2/layer2.1/relu_2/Relu_output_0_zero_point'. It is no longer used by any node.
2026-10-02 14:01:02.909448657 [I:onnxruntime:, graph.cc:4888 CleanUnusedInitializersAndNodeArgs] Removing initializer 'onnx::Conv_568_quantized'. It is no longer used by any node.
2026-10-02 14:01:02.909449739 [I:onnxruntime:, graph.cc:4888 CleanUnusedInitializersAndNodeArgs] Removing initializer '/layer3/layer3.0/downsample/downsample.0/Conv_output_0_zero_point'. It is no longer used by any node.
2026-10-02 14:01:02.909450751 [I:onnxruntime:, graph.cc:4888 CleanUnusedInitializersAndNodeArgs] Removing initializer 'onnx::Conv_555_zero_point'. It is no longer used by any node.
2026-10-02 14:01:02.909451742 [I:onnxruntime:, graph.cc:4888 CleanUnusedInitializersAndNodeArgs] Removing initializer 'onnx::Conv_573_zero_point'. It is no longer used by any node.
2026-10-02 14:01:02.909452794 [I:onnxruntime:, graph.cc:4888 CleanUnusedInitializersAndNodeArgs] Removing initializer '/layer2/layer2.1/relu_1/Relu_output_0_zero_point'. It is no longer used by any node.
2026-10-02 14:01:02.909453796 [I:onnxruntime:, graph.cc:4888 CleanUnusedInitializersAndNodeArgs] Removing initializer 'onnx::Conv_556_zero_point'. It is no longer used by any node.
2026-10-02 14:01:02.909454898 [I:onnxruntime:, graph.cc:4888 CleanUnusedInitializersAndNodeArgs] Removing initializer 'onnx::Conv_556_quantized'. It is no longer used by any node.
2026-10-02 14:01:02.909456652 [I:onnxruntime:, graph.cc:4888 CleanUnusedInitializersAndNodeArgs] Removing initializer '/layer2/layer2.2/relu/Relu_output_0_zero_point'. It is no longer used by any node.
2026-10-02 14:01:02.909457674 [I:onnxruntime:, graph.cc:4888 CleanUnusedInitializersAndNodeArgs] Removing initializer 'onnx::Conv_642_zero_point'. It is no longer used by any node.
2026-10-02 14:01:02.909458695 [I:onnxruntime:, graph.cc:4888 CleanUnusedInitializersAndNodeArgs] Removing initializer 'onnx::Conv_616_quantized'. It is no longer used by any node.
2026-10-02 14:01:02.909460759 [I:onnxruntime:, graph.cc:4888 CleanUnusedInitializersAndNodeArgs] Removing initializer 'onnx::Conv_562_quantized'. It is no longer used by any node.
2026-10-02 14:01:02.909461841 [I:onnxruntime:, graph.cc:4888 CleanUnusedInitializersAndNodeArgs] Removing initializer '/layer3/layer3.4/relu/Relu_output_0_zero_point'. It is no longer used by any node.
2026-10-02 14:01:02.909462853 [I:onnxruntime:, graph.cc:4888 CleanUnusedInitializersAndNodeArgs] Removing initializer '/Flatten_output_0_zero_point'. It is no longer used by any node.
2026-10-02 14:01:02.909463965 [I:onnxruntime:, graph.cc:4888 CleanUnusedInitializersAndNodeArgs] Removing initializer '/layer2/layer2.2/conv3/Conv_output_0_zero_point'. It is no longer used by any node.
2026-10-02 14:01:02.909464987 [I:onnxruntime:, graph.cc:4888 CleanUnusedInitializersAndNodeArgs] Removing initializer 'onnx::Conv_600_zero_point'. It is no longer used by any node.
2026-10-02 14:01:02.909466029 [I:onnxruntime:, graph.cc:4888 CleanUnusedInitializersAndNodeArgs] Removing initializer '/layer2/layer2.0/relu_2/Relu_output_0_zero_point'. It is no longer used by any node.
2026-10-02 14:01:02.909467011 [I:onnxruntime:, graph.cc:4888 CleanUnusedInitializersAndNodeArgs] Removing initializer 'onnx::Conv_580_quantized'. It is no longer used by any node.
2026-10-02 14:01:02.909468043 [I:onnxruntime:, graph.cc:4888 CleanUnusedInitializersAndNodeArgs] Removing initializer '/layer1/layer1.2/relu/Relu_output_0_zero_point'. It is no longer used by any node.
2026-10-02 14:01:02.909469055 [I:onnxruntime:, graph.cc:4888 CleanUnusedInitializersAndNodeArgs] Removing initializer 'onnx::Conv_562_zero_point'. It is no longer used by any node.
2026-10-02 14:01:02.909470067 [I:onnxruntime:, graph.cc:4888 CleanUnusedInitializersAndNodeArgs] Removing initializer '/layer2/layer2.2/relu_2/Relu_output_0_zero_point'. It is no longer used by any node.
2026-10-02 14:01:02.909471059 [I:onnxruntime:, graph.cc:4888 CleanUnusedInitializersAndNodeArgs] Removing initializer 'onnx::Conv_535_zero_point'. It is no longer used by any node.
2026-10-02 14:01:02.909472060 [I:onnxruntime:, graph.cc:4888 CleanUnusedInitializersAndNodeArgs] Removing initializer 'onnx::Conv_565_zero_point'. It is no longer used by any node.
2026-10-02 14:01:02.909473052 [I:onnxruntime:, graph.cc:4888 CleanUnusedInitializersAndNodeArgs] Removing initializer 'onnx::Conv_565_quantized'. It is no longer used by any node.
2026-10-02 14:01:02.909474064 [I:onnxruntime:, graph.cc:4888 CleanUnusedInitializersAndNodeArgs] Removing initializer 'onnx::Conv_535_quantized'. It is no longer used by any node.
2026-10-02 14:01:02.909475156 [I:onnxruntime:, graph.cc:4888 CleanUnusedInitializersAndNodeArgs] Removing initializer 'onnx::Conv_571_zero_point'. It is no longer used by any node.
2026-10-02 14:01:02.909476258 [I:onnxruntime:, graph.cc:4888 CleanUnusedInitializersAndNodeArgs] Removing initializer '/layer4/layer4.0/relu_1/Relu_output_0_zero_point'. It is no longer used by any node.
2026-10-02 14:01:02.909477330 [I:onnxruntime:, graph.cc:4888 CleanUnusedInitializersAndNodeArgs] Removing initializer '/layer2/layer2.3/relu/Relu_output_0_zero_point'. It is no longer used by any node.
2026-10-02 14:01:02.909478412 [I:onnxruntime:, graph.cc:4888 CleanUnusedInitializersAndNodeArgs] Removing initializer 'onnx::Conv_567_zero_point'. It is no longer used by any node.
2026-10-02 14:01:02.909480065 [I:onnxruntime:, graph.cc:4888 CleanUnusedInitializersAndNodeArgs] Removing initializer 'onnx::Conv_574_zero_point'. It is no longer used by any node.
2026-10-02 14:01:02.909481077 [I:onnxruntime:, graph.cc:4888 CleanUnusedInitializersAndNodeArgs] Removing initializer 'fc.2.bias_zero_point'. It is no longer used by any node.
2026-10-02 14:01:02.909482099 [I:onnxruntime:, graph.cc:4888 CleanUnusedInitializersAndNodeArgs] Removing initializer '/layer3/layer3.3/relu_1/Relu_output_0_zero_point'. It is no longer used by any node.
2026-10-02 14:01:02.909483121 [I:onnxruntime:, graph.cc:4888 CleanUnusedInitializersAndNodeArgs] Removing initializer '/layer2/layer2.3/relu_1/Relu_output_0_zero_point'. It is no longer used by any node.
2026-10-02 14:01:02.909484113 [I:onnxruntime:, graph.cc:4888 CleanUnusedInitializersAndNodeArgs] Removing initializer 'onnx::Conv_592_zero_point'. It is no longer used by any node.
2026-10-02 14:01:02.909485145 [I:onnxruntime:, graph.cc:4888 CleanUnusedInitializersAndNodeArgs] Removing initializer '/layer1/layer1.0/downsample/downsample.0/Conv_output_0_zero_point'. It is no longer used by any node.
2026-10-02 14:01:02.909486187 [I:onnxruntime:, graph.cc:4888 CleanUnusedInitializersAndNodeArgs] Removing initializer '/layer2/layer2.3/conv3/Conv_output_0_zero_point'. It is no longer used by any node.
2026-10-02 14:01:02.909487199 [I:onnxruntime:, graph.cc:4888 CleanUnusedInitializersAndNodeArgs] Removing initializer 'onnx::Conv_553_quantized'. It is no longer used by any node.
2026-10-02 14:01:02.909488171 [I:onnxruntime:, graph.cc:4888 CleanUnusedInitializersAndNodeArgs] Removing initializer 'onnx::Conv_571_quantized'. It is no longer used by any node.
2026-10-02 14:01:02.909489172 [I:onnxruntime:, graph.cc:4888 CleanUnusedInitializersAndNodeArgs] Removing initializer 'onnx::Conv_559_zero_point'. It is no longer used by any node.
2026-10-02 14:01:02.909490214 [I:onnxruntime:, graph.cc:4888 CleanUnusedInitializersAndNodeArgs] Removing initializer 'onnx::Conv_579_zero_point'. It is no longer used by any node.
2026-10-02 14:01:02.909491206 [I:onnxruntime:, graph.cc:4888 CleanUnusedInitializersAndNodeArgs] Removing initializer 'onnx::Conv_510_quantized'. It is no longer used by any node.
2026-10-02 14:01:02.909492228 [I:onnxruntime:, graph.cc:4888 CleanUnusedInitializersAndNodeArgs] Removing initializer 'onnx::Conv_573_quantized'. It is no longer used by any node.
2026-10-02 14:01:02.909493270 [I:onnxruntime:, graph.cc:4888 CleanUnusedInitializersAndNodeArgs] Removing initializer 'onnx::Conv_529_quantized'. It is no longer used by any node.
2026-10-02 14:01:02.909494292 [I:onnxruntime:, graph.cc:4888 CleanUnusedInitializersAndNodeArgs] Removing initializer 'onnx::Conv_576_zero_point'. It is no longer used by any node.
2026-10-02 14:01:02.909495284 [I:onnxruntime:, graph.cc:4888 CleanUnusedInitializersAndNodeArgs] Removing initializer '/layer1/layer1.1/relu_1/Relu_output_0_zero_point'. It is no longer used by any node.
2026-10-02 14:01:02.909496306 [I:onnxruntime:, graph.cc:4888 CleanUnusedInitializersAndNodeArgs] Removing initializer '/layer3/layer3.0/relu_1/Relu_output_0_zero_point'. It is no longer used by any node.
2026-10-02 14:01:02.909497328 [I:onnxruntime:, graph.cc:4888 CleanUnusedInitializersAndNodeArgs] Removing initializer 'onnx::Conv_517_quantized'. It is no longer used by any node.
2026-10-02 14:01:02.909498320 [I:onnxruntime:, graph.cc:4888 CleanUnusedInitializersAndNodeArgs] Removing initializer 'onnx::Conv_585_zero_point'. It is no longer used by any node.
2026-10-02 14:01:02.909499321 [I:onnxruntime:, graph.cc:4888 CleanUnusedInitializersAndNodeArgs] Removing initializer 'onnx::Conv_580_zero_point'. It is no longer used by any node.
2026-10-02 14:01:02.909500353 [I:onnxruntime:, graph.cc:4888 CleanUnusedInitializersAndNodeArgs] Removing initializer 'onnx::Conv_583_quantized'. It is no longer used by any node.
2026-10-02 14:01:02.909501365 [I:onnxruntime:, graph.cc:4888 CleanUnusedInitializersAndNodeArgs] Removing initializer 'onnx::Conv_585_quantized'. It is no longer used by any node.
2026-10-02 14:01:02.909503099 [I:onnxruntime:, graph.cc:4888 CleanUnusedInitializersAndNodeArgs] Removing initializer 'onnx::Conv_586_zero_point'. It is no longer used by any node.
2026-10-02 14:01:02.909504120 [I:onnxruntime:, graph.cc:4888 CleanUnusedInitializersAndNodeArgs] Removing initializer 'onnx::Conv_588_zero_point'. It is no longer used by any node.
2026-10-02 14:01:02.909505142 [I:onnxruntime:, graph.cc:4888 CleanUnusedInitializersAndNodeArgs] Removing initializer '/layer3/layer3.1/relu_1/Relu_output_0_zero_point'. It is no longer used by any node.
2026-10-02 14:01:02.909748027 [I:onnxruntime:, inference_session.cc:1465 TransformGraph] Running graph optimizations in loop 1 time/s (Graph Optimizations Loop Level : 1)
2026-10-02 14:01:02.909763085 [I:onnxruntime:, graph_transformer.cc:15 Apply] GraphTransformer Level2_RuleBasedTransformer modified: 0 with status: OK
2026-10-02 14:01:02.909774186 [I:onnxruntime:, graph_transformer.cc:15 Apply] GraphTransformer TransposeOptimizer_CPUExecutionProvider modified: 0 with status: OK
2026-10-02 14:01:02.909776590 [I:onnxruntime:, graph_transformer.cc:15 Apply] GraphTransformer QDQS8ToU8Transformer modified: 0 with status: OK
2026-10-02 14:01:02.909778985 [I:onnxruntime:, graph_transformer.cc:15 Apply] GraphTransformer QDQSelectorActionTransformer modified: 0 with status: OK
2026-10-02 14:01:02.909781539 [I:onnxruntime:, graph_transformer.cc:15 Apply] GraphTransformer GemmActivationFusion modified: 0 with status: OK
2026-10-02 14:01:02.909784224 [I:onnxruntime:, graph_transformer.cc:15 Apply] GraphTransformer MatMulIntegerToFloatFusion modified: 0 with status: OK
2026-10-02 14:01:02.909786429 [I:onnxruntime:, graph_transformer.cc:15 Apply] GraphTransformer DynamicQuantizeMatMulFusion modified: 0 with status: OK
2026-10-02 14:01:02.909788533 [I:onnxruntime:, graph_transformer.cc:15 Apply] GraphTransformer ConvActivationFusion modified: 0 with status: OK
2026-10-02 14:01:02.909791568 [I:onnxruntime:, graph_transformer.cc:15 Apply] GraphTransformer GeluFusionL2 modified: 0 with status: OK
2026-10-02 14:01:02.909794173 [I:onnxruntime:, graph_transformer.cc:15 Apply] GraphTransformer LayerNormFusionL2 modified: 0 with status: OK
2026-10-02 14:01:02.909796407 [I:onnxruntime:, graph_transformer.cc:15 Apply] GraphTransformer SimplifiedLayerNormFusion modified: 0 with status: OK
2026-10-02 14:01:02.909798702 [I:onnxruntime:, graph_transformer.cc:15 Apply] GraphTransformer AttentionFusion modified: 0 with status: OK
2026-10-02 14:01:02.909800926 [I:onnxruntime:, graph_transformer.cc:15 Apply] GraphTransformer EmbedLayerNormFusion modified: 0 with status: OK
2026-10-02 14:01:02.909804532 [I:onnxruntime:, graph_transformer.cc:15 Apply] GraphTransformer GatherSliceToSplitFusion modified: 0 with status: OK
2026-10-02 14:01:02.909806737 [I:onnxruntime:, graph_transformer.cc:15 Apply] GraphTransformer GatherToSliceFusion modified: 0 with status: OK
2026-10-02 14:01:02.909809442 [I:onnxruntime:, graph_transformer.cc:15 Apply] GraphTransformer MatmulTransposeFusion modified: 0 with status: OK
2026-10-02 14:01:02.909811626 [I:onnxruntime:, graph_transformer.cc:15 Apply] GraphTransformer BiasGeluFusion modified: 0 with status: OK
2026-10-02 14:01:02.909813790 [I:onnxruntime:, graph_transformer.cc:15 Apply] GraphTransformer GroupQueryAttentionFusion modified: 0 with status: OK
2026-10-02 14:01:02.909816144 [I:onnxruntime:, graph_transformer.cc:15 Apply] GraphTransformer MatMulAddFusion modified: 0 with status: OK
2026-10-02 14:01:02.909818398 [I:onnxruntime:, graph_transformer.cc:15 Apply] GraphTransformer SkipLayerNormFusion modified: 0 with status: OK
2026-10-02 14:01:02.909820793 [I:onnxruntime:, graph_transformer.cc:15 Apply] GraphTransformer FastGeluFusion modified: 0 with status: OK
2026-10-02 14:01:02.909823137 [I:onnxruntime:, graph_transformer.cc:15 Apply] GraphTransformer QuickGeluFusion modified: 0 with status: OK
2026-10-02 14:01:02.909825512 [I:onnxruntime:, graph_transformer.cc:15 Apply] GraphTransformer BiasSoftmaxFusion modified: 0 with status: OK
2026-10-02 14:01:02.909828557 [I:onnxruntime:, graph_transformer.cc:15 Apply] GraphTransformer BiasDropoutFusion modified: 0 with status: OK
2026-10-02 14:01:02.909830942 [I:onnxruntime:, graph_transformer.cc:15 Apply] GraphTransformer MatMulScaleFusion modified: 0 with status: OK
2026-10-02 14:01:02.909832906 [I:onnxruntime:, graph_transformer.cc:15 Apply] GraphTransformer MatMulActivationFusion modified: 0 with status: OK
2026-10-02 14:01:02.909834789 [I:onnxruntime:, graph_transformer.cc:15 Apply] GraphTransformer MatMulNBitsFusion modified: 0 with status: OK
2026-10-02 14:01:02.909838236 [I:onnxruntime:, graph_transformer.cc:15 Apply] GraphTransformer QDQFinalCleanupTransformer modified: 0 with status: OK
2026-10-02 14:01:02.909841542 [I:onnxruntime:, graph_transformer.cc:15 Apply] GraphTransformer NchwcTransformer modified: 0 with status: OK
2026-10-02 14:01:02.909844567 [I:onnxruntime:, graph_transformer.cc:15 Apply] GraphTransformer NhwcTransformer modified: 0 with status: OK
2026-10-02 14:01:02.909846631 [I:onnxruntime:, graph_transformer.cc:15 Apply] GraphTransformer ConvAddActivationFusion modified: 0 with status: OK
2026-10-02 14:01:02.909851901 [I:onnxruntime:, graph_transformer.cc:15 Apply] GraphTransformer RemoveDuplicateCastTransformer modified: 0 with status: OK
2026-10-02 14:01:02.909853374 [I:onnxruntime:, graph_transformer.cc:15 Apply] GraphTransformer CastFloat16Transformer modified: 0 with status: OK
2026-10-02 14:01:02.909856289 [I:onnxruntime:, graph_transformer.cc:15 Apply] GraphTransformer FuseFp16InitializerToFp32NodeTransformer modified: 0 with status: OK
2026-10-02 14:01:02.909859455 [I:onnxruntime:, graph_transformer.cc:15 Apply] GraphTransformer MemcpyTransformer modified: 0 with status: OK
2026-10-02 14:01:02.909872129 [V:onnxruntime:, session_state.cc:1296 VerifyEachNodeIsAssignedToAnEp] Node placements
2026-10-02 14:01:02.909873722 [V:onnxruntime:, session_state.cc:1299 VerifyEachNodeIsAssignedToAnEp]  All nodes placed on [VitisAIExecutionProvider]. Number of nodes: 3
2026-10-02 14:01:02.909884933 [V:onnxruntime:, session_state.cc:175 CreateGraphInfo] SaveMLValueNameIndexMapping
2026-10-02 14:01:02.909888940 [V:onnxruntime:, session_state.cc:221 CreateGraphInfo] Done saving OrtValue mappings.
2026-10-02 14:01:02.909892267 [I:onnxruntime:, allocation_planner.cc:2659 CreateGraphPartitioner] Use DeviceBasedPartition as default
2026-10-02 14:01:02.909922112 [I:onnxruntime:, session_state_utils.cc:243 SaveInitializedTensors] Saving initialized tensors.
2026-10-02 14:01:02.909944745 [I:onnxruntime:, session_state_utils.cc:438 SaveInitializedTensors] Done saving initialized tensors
2026-10-02 14:01:03.011095211 [I:onnxruntime:, inference_session.cc:2532 Initialize] Session successfully initialized.
2026-10-02 14:01:03.027793323 [I:onnxruntime:, profiler.cc:115 EndProfiling] Writing profiler data to file /home/shen/AI370-2/output/M11/post-ddr-20261002/cnn/ort-profile_2026-10-02_14-00-59.json
{
  "status": "PASS",
  "model_sha256": "7a78c7e85bac3a0681e3d2f77e69093a761e1c8f62f7fc65ff5ce3e1b82c5ba3",
  "onnxruntime": "1.23.3.dev20260320",
  "providers": [
    "VitisAIExecutionProvider",
    "CPUExecutionProvider"
  ],
  "cpu_fallback_disabled": true,
  "profile_path": "output/M11/post-ddr-20261002/cnn/ort-profile_2026-10-02_14-00-59.json",
  "profile_node_providers": [
    "VitisAIExecutionProvider"
  ],
  "npu_device_fds": {
    "6": {
      "device": "/dev/accel/accel0",
      "fdinfo": "pos:\t0\nflags:\t0100002\nmnt_id:\t29\nino:\t921\ndrm-driver:\tamdxdna_accel_driver\ndrm-client-id:\t309\ndrm-pdev:\t0000:c6:00.1\ndrm-engine-npu-amdxdna:\t0 ns\ndrm-total-memory:\t159468 KiB\ndrm-shared-memory:\t0\n"
    }
  },
  "after_npu_device_fds": {
    "6": {
      "device": "/dev/accel/accel0",
      "fdinfo": "pos:\t0\nflags:\t0100002\nmnt_id:\t29\nino:\t921\ndrm-driver:\tamdxdna_accel_driver\ndrm-client-id:\t309\ndrm-pdev:\t0000:c6:00.1\ndrm-engine-npu-amdxdna:\t14691769 ns\ndrm-total-memory:\t159468 KiB\ndrm-shared-memory:\t0\n"
    }
  },
  "iterations": 10,
  "elapsed_seconds": 0.01603437098674476,
  "npu_hardware_time_delta_ns": 14691769,
  "max_abs_errors": [
    0.0
  ],
  "rtol": 0.001,
  "atol": 0.0001
}
2026-10-02 14:01:03.076968181 [V:onnxruntime:, inference_session.cc:3536 EndProfiling] Profiler is disabled.
