CPU reference calculated explicitly; candidate run forbids fallback
2026-10-01 16:02:13.072701918 [I:onnxruntime:, inference_session.cc:606 TraceSessionOptions] Session Options {  execution_mode:0 execution_order:DEFAULT enable_profiling:1 optimized_model_filepath:"" enable_mem_pattern:1 enable_mem_reuse:1 enable_cpu_mem_arena:1 profile_file_prefix:/home/shen/AI370-2/output/M9/post-acceleration-cnn/ort-profile session_logid: session_log_severity_level:0 session_log_verbosity_level:0 max_num_graph_transformation_steps:10 graph_optimization_level:4 intra_op_param:OrtThreadPoolParams { thread_pool_size: 0 auto_set_affinity: 0 allow_spinning: 1 dynamic_block_base_: 0 stack_size: 0 affinity_str:  set_denormal_as_zero: 0 } inter_op_param:OrtThreadPoolParams { thread_pool_size: 0 auto_set_affinity: 0 allow_spinning: 1 dynamic_block_base_: 0 stack_size: 0 affinity_str:  set_denormal_as_zero: 0 } use_per_session_threads:1 thread_pool_allow_spinning:1 use_deterministic_compute:0 ep_selection_policy:0 config_options: {   session.disable_cpu_ep_fallback: 1 } }
2026-10-01 16:02:13.072717624 [I:onnxruntime:, inference_session.cc:422 ConstructorCommon] Creating and using per session threadpools since use_per_session_threads_ is true
2026-10-01 16:02:13.072722422 [I:onnxruntime:, inference_session.cc:446 ConstructorCommon] Dynamic block base set to 0
2026-10-01 16:02:13.156555889 [I:onnxruntime:, inference_session.cc:2042 Initialize] Initializing session.
2026-10-01 16:02:13.156580229 [I:onnxruntime:, inference_session.cc:2080 Initialize] Adding default CPU execution provider.
2026-10-01 16:02:13.156695921 [I:onnxruntime:, graph_partitioner.cc:1209 InlineFunctionsAOT] This model does not have any local functions defined. AOT Inlining is not performed
2026-10-01 16:02:13.156945376 [I:onnxruntime:, graph_transformer.cc:15 Apply] GraphTransformer EnsureUniqueDQForNodeUnit modified: 1 with status: OK
2026-10-01 16:02:13.158369690 [I:onnxruntime:, graph_transformer.cc:15 Apply] GraphTransformer Level1_RuleBasedTransformer modified: 1 with status: OK
2026-10-01 16:02:13.159225842 [I:onnxruntime:, graph.cc:4888 CleanUnusedInitializersAndNodeArgs] Removing initializer '/avgpool/GlobalAveragePool_output_0_Scale'. It is no longer used by any node.
2026-10-01 16:02:13.159380859 [I:onnxruntime:, graph_transformer.cc:15 Apply] GraphTransformer DoubleQDQPairsRemover modified: 0 with status: OK
2026-10-01 16:02:13.159730740 [I:onnxruntime:, constant_sharing.cc:248 ApplyImpl] Total shared scalar initializer count: 174
2026-10-01 16:02:13.159737922 [I:onnxruntime:, graph_transformer.cc:15 Apply] GraphTransformer ConstantSharing modified: 1 with status: OK
2026-10-01 16:02:13.160810353 [I:onnxruntime:, graph_transformer.cc:15 Apply] GraphTransformer CommonSubexpressionElimination modified: 0 with status: OK
2026-10-01 16:02:13.160900493 [I:onnxruntime:, graph_transformer.cc:15 Apply] GraphTransformer ConstantFolding modified: 0 with status: OK
2026-10-01 16:02:13.160937905 [I:onnxruntime:, graph_transformer.cc:15 Apply] GraphTransformer MatMulAddFusion modified: 0 with status: OK
2026-10-01 16:02:13.160973123 [I:onnxruntime:, graph_transformer.cc:15 Apply] GraphTransformer ReshapeFusion modified: 0 with status: OK
2026-10-01 16:02:13.160975527 [I:onnxruntime:, graph_transformer.cc:15 Apply] GraphTransformer FreeDimensionOverrideTransformer modified: 0 with status: OK
2026-10-01 16:02:13.160977310 [I:onnxruntime:, graph_transformer.cc:15 Apply] GraphTransformer GeluFusionL1 modified: 0 with status: OK
2026-10-01 16:02:13.160978602 [I:onnxruntime:, graph_transformer.cc:15 Apply] GraphTransformer LayerNormFusionL1 modified: 0 with status: OK
2026-10-01 16:02:13.161063654 [I:onnxruntime:, graph_transformer.cc:15 Apply] GraphTransformer QDQPropagationTransformer modified: 0 with status: OK
2026-10-01 16:02:13.161109940 [I:onnxruntime:, graph_transformer.cc:15 Apply] GraphTransformer WeightBiasQuantization modified: 0 with status: OK
2026-10-01 16:02:13.161151800 [I:onnxruntime:, graph_transformer.cc:15 Apply] GraphTransformer EnsureUniqueDQForNodeUnit modified: 0 with status: OK
2026-10-01 16:02:13.161192548 [I:onnxruntime:, graph_transformer.cc:15 Apply] GraphTransformer RocmBlasAltImpl modified: 0 with status: OK
2026-10-01 16:02:13.161436122 [I:onnxruntime:, graph_transformer.cc:15 Apply] GraphTransformer TransposeOptimizer modified: 0 with status: OK
2026-10-01 16:02:13.161478432 [I:onnxruntime:, graph_transformer.cc:15 Apply] GraphTransformer Level1_RuleBasedTransformer modified: 0 with status: OK
2026-10-01 16:02:13.161559437 [I:onnxruntime:, graph_transformer.cc:15 Apply] GraphTransformer DoubleQDQPairsRemover modified: 0 with status: OK
2026-10-01 16:02:13.161741229 [I:onnxruntime:, graph_transformer.cc:15 Apply] GraphTransformer CommonSubexpressionElimination modified: 0 with status: OK
2026-10-01 16:02:13.161825098 [I:onnxruntime:, graph_transformer.cc:15 Apply] GraphTransformer ConstantFolding modified: 0 with status: OK
2026-10-01 16:02:13.161861208 [I:onnxruntime:, graph_transformer.cc:15 Apply] GraphTransformer MatMulAddFusion modified: 0 with status: OK
2026-10-01 16:02:13.161896486 [I:onnxruntime:, graph_transformer.cc:15 Apply] GraphTransformer ReshapeFusion modified: 0 with status: OK
2026-10-01 16:02:13.161898149 [I:onnxruntime:, graph_transformer.cc:15 Apply] GraphTransformer FreeDimensionOverrideTransformer modified: 0 with status: OK
2026-10-01 16:02:13.161899391 [I:onnxruntime:, graph_transformer.cc:15 Apply] GraphTransformer GeluFusionL1 modified: 0 with status: OK
2026-10-01 16:02:13.161900583 [I:onnxruntime:, graph_transformer.cc:15 Apply] GraphTransformer LayerNormFusionL1 modified: 0 with status: OK
2026-10-01 16:02:13.161980766 [I:onnxruntime:, graph_transformer.cc:15 Apply] GraphTransformer QDQPropagationTransformer modified: 0 with status: OK
2026-10-01 16:02:13.162025701 [I:onnxruntime:, graph_transformer.cc:15 Apply] GraphTransformer WeightBiasQuantization modified: 0 with status: OK
2026-10-01 16:02:13.162066899 [I:onnxruntime:, graph_transformer.cc:15 Apply] GraphTransformer EnsureUniqueDQForNodeUnit modified: 0 with status: OK
2026-10-01 16:02:13.162100004 [I:onnxruntime:, graph_transformer.cc:15 Apply] GraphTransformer RocmBlasAltImpl modified: 0 with status: OK
2026-10-01 16:02:16.407349820 [I:onnxruntime:, graph.cc:4888 CleanUnusedInitializersAndNodeArgs] Removing initializer 'fc.2.bias_quantized'. It is no longer used by any node.
2026-10-01 16:02:16.407373419 [I:onnxruntime:, graph.cc:4888 CleanUnusedInitializersAndNodeArgs] Removing initializer 'fc.2.bias_scale'. It is no longer used by any node.
2026-10-01 16:02:16.407376124 [I:onnxruntime:, graph.cc:4888 CleanUnusedInitializersAndNodeArgs] Removing initializer 'fc.2.weight_zero_point'. It is no longer used by any node.
2026-10-01 16:02:16.407378628 [I:onnxruntime:, graph.cc:4888 CleanUnusedInitializersAndNodeArgs] Removing initializer '/fc/fc.1/Relu_output_0_scale'. It is no longer used by any node.
2026-10-01 16:02:16.407379860 [I:onnxruntime:, graph.cc:4888 CleanUnusedInitializersAndNodeArgs] Removing initializer '/fc/fc.1/Relu_output_0_zero_point'. It is no longer used by any node.
2026-10-01 16:02:16.407381062 [I:onnxruntime:, graph.cc:4888 CleanUnusedInitializersAndNodeArgs] Removing initializer 'fc.0.bias_zero_point'. It is no longer used by any node.
2026-10-01 16:02:16.407382384 [I:onnxruntime:, graph.cc:4888 CleanUnusedInitializersAndNodeArgs] Removing initializer 'fc.0.weight_zero_point'. It is no longer used by any node.
2026-10-01 16:02:16.407383546 [I:onnxruntime:, graph.cc:4888 CleanUnusedInitializersAndNodeArgs] Removing initializer '/layer4/layer4.2/relu_2/Relu_output_0_zero_point'. It is no longer used by any node.
2026-10-01 16:02:16.407384618 [I:onnxruntime:, graph.cc:4888 CleanUnusedInitializersAndNodeArgs] Removing initializer 'onnx::Conv_658_zero_point'. It is no longer used by any node.
2026-10-01 16:02:16.407385800 [I:onnxruntime:, graph.cc:4888 CleanUnusedInitializersAndNodeArgs] Removing initializer 'onnx::Conv_657_quantized'. It is no longer used by any node.
2026-10-01 16:02:16.407386862 [I:onnxruntime:, graph.cc:4888 CleanUnusedInitializersAndNodeArgs] Removing initializer '/layer4/layer4.2/relu_1/Relu_output_0_zero_point'. It is no longer used by any node.
2026-10-01 16:02:16.407402287 [I:onnxruntime:, graph.cc:4888 CleanUnusedInitializersAndNodeArgs] Removing initializer 'onnx::Conv_655_zero_point'. It is no longer used by any node.
2026-10-01 16:02:16.407403549 [I:onnxruntime:, graph.cc:4888 CleanUnusedInitializersAndNodeArgs] Removing initializer 'onnx::Conv_655_scale'. It is no longer used by any node.
2026-10-01 16:02:16.407404731 [I:onnxruntime:, graph.cc:4888 CleanUnusedInitializersAndNodeArgs] Removing initializer 'onnx::Conv_654_zero_point'. It is no longer used by any node.
2026-10-01 16:02:16.407405953 [I:onnxruntime:, graph.cc:4888 CleanUnusedInitializersAndNodeArgs] Removing initializer 'onnx::Conv_654_scale'. It is no longer used by any node.
2026-10-01 16:02:16.407407175 [I:onnxruntime:, graph.cc:4888 CleanUnusedInitializersAndNodeArgs] Removing initializer '/layer4/layer4.2/relu/Relu_output_0_zero_point'. It is no longer used by any node.
2026-10-01 16:02:16.407408237 [I:onnxruntime:, graph.cc:4888 CleanUnusedInitializersAndNodeArgs] Removing initializer 'onnx::Conv_652_zero_point'. It is no longer used by any node.
2026-10-01 16:02:16.407409730 [I:onnxruntime:, graph.cc:4888 CleanUnusedInitializersAndNodeArgs] Removing initializer 'onnx::Conv_651_zero_point'. It is no longer used by any node.
2026-10-01 16:02:16.407410831 [I:onnxruntime:, graph.cc:4888 CleanUnusedInitializersAndNodeArgs] Removing initializer '/layer4/layer4.1/relu_2/Relu_output_0_zero_point'. It is no longer used by any node.
2026-10-01 16:02:16.407411853 [I:onnxruntime:, graph.cc:4888 CleanUnusedInitializersAndNodeArgs] Removing initializer 'onnx::Conv_649_zero_point'. It is no longer used by any node.
2026-10-01 16:02:16.407413105 [I:onnxruntime:, graph.cc:4888 CleanUnusedInitializersAndNodeArgs] Removing initializer 'onnx::Conv_648_zero_point'. It is no longer used by any node.
2026-10-01 16:02:16.407414187 [I:onnxruntime:, graph.cc:4888 CleanUnusedInitializersAndNodeArgs] Removing initializer '/layer4/layer4.1/conv3/Conv_output_0_zero_point'. It is no longer used by any node.
2026-10-01 16:02:16.407415269 [I:onnxruntime:, graph.cc:4888 CleanUnusedInitializersAndNodeArgs] Removing initializer '/layer4/layer4.1/relu_1/Relu_output_0_zero_point'. It is no longer used by any node.
2026-10-01 16:02:16.407416411 [I:onnxruntime:, graph.cc:4888 CleanUnusedInitializersAndNodeArgs] Removing initializer 'onnx::Conv_645_zero_point'. It is no longer used by any node.
2026-10-01 16:02:16.407417833 [I:onnxruntime:, graph.cc:4888 CleanUnusedInitializersAndNodeArgs] Removing initializer 'onnx::Conv_642_quantized'. It is no longer used by any node.
2026-10-01 16:02:16.407419085 [I:onnxruntime:, graph.cc:4888 CleanUnusedInitializersAndNodeArgs] Removing initializer '/layer4/layer4.0/relu_2/Relu_output_0_zero_point'. It is no longer used by any node.
2026-10-01 16:02:16.407420267 [I:onnxruntime:, graph.cc:4888 CleanUnusedInitializersAndNodeArgs] Removing initializer 'onnx::Conv_639_quantized'. It is no longer used by any node.
2026-10-01 16:02:16.407421529 [I:onnxruntime:, graph.cc:4888 CleanUnusedInitializersAndNodeArgs] Removing initializer 'onnx::Conv_637_quantized'. It is no longer used by any node.
2026-10-01 16:02:16.407423062 [I:onnxruntime:, graph.cc:4888 CleanUnusedInitializersAndNodeArgs] Removing initializer 'onnx::Conv_636_quantized'. It is no longer used by any node.
2026-10-01 16:02:16.407424775 [I:onnxruntime:, graph.cc:4888 CleanUnusedInitializersAndNodeArgs] Removing initializer 'onnx::Conv_636_zero_point'. It is no longer used by any node.
2026-10-01 16:02:16.407426507 [I:onnxruntime:, graph.cc:4888 CleanUnusedInitializersAndNodeArgs] Removing initializer '/layer4/layer4.0/conv3/Conv_output_0_zero_point'. It is no longer used by any node.
2026-10-01 16:02:16.407427810 [I:onnxruntime:, graph.cc:4888 CleanUnusedInitializersAndNodeArgs] Removing initializer 'onnx::Conv_634_quantized'. It is no longer used by any node.
2026-10-01 16:02:16.407429342 [I:onnxruntime:, graph.cc:4888 CleanUnusedInitializersAndNodeArgs] Removing initializer 'onnx::Conv_657_zero_point'. It is no longer used by any node.
2026-10-01 16:02:16.407434270 [I:onnxruntime:, graph.cc:4888 CleanUnusedInitializersAndNodeArgs] Removing initializer 'onnx::Conv_634_zero_point'. It is no longer used by any node.
2026-10-01 16:02:16.407435743 [I:onnxruntime:, graph.cc:4888 CleanUnusedInitializersAndNodeArgs] Removing initializer '/layer4/layer4.0/relu/Relu_output_0_zero_point'. It is no longer used by any node.
2026-10-01 16:02:16.407437025 [I:onnxruntime:, graph.cc:4888 CleanUnusedInitializersAndNodeArgs] Removing initializer 'onnx::Conv_631_zero_point'. It is no longer used by any node.
2026-10-01 16:02:16.407438327 [I:onnxruntime:, graph.cc:4888 CleanUnusedInitializersAndNodeArgs] Removing initializer '/layer3/layer3.5/relu_2/Relu_output_0_zero_point'. It is no longer used by any node.
2026-10-01 16:02:16.407439389 [I:onnxruntime:, graph.cc:4888 CleanUnusedInitializersAndNodeArgs] Removing initializer 'onnx::Conv_628_quantized'. It is no longer used by any node.
2026-10-01 16:02:16.407440611 [I:onnxruntime:, graph.cc:4888 CleanUnusedInitializersAndNodeArgs] Removing initializer 'onnx::Conv_628_zero_point'. It is no longer used by any node.
2026-10-01 16:02:16.407441693 [I:onnxruntime:, graph.cc:4888 CleanUnusedInitializersAndNodeArgs] Removing initializer 'onnx::Conv_627_quantized'. It is no longer used by any node.
2026-10-01 16:02:16.407442965 [I:onnxruntime:, graph.cc:4888 CleanUnusedInitializersAndNodeArgs] Removing initializer 'onnx::Conv_627_zero_point'. It is no longer used by any node.
2026-10-01 16:02:16.407444017 [I:onnxruntime:, graph.cc:4888 CleanUnusedInitializersAndNodeArgs] Removing initializer '/layer3/layer3.5/relu_1/Relu_output_0_zero_point'. It is no longer used by any node.
2026-10-01 16:02:16.407445078 [I:onnxruntime:, graph.cc:4888 CleanUnusedInitializersAndNodeArgs] Removing initializer 'onnx::Conv_624_quantized'. It is no longer used by any node.
2026-10-01 16:02:16.407446320 [I:onnxruntime:, graph.cc:4888 CleanUnusedInitializersAndNodeArgs] Removing initializer 'onnx::Conv_633_zero_point'. It is no longer used by any node.
2026-10-01 16:02:16.407447502 [I:onnxruntime:, graph.cc:4888 CleanUnusedInitializersAndNodeArgs] Removing initializer 'onnx::Conv_624_zero_point'. It is no longer used by any node.
2026-10-01 16:02:16.407448674 [I:onnxruntime:, graph.cc:4888 CleanUnusedInitializersAndNodeArgs] Removing initializer '/layer4/layer4.1/relu/Relu_output_0_zero_point'. It is no longer used by any node.
2026-10-01 16:02:16.407449736 [I:onnxruntime:, graph.cc:4888 CleanUnusedInitializersAndNodeArgs] Removing initializer '/layer3/layer3.5/relu/Relu_output_0_zero_point'. It is no longer used by any node.
2026-10-01 16:02:16.407450878 [I:onnxruntime:, graph.cc:4888 CleanUnusedInitializersAndNodeArgs] Removing initializer 'onnx::Conv_622_quantized'. It is no longer used by any node.
2026-10-01 16:02:16.407452220 [I:onnxruntime:, graph.cc:4888 CleanUnusedInitializersAndNodeArgs] Removing initializer 'onnx::Conv_622_zero_point'. It is no longer used by any node.
2026-10-01 16:02:16.407453362 [I:onnxruntime:, graph.cc:4888 CleanUnusedInitializersAndNodeArgs] Removing initializer 'onnx::Conv_619_quantized'. It is no longer used by any node.
2026-10-01 16:02:16.407454804 [I:onnxruntime:, graph.cc:4888 CleanUnusedInitializersAndNodeArgs] Removing initializer 'onnx::Conv_649_quantized'. It is no longer used by any node.
2026-10-01 16:02:16.407455926 [I:onnxruntime:, graph.cc:4888 CleanUnusedInitializersAndNodeArgs] Removing initializer 'onnx::Conv_618_zero_point'. It is no longer used by any node.
2026-10-01 16:02:16.407457219 [I:onnxruntime:, graph.cc:4888 CleanUnusedInitializersAndNodeArgs] Removing initializer 'onnx::Conv_643_quantized'. It is no longer used by any node.
2026-10-01 16:02:16.407458280 [I:onnxruntime:, graph.cc:4888 CleanUnusedInitializersAndNodeArgs] Removing initializer '/layer3/layer3.4/relu_1/Relu_output_0_zero_point'. It is no longer used by any node.
2026-10-01 16:02:16.407459512 [I:onnxruntime:, graph.cc:4888 CleanUnusedInitializersAndNodeArgs] Removing initializer 'onnx::Conv_616_scale'. It is no longer used by any node.
2026-10-01 16:02:16.407461345 [I:onnxruntime:, graph.cc:4888 CleanUnusedInitializersAndNodeArgs] Removing initializer 'onnx::Conv_615_quantized'. It is no longer used by any node.
2026-10-01 16:02:16.407462627 [I:onnxruntime:, graph.cc:4888 CleanUnusedInitializersAndNodeArgs] Removing initializer 'onnx::Conv_615_zero_point'. It is no longer used by any node.
2026-10-01 16:02:16.407463779 [I:onnxruntime:, graph.cc:4888 CleanUnusedInitializersAndNodeArgs] Removing initializer 'onnx::Conv_646_zero_point'. It is no longer used by any node.
2026-10-01 16:02:16.407464921 [I:onnxruntime:, graph.cc:4888 CleanUnusedInitializersAndNodeArgs] Removing initializer 'onnx::Conv_612_quantized'. It is no longer used by any node.
2026-10-01 16:02:16.407466163 [I:onnxruntime:, graph.cc:4888 CleanUnusedInitializersAndNodeArgs] Removing initializer 'onnx::Conv_610_quantized'. It is no longer used by any node.
2026-10-01 16:02:16.407467195 [I:onnxruntime:, graph.cc:4888 CleanUnusedInitializersAndNodeArgs] Removing initializer 'onnx::Conv_621_quantized'. It is no longer used by any node.
2026-10-01 16:02:16.407468327 [I:onnxruntime:, graph.cc:4888 CleanUnusedInitializersAndNodeArgs] Removing initializer 'onnx::Conv_609_quantized'. It is no longer used by any node.
2026-10-01 16:02:16.407469379 [I:onnxruntime:, graph.cc:4888 CleanUnusedInitializersAndNodeArgs] Removing initializer 'onnx::Conv_609_zero_point'. It is no longer used by any node.
2026-10-01 16:02:16.407470461 [I:onnxruntime:, graph.cc:4888 CleanUnusedInitializersAndNodeArgs] Removing initializer '/layer3/layer3.3/conv3/Conv_output_0_zero_point'. It is no longer used by any node.
2026-10-01 16:02:16.407471522 [I:onnxruntime:, graph.cc:4888 CleanUnusedInitializersAndNodeArgs] Removing initializer 'onnx::Conv_607_zero_point'. It is no longer used by any node.
2026-10-01 16:02:16.407473155 [I:onnxruntime:, graph.cc:4888 CleanUnusedInitializersAndNodeArgs] Removing initializer 'onnx::Conv_631_quantized'. It is no longer used by any node.
2026-10-01 16:02:16.407474227 [I:onnxruntime:, graph.cc:4888 CleanUnusedInitializersAndNodeArgs] Removing initializer '/avgpool/GlobalAveragePool_output_0_zero_point'. It is no longer used by any node.
2026-10-01 16:02:16.407475279 [I:onnxruntime:, graph.cc:4888 CleanUnusedInitializersAndNodeArgs] Removing initializer 'onnx::Conv_625_quantized'. It is no longer used by any node.
2026-10-01 16:02:16.407476310 [I:onnxruntime:, graph.cc:4888 CleanUnusedInitializersAndNodeArgs] Removing initializer 'onnx::Conv_606_zero_point'. It is no longer used by any node.
2026-10-01 16:02:16.407477322 [I:onnxruntime:, graph.cc:4888 CleanUnusedInitializersAndNodeArgs] Removing initializer '/layer3/layer3.4/relu_2/Relu_output_0_zero_point'. It is no longer used by any node.
2026-10-01 16:02:16.407478314 [I:onnxruntime:, graph.cc:4888 CleanUnusedInitializersAndNodeArgs] Removing initializer 'onnx::Conv_604_quantized'. It is no longer used by any node.
2026-10-01 16:02:16.407479475 [I:onnxruntime:, graph.cc:4888 CleanUnusedInitializersAndNodeArgs] Removing initializer 'onnx::Conv_645_quantized'. It is no longer used by any node.
2026-10-01 16:02:16.407480487 [I:onnxruntime:, graph.cc:4888 CleanUnusedInitializersAndNodeArgs] Removing initializer '/layer3/layer3.2/relu_2/Relu_output_0_zero_point'. It is no longer used by any node.
2026-10-01 16:02:16.407481619 [I:onnxruntime:, graph.cc:4888 CleanUnusedInitializersAndNodeArgs] Removing initializer 'onnx::Conv_601_quantized'. It is no longer used by any node.
2026-10-01 16:02:16.407482751 [I:onnxruntime:, graph.cc:4888 CleanUnusedInitializersAndNodeArgs] Removing initializer 'onnx::Conv_601_zero_point'. It is no longer used by any node.
2026-10-01 16:02:16.407484494 [I:onnxruntime:, graph.cc:4888 CleanUnusedInitializersAndNodeArgs] Removing initializer 'onnx::Conv_600_quantized'. It is no longer used by any node.
2026-10-01 16:02:16.407486257 [I:onnxruntime:, graph.cc:4888 CleanUnusedInitializersAndNodeArgs] Removing initializer '/layer3/layer3.2/relu_1/Relu_output_0_zero_point'. It is no longer used by any node.
2026-10-01 16:02:16.407489392 [I:onnxruntime:, graph.cc:4888 CleanUnusedInitializersAndNodeArgs] Removing initializer 'fc.0.bias_quantized'. It is no longer used by any node.
2026-10-01 16:02:16.407491435 [I:onnxruntime:, graph.cc:4888 CleanUnusedInitializersAndNodeArgs] Removing initializer 'onnx::Conv_618_quantized'. It is no longer used by any node.
2026-10-01 16:02:16.407492517 [I:onnxruntime:, graph.cc:4888 CleanUnusedInitializersAndNodeArgs] Removing initializer 'onnx::Conv_598_zero_point'. It is no longer used by any node.
2026-10-01 16:02:16.407493579 [I:onnxruntime:, graph.cc:4888 CleanUnusedInitializersAndNodeArgs] Removing initializer 'onnx::Conv_597_quantized'. It is no longer used by any node.
2026-10-01 16:02:16.407494721 [I:onnxruntime:, graph.cc:4888 CleanUnusedInitializersAndNodeArgs] Removing initializer 'onnx::Conv_597_zero_point'. It is no longer used by any node.
2026-10-01 16:02:16.407495743 [I:onnxruntime:, graph.cc:4888 CleanUnusedInitializersAndNodeArgs] Removing initializer 'onnx::Conv_595_quantized'. It is no longer used by any node.
2026-10-01 16:02:16.407496864 [I:onnxruntime:, graph.cc:4888 CleanUnusedInitializersAndNodeArgs] Removing initializer 'onnx::Conv_595_zero_point'. It is no longer used by any node.
2026-10-01 16:02:16.407498046 [I:onnxruntime:, graph.cc:4888 CleanUnusedInitializersAndNodeArgs] Removing initializer 'onnx::Conv_594_quantized'. It is no longer used by any node.
2026-10-01 16:02:16.407499208 [I:onnxruntime:, graph.cc:4888 CleanUnusedInitializersAndNodeArgs] Removing initializer 'onnx::Conv_594_zero_point'. It is no longer used by any node.
2026-10-01 16:02:16.407500320 [I:onnxruntime:, graph.cc:4888 CleanUnusedInitializersAndNodeArgs] Removing initializer '/layer3/layer3.1/relu_2/Relu_output_0_zero_point'. It is no longer used by any node.
2026-10-01 16:02:16.407501582 [I:onnxruntime:, graph.cc:4888 CleanUnusedInitializersAndNodeArgs] Removing initializer 'onnx::Conv_592_quantized'. It is no longer used by any node.
2026-10-01 16:02:16.407502644 [I:onnxruntime:, graph.cc:4888 CleanUnusedInitializersAndNodeArgs] Removing initializer 'onnx::Conv_591_quantized'. It is no longer used by any node.
2026-10-01 16:02:16.407503686 [I:onnxruntime:, graph.cc:4888 CleanUnusedInitializersAndNodeArgs] Removing initializer 'onnx::Conv_568_zero_point'. It is no longer used by any node.
2026-10-01 16:02:16.407504828 [I:onnxruntime:, graph.cc:4888 CleanUnusedInitializersAndNodeArgs] Removing initializer 'onnx::Conv_576_quantized'. It is no longer used by any node.
2026-10-01 16:02:16.407505839 [I:onnxruntime:, graph.cc:4888 CleanUnusedInitializersAndNodeArgs] Removing initializer 'onnx::Conv_540_zero_point'. It is no longer used by any node.
2026-10-01 16:02:16.407506951 [I:onnxruntime:, graph.cc:4888 CleanUnusedInitializersAndNodeArgs] Removing initializer 'onnx::Conv_502_quantized'. It is no longer used by any node.
2026-10-01 16:02:16.407508033 [I:onnxruntime:, graph.cc:4888 CleanUnusedInitializersAndNodeArgs] Removing initializer '/layer2/layer2.0/conv3/Conv_output_0_zero_point'. It is no longer used by any node.
2026-10-01 16:02:16.407509445 [I:onnxruntime:, graph.cc:4888 CleanUnusedInitializersAndNodeArgs] Removing initializer 'fc.2.weight_quantized'. It is no longer used by any node.
2026-10-01 16:02:16.407510557 [I:onnxruntime:, graph.cc:4888 CleanUnusedInitializersAndNodeArgs] Removing initializer 'onnx::Conv_519_zero_point'. It is no longer used by any node.
2026-10-01 16:02:16.407511609 [I:onnxruntime:, graph.cc:4888 CleanUnusedInitializersAndNodeArgs] Removing initializer 'onnx::Conv_612_zero_point'. It is no longer used by any node.
2026-10-01 16:02:16.407512811 [I:onnxruntime:, graph.cc:4888 CleanUnusedInitializersAndNodeArgs] Removing initializer 'onnx::Conv_538_zero_point'. It is no longer used by any node.
2026-10-01 16:02:16.407514163 [I:onnxruntime:, graph.cc:4888 CleanUnusedInitializersAndNodeArgs] Removing initializer 'onnx::Conv_591_zero_point'. It is no longer used by any node.
2026-10-01 16:02:16.407516187 [I:onnxruntime:, graph.cc:4888 CleanUnusedInitializersAndNodeArgs] Removing initializer 'onnx::Conv_537_zero_point'. It is no longer used by any node.
2026-10-01 16:02:16.407517589 [I:onnxruntime:, graph.cc:4888 CleanUnusedInitializersAndNodeArgs] Removing initializer 'onnx::Conv_567_quantized'. It is no longer used by any node.
2026-10-01 16:02:16.407518631 [I:onnxruntime:, graph.cc:4888 CleanUnusedInitializersAndNodeArgs] Removing initializer 'onnx::Conv_619_zero_point'. It is no longer used by any node.
2026-10-01 16:02:16.407519793 [I:onnxruntime:, graph.cc:4888 CleanUnusedInitializersAndNodeArgs] Removing initializer 'onnx::Conv_561_zero_point'. It is no longer used by any node.
2026-10-01 16:02:16.407520844 [I:onnxruntime:, graph.cc:4888 CleanUnusedInitializersAndNodeArgs] Removing initializer 'onnx::Conv_531_zero_point'. It is no longer used by any node.
2026-10-01 16:02:16.407521856 [I:onnxruntime:, graph.cc:4888 CleanUnusedInitializersAndNodeArgs] Removing initializer 'onnx::Conv_543_zero_point'. It is no longer used by any node.
2026-10-01 16:02:16.407523098 [I:onnxruntime:, graph.cc:4888 CleanUnusedInitializersAndNodeArgs] Removing initializer 'onnx::Conv_540_quantized'. It is no longer used by any node.
2026-10-01 16:02:16.407524170 [I:onnxruntime:, graph.cc:4888 CleanUnusedInitializersAndNodeArgs] Removing initializer 'onnx::Conv_532_zero_point'. It is no longer used by any node.
2026-10-01 16:02:16.407525322 [I:onnxruntime:, graph.cc:4888 CleanUnusedInitializersAndNodeArgs] Removing initializer 'onnx::Conv_639_zero_point'. It is no longer used by any node.
2026-10-01 16:02:16.407526434 [I:onnxruntime:, graph.cc:4888 CleanUnusedInitializersAndNodeArgs] Removing initializer 'onnx::Conv_610_zero_point'. It is no longer used by any node.
2026-10-01 16:02:16.407527475 [I:onnxruntime:, graph.cc:4888 CleanUnusedInitializersAndNodeArgs] Removing initializer '/layer1/layer1.2/conv3/Conv_output_0_zero_point'. It is no longer used by any node.
2026-10-01 16:02:16.407528517 [I:onnxruntime:, graph.cc:4888 CleanUnusedInitializersAndNodeArgs] Removing initializer 'onnx::Conv_582_quantized'. It is no longer used by any node.
2026-10-01 16:02:16.407529539 [I:onnxruntime:, graph.cc:4888 CleanUnusedInitializersAndNodeArgs] Removing initializer 'onnx::Conv_570_quantized'. It is no longer used by any node.
2026-10-01 16:02:16.407530600 [I:onnxruntime:, graph.cc:4888 CleanUnusedInitializersAndNodeArgs] Removing initializer 'onnx::Conv_651_quantized'. It is no longer used by any node.
2026-10-01 16:02:16.407531672 [I:onnxruntime:, graph.cc:4888 CleanUnusedInitializersAndNodeArgs] Removing initializer 'onnx::Conv_532_quantized'. It is no longer used by any node.
2026-10-01 16:02:16.407532774 [I:onnxruntime:, graph.cc:4888 CleanUnusedInitializersAndNodeArgs] Removing initializer 'onnx::Conv_517_zero_point'. It is no longer used by any node.
2026-10-01 16:02:16.407533826 [I:onnxruntime:, graph.cc:4888 CleanUnusedInitializersAndNodeArgs] Removing initializer 'onnx::Conv_643_zero_point'. It is no longer used by any node.
2026-10-01 16:02:16.407535118 [I:onnxruntime:, graph.cc:4888 CleanUnusedInitializersAndNodeArgs] Removing initializer 'onnx::Conv_613_zero_point'. It is no longer used by any node.
2026-10-01 16:02:16.407536160 [I:onnxruntime:, graph.cc:4888 CleanUnusedInitializersAndNodeArgs] Removing initializer '/layer1/layer1.2/relu_1/Relu_output_0_zero_point'. It is no longer used by any node.
2026-10-01 16:02:16.407537191 [I:onnxruntime:, graph.cc:4888 CleanUnusedInitializersAndNodeArgs] Removing initializer 'onnx::Conv_528_quantized'. It is no longer used by any node.
2026-10-01 16:02:16.407538353 [I:onnxruntime:, graph.cc:4888 CleanUnusedInitializersAndNodeArgs] Removing initializer 'onnx::Conv_570_scale'. It is no longer used by any node.
2026-10-01 16:02:16.407539435 [I:onnxruntime:, graph.cc:4888 CleanUnusedInitializersAndNodeArgs] Removing initializer 'onnx::Conv_588_quantized'. It is no longer used by any node.
2026-10-01 16:02:16.407540837 [I:onnxruntime:, graph.cc:4888 CleanUnusedInitializersAndNodeArgs] Removing initializer '/layer3/layer3.3/relu/Relu_output_0_zero_point'. It is no longer used by any node.
2026-10-01 16:02:16.407542650 [I:onnxruntime:, graph.cc:4888 CleanUnusedInitializersAndNodeArgs] Removing initializer '/layer2/layer2.0/downsample/downsample.0/Conv_output_0_zero_point'. It is no longer used by any node.
2026-10-01 16:02:16.407543792 [I:onnxruntime:, graph.cc:4888 CleanUnusedInitializersAndNodeArgs] Removing initializer 'fc.0.weight_quantized'. It is no longer used by any node.
2026-10-01 16:02:16.407544944 [I:onnxruntime:, graph.cc:4888 CleanUnusedInitializersAndNodeArgs] Removing initializer 'onnx::Conv_534_zero_point'. It is no longer used by any node.
2026-10-01 16:02:16.407546367 [I:onnxruntime:, graph.cc:4888 CleanUnusedInitializersAndNodeArgs] Removing initializer '/layer1/layer1.0/relu_2/Relu_output_0_zero_point'. It is no longer used by any node.
2026-10-01 16:02:16.407547418 [I:onnxruntime:, graph.cc:4888 CleanUnusedInitializersAndNodeArgs] Removing initializer 'onnx::Conv_574_quantized'. It is no longer used by any node.
2026-10-01 16:02:16.407548530 [I:onnxruntime:, graph.cc:4888 CleanUnusedInitializersAndNodeArgs] Removing initializer 'onnx::Conv_603_zero_point'. It is no longer used by any node.
2026-10-01 16:02:16.407549822 [I:onnxruntime:, graph.cc:4888 CleanUnusedInitializersAndNodeArgs] Removing initializer 'onnx::Conv_541_zero_point'. It is no longer used by any node.
2026-10-01 16:02:16.407551355 [I:onnxruntime:, graph.cc:4888 CleanUnusedInitializersAndNodeArgs] Removing initializer 'onnx::Conv_616_zero_point'. It is no longer used by any node.
2026-10-01 16:02:16.407552417 [I:onnxruntime:, graph.cc:4888 CleanUnusedInitializersAndNodeArgs] Removing initializer 'onnx::Conv_505_quantized'. It is no longer used by any node.
2026-10-01 16:02:16.407553709 [I:onnxruntime:, graph.cc:4888 CleanUnusedInitializersAndNodeArgs] Removing initializer 'onnx::Conv_525_zero_point'. It is no longer used by any node.
2026-10-01 16:02:16.407554911 [I:onnxruntime:, graph.cc:4888 CleanUnusedInitializersAndNodeArgs] Removing initializer 'onnx::Conv_501_quantized'. It is no longer used by any node.
2026-10-01 16:02:16.407555913 [I:onnxruntime:, graph.cc:4888 CleanUnusedInitializersAndNodeArgs] Removing initializer 'onnx::Conv_520_zero_point'. It is no longer used by any node.
2026-10-01 16:02:16.407557004 [I:onnxruntime:, graph.cc:4888 CleanUnusedInitializersAndNodeArgs] Removing initializer 'onnx::Conv_625_zero_point'. It is no longer used by any node.
2026-10-01 16:02:16.407558166 [I:onnxruntime:, graph.cc:4888 CleanUnusedInitializersAndNodeArgs] Removing initializer 'onnx::Conv_526_zero_point'. It is no longer used by any node.
2026-10-01 16:02:16.407559228 [I:onnxruntime:, graph.cc:4888 CleanUnusedInitializersAndNodeArgs] Removing initializer '/layer1/layer1.1/relu_2/Relu_output_0_zero_point'. It is no longer used by any node.
2026-10-01 16:02:16.407560380 [I:onnxruntime:, graph.cc:4888 CleanUnusedInitializersAndNodeArgs] Removing initializer 'onnx::Conv_613_quantized'. It is no longer used by any node.
2026-10-01 16:02:16.407561442 [I:onnxruntime:, graph.cc:4888 CleanUnusedInitializersAndNodeArgs] Removing initializer 'onnx::Conv_549_zero_point'. It is no longer used by any node.
2026-10-01 16:02:16.407562574 [I:onnxruntime:, graph.cc:4888 CleanUnusedInitializersAndNodeArgs] Removing initializer '/layer3/layer3.0/relu_2/Relu_output_0_zero_point'. It is no longer used by any node.
2026-10-01 16:02:16.407563766 [I:onnxruntime:, graph.cc:4888 CleanUnusedInitializersAndNodeArgs] Removing initializer 'onnx::Conv_523_quantized'. It is no longer used by any node.
2026-10-01 16:02:16.407564887 [I:onnxruntime:, graph.cc:4888 CleanUnusedInitializersAndNodeArgs] Removing initializer 'onnx::Conv_507_quantized'. It is no longer used by any node.
2026-10-01 16:02:16.407565979 [I:onnxruntime:, graph.cc:4888 CleanUnusedInitializersAndNodeArgs] Removing initializer '/layer4/layer4.0/downsample/downsample.0/Conv_output_0_zero_point'. It is no longer used by any node.
2026-10-01 16:02:16.407567211 [I:onnxruntime:, graph.cc:4888 CleanUnusedInitializersAndNodeArgs] Removing initializer 'onnx::Conv_547_zero_point'. It is no longer used by any node.
2026-10-01 16:02:16.407568944 [I:onnxruntime:, graph.cc:4888 CleanUnusedInitializersAndNodeArgs] Removing initializer '/relu/Relu_output_0_zero_point'. It is no longer used by any node.
2026-10-01 16:02:16.407570276 [I:onnxruntime:, graph.cc:4888 CleanUnusedInitializersAndNodeArgs] Removing initializer '/layer3/layer3.4/conv3/Conv_output_0_zero_point'. It is no longer used by any node.
2026-10-01 16:02:16.407571338 [I:onnxruntime:, graph.cc:4888 CleanUnusedInitializersAndNodeArgs] Removing initializer 'onnx::Conv_523_zero_point'. It is no longer used by any node.
2026-10-01 16:02:16.407572480 [I:onnxruntime:, graph.cc:4888 CleanUnusedInitializersAndNodeArgs] Removing initializer 'onnx::Conv_652_quantized'. It is no longer used by any node.
2026-10-01 16:02:16.407573612 [I:onnxruntime:, graph.cc:4888 CleanUnusedInitializersAndNodeArgs] Removing initializer 'onnx::Conv_550_quantized'. It is no longer used by any node.
2026-10-01 16:02:16.407574654 [I:onnxruntime:, graph.cc:4888 CleanUnusedInitializersAndNodeArgs] Removing initializer '/layer2/layer2.2/relu_1/Relu_output_0_zero_point'. It is no longer used by any node.
2026-10-01 16:02:16.407575695 [I:onnxruntime:, graph.cc:4888 CleanUnusedInitializersAndNodeArgs] Removing initializer 'onnx::Conv_522_quantized'. It is no longer used by any node.
2026-10-01 16:02:16.407576737 [I:onnxruntime:, graph.cc:4888 CleanUnusedInitializersAndNodeArgs] Removing initializer 'onnx::Conv_522_zero_point'. It is no longer used by any node.
2026-10-01 16:02:16.407577879 [I:onnxruntime:, graph.cc:4888 CleanUnusedInitializersAndNodeArgs] Removing initializer 'onnx::Conv_561_quantized'. It is no longer used by any node.
2026-10-01 16:02:16.407578931 [I:onnxruntime:, graph.cc:4888 CleanUnusedInitializersAndNodeArgs] Removing initializer 'onnx::Conv_577_zero_point'. It is no longer used by any node.
2026-10-01 16:02:16.407580003 [I:onnxruntime:, graph.cc:4888 CleanUnusedInitializersAndNodeArgs] Removing initializer 'onnx::Conv_642_scale'. It is no longer used by any node.
2026-10-01 16:02:16.407581114 [I:onnxruntime:, graph.cc:4888 CleanUnusedInitializersAndNodeArgs] Removing initializer 'onnx::Conv_637_zero_point'. It is no longer used by any node.
2026-10-01 16:02:16.407582216 [I:onnxruntime:, graph.cc:4888 CleanUnusedInitializersAndNodeArgs] Removing initializer '/layer1/layer1.1/conv3/Conv_output_0_zero_point'. It is no longer used by any node.
2026-10-01 16:02:16.407583278 [I:onnxruntime:, graph.cc:4888 CleanUnusedInitializersAndNodeArgs] Removing initializer 'onnx::Conv_531_quantized'. It is no longer used by any node.
2026-10-01 16:02:16.407584330 [I:onnxruntime:, graph.cc:4888 CleanUnusedInitializersAndNodeArgs] Removing initializer '/layer2/layer2.1/conv3/Conv_output_0_zero_point'. It is no longer used by any node.
2026-10-01 16:02:16.407585472 [I:onnxruntime:, graph.cc:4888 CleanUnusedInitializersAndNodeArgs] Removing initializer '/layer4/layer4.2/conv3/Conv_output_0_zero_point'. It is no longer used by any node.
2026-10-01 16:02:16.407586513 [I:onnxruntime:, graph.cc:4888 CleanUnusedInitializersAndNodeArgs] Removing initializer 'onnx::Conv_577_quantized'. It is no longer used by any node.
2026-10-01 16:02:16.407587545 [I:onnxruntime:, graph.cc:4888 CleanUnusedInitializersAndNodeArgs] Removing initializer 'onnx::Conv_526_quantized'. It is no longer used by any node.
2026-10-01 16:02:16.407588607 [I:onnxruntime:, graph.cc:4888 CleanUnusedInitializersAndNodeArgs] Removing initializer '/layer1/layer1.0/relu_1/Relu_output_0_zero_point'. It is no longer used by any node.
2026-10-01 16:02:16.407589839 [I:onnxruntime:, graph.cc:4888 CleanUnusedInitializersAndNodeArgs] Removing initializer '/layer1/layer1.0/relu/Relu_output_0_zero_point'. It is no longer used by any node.
2026-10-01 16:02:16.407590891 [I:onnxruntime:, graph.cc:4888 CleanUnusedInitializersAndNodeArgs] Removing initializer 'onnx::Conv_538_quantized'. It is no longer used by any node.
2026-10-01 16:02:16.407592654 [I:onnxruntime:, graph.cc:4888 CleanUnusedInitializersAndNodeArgs] Removing initializer '/layer3/layer3.0/conv3/Conv_output_0_zero_point'. It is no longer used by any node.
2026-10-01 16:02:16.407593836 [I:onnxruntime:, graph.cc:4888 CleanUnusedInitializersAndNodeArgs] Removing initializer 'onnx::Conv_537_quantized'. It is no longer used by any node.
2026-10-01 16:02:16.407594907 [I:onnxruntime:, graph.cc:4888 CleanUnusedInitializersAndNodeArgs] Removing initializer 'onnx::Conv_570_zero_point'. It is no longer used by any node.
2026-10-01 16:02:16.407595979 [I:onnxruntime:, graph.cc:4888 CleanUnusedInitializersAndNodeArgs] Removing initializer 'onnx::Conv_534_quantized'. It is no longer used by any node.
2026-10-01 16:02:16.407597041 [I:onnxruntime:, graph.cc:4888 CleanUnusedInitializersAndNodeArgs] Removing initializer '/layer1/layer1.0/conv3/Conv_output_0_zero_point'. It is no longer used by any node.
2026-10-01 16:02:16.407599084 [I:onnxruntime:, graph.cc:4888 CleanUnusedInitializersAndNodeArgs] Removing initializer '/layer1/layer1.1/relu/Relu_output_0_zero_point'. It is no longer used by any node.
2026-10-01 16:02:16.407600877 [I:onnxruntime:, graph.cc:4888 CleanUnusedInitializersAndNodeArgs] Removing initializer 'onnx::Conv_541_quantized'. It is no longer used by any node.
2026-10-01 16:02:16.407602610 [I:onnxruntime:, graph.cc:4888 CleanUnusedInitializersAndNodeArgs] Removing initializer 'onnx::Conv_586_quantized'. It is no longer used by any node.
2026-10-01 16:02:16.407604193 [I:onnxruntime:, graph.cc:4888 CleanUnusedInitializersAndNodeArgs] Removing initializer 'onnx::Conv_510_zero_point'. It is no longer used by any node.
2026-10-01 16:02:16.407605375 [I:onnxruntime:, graph.cc:4888 CleanUnusedInitializersAndNodeArgs] Removing initializer 'onnx::Conv_598_quantized'. It is no longer used by any node.
2026-10-01 16:02:16.407606457 [I:onnxruntime:, graph.cc:4888 CleanUnusedInitializersAndNodeArgs] Removing initializer '/layer2/layer2.0/relu_1/Relu_output_0_zero_point'. It is no longer used by any node.
2026-10-01 16:02:16.407607628 [I:onnxruntime:, graph.cc:4888 CleanUnusedInitializersAndNodeArgs] Removing initializer '/layer3/layer3.2/relu/Relu_output_0_zero_point'. It is no longer used by any node.
2026-10-01 16:02:16.407614049 [I:onnxruntime:, graph.cc:4888 CleanUnusedInitializersAndNodeArgs] Removing initializer 'onnx::Conv_640_zero_point'. It is no longer used by any node.
2026-10-01 16:02:16.407615622 [I:onnxruntime:, graph.cc:4888 CleanUnusedInitializersAndNodeArgs] Removing initializer 'onnx::Conv_582_zero_point'. It is no longer used by any node.
2026-10-01 16:02:16.407617234 [I:onnxruntime:, graph.cc:4888 CleanUnusedInitializersAndNodeArgs] Removing initializer 'onnx::Conv_505_zero_point'. It is no longer used by any node.
2026-10-01 16:02:16.407618326 [I:onnxruntime:, graph.cc:4888 CleanUnusedInitializersAndNodeArgs] Removing initializer 'onnx::Conv_648_quantized'. It is no longer used by any node.
2026-10-01 16:02:16.407619378 [I:onnxruntime:, graph.cc:4888 CleanUnusedInitializersAndNodeArgs] Removing initializer 'onnx::Conv_508_zero_point'. It is no longer used by any node.
2026-10-01 16:02:16.407620570 [I:onnxruntime:, graph.cc:4888 CleanUnusedInitializersAndNodeArgs] Removing initializer 'onnx::Conv_514_zero_point'. It is no longer used by any node.
2026-10-01 16:02:16.407621802 [I:onnxruntime:, graph.cc:4888 CleanUnusedInitializersAndNodeArgs] Removing initializer 'onnx::Conv_646_quantized'. It is no longer used by any node.
2026-10-01 16:02:16.407622834 [I:onnxruntime:, graph.cc:4888 CleanUnusedInitializersAndNodeArgs] Removing initializer '/layer1/layer1.1/conv3/Conv_output_0_scale'. It is no longer used by any node.
2026-10-01 16:02:16.407623865 [I:onnxruntime:, graph.cc:4888 CleanUnusedInitializersAndNodeArgs] Removing initializer 'onnx::Conv_516_zero_point'. It is no longer used by any node.
2026-10-01 16:02:16.407624927 [I:onnxruntime:, graph.cc:4888 CleanUnusedInitializersAndNodeArgs] Removing initializer '/layer3/layer3.2/conv3/Conv_output_0_zero_point'. It is no longer used by any node.
2026-10-01 16:02:16.407626820 [I:onnxruntime:, graph.cc:4888 CleanUnusedInitializersAndNodeArgs] Removing initializer 'onnx::Conv_547_quantized'. It is no longer used by any node.
2026-10-01 16:02:16.407628062 [I:onnxruntime:, graph.cc:4888 CleanUnusedInitializersAndNodeArgs] Removing initializer 'onnx::Conv_589_quantized'. It is no longer used by any node.
2026-10-01 16:02:16.407629094 [I:onnxruntime:, graph.cc:4888 CleanUnusedInitializersAndNodeArgs] Removing initializer 'onnx::Conv_621_zero_point'. It is no longer used by any node.
2026-10-01 16:02:16.407630236 [I:onnxruntime:, graph.cc:4888 CleanUnusedInitializersAndNodeArgs] Removing initializer 'onnx::Conv_640_quantized'. It is no longer used by any node.
2026-10-01 16:02:16.407631248 [I:onnxruntime:, graph.cc:4888 CleanUnusedInitializersAndNodeArgs] Removing initializer 'onnx::Conv_630_zero_point'. It is no longer used by any node.
2026-10-01 16:02:16.407632370 [I:onnxruntime:, graph.cc:4888 CleanUnusedInitializersAndNodeArgs] Removing initializer 'onnx::Conv_501_zero_point'. It is no longer used by any node.
2026-10-01 16:02:16.407633391 [I:onnxruntime:, graph.cc:4888 CleanUnusedInitializersAndNodeArgs] Removing initializer 'onnx::Conv_502_zero_point'. It is no longer used by any node.
2026-10-01 16:02:16.407634433 [I:onnxruntime:, graph.cc:4888 CleanUnusedInitializersAndNodeArgs] Removing initializer 'onnx::Conv_607_quantized'. It is no longer used by any node.
2026-10-01 16:02:16.407635615 [I:onnxruntime:, graph.cc:4888 CleanUnusedInitializersAndNodeArgs] Removing initializer 'onnx::Conv_546_quantized'. It is no longer used by any node.
2026-10-01 16:02:16.407636797 [I:onnxruntime:, graph.cc:4888 CleanUnusedInitializersAndNodeArgs] Removing initializer '/layer2/layer2.3/relu_2/Relu_output_0_zero_point'. It is no longer used by any node.
2026-10-01 16:02:16.407637919 [I:onnxruntime:, graph.cc:4888 CleanUnusedInitializersAndNodeArgs] Removing initializer 'onnx::Conv_658_quantized'. It is no longer used by any node.
2026-10-01 16:02:16.407639081 [I:onnxruntime:, graph.cc:4888 CleanUnusedInitializersAndNodeArgs] Removing initializer 'onnx::Conv_604_zero_point'. It is no longer used by any node.
2026-10-01 16:02:16.407640123 [I:onnxruntime:, graph.cc:4888 CleanUnusedInitializersAndNodeArgs] Removing initializer 'onnx::Conv_508_quantized'. It is no longer used by any node.
2026-10-01 16:02:16.407641154 [I:onnxruntime:, graph.cc:4888 CleanUnusedInitializersAndNodeArgs] Removing initializer 'onnx::Conv_516_quantized'. It is no longer used by any node.
2026-10-01 16:02:16.407642296 [I:onnxruntime:, graph.cc:4888 CleanUnusedInitializersAndNodeArgs] Removing initializer 'onnx::Conv_504_quantized'. It is no longer used by any node.
2026-10-01 16:02:16.407643628 [I:onnxruntime:, graph.cc:4888 CleanUnusedInitializersAndNodeArgs] Removing initializer 'onnx::Conv_504_zero_point'. It is no longer used by any node.
2026-10-01 16:02:16.407644640 [I:onnxruntime:, graph.cc:4888 CleanUnusedInitializersAndNodeArgs] Removing initializer 'onnx::Conv_558_quantized'. It is no longer used by any node.
2026-10-01 16:02:16.407645672 [I:onnxruntime:, graph.cc:4888 CleanUnusedInitializersAndNodeArgs] Removing initializer 'onnx::Conv_511_quantized'. It is no longer used by any node.
2026-10-01 16:02:16.407646683 [I:onnxruntime:, graph.cc:4888 CleanUnusedInitializersAndNodeArgs] Removing initializer 'onnx::Conv_579_quantized'. It is no longer used by any node.
2026-10-01 16:02:16.407647725 [I:onnxruntime:, graph.cc:4888 CleanUnusedInitializersAndNodeArgs] Removing initializer '/layer2/layer2.0/relu/Relu_output_0_zero_point'. It is no longer used by any node.
2026-10-01 16:02:16.407648777 [I:onnxruntime:, graph.cc:4888 CleanUnusedInitializersAndNodeArgs] Removing initializer '/layer3/layer3.3/relu_2/Relu_output_0_zero_point'. It is no longer used by any node.
2026-10-01 16:02:16.407649849 [I:onnxruntime:, graph.cc:4888 CleanUnusedInitializersAndNodeArgs] Removing initializer 'onnx::Conv_520_quantized'. It is no longer used by any node.
2026-10-01 16:02:16.407650991 [I:onnxruntime:, graph.cc:4888 CleanUnusedInitializersAndNodeArgs] Removing initializer 'onnx::Conv_654_quantized'. It is no longer used by any node.
2026-10-01 16:02:16.407653054 [I:onnxruntime:, graph.cc:4888 CleanUnusedInitializersAndNodeArgs] Removing initializer '/layer3/layer3.1/relu/Relu_output_0_zero_point'. It is no longer used by any node.
2026-10-01 16:02:16.407654086 [I:onnxruntime:, graph.cc:4888 CleanUnusedInitializersAndNodeArgs] Removing initializer 'onnx::Conv_655_quantized'. It is no longer used by any node.
2026-10-01 16:02:16.407655218 [I:onnxruntime:, graph.cc:4888 CleanUnusedInitializersAndNodeArgs] Removing initializer 'onnx::Conv_552_quantized'. It is no longer used by any node.
2026-10-01 16:02:16.407656279 [I:onnxruntime:, graph.cc:4888 CleanUnusedInitializersAndNodeArgs] Removing initializer 'onnx::Conv_511_zero_point'. It is no longer used by any node.
2026-10-01 16:02:16.407657311 [I:onnxruntime:, graph.cc:4888 CleanUnusedInitializersAndNodeArgs] Removing initializer 'onnx::Conv_513_zero_point'. It is no longer used by any node.
2026-10-01 16:02:16.407658453 [I:onnxruntime:, graph.cc:4888 CleanUnusedInitializersAndNodeArgs] Removing initializer 'onnx::Conv_544_zero_point'. It is no longer used by any node.
2026-10-01 16:02:16.407659525 [I:onnxruntime:, graph.cc:4888 CleanUnusedInitializersAndNodeArgs] Removing initializer 'onnx::Conv_589_zero_point'. It is no longer used by any node.
2026-10-01 16:02:16.407660546 [I:onnxruntime:, graph.cc:4888 CleanUnusedInitializersAndNodeArgs] Removing initializer 'onnx::Conv_514_quantized'. It is no longer used by any node.
2026-10-01 16:02:16.407661588 [I:onnxruntime:, graph.cc:4888 CleanUnusedInitializersAndNodeArgs] Removing initializer 'onnx::Conv_555_quantized'. It is no longer used by any node.
2026-10-01 16:02:16.407662810 [I:onnxruntime:, graph.cc:4888 CleanUnusedInitializersAndNodeArgs] Removing initializer 'onnx::Conv_529_zero_point'. It is no longer used by any node.
2026-10-01 16:02:16.407663912 [I:onnxruntime:, graph.cc:4888 CleanUnusedInitializersAndNodeArgs] Removing initializer 'onnx::Conv_507_zero_point'. It is no longer used by any node.
2026-10-01 16:02:16.407665264 [I:onnxruntime:, graph.cc:4888 CleanUnusedInitializersAndNodeArgs] Removing initializer 'onnx::Conv_513_quantized'. It is no longer used by any node.
2026-10-01 16:02:16.407666266 [I:onnxruntime:, graph.cc:4888 CleanUnusedInitializersAndNodeArgs] Removing initializer 'onnx::Conv_603_quantized'. It is no longer used by any node.
2026-10-01 16:02:16.407667368 [I:onnxruntime:, graph.cc:4888 CleanUnusedInitializersAndNodeArgs] Removing initializer 'onnx::Conv_606_quantized'. It is no longer used by any node.
2026-10-01 16:02:16.407668379 [I:onnxruntime:, graph.cc:4888 CleanUnusedInitializersAndNodeArgs] Removing initializer 'onnx::Conv_519_quantized'. It is no longer used by any node.
2026-10-01 16:02:16.407669381 [I:onnxruntime:, graph.cc:4888 CleanUnusedInitializersAndNodeArgs] Removing initializer 'onnx::Conv_630_quantized'. It is no longer used by any node.
2026-10-01 16:02:16.407670423 [I:onnxruntime:, graph.cc:4888 CleanUnusedInitializersAndNodeArgs] Removing initializer 'onnx::Conv_543_quantized'. It is no longer used by any node.
2026-10-01 16:02:16.407671455 [I:onnxruntime:, graph.cc:4888 CleanUnusedInitializersAndNodeArgs] Removing initializer 'onnx::Conv_544_quantized'. It is no longer used by any node.
2026-10-01 16:02:16.407672617 [I:onnxruntime:, graph.cc:4888 CleanUnusedInitializersAndNodeArgs] Removing initializer 'onnx::Conv_633_quantized'. It is no longer used by any node.
2026-10-01 16:02:16.407673738 [I:onnxruntime:, graph.cc:4888 CleanUnusedInitializersAndNodeArgs] Removing initializer 'onnx::Conv_528_zero_point'. It is no longer used by any node.
2026-10-01 16:02:16.407674770 [I:onnxruntime:, graph.cc:4888 CleanUnusedInitializersAndNodeArgs] Removing initializer 'onnx::Conv_564_zero_point'. It is no longer used by any node.
2026-10-01 16:02:16.407675862 [I:onnxruntime:, graph.cc:4888 CleanUnusedInitializersAndNodeArgs] Removing initializer 'onnx::Conv_525_quantized'. It is no longer used by any node.
2026-10-01 16:02:16.407677685 [I:onnxruntime:, graph.cc:4888 CleanUnusedInitializersAndNodeArgs] Removing initializer 'onnx::Conv_546_zero_point'. It is no longer used by any node.
2026-10-01 16:02:16.407678807 [I:onnxruntime:, graph.cc:4888 CleanUnusedInitializersAndNodeArgs] Removing initializer 'onnx::Conv_558_zero_point'. It is no longer used by any node.
2026-10-01 16:02:16.407679829 [I:onnxruntime:, graph.cc:4888 CleanUnusedInitializersAndNodeArgs] Removing initializer 'onnx::Conv_564_quantized'. It is no longer used by any node.
2026-10-01 16:02:16.407680860 [I:onnxruntime:, graph.cc:4888 CleanUnusedInitializersAndNodeArgs] Removing initializer '/layer2/layer2.1/relu/Relu_output_0_zero_point'. It is no longer used by any node.
2026-10-01 16:02:16.407681982 [I:onnxruntime:, graph.cc:4888 CleanUnusedInitializersAndNodeArgs] Removing initializer 'onnx::Conv_549_quantized'. It is no longer used by any node.
2026-10-01 16:02:16.407683124 [I:onnxruntime:, graph.cc:4888 CleanUnusedInitializersAndNodeArgs] Removing initializer '/layer3/layer3.1/conv3/Conv_output_0_zero_point'. It is no longer used by any node.
2026-10-01 16:02:16.407684166 [I:onnxruntime:, graph.cc:4888 CleanUnusedInitializersAndNodeArgs] Removing initializer 'onnx::Conv_550_zero_point'. It is no longer used by any node.
2026-10-01 16:02:16.407685187 [I:onnxruntime:, graph.cc:4888 CleanUnusedInitializersAndNodeArgs] Removing initializer '/layer3/layer3.5/conv3/Conv_output_0_zero_point'. It is no longer used by any node.
2026-10-01 16:02:16.407686239 [I:onnxruntime:, graph.cc:4888 CleanUnusedInitializersAndNodeArgs] Removing initializer '/layer3/layer3.0/relu/Relu_output_0_zero_point'. It is no longer used by any node.
2026-10-01 16:02:16.407687271 [I:onnxruntime:, graph.cc:4888 CleanUnusedInitializersAndNodeArgs] Removing initializer 'onnx::Conv_583_zero_point'. It is no longer used by any node.
2026-10-01 16:02:16.407688303 [I:onnxruntime:, graph.cc:4888 CleanUnusedInitializersAndNodeArgs] Removing initializer '/layer1/layer1.2/relu_2/Relu_output_0_zero_point'. It is no longer used by any node.
2026-10-01 16:02:16.407689414 [I:onnxruntime:, graph.cc:4888 CleanUnusedInitializersAndNodeArgs] Removing initializer 'onnx::Conv_552_zero_point'. It is no longer used by any node.
2026-10-01 16:02:16.407690456 [I:onnxruntime:, graph.cc:4888 CleanUnusedInitializersAndNodeArgs] Removing initializer 'onnx::Conv_553_zero_point'. It is no longer used by any node.
2026-10-01 16:02:16.407691468 [I:onnxruntime:, graph.cc:4888 CleanUnusedInitializersAndNodeArgs] Removing initializer 'onnx::Conv_559_quantized'. It is no longer used by any node.
2026-10-01 16:02:16.407692500 [I:onnxruntime:, graph.cc:4888 CleanUnusedInitializersAndNodeArgs] Removing initializer '/layer2/layer2.1/relu_2/Relu_output_0_zero_point'. It is no longer used by any node.
2026-10-01 16:02:16.407693511 [I:onnxruntime:, graph.cc:4888 CleanUnusedInitializersAndNodeArgs] Removing initializer 'onnx::Conv_568_quantized'. It is no longer used by any node.
2026-10-01 16:02:16.407694633 [I:onnxruntime:, graph.cc:4888 CleanUnusedInitializersAndNodeArgs] Removing initializer '/layer3/layer3.0/downsample/downsample.0/Conv_output_0_zero_point'. It is no longer used by any node.
2026-10-01 16:02:16.407695855 [I:onnxruntime:, graph.cc:4888 CleanUnusedInitializersAndNodeArgs] Removing initializer 'onnx::Conv_555_zero_point'. It is no longer used by any node.
2026-10-01 16:02:16.407696887 [I:onnxruntime:, graph.cc:4888 CleanUnusedInitializersAndNodeArgs] Removing initializer 'onnx::Conv_573_zero_point'. It is no longer used by any node.
2026-10-01 16:02:16.407697969 [I:onnxruntime:, graph.cc:4888 CleanUnusedInitializersAndNodeArgs] Removing initializer '/layer2/layer2.1/relu_1/Relu_output_0_zero_point'. It is no longer used by any node.
2026-10-01 16:02:16.407699091 [I:onnxruntime:, graph.cc:4888 CleanUnusedInitializersAndNodeArgs] Removing initializer 'onnx::Conv_556_zero_point'. It is no longer used by any node.
2026-10-01 16:02:16.407700242 [I:onnxruntime:, graph.cc:4888 CleanUnusedInitializersAndNodeArgs] Removing initializer 'onnx::Conv_556_quantized'. It is no longer used by any node.
2026-10-01 16:02:16.407702065 [I:onnxruntime:, graph.cc:4888 CleanUnusedInitializersAndNodeArgs] Removing initializer '/layer2/layer2.2/relu/Relu_output_0_zero_point'. It is no longer used by any node.
2026-10-01 16:02:16.407703107 [I:onnxruntime:, graph.cc:4888 CleanUnusedInitializersAndNodeArgs] Removing initializer 'onnx::Conv_642_zero_point'. It is no longer used by any node.
2026-10-01 16:02:16.407704139 [I:onnxruntime:, graph.cc:4888 CleanUnusedInitializersAndNodeArgs] Removing initializer 'onnx::Conv_616_quantized'. It is no longer used by any node.
2026-10-01 16:02:16.407706924 [I:onnxruntime:, graph.cc:4888 CleanUnusedInitializersAndNodeArgs] Removing initializer 'onnx::Conv_562_quantized'. It is no longer used by any node.
2026-10-01 16:02:16.407707965 [I:onnxruntime:, graph.cc:4888 CleanUnusedInitializersAndNodeArgs] Removing initializer '/layer3/layer3.4/relu/Relu_output_0_zero_point'. It is no longer used by any node.
2026-10-01 16:02:16.407709217 [I:onnxruntime:, graph.cc:4888 CleanUnusedInitializersAndNodeArgs] Removing initializer '/Flatten_output_0_zero_point'. It is no longer used by any node.
2026-10-01 16:02:16.407710379 [I:onnxruntime:, graph.cc:4888 CleanUnusedInitializersAndNodeArgs] Removing initializer '/layer2/layer2.2/conv3/Conv_output_0_zero_point'. It is no longer used by any node.
2026-10-01 16:02:16.407711421 [I:onnxruntime:, graph.cc:4888 CleanUnusedInitializersAndNodeArgs] Removing initializer 'onnx::Conv_600_zero_point'. It is no longer used by any node.
2026-10-01 16:02:16.407712563 [I:onnxruntime:, graph.cc:4888 CleanUnusedInitializersAndNodeArgs] Removing initializer '/layer2/layer2.0/relu_2/Relu_output_0_zero_point'. It is no longer used by any node.
2026-10-01 16:02:16.407713605 [I:onnxruntime:, graph.cc:4888 CleanUnusedInitializersAndNodeArgs] Removing initializer 'onnx::Conv_580_quantized'. It is no longer used by any node.
2026-10-01 16:02:16.407714626 [I:onnxruntime:, graph.cc:4888 CleanUnusedInitializersAndNodeArgs] Removing initializer '/layer1/layer1.2/relu/Relu_output_0_zero_point'. It is no longer used by any node.
2026-10-01 16:02:16.407715738 [I:onnxruntime:, graph.cc:4888 CleanUnusedInitializersAndNodeArgs] Removing initializer 'onnx::Conv_562_zero_point'. It is no longer used by any node.
2026-10-01 16:02:16.407716790 [I:onnxruntime:, graph.cc:4888 CleanUnusedInitializersAndNodeArgs] Removing initializer '/layer2/layer2.2/relu_2/Relu_output_0_zero_point'. It is no longer used by any node.
2026-10-01 16:02:16.407718032 [I:onnxruntime:, graph.cc:4888 CleanUnusedInitializersAndNodeArgs] Removing initializer 'onnx::Conv_535_zero_point'. It is no longer used by any node.
2026-10-01 16:02:16.407719124 [I:onnxruntime:, graph.cc:4888 CleanUnusedInitializersAndNodeArgs] Removing initializer 'onnx::Conv_565_zero_point'. It is no longer used by any node.
2026-10-01 16:02:16.407720216 [I:onnxruntime:, graph.cc:4888 CleanUnusedInitializersAndNodeArgs] Removing initializer 'onnx::Conv_565_quantized'. It is no longer used by any node.
2026-10-01 16:02:16.407721418 [I:onnxruntime:, graph.cc:4888 CleanUnusedInitializersAndNodeArgs] Removing initializer 'onnx::Conv_535_quantized'. It is no longer used by any node.
2026-10-01 16:02:16.407722459 [I:onnxruntime:, graph.cc:4888 CleanUnusedInitializersAndNodeArgs] Removing initializer 'onnx::Conv_571_zero_point'. It is no longer used by any node.
2026-10-01 16:02:16.407723671 [I:onnxruntime:, graph.cc:4888 CleanUnusedInitializersAndNodeArgs] Removing initializer '/layer4/layer4.0/relu_1/Relu_output_0_zero_point'. It is no longer used by any node.
2026-10-01 16:02:16.407724753 [I:onnxruntime:, graph.cc:4888 CleanUnusedInitializersAndNodeArgs] Removing initializer '/layer2/layer2.3/relu/Relu_output_0_zero_point'. It is no longer used by any node.
2026-10-01 16:02:16.407725885 [I:onnxruntime:, graph.cc:4888 CleanUnusedInitializersAndNodeArgs] Removing initializer 'onnx::Conv_567_zero_point'. It is no longer used by any node.
2026-10-01 16:02:16.407727918 [I:onnxruntime:, graph.cc:4888 CleanUnusedInitializersAndNodeArgs] Removing initializer 'onnx::Conv_574_zero_point'. It is no longer used by any node.
2026-10-01 16:02:16.407728980 [I:onnxruntime:, graph.cc:4888 CleanUnusedInitializersAndNodeArgs] Removing initializer 'fc.2.bias_zero_point'. It is no longer used by any node.
2026-10-01 16:02:16.407730032 [I:onnxruntime:, graph.cc:4888 CleanUnusedInitializersAndNodeArgs] Removing initializer '/layer3/layer3.3/relu_1/Relu_output_0_zero_point'. It is no longer used by any node.
2026-10-01 16:02:16.407731194 [I:onnxruntime:, graph.cc:4888 CleanUnusedInitializersAndNodeArgs] Removing initializer '/layer2/layer2.3/relu_1/Relu_output_0_zero_point'. It is no longer used by any node.
2026-10-01 16:02:16.407732206 [I:onnxruntime:, graph.cc:4888 CleanUnusedInitializersAndNodeArgs] Removing initializer 'onnx::Conv_592_zero_point'. It is no longer used by any node.
2026-10-01 16:02:16.407733267 [I:onnxruntime:, graph.cc:4888 CleanUnusedInitializersAndNodeArgs] Removing initializer '/layer1/layer1.0/downsample/downsample.0/Conv_output_0_zero_point'. It is no longer used by any node.
2026-10-01 16:02:16.407734600 [I:onnxruntime:, graph.cc:4888 CleanUnusedInitializersAndNodeArgs] Removing initializer '/layer2/layer2.3/conv3/Conv_output_0_zero_point'. It is no longer used by any node.
2026-10-01 16:02:16.407735621 [I:onnxruntime:, graph.cc:4888 CleanUnusedInitializersAndNodeArgs] Removing initializer 'onnx::Conv_553_quantized'. It is no longer used by any node.
2026-10-01 16:02:16.407736623 [I:onnxruntime:, graph.cc:4888 CleanUnusedInitializersAndNodeArgs] Removing initializer 'onnx::Conv_571_quantized'. It is no longer used by any node.
2026-10-01 16:02:16.407737795 [I:onnxruntime:, graph.cc:4888 CleanUnusedInitializersAndNodeArgs] Removing initializer 'onnx::Conv_559_zero_point'. It is no longer used by any node.
2026-10-01 16:02:16.407738857 [I:onnxruntime:, graph.cc:4888 CleanUnusedInitializersAndNodeArgs] Removing initializer 'onnx::Conv_579_zero_point'. It is no longer used by any node.
2026-10-01 16:02:16.407739888 [I:onnxruntime:, graph.cc:4888 CleanUnusedInitializersAndNodeArgs] Removing initializer 'onnx::Conv_510_quantized'. It is no longer used by any node.
2026-10-01 16:02:16.407741140 [I:onnxruntime:, graph.cc:4888 CleanUnusedInitializersAndNodeArgs] Removing initializer 'onnx::Conv_573_quantized'. It is no longer used by any node.
2026-10-01 16:02:16.407742182 [I:onnxruntime:, graph.cc:4888 CleanUnusedInitializersAndNodeArgs] Removing initializer 'onnx::Conv_529_quantized'. It is no longer used by any node.
2026-10-01 16:02:16.407743304 [I:onnxruntime:, graph.cc:4888 CleanUnusedInitializersAndNodeArgs] Removing initializer 'onnx::Conv_576_zero_point'. It is no longer used by any node.
2026-10-01 16:02:16.407744336 [I:onnxruntime:, graph.cc:4888 CleanUnusedInitializersAndNodeArgs] Removing initializer '/layer1/layer1.1/relu_1/Relu_output_0_zero_point'. It is no longer used by any node.
2026-10-01 16:02:16.407745568 [I:onnxruntime:, graph.cc:4888 CleanUnusedInitializersAndNodeArgs] Removing initializer '/layer3/layer3.0/relu_1/Relu_output_0_zero_point'. It is no longer used by any node.
2026-10-01 16:02:16.407746880 [I:onnxruntime:, graph.cc:4888 CleanUnusedInitializersAndNodeArgs] Removing initializer 'onnx::Conv_517_quantized'. It is no longer used by any node.
2026-10-01 16:02:16.407747902 [I:onnxruntime:, graph.cc:4888 CleanUnusedInitializersAndNodeArgs] Removing initializer 'onnx::Conv_585_zero_point'. It is no longer used by any node.
2026-10-01 16:02:16.407749024 [I:onnxruntime:, graph.cc:4888 CleanUnusedInitializersAndNodeArgs] Removing initializer 'onnx::Conv_580_zero_point'. It is no longer used by any node.
2026-10-01 16:02:16.407750085 [I:onnxruntime:, graph.cc:4888 CleanUnusedInitializersAndNodeArgs] Removing initializer 'onnx::Conv_583_quantized'. It is no longer used by any node.
2026-10-01 16:02:16.407751087 [I:onnxruntime:, graph.cc:4888 CleanUnusedInitializersAndNodeArgs] Removing initializer 'onnx::Conv_585_quantized'. It is no longer used by any node.
2026-10-01 16:02:16.407752950 [I:onnxruntime:, graph.cc:4888 CleanUnusedInitializersAndNodeArgs] Removing initializer 'onnx::Conv_586_zero_point'. It is no longer used by any node.
2026-10-01 16:02:16.407754002 [I:onnxruntime:, graph.cc:4888 CleanUnusedInitializersAndNodeArgs] Removing initializer 'onnx::Conv_588_zero_point'. It is no longer used by any node.
2026-10-01 16:02:16.407755094 [I:onnxruntime:, graph.cc:4888 CleanUnusedInitializersAndNodeArgs] Removing initializer '/layer3/layer3.1/relu_1/Relu_output_0_zero_point'. It is no longer used by any node.
2026-10-01 16:02:16.408031633 [I:onnxruntime:, inference_session.cc:1465 TransformGraph] Running graph optimizations in loop 1 time/s (Graph Optimizations Loop Level : 1)
2026-10-01 16:02:16.408039256 [I:onnxruntime:, graph_transformer.cc:15 Apply] GraphTransformer Level2_RuleBasedTransformer modified: 0 with status: OK
2026-10-01 16:02:16.408050535 [I:onnxruntime:, graph_transformer.cc:15 Apply] GraphTransformer TransposeOptimizer_CPUExecutionProvider modified: 0 with status: OK
2026-10-01 16:02:16.408053029 [I:onnxruntime:, graph_transformer.cc:15 Apply] GraphTransformer QDQS8ToU8Transformer modified: 0 with status: OK
2026-10-01 16:02:16.408055884 [I:onnxruntime:, graph_transformer.cc:15 Apply] GraphTransformer QDQSelectorActionTransformer modified: 0 with status: OK
2026-10-01 16:02:16.408059029 [I:onnxruntime:, graph_transformer.cc:15 Apply] GraphTransformer GemmActivationFusion modified: 0 with status: OK
2026-10-01 16:02:16.408061934 [I:onnxruntime:, graph_transformer.cc:15 Apply] GraphTransformer MatMulIntegerToFloatFusion modified: 0 with status: OK
2026-10-01 16:02:16.408064438 [I:onnxruntime:, graph_transformer.cc:15 Apply] GraphTransformer DynamicQuantizeMatMulFusion modified: 0 with status: OK
2026-10-01 16:02:16.408066722 [I:onnxruntime:, graph_transformer.cc:15 Apply] GraphTransformer ConvActivationFusion modified: 0 with status: OK
2026-10-01 16:02:16.408070097 [I:onnxruntime:, graph_transformer.cc:15 Apply] GraphTransformer GeluFusionL2 modified: 0 with status: OK
2026-10-01 16:02:16.408073042 [I:onnxruntime:, graph_transformer.cc:15 Apply] GraphTransformer LayerNormFusionL2 modified: 0 with status: OK
2026-10-01 16:02:16.408075216 [I:onnxruntime:, graph_transformer.cc:15 Apply] GraphTransformer SimplifiedLayerNormFusion modified: 0 with status: OK
2026-10-01 16:02:16.408077499 [I:onnxruntime:, graph_transformer.cc:15 Apply] GraphTransformer AttentionFusion modified: 0 with status: OK
2026-10-01 16:02:16.408079673 [I:onnxruntime:, graph_transformer.cc:15 Apply] GraphTransformer EmbedLayerNormFusion modified: 0 with status: OK
2026-10-01 16:02:16.408082888 [I:onnxruntime:, graph_transformer.cc:15 Apply] GraphTransformer GatherSliceToSplitFusion modified: 0 with status: OK
2026-10-01 16:02:16.408084872 [I:onnxruntime:, graph_transformer.cc:15 Apply] GraphTransformer GatherToSliceFusion modified: 0 with status: OK
2026-10-01 16:02:16.408087186 [I:onnxruntime:, graph_transformer.cc:15 Apply] GraphTransformer MatmulTransposeFusion modified: 0 with status: OK
2026-10-01 16:02:16.408089349 [I:onnxruntime:, graph_transformer.cc:15 Apply] GraphTransformer BiasGeluFusion modified: 0 with status: OK
2026-10-01 16:02:16.408091833 [I:onnxruntime:, graph_transformer.cc:15 Apply] GraphTransformer GroupQueryAttentionFusion modified: 0 with status: OK
2026-10-01 16:02:16.408094097 [I:onnxruntime:, graph_transformer.cc:15 Apply] GraphTransformer MatMulAddFusion modified: 0 with status: OK
2026-10-01 16:02:16.408096471 [I:onnxruntime:, graph_transformer.cc:15 Apply] GraphTransformer SkipLayerNormFusion modified: 0 with status: OK
2026-10-01 16:02:16.408098895 [I:onnxruntime:, graph_transformer.cc:15 Apply] GraphTransformer FastGeluFusion modified: 0 with status: OK
2026-10-01 16:02:16.408101449 [I:onnxruntime:, graph_transformer.cc:15 Apply] GraphTransformer QuickGeluFusion modified: 0 with status: OK
2026-10-01 16:02:16.408103953 [I:onnxruntime:, graph_transformer.cc:15 Apply] GraphTransformer BiasSoftmaxFusion modified: 0 with status: OK
2026-10-01 16:02:16.408108301 [I:onnxruntime:, graph_transformer.cc:15 Apply] GraphTransformer BiasDropoutFusion modified: 0 with status: OK
2026-10-01 16:02:16.408111065 [I:onnxruntime:, graph_transformer.cc:15 Apply] GraphTransformer MatMulScaleFusion modified: 0 with status: OK
2026-10-01 16:02:16.408113339 [I:onnxruntime:, graph_transformer.cc:15 Apply] GraphTransformer MatMulActivationFusion modified: 0 with status: OK
2026-10-01 16:02:16.408115322 [I:onnxruntime:, graph_transformer.cc:15 Apply] GraphTransformer MatMulNBitsFusion modified: 0 with status: OK
2026-10-01 16:02:16.408118267 [I:onnxruntime:, graph_transformer.cc:15 Apply] GraphTransformer QDQFinalCleanupTransformer modified: 0 with status: OK
2026-10-01 16:02:16.408121563 [I:onnxruntime:, graph_transformer.cc:15 Apply] GraphTransformer NchwcTransformer modified: 0 with status: OK
2026-10-01 16:02:16.408124528 [I:onnxruntime:, graph_transformer.cc:15 Apply] GraphTransformer NhwcTransformer modified: 0 with status: OK
2026-10-01 16:02:16.408126781 [I:onnxruntime:, graph_transformer.cc:15 Apply] GraphTransformer ConvAddActivationFusion modified: 0 with status: OK
2026-10-01 16:02:16.408131850 [I:onnxruntime:, graph_transformer.cc:15 Apply] GraphTransformer RemoveDuplicateCastTransformer modified: 0 with status: OK
2026-10-01 16:02:16.408133362 [I:onnxruntime:, graph_transformer.cc:15 Apply] GraphTransformer CastFloat16Transformer modified: 0 with status: OK
2026-10-01 16:02:16.408136207 [I:onnxruntime:, graph_transformer.cc:15 Apply] GraphTransformer FuseFp16InitializerToFp32NodeTransformer modified: 0 with status: OK
2026-10-01 16:02:16.408139583 [I:onnxruntime:, graph_transformer.cc:15 Apply] GraphTransformer MemcpyTransformer modified: 0 with status: OK
2026-10-01 16:02:16.408155279 [V:onnxruntime:, session_state.cc:1296 VerifyEachNodeIsAssignedToAnEp] Node placements
2026-10-01 16:02:16.408156891 [V:onnxruntime:, session_state.cc:1299 VerifyEachNodeIsAssignedToAnEp]  All nodes placed on [VitisAIExecutionProvider]. Number of nodes: 3
2026-10-01 16:02:16.408175683 [V:onnxruntime:, session_state.cc:175 CreateGraphInfo] SaveMLValueNameIndexMapping
2026-10-01 16:02:16.408179529 [V:onnxruntime:, session_state.cc:221 CreateGraphInfo] Done saving OrtValue mappings.
2026-10-01 16:02:16.408183305 [I:onnxruntime:, allocation_planner.cc:2659 CreateGraphPartitioner] Use DeviceBasedPartition as default
2026-10-01 16:02:16.408215679 [I:onnxruntime:, session_state_utils.cc:243 SaveInitializedTensors] Saving initialized tensors.
2026-10-01 16:02:16.408243866 [I:onnxruntime:, session_state_utils.cc:438 SaveInitializedTensors] Done saving initialized tensors
2026-10-01 16:02:16.518251316 [I:onnxruntime:, inference_session.cc:2532 Initialize] Session successfully initialized.
2026-10-01 16:02:16.534925421 [I:onnxruntime:, profiler.cc:115 EndProfiling] Writing profiler data to file /home/shen/AI370-2/output/M9/post-acceleration-cnn/ort-profile_2026-10-01_16-02-13.json
{
  "status": "PASS",
  "model_sha256": "7a78c7e85bac3a0681e3d2f77e69093a761e1c8f62f7fc65ff5ce3e1b82c5ba3",
  "onnxruntime": "1.23.3.dev20260320",
  "providers": [
    "VitisAIExecutionProvider",
    "CPUExecutionProvider"
  ],
  "cpu_fallback_disabled": true,
  "profile_path": "output/M9/post-acceleration-cnn/ort-profile_2026-10-01_16-02-13.json",
  "profile_node_providers": [
    "VitisAIExecutionProvider"
  ],
  "npu_device_fds": {
    "6": {
      "device": "/dev/accel/accel0",
      "fdinfo": "pos:\t0\nflags:\t0100002\nmnt_id:\t29\nino:\t921\ndrm-driver:\tamdxdna_accel_driver\ndrm-client-id:\t145\ndrm-pdev:\t0000:c6:00.1\ndrm-engine-npu-amdxdna:\t0 ns\ndrm-total-memory:\t159468 KiB\ndrm-shared-memory:\t0\n"
    }
  },
  "after_npu_device_fds": {
    "6": {
      "device": "/dev/accel/accel0",
      "fdinfo": "pos:\t0\nflags:\t0100002\nmnt_id:\t29\nino:\t921\ndrm-driver:\tamdxdna_accel_driver\ndrm-client-id:\t145\ndrm-pdev:\t0000:c6:00.1\ndrm-engine-npu-amdxdna:\t14621744 ns\ndrm-total-memory:\t159468 KiB\ndrm-shared-memory:\t0\n"
    }
  },
  "iterations": 10,
  "elapsed_seconds": 0.01599064900074154,
  "npu_hardware_time_delta_ns": 14621744,
  "max_abs_errors": [
    0.0
  ],
  "rtol": 0.001,
  "atol": 0.0001
}
2026-10-01 16:02:16.578334033 [V:onnxruntime:, inference_session.cc:3536 EndProfiling] Profiler is disabled.
