gguf_ex_read_0: version:      3
gguf_ex_read_0: alignment:   32
gguf_ex_read_0: data offset: 10989056
gguf_ex_read_0: n_kv: 43
gguf_ex_read_0: kv[0]: key = general.architecture
gguf_ex_read_0: kv[1]: key = general.type
gguf_ex_read_0: kv[2]: key = general.sampling.top_k
gguf_ex_read_0: kv[3]: key = general.sampling.top_p
gguf_ex_read_0: kv[4]: key = general.sampling.temp
gguf_ex_read_0: kv[5]: key = general.name
gguf_ex_read_0: kv[6]: key = general.size_label
gguf_ex_read_0: kv[7]: key = general.license
gguf_ex_read_0: kv[8]: key = general.license.link
gguf_ex_read_0: kv[9]: key = general.tags
gguf_ex_read_0: kv[10]: key = qwen35moe.block_count
gguf_ex_read_0: kv[11]: key = qwen35moe.context_length
gguf_ex_read_0: kv[12]: key = qwen35moe.embedding_length
gguf_ex_read_0: kv[13]: key = qwen35moe.attention.head_count
gguf_ex_read_0: kv[14]: key = qwen35moe.attention.head_count_kv
gguf_ex_read_0: kv[15]: key = qwen35moe.rope.dimension_sections
gguf_ex_read_0: kv[16]: key = qwen35moe.rope.freq_base
gguf_ex_read_0: kv[17]: key = qwen35moe.attention.layer_norm_rms_epsilon
gguf_ex_read_0: kv[18]: key = qwen35moe.expert_count
gguf_ex_read_0: kv[19]: key = qwen35moe.expert_used_count
gguf_ex_read_0: kv[20]: key = qwen35moe.attention.key_length
gguf_ex_read_0: kv[21]: key = qwen35moe.attention.value_length
gguf_ex_read_0: kv[22]: key = qwen35moe.expert_feed_forward_length
gguf_ex_read_0: kv[23]: key = qwen35moe.expert_shared_feed_forward_length
gguf_ex_read_0: kv[24]: key = qwen35moe.ssm.conv_kernel
gguf_ex_read_0: kv[25]: key = qwen35moe.ssm.state_size
gguf_ex_read_0: kv[26]: key = qwen35moe.ssm.group_count
gguf_ex_read_0: kv[27]: key = qwen35moe.ssm.time_step_rank
gguf_ex_read_0: kv[28]: key = qwen35moe.ssm.inner_size
gguf_ex_read_0: kv[29]: key = qwen35moe.full_attention_interval
gguf_ex_read_0: kv[30]: key = qwen35moe.rope.dimension_count
gguf_ex_read_0: kv[31]: key = tokenizer.ggml.model
gguf_ex_read_0: kv[32]: key = tokenizer.ggml.pre
gguf_ex_read_0: kv[33]: key = tokenizer.ggml.tokens
gguf_ex_read_0: kv[34]: key = tokenizer.ggml.token_type
gguf_ex_read_0: kv[35]: key = tokenizer.ggml.merges
gguf_ex_read_0: kv[36]: key = tokenizer.ggml.eos_token_id
gguf_ex_read_0: kv[37]: key = tokenizer.ggml.padding_token_id
gguf_ex_read_0: kv[38]: key = tokenizer.ggml.bos_token_id
gguf_ex_read_0: kv[39]: key = tokenizer.ggml.add_bos_token
gguf_ex_read_0: kv[40]: key = tokenizer.chat_template
gguf_ex_read_0: kv[41]: key = general.quantization_version
gguf_ex_read_0: kv[42]: key = general.file_type
gguf_ex_read_0: find key: some.parameter.string not found.
gguf_ex_read_0: n_tensors: 733
gguf_ex_read_0: tensor[0]: name = output.weight, size = 540344320, offset = 0
gguf_ex_read_0: tensor[1]: name = output_norm.weight, size = 8192, offset = 540344320
gguf_ex_read_0: tensor[2]: name = token_embd.weight, size = 540344320, offset = 540352512
gguf_ex_read_0: tensor[3]: name = blk.0.attn_gate.weight, size = 8912896, offset = 1080696832
gguf_ex_read_0: tensor[4]: name = blk.0.attn_norm.weight, size = 8192, offset = 1089609728
gguf_ex_read_0: tensor[5]: name = blk.0.attn_qkv.weight, size = 17825792, offset = 1089617920
gguf_ex_read_0: tensor[6]: name = blk.0.ffn_down_exps.weight, size = 285212672, offset = 1107443712
gguf_ex_read_0: tensor[7]: name = blk.0.ffn_down_shexp.weight, size = 1114112, offset = 1392656384
gguf_ex_read_0: tensor[8]: name = blk.0.ffn_gate_exps.weight, size = 285212672, offset = 1393770496
gguf_ex_read_0: tensor[9]: name = blk.0.ffn_gate_inp.weight, size = 2097152, offset = 1678983168
gguf_ex_read_0: tensor[10]: name = blk.0.ffn_gate_inp_shexp.weight, size = 8192, offset = 1681080320
gguf_ex_read_0: tensor[11]: name = blk.0.ffn_gate_shexp.weight, size = 1114112, offset = 1681088512
gguf_ex_read_0: tensor[12]: name = blk.0.ffn_up_exps.weight, size = 285212672, offset = 1682202624
gguf_ex_read_0: tensor[13]: name = blk.0.ffn_up_shexp.weight, size = 1114112, offset = 1967415296
gguf_ex_read_0: tensor[14]: name = blk.0.post_attention_norm.weight, size = 8192, offset = 1968529408
gguf_ex_read_0: tensor[15]: name = blk.0.ssm_a, size = 128, offset = 1968537600
gguf_ex_read_0: tensor[16]: name = blk.0.ssm_alpha.weight, size = 69632, offset = 1968537728
gguf_ex_read_0: tensor[17]: name = blk.0.ssm_beta.weight, size = 69632, offset = 1968607360
gguf_ex_read_0: tensor[18]: name = blk.0.ssm_conv1d.weight, size = 131072, offset = 1968676992
gguf_ex_read_0: tensor[19]: name = blk.0.ssm_dt.bias, size = 128, offset = 1968808064
gguf_ex_read_0: tensor[20]: name = blk.0.ssm_norm.weight, size = 512, offset = 1968808192
gguf_ex_read_0: tensor[21]: name = blk.0.ssm_out.weight, size = 8912896, offset = 1968808704
gguf_ex_read_0: tensor[22]: name = blk.1.attn_gate.weight, size = 8912896, offset = 1977721600
gguf_ex_read_0: tensor[23]: name = blk.1.attn_norm.weight, size = 8192, offset = 1986634496
gguf_ex_read_0: tensor[24]: name = blk.1.attn_qkv.weight, size = 17825792, offset = 1986642688
gguf_ex_read_0: tensor[25]: name = blk.1.ffn_down_exps.weight, size = 285212672, offset = 2004468480
gguf_ex_read_0: tensor[26]: name = blk.1.ffn_down_shexp.weight, size = 1114112, offset = 2289681152
gguf_ex_read_0: tensor[27]: name = blk.1.ffn_gate_exps.weight, size = 285212672, offset = 2290795264
gguf_ex_read_0: tensor[28]: name = blk.1.ffn_gate_inp.weight, size = 2097152, offset = 2576007936
gguf_ex_read_0: tensor[29]: name = blk.1.ffn_gate_inp_shexp.weight, size = 8192, offset = 2578105088
gguf_ex_read_0: tensor[30]: name = blk.1.ffn_gate_shexp.weight, size = 1114112, offset = 2578113280
gguf_ex_read_0: tensor[31]: name = blk.1.ffn_up_exps.weight, size = 285212672, offset = 2579227392
gguf_ex_read_0: tensor[32]: name = blk.1.ffn_up_shexp.weight, size = 1114112, offset = 2864440064
gguf_ex_read_0: tensor[33]: name = blk.1.post_attention_norm.weight, size = 8192, offset = 2865554176
gguf_ex_read_0: tensor[34]: name = blk.1.ssm_a, size = 128, offset = 2865562368
gguf_ex_read_0: tensor[35]: name = blk.1.ssm_alpha.weight, size = 69632, offset = 2865562496
gguf_ex_read_0: tensor[36]: name = blk.1.ssm_beta.weight, size = 69632, offset = 2865632128
gguf_ex_read_0: tensor[37]: name = blk.1.ssm_conv1d.weight, size = 131072, offset = 2865701760
gguf_ex_read_0: tensor[38]: name = blk.1.ssm_dt.bias, size = 128, offset = 2865832832
gguf_ex_read_0: tensor[39]: name = blk.1.ssm_norm.weight, size = 512, offset = 2865832960
gguf_ex_read_0: tensor[40]: name = blk.1.ssm_out.weight, size = 8912896, offset = 2865833472
gguf_ex_read_0: tensor[41]: name = blk.2.attn_gate.weight, size = 8912896, offset = 2874746368
gguf_ex_read_0: tensor[42]: name = blk.2.attn_norm.weight, size = 8192, offset = 2883659264
gguf_ex_read_0: tensor[43]: name = blk.2.attn_qkv.weight, size = 17825792, offset = 2883667456
gguf_ex_read_0: tensor[44]: name = blk.2.ffn_down_exps.weight, size = 285212672, offset = 2901493248
gguf_ex_read_0: tensor[45]: name = blk.2.ffn_down_shexp.weight, size = 1114112, offset = 3186705920
gguf_ex_read_0: tensor[46]: name = blk.2.ffn_gate_exps.weight, size = 285212672, offset = 3187820032
gguf_ex_read_0: tensor[47]: name = blk.2.ffn_gate_inp.weight, size = 2097152, offset = 3473032704
gguf_ex_read_0: tensor[48]: name = blk.2.ffn_gate_inp_shexp.weight, size = 8192, offset = 3475129856
gguf_ex_read_0: tensor[49]: name = blk.2.ffn_gate_shexp.weight, size = 1114112, offset = 3475138048
gguf_ex_read_0: tensor[50]: name = blk.2.ffn_up_exps.weight, size = 285212672, offset = 3476252160
gguf_ex_read_0: tensor[51]: name = blk.2.ffn_up_shexp.weight, size = 1114112, offset = 3761464832
gguf_ex_read_0: tensor[52]: name = blk.2.post_attention_norm.weight, size = 8192, offset = 3762578944
gguf_ex_read_0: tensor[53]: name = blk.2.ssm_a, size = 128, offset = 3762587136
gguf_ex_read_0: tensor[54]: name = blk.2.ssm_alpha.weight, size = 69632, offset = 3762587264
gguf_ex_read_0: tensor[55]: name = blk.2.ssm_beta.weight, size = 69632, offset = 3762656896
gguf_ex_read_0: tensor[56]: name = blk.2.ssm_conv1d.weight, size = 131072, offset = 3762726528
gguf_ex_read_0: tensor[57]: name = blk.2.ssm_dt.bias, size = 128, offset = 3762857600
gguf_ex_read_0: tensor[58]: name = blk.2.ssm_norm.weight, size = 512, offset = 3762857728
gguf_ex_read_0: tensor[59]: name = blk.2.ssm_out.weight, size = 8912896, offset = 3762858240
gguf_ex_read_0: tensor[60]: name = blk.3.attn_k.weight, size = 1114112, offset = 3771771136
gguf_ex_read_0: tensor[61]: name = blk.3.attn_k_norm.weight, size = 1024, offset = 3772885248
gguf_ex_read_0: tensor[62]: name = blk.3.attn_norm.weight, size = 8192, offset = 3772886272
gguf_ex_read_0: tensor[63]: name = blk.3.attn_output.weight, size = 8912896, offset = 3772894464
gguf_ex_read_0: tensor[64]: name = blk.3.attn_q.weight, size = 17825792, offset = 3781807360
gguf_ex_read_0: tensor[65]: name = blk.3.attn_q_norm.weight, size = 1024, offset = 3799633152
gguf_ex_read_0: tensor[66]: name = blk.3.attn_v.weight, size = 1114112, offset = 3799634176
gguf_ex_read_0: tensor[67]: name = blk.3.ffn_down_exps.weight, size = 285212672, offset = 3800748288
gguf_ex_read_0: tensor[68]: name = blk.3.ffn_down_shexp.weight, size = 1114112, offset = 4085960960
gguf_ex_read_0: tensor[69]: name = blk.3.ffn_gate_exps.weight, size = 285212672, offset = 4087075072
gguf_ex_read_0: tensor[70]: name = blk.3.ffn_gate_inp.weight, size = 2097152, offset = 4372287744
gguf_ex_read_0: tensor[71]: name = blk.3.ffn_gate_inp_shexp.weight, size = 8192, offset = 4374384896
gguf_ex_read_0: tensor[72]: name = blk.3.ffn_gate_shexp.weight, size = 1114112, offset = 4374393088
gguf_ex_read_0: tensor[73]: name = blk.3.ffn_up_exps.weight, size = 285212672, offset = 4375507200
gguf_ex_read_0: tensor[74]: name = blk.3.ffn_up_shexp.weight, size = 1114112, offset = 4660719872
gguf_ex_read_0: tensor[75]: name = blk.3.post_attention_norm.weight, size = 8192, offset = 4661833984
gguf_ex_read_0: tensor[76]: name = blk.4.attn_gate.weight, size = 8912896, offset = 4661842176
gguf_ex_read_0: tensor[77]: name = blk.4.attn_norm.weight, size = 8192, offset = 4670755072
gguf_ex_read_0: tensor[78]: name = blk.4.attn_qkv.weight, size = 17825792, offset = 4670763264
gguf_ex_read_0: tensor[79]: name = blk.4.ffn_down_exps.weight, size = 285212672, offset = 4688589056
gguf_ex_read_0: tensor[80]: name = blk.4.ffn_down_shexp.weight, size = 1114112, offset = 4973801728
gguf_ex_read_0: tensor[81]: name = blk.4.ffn_gate_exps.weight, size = 285212672, offset = 4974915840
gguf_ex_read_0: tensor[82]: name = blk.4.ffn_gate_inp.weight, size = 2097152, offset = 5260128512
gguf_ex_read_0: tensor[83]: name = blk.4.ffn_gate_inp_shexp.weight, size = 8192, offset = 5262225664
gguf_ex_read_0: tensor[84]: name = blk.4.ffn_gate_shexp.weight, size = 1114112, offset = 5262233856
gguf_ex_read_0: tensor[85]: name = blk.4.ffn_up_exps.weight, size = 285212672, offset = 5263347968
gguf_ex_read_0: tensor[86]: name = blk.4.ffn_up_shexp.weight, size = 1114112, offset = 5548560640
gguf_ex_read_0: tensor[87]: name = blk.4.post_attention_norm.weight, size = 8192, offset = 5549674752
gguf_ex_read_0: tensor[88]: name = blk.4.ssm_a, size = 128, offset = 5549682944
gguf_ex_read_0: tensor[89]: name = blk.4.ssm_alpha.weight, size = 69632, offset = 5549683072
gguf_ex_read_0: tensor[90]: name = blk.4.ssm_beta.weight, size = 69632, offset = 5549752704
gguf_ex_read_0: tensor[91]: name = blk.4.ssm_conv1d.weight, size = 131072, offset = 5549822336
gguf_ex_read_0: tensor[92]: name = blk.4.ssm_dt.bias, size = 128, offset = 5549953408
gguf_ex_read_0: tensor[93]: name = blk.4.ssm_norm.weight, size = 512, offset = 5549953536
gguf_ex_read_0: tensor[94]: name = blk.4.ssm_out.weight, size = 8912896, offset = 5549954048
gguf_ex_read_0: tensor[95]: name = blk.5.attn_gate.weight, size = 8912896, offset = 5558866944
gguf_ex_read_0: tensor[96]: name = blk.5.attn_norm.weight, size = 8192, offset = 5567779840
gguf_ex_read_0: tensor[97]: name = blk.5.attn_qkv.weight, size = 17825792, offset = 5567788032
gguf_ex_read_0: tensor[98]: name = blk.5.ffn_down_exps.weight, size = 285212672, offset = 5585613824
gguf_ex_read_0: tensor[99]: name = blk.5.ffn_down_shexp.weight, size = 1114112, offset = 5870826496
gguf_ex_read_0: tensor[100]: name = blk.5.ffn_gate_exps.weight, size = 285212672, offset = 5871940608
gguf_ex_read_0: tensor[101]: name = blk.5.ffn_gate_inp.weight, size = 2097152, offset = 6157153280
gguf_ex_read_0: tensor[102]: name = blk.5.ffn_gate_inp_shexp.weight, size = 8192, offset = 6159250432
gguf_ex_read_0: tensor[103]: name = blk.5.ffn_gate_shexp.weight, size = 1114112, offset = 6159258624
gguf_ex_read_0: tensor[104]: name = blk.5.ffn_up_exps.weight, size = 285212672, offset = 6160372736
gguf_ex_read_0: tensor[105]: name = blk.5.ffn_up_shexp.weight, size = 1114112, offset = 6445585408
gguf_ex_read_0: tensor[106]: name = blk.5.post_attention_norm.weight, size = 8192, offset = 6446699520
gguf_ex_read_0: tensor[107]: name = blk.5.ssm_a, size = 128, offset = 6446707712
gguf_ex_read_0: tensor[108]: name = blk.5.ssm_alpha.weight, size = 69632, offset = 6446707840
gguf_ex_read_0: tensor[109]: name = blk.5.ssm_beta.weight, size = 69632, offset = 6446777472
gguf_ex_read_0: tensor[110]: name = blk.5.ssm_conv1d.weight, size = 131072, offset = 6446847104
gguf_ex_read_0: tensor[111]: name = blk.5.ssm_dt.bias, size = 128, offset = 6446978176
gguf_ex_read_0: tensor[112]: name = blk.5.ssm_norm.weight, size = 512, offset = 6446978304
gguf_ex_read_0: tensor[113]: name = blk.5.ssm_out.weight, size = 8912896, offset = 6446978816
gguf_ex_read_0: tensor[114]: name = blk.6.attn_gate.weight, size = 8912896, offset = 6455891712
gguf_ex_read_0: tensor[115]: name = blk.6.attn_norm.weight, size = 8192, offset = 6464804608
gguf_ex_read_0: tensor[116]: name = blk.6.attn_qkv.weight, size = 17825792, offset = 6464812800
gguf_ex_read_0: tensor[117]: name = blk.6.ffn_down_exps.weight, size = 285212672, offset = 6482638592
gguf_ex_read_0: tensor[118]: name = blk.6.ffn_down_shexp.weight, size = 1114112, offset = 6767851264
gguf_ex_read_0: tensor[119]: name = blk.6.ffn_gate_exps.weight, size = 285212672, offset = 6768965376
gguf_ex_read_0: tensor[120]: name = blk.6.ffn_gate_inp.weight, size = 2097152, offset = 7054178048
gguf_ex_read_0: tensor[121]: name = blk.6.ffn_gate_inp_shexp.weight, size = 8192, offset = 7056275200
gguf_ex_read_0: tensor[122]: name = blk.6.ffn_gate_shexp.weight, size = 1114112, offset = 7056283392
gguf_ex_read_0: tensor[123]: name = blk.6.ffn_up_exps.weight, size = 285212672, offset = 7057397504
gguf_ex_read_0: tensor[124]: name = blk.6.ffn_up_shexp.weight, size = 1114112, offset = 7342610176
gguf_ex_read_0: tensor[125]: name = blk.6.post_attention_norm.weight, size = 8192, offset = 7343724288
gguf_ex_read_0: tensor[126]: name = blk.6.ssm_a, size = 128, offset = 7343732480
gguf_ex_read_0: tensor[127]: name = blk.6.ssm_alpha.weight, size = 69632, offset = 7343732608
gguf_ex_read_0: tensor[128]: name = blk.6.ssm_beta.weight, size = 69632, offset = 7343802240
gguf_ex_read_0: tensor[129]: name = blk.6.ssm_conv1d.weight, size = 131072, offset = 7343871872
gguf_ex_read_0: tensor[130]: name = blk.6.ssm_dt.bias, size = 128, offset = 7344002944
gguf_ex_read_0: tensor[131]: name = blk.6.ssm_norm.weight, size = 512, offset = 7344003072
gguf_ex_read_0: tensor[132]: name = blk.6.ssm_out.weight, size = 8912896, offset = 7344003584
gguf_ex_read_0: tensor[133]: name = blk.7.attn_k.weight, size = 1114112, offset = 7352916480
gguf_ex_read_0: tensor[134]: name = blk.7.attn_k_norm.weight, size = 1024, offset = 7354030592
gguf_ex_read_0: tensor[135]: name = blk.7.attn_norm.weight, size = 8192, offset = 7354031616
gguf_ex_read_0: tensor[136]: name = blk.7.attn_output.weight, size = 8912896, offset = 7354039808
gguf_ex_read_0: tensor[137]: name = blk.7.attn_q.weight, size = 17825792, offset = 7362952704
gguf_ex_read_0: tensor[138]: name = blk.7.attn_q_norm.weight, size = 1024, offset = 7380778496
gguf_ex_read_0: tensor[139]: name = blk.7.attn_v.weight, size = 1114112, offset = 7380779520
gguf_ex_read_0: tensor[140]: name = blk.7.ffn_down_exps.weight, size = 285212672, offset = 7381893632
gguf_ex_read_0: tensor[141]: name = blk.7.ffn_down_shexp.weight, size = 1114112, offset = 7667106304
gguf_ex_read_0: tensor[142]: name = blk.7.ffn_gate_exps.weight, size = 285212672, offset = 7668220416
gguf_ex_read_0: tensor[143]: name = blk.7.ffn_gate_inp.weight, size = 2097152, offset = 7953433088
gguf_ex_read_0: tensor[144]: name = blk.7.ffn_gate_inp_shexp.weight, size = 8192, offset = 7955530240
gguf_ex_read_0: tensor[145]: name = blk.7.ffn_gate_shexp.weight, size = 1114112, offset = 7955538432
gguf_ex_read_0: tensor[146]: name = blk.7.ffn_up_exps.weight, size = 285212672, offset = 7956652544
gguf_ex_read_0: tensor[147]: name = blk.7.ffn_up_shexp.weight, size = 1114112, offset = 8241865216
gguf_ex_read_0: tensor[148]: name = blk.7.post_attention_norm.weight, size = 8192, offset = 8242979328
gguf_ex_read_0: tensor[149]: name = blk.8.attn_gate.weight, size = 8912896, offset = 8242987520
gguf_ex_read_0: tensor[150]: name = blk.8.attn_norm.weight, size = 8192, offset = 8251900416
gguf_ex_read_0: tensor[151]: name = blk.8.attn_qkv.weight, size = 17825792, offset = 8251908608
gguf_ex_read_0: tensor[152]: name = blk.8.ffn_down_exps.weight, size = 285212672, offset = 8269734400
gguf_ex_read_0: tensor[153]: name = blk.8.ffn_down_shexp.weight, size = 1114112, offset = 8554947072
gguf_ex_read_0: tensor[154]: name = blk.8.ffn_gate_exps.weight, size = 285212672, offset = 8556061184
gguf_ex_read_0: tensor[155]: name = blk.8.ffn_gate_inp.weight, size = 2097152, offset = 8841273856
gguf_ex_read_0: tensor[156]: name = blk.8.ffn_gate_inp_shexp.weight, size = 8192, offset = 8843371008
gguf_ex_read_0: tensor[157]: name = blk.8.ffn_gate_shexp.weight, size = 1114112, offset = 8843379200
gguf_ex_read_0: tensor[158]: name = blk.8.ffn_up_exps.weight, size = 285212672, offset = 8844493312
gguf_ex_read_0: tensor[159]: name = blk.8.ffn_up_shexp.weight, size = 1114112, offset = 9129705984
gguf_ex_read_0: tensor[160]: name = blk.8.post_attention_norm.weight, size = 8192, offset = 9130820096
gguf_ex_read_0: tensor[161]: name = blk.8.ssm_a, size = 128, offset = 9130828288
gguf_ex_read_0: tensor[162]: name = blk.8.ssm_alpha.weight, size = 69632, offset = 9130828416
gguf_ex_read_0: tensor[163]: name = blk.8.ssm_beta.weight, size = 69632, offset = 9130898048
gguf_ex_read_0: tensor[164]: name = blk.8.ssm_conv1d.weight, size = 131072, offset = 9130967680
gguf_ex_read_0: tensor[165]: name = blk.8.ssm_dt.bias, size = 128, offset = 9131098752
gguf_ex_read_0: tensor[166]: name = blk.8.ssm_norm.weight, size = 512, offset = 9131098880
gguf_ex_read_0: tensor[167]: name = blk.8.ssm_out.weight, size = 8912896, offset = 9131099392
gguf_ex_read_0: tensor[168]: name = blk.9.attn_gate.weight, size = 8912896, offset = 9140012288
gguf_ex_read_0: tensor[169]: name = blk.9.attn_norm.weight, size = 8192, offset = 9148925184
gguf_ex_read_0: tensor[170]: name = blk.9.attn_qkv.weight, size = 17825792, offset = 9148933376
gguf_ex_read_0: tensor[171]: name = blk.9.ffn_down_exps.weight, size = 285212672, offset = 9166759168
gguf_ex_read_0: tensor[172]: name = blk.9.ffn_down_shexp.weight, size = 1114112, offset = 9451971840
gguf_ex_read_0: tensor[173]: name = blk.9.ffn_gate_exps.weight, size = 285212672, offset = 9453085952
gguf_ex_read_0: tensor[174]: name = blk.9.ffn_gate_inp.weight, size = 2097152, offset = 9738298624
gguf_ex_read_0: tensor[175]: name = blk.9.ffn_gate_inp_shexp.weight, size = 8192, offset = 9740395776
gguf_ex_read_0: tensor[176]: name = blk.9.ffn_gate_shexp.weight, size = 1114112, offset = 9740403968
gguf_ex_read_0: tensor[177]: name = blk.9.ffn_up_exps.weight, size = 285212672, offset = 9741518080
gguf_ex_read_0: tensor[178]: name = blk.9.ffn_up_shexp.weight, size = 1114112, offset = 10026730752
gguf_ex_read_0: tensor[179]: name = blk.9.post_attention_norm.weight, size = 8192, offset = 10027844864
gguf_ex_read_0: tensor[180]: name = blk.9.ssm_a, size = 128, offset = 10027853056
gguf_ex_read_0: tensor[181]: name = blk.9.ssm_alpha.weight, size = 69632, offset = 10027853184
gguf_ex_read_0: tensor[182]: name = blk.9.ssm_beta.weight, size = 69632, offset = 10027922816
gguf_ex_read_0: tensor[183]: name = blk.9.ssm_conv1d.weight, size = 131072, offset = 10027992448
gguf_ex_read_0: tensor[184]: name = blk.9.ssm_dt.bias, size = 128, offset = 10028123520
gguf_ex_read_0: tensor[185]: name = blk.9.ssm_norm.weight, size = 512, offset = 10028123648
gguf_ex_read_0: tensor[186]: name = blk.9.ssm_out.weight, size = 8912896, offset = 10028124160
gguf_ex_read_0: tensor[187]: name = blk.10.attn_gate.weight, size = 8912896, offset = 10037037056
gguf_ex_read_0: tensor[188]: name = blk.10.attn_norm.weight, size = 8192, offset = 10045949952
gguf_ex_read_0: tensor[189]: name = blk.10.attn_qkv.weight, size = 17825792, offset = 10045958144
gguf_ex_read_0: tensor[190]: name = blk.10.ffn_down_exps.weight, size = 285212672, offset = 10063783936
gguf_ex_read_0: tensor[191]: name = blk.10.ffn_down_shexp.weight, size = 1114112, offset = 10348996608
gguf_ex_read_0: tensor[192]: name = blk.10.ffn_gate_exps.weight, size = 285212672, offset = 10350110720
gguf_ex_read_0: tensor[193]: name = blk.10.ffn_gate_inp.weight, size = 2097152, offset = 10635323392
gguf_ex_read_0: tensor[194]: name = blk.10.ffn_gate_inp_shexp.weight, size = 8192, offset = 10637420544
gguf_ex_read_0: tensor[195]: name = blk.10.ffn_gate_shexp.weight, size = 1114112, offset = 10637428736
gguf_ex_read_0: tensor[196]: name = blk.10.ffn_up_exps.weight, size = 285212672, offset = 10638542848
gguf_ex_read_0: tensor[197]: name = blk.10.ffn_up_shexp.weight, size = 1114112, offset = 10923755520
gguf_ex_read_0: tensor[198]: name = blk.10.post_attention_norm.weight, size = 8192, offset = 10924869632
gguf_ex_read_0: tensor[199]: name = blk.10.ssm_a, size = 128, offset = 10924877824
gguf_ex_read_0: tensor[200]: name = blk.10.ssm_alpha.weight, size = 69632, offset = 10924877952
gguf_ex_read_0: tensor[201]: name = blk.10.ssm_beta.weight, size = 69632, offset = 10924947584
gguf_ex_read_0: tensor[202]: name = blk.10.ssm_conv1d.weight, size = 131072, offset = 10925017216
gguf_ex_read_0: tensor[203]: name = blk.10.ssm_dt.bias, size = 128, offset = 10925148288
gguf_ex_read_0: tensor[204]: name = blk.10.ssm_norm.weight, size = 512, offset = 10925148416
gguf_ex_read_0: tensor[205]: name = blk.10.ssm_out.weight, size = 8912896, offset = 10925148928
gguf_ex_read_0: tensor[206]: name = blk.11.attn_k.weight, size = 1114112, offset = 10934061824
gguf_ex_read_0: tensor[207]: name = blk.11.attn_k_norm.weight, size = 1024, offset = 10935175936
gguf_ex_read_0: tensor[208]: name = blk.11.attn_norm.weight, size = 8192, offset = 10935176960
gguf_ex_read_0: tensor[209]: name = blk.11.attn_output.weight, size = 8912896, offset = 10935185152
gguf_ex_read_0: tensor[210]: name = blk.11.attn_q.weight, size = 17825792, offset = 10944098048
gguf_ex_read_0: tensor[211]: name = blk.11.attn_q_norm.weight, size = 1024, offset = 10961923840
gguf_ex_read_0: tensor[212]: name = blk.11.attn_v.weight, size = 1114112, offset = 10961924864
gguf_ex_read_0: tensor[213]: name = blk.11.ffn_down_exps.weight, size = 285212672, offset = 10963038976
gguf_ex_read_0: tensor[214]: name = blk.11.ffn_down_shexp.weight, size = 1114112, offset = 11248251648
gguf_ex_read_0: tensor[215]: name = blk.11.ffn_gate_exps.weight, size = 285212672, offset = 11249365760
gguf_ex_read_0: tensor[216]: name = blk.11.ffn_gate_inp.weight, size = 2097152, offset = 11534578432
gguf_ex_read_0: tensor[217]: name = blk.11.ffn_gate_inp_shexp.weight, size = 8192, offset = 11536675584
gguf_ex_read_0: tensor[218]: name = blk.11.ffn_gate_shexp.weight, size = 1114112, offset = 11536683776
gguf_ex_read_0: tensor[219]: name = blk.11.ffn_up_exps.weight, size = 285212672, offset = 11537797888
gguf_ex_read_0: tensor[220]: name = blk.11.ffn_up_shexp.weight, size = 1114112, offset = 11823010560
gguf_ex_read_0: tensor[221]: name = blk.11.post_attention_norm.weight, size = 8192, offset = 11824124672
gguf_ex_read_0: tensor[222]: name = blk.12.attn_gate.weight, size = 8912896, offset = 11824132864
gguf_ex_read_0: tensor[223]: name = blk.12.attn_norm.weight, size = 8192, offset = 11833045760
gguf_ex_read_0: tensor[224]: name = blk.12.attn_qkv.weight, size = 17825792, offset = 11833053952
gguf_ex_read_0: tensor[225]: name = blk.12.ffn_down_exps.weight, size = 285212672, offset = 11850879744
gguf_ex_read_0: tensor[226]: name = blk.12.ffn_down_shexp.weight, size = 1114112, offset = 12136092416
gguf_ex_read_0: tensor[227]: name = blk.12.ffn_gate_exps.weight, size = 285212672, offset = 12137206528
gguf_ex_read_0: tensor[228]: name = blk.12.ffn_gate_inp.weight, size = 2097152, offset = 12422419200
gguf_ex_read_0: tensor[229]: name = blk.12.ffn_gate_inp_shexp.weight, size = 8192, offset = 12424516352
gguf_ex_read_0: tensor[230]: name = blk.12.ffn_gate_shexp.weight, size = 1114112, offset = 12424524544
gguf_ex_read_0: tensor[231]: name = blk.12.ffn_up_exps.weight, size = 285212672, offset = 12425638656
gguf_ex_read_0: tensor[232]: name = blk.12.ffn_up_shexp.weight, size = 1114112, offset = 12710851328
gguf_ex_read_0: tensor[233]: name = blk.12.post_attention_norm.weight, size = 8192, offset = 12711965440
gguf_ex_read_0: tensor[234]: name = blk.12.ssm_a, size = 128, offset = 12711973632
gguf_ex_read_0: tensor[235]: name = blk.12.ssm_alpha.weight, size = 69632, offset = 12711973760
gguf_ex_read_0: tensor[236]: name = blk.12.ssm_beta.weight, size = 69632, offset = 12712043392
gguf_ex_read_0: tensor[237]: name = blk.12.ssm_conv1d.weight, size = 131072, offset = 12712113024
gguf_ex_read_0: tensor[238]: name = blk.12.ssm_dt.bias, size = 128, offset = 12712244096
gguf_ex_read_0: tensor[239]: name = blk.12.ssm_norm.weight, size = 512, offset = 12712244224
gguf_ex_read_0: tensor[240]: name = blk.12.ssm_out.weight, size = 8912896, offset = 12712244736
gguf_ex_read_0: tensor[241]: name = blk.13.attn_gate.weight, size = 8912896, offset = 12721157632
gguf_ex_read_0: tensor[242]: name = blk.13.attn_norm.weight, size = 8192, offset = 12730070528
gguf_ex_read_0: tensor[243]: name = blk.13.attn_qkv.weight, size = 17825792, offset = 12730078720
gguf_ex_read_0: tensor[244]: name = blk.13.ffn_down_exps.weight, size = 285212672, offset = 12747904512
gguf_ex_read_0: tensor[245]: name = blk.13.ffn_down_shexp.weight, size = 1114112, offset = 13033117184
gguf_ex_read_0: tensor[246]: name = blk.13.ffn_gate_exps.weight, size = 285212672, offset = 13034231296
gguf_ex_read_0: tensor[247]: name = blk.13.ffn_gate_inp.weight, size = 2097152, offset = 13319443968
gguf_ex_read_0: tensor[248]: name = blk.13.ffn_gate_inp_shexp.weight, size = 8192, offset = 13321541120
gguf_ex_read_0: tensor[249]: name = blk.13.ffn_gate_shexp.weight, size = 1114112, offset = 13321549312
gguf_ex_read_0: tensor[250]: name = blk.13.ffn_up_exps.weight, size = 285212672, offset = 13322663424
gguf_ex_read_0: tensor[251]: name = blk.13.ffn_up_shexp.weight, size = 1114112, offset = 13607876096
gguf_ex_read_0: tensor[252]: name = blk.13.post_attention_norm.weight, size = 8192, offset = 13608990208
gguf_ex_read_0: tensor[253]: name = blk.13.ssm_a, size = 128, offset = 13608998400
gguf_ex_read_0: tensor[254]: name = blk.13.ssm_alpha.weight, size = 69632, offset = 13608998528
gguf_ex_read_0: tensor[255]: name = blk.13.ssm_beta.weight, size = 69632, offset = 13609068160
gguf_ex_read_0: tensor[256]: name = blk.13.ssm_conv1d.weight, size = 131072, offset = 13609137792
gguf_ex_read_0: tensor[257]: name = blk.13.ssm_dt.bias, size = 128, offset = 13609268864
gguf_ex_read_0: tensor[258]: name = blk.13.ssm_norm.weight, size = 512, offset = 13609268992
gguf_ex_read_0: tensor[259]: name = blk.13.ssm_out.weight, size = 8912896, offset = 13609269504
gguf_ex_read_0: tensor[260]: name = blk.14.attn_gate.weight, size = 8912896, offset = 13618182400
gguf_ex_read_0: tensor[261]: name = blk.14.attn_norm.weight, size = 8192, offset = 13627095296
gguf_ex_read_0: tensor[262]: name = blk.14.attn_qkv.weight, size = 17825792, offset = 13627103488
gguf_ex_read_0: tensor[263]: name = blk.14.ffn_down_exps.weight, size = 285212672, offset = 13644929280
gguf_ex_read_0: tensor[264]: name = blk.14.ffn_down_shexp.weight, size = 1114112, offset = 13930141952
gguf_ex_read_0: tensor[265]: name = blk.14.ffn_gate_exps.weight, size = 285212672, offset = 13931256064
gguf_ex_read_0: tensor[266]: name = blk.14.ffn_gate_inp.weight, size = 2097152, offset = 14216468736
gguf_ex_read_0: tensor[267]: name = blk.14.ffn_gate_inp_shexp.weight, size = 8192, offset = 14218565888
gguf_ex_read_0: tensor[268]: name = blk.14.ffn_gate_shexp.weight, size = 1114112, offset = 14218574080
gguf_ex_read_0: tensor[269]: name = blk.14.ffn_up_exps.weight, size = 285212672, offset = 14219688192
gguf_ex_read_0: tensor[270]: name = blk.14.ffn_up_shexp.weight, size = 1114112, offset = 14504900864
gguf_ex_read_0: tensor[271]: name = blk.14.post_attention_norm.weight, size = 8192, offset = 14506014976
gguf_ex_read_0: tensor[272]: name = blk.14.ssm_a, size = 128, offset = 14506023168
gguf_ex_read_0: tensor[273]: name = blk.14.ssm_alpha.weight, size = 69632, offset = 14506023296
gguf_ex_read_0: tensor[274]: name = blk.14.ssm_beta.weight, size = 69632, offset = 14506092928
gguf_ex_read_0: tensor[275]: name = blk.14.ssm_conv1d.weight, size = 131072, offset = 14506162560
gguf_ex_read_0: tensor[276]: name = blk.14.ssm_dt.bias, size = 128, offset = 14506293632
gguf_ex_read_0: tensor[277]: name = blk.14.ssm_norm.weight, size = 512, offset = 14506293760
gguf_ex_read_0: tensor[278]: name = blk.14.ssm_out.weight, size = 8912896, offset = 14506294272
gguf_ex_read_0: tensor[279]: name = blk.15.attn_k.weight, size = 1114112, offset = 14515207168
gguf_ex_read_0: tensor[280]: name = blk.15.attn_k_norm.weight, size = 1024, offset = 14516321280
gguf_ex_read_0: tensor[281]: name = blk.15.attn_norm.weight, size = 8192, offset = 14516322304
gguf_ex_read_0: tensor[282]: name = blk.15.attn_output.weight, size = 8912896, offset = 14516330496
gguf_ex_read_0: tensor[283]: name = blk.15.attn_q.weight, size = 17825792, offset = 14525243392
gguf_ex_read_0: tensor[284]: name = blk.15.attn_q_norm.weight, size = 1024, offset = 14543069184
gguf_ex_read_0: tensor[285]: name = blk.15.attn_v.weight, size = 1114112, offset = 14543070208
gguf_ex_read_0: tensor[286]: name = blk.15.ffn_down_exps.weight, size = 285212672, offset = 14544184320
gguf_ex_read_0: tensor[287]: name = blk.15.ffn_down_shexp.weight, size = 1114112, offset = 14829396992
gguf_ex_read_0: tensor[288]: name = blk.15.ffn_gate_exps.weight, size = 285212672, offset = 14830511104
gguf_ex_read_0: tensor[289]: name = blk.15.ffn_gate_inp.weight, size = 2097152, offset = 15115723776
gguf_ex_read_0: tensor[290]: name = blk.15.ffn_gate_inp_shexp.weight, size = 8192, offset = 15117820928
gguf_ex_read_0: tensor[291]: name = blk.15.ffn_gate_shexp.weight, size = 1114112, offset = 15117829120
gguf_ex_read_0: tensor[292]: name = blk.15.ffn_up_exps.weight, size = 285212672, offset = 15118943232
gguf_ex_read_0: tensor[293]: name = blk.15.ffn_up_shexp.weight, size = 1114112, offset = 15404155904
gguf_ex_read_0: tensor[294]: name = blk.15.post_attention_norm.weight, size = 8192, offset = 15405270016
gguf_ex_read_0: tensor[295]: name = blk.16.attn_gate.weight, size = 8912896, offset = 15405278208
gguf_ex_read_0: tensor[296]: name = blk.16.attn_norm.weight, size = 8192, offset = 15414191104
gguf_ex_read_0: tensor[297]: name = blk.16.attn_qkv.weight, size = 17825792, offset = 15414199296
gguf_ex_read_0: tensor[298]: name = blk.16.ffn_down_exps.weight, size = 285212672, offset = 15432025088
gguf_ex_read_0: tensor[299]: name = blk.16.ffn_down_shexp.weight, size = 1114112, offset = 15717237760
gguf_ex_read_0: tensor[300]: name = blk.16.ffn_gate_exps.weight, size = 285212672, offset = 15718351872
gguf_ex_read_0: tensor[301]: name = blk.16.ffn_gate_inp.weight, size = 2097152, offset = 16003564544
gguf_ex_read_0: tensor[302]: name = blk.16.ffn_gate_inp_shexp.weight, size = 8192, offset = 16005661696
gguf_ex_read_0: tensor[303]: name = blk.16.ffn_gate_shexp.weight, size = 1114112, offset = 16005669888
gguf_ex_read_0: tensor[304]: name = blk.16.ffn_up_exps.weight, size = 285212672, offset = 16006784000
gguf_ex_read_0: tensor[305]: name = blk.16.ffn_up_shexp.weight, size = 1114112, offset = 16291996672
gguf_ex_read_0: tensor[306]: name = blk.16.post_attention_norm.weight, size = 8192, offset = 16293110784
gguf_ex_read_0: tensor[307]: name = blk.16.ssm_a, size = 128, offset = 16293118976
gguf_ex_read_0: tensor[308]: name = blk.16.ssm_alpha.weight, size = 69632, offset = 16293119104
gguf_ex_read_0: tensor[309]: name = blk.16.ssm_beta.weight, size = 69632, offset = 16293188736
gguf_ex_read_0: tensor[310]: name = blk.16.ssm_conv1d.weight, size = 131072, offset = 16293258368
gguf_ex_read_0: tensor[311]: name = blk.16.ssm_dt.bias, size = 128, offset = 16293389440
gguf_ex_read_0: tensor[312]: name = blk.16.ssm_norm.weight, size = 512, offset = 16293389568
gguf_ex_read_0: tensor[313]: name = blk.16.ssm_out.weight, size = 8912896, offset = 16293390080
gguf_ex_read_0: tensor[314]: name = blk.17.attn_gate.weight, size = 8912896, offset = 16302302976
gguf_ex_read_0: tensor[315]: name = blk.17.attn_norm.weight, size = 8192, offset = 16311215872
gguf_ex_read_0: tensor[316]: name = blk.17.attn_qkv.weight, size = 17825792, offset = 16311224064
gguf_ex_read_0: tensor[317]: name = blk.17.ffn_down_exps.weight, size = 285212672, offset = 16329049856
gguf_ex_read_0: tensor[318]: name = blk.17.ffn_down_shexp.weight, size = 1114112, offset = 16614262528
gguf_ex_read_0: tensor[319]: name = blk.17.ffn_gate_exps.weight, size = 285212672, offset = 16615376640
gguf_ex_read_0: tensor[320]: name = blk.17.ffn_gate_inp.weight, size = 2097152, offset = 16900589312
gguf_ex_read_0: tensor[321]: name = blk.17.ffn_gate_inp_shexp.weight, size = 8192, offset = 16902686464
gguf_ex_read_0: tensor[322]: name = blk.17.ffn_gate_shexp.weight, size = 1114112, offset = 16902694656
gguf_ex_read_0: tensor[323]: name = blk.17.ffn_up_exps.weight, size = 285212672, offset = 16903808768
gguf_ex_read_0: tensor[324]: name = blk.17.ffn_up_shexp.weight, size = 1114112, offset = 17189021440
gguf_ex_read_0: tensor[325]: name = blk.17.post_attention_norm.weight, size = 8192, offset = 17190135552
gguf_ex_read_0: tensor[326]: name = blk.17.ssm_a, size = 128, offset = 17190143744
gguf_ex_read_0: tensor[327]: name = blk.17.ssm_alpha.weight, size = 69632, offset = 17190143872
gguf_ex_read_0: tensor[328]: name = blk.17.ssm_beta.weight, size = 69632, offset = 17190213504
gguf_ex_read_0: tensor[329]: name = blk.17.ssm_conv1d.weight, size = 131072, offset = 17190283136
gguf_ex_read_0: tensor[330]: name = blk.17.ssm_dt.bias, size = 128, offset = 17190414208
gguf_ex_read_0: tensor[331]: name = blk.17.ssm_norm.weight, size = 512, offset = 17190414336
gguf_ex_read_0: tensor[332]: name = blk.17.ssm_out.weight, size = 8912896, offset = 17190414848
gguf_ex_read_0: tensor[333]: name = blk.18.attn_gate.weight, size = 8912896, offset = 17199327744
gguf_ex_read_0: tensor[334]: name = blk.18.attn_norm.weight, size = 8192, offset = 17208240640
gguf_ex_read_0: tensor[335]: name = blk.18.attn_qkv.weight, size = 17825792, offset = 17208248832
gguf_ex_read_0: tensor[336]: name = blk.18.ffn_down_exps.weight, size = 285212672, offset = 17226074624
gguf_ex_read_0: tensor[337]: name = blk.18.ffn_down_shexp.weight, size = 1114112, offset = 17511287296
gguf_ex_read_0: tensor[338]: name = blk.18.ffn_gate_exps.weight, size = 285212672, offset = 17512401408
gguf_ex_read_0: tensor[339]: name = blk.18.ffn_gate_inp.weight, size = 2097152, offset = 17797614080
gguf_ex_read_0: tensor[340]: name = blk.18.ffn_gate_inp_shexp.weight, size = 8192, offset = 17799711232
gguf_ex_read_0: tensor[341]: name = blk.18.ffn_gate_shexp.weight, size = 1114112, offset = 17799719424
gguf_ex_read_0: tensor[342]: name = blk.18.ffn_up_exps.weight, size = 285212672, offset = 17800833536
gguf_ex_read_0: tensor[343]: name = blk.18.ffn_up_shexp.weight, size = 1114112, offset = 18086046208
gguf_ex_read_0: tensor[344]: name = blk.18.post_attention_norm.weight, size = 8192, offset = 18087160320
gguf_ex_read_0: tensor[345]: name = blk.18.ssm_a, size = 128, offset = 18087168512
gguf_ex_read_0: tensor[346]: name = blk.18.ssm_alpha.weight, size = 69632, offset = 18087168640
gguf_ex_read_0: tensor[347]: name = blk.18.ssm_beta.weight, size = 69632, offset = 18087238272
gguf_ex_read_0: tensor[348]: name = blk.18.ssm_conv1d.weight, size = 131072, offset = 18087307904
gguf_ex_read_0: tensor[349]: name = blk.18.ssm_dt.bias, size = 128, offset = 18087438976
gguf_ex_read_0: tensor[350]: name = blk.18.ssm_norm.weight, size = 512, offset = 18087439104
gguf_ex_read_0: tensor[351]: name = blk.18.ssm_out.weight, size = 8912896, offset = 18087439616
gguf_ex_read_0: tensor[352]: name = blk.19.attn_k.weight, size = 1114112, offset = 18096352512
gguf_ex_read_0: tensor[353]: name = blk.19.attn_k_norm.weight, size = 1024, offset = 18097466624
gguf_ex_read_0: tensor[354]: name = blk.19.attn_norm.weight, size = 8192, offset = 18097467648
gguf_ex_read_0: tensor[355]: name = blk.19.attn_output.weight, size = 8912896, offset = 18097475840
gguf_ex_read_0: tensor[356]: name = blk.19.attn_q.weight, size = 17825792, offset = 18106388736
gguf_ex_read_0: tensor[357]: name = blk.19.attn_q_norm.weight, size = 1024, offset = 18124214528
gguf_ex_read_0: tensor[358]: name = blk.19.attn_v.weight, size = 1114112, offset = 18124215552
gguf_ex_read_0: tensor[359]: name = blk.19.ffn_down_exps.weight, size = 285212672, offset = 18125329664
gguf_ex_read_0: tensor[360]: name = blk.19.ffn_down_shexp.weight, size = 1114112, offset = 18410542336
gguf_ex_read_0: tensor[361]: name = blk.19.ffn_gate_exps.weight, size = 285212672, offset = 18411656448
gguf_ex_read_0: tensor[362]: name = blk.19.ffn_gate_inp.weight, size = 2097152, offset = 18696869120
gguf_ex_read_0: tensor[363]: name = blk.19.ffn_gate_inp_shexp.weight, size = 8192, offset = 18698966272
gguf_ex_read_0: tensor[364]: name = blk.19.ffn_gate_shexp.weight, size = 1114112, offset = 18698974464
gguf_ex_read_0: tensor[365]: name = blk.19.ffn_up_exps.weight, size = 285212672, offset = 18700088576
gguf_ex_read_0: tensor[366]: name = blk.19.ffn_up_shexp.weight, size = 1114112, offset = 18985301248
gguf_ex_read_0: tensor[367]: name = blk.19.post_attention_norm.weight, size = 8192, offset = 18986415360
gguf_ex_read_0: tensor[368]: name = blk.20.attn_gate.weight, size = 8912896, offset = 18986423552
gguf_ex_read_0: tensor[369]: name = blk.20.attn_norm.weight, size = 8192, offset = 18995336448
gguf_ex_read_0: tensor[370]: name = blk.20.attn_qkv.weight, size = 17825792, offset = 18995344640
gguf_ex_read_0: tensor[371]: name = blk.20.ffn_down_exps.weight, size = 285212672, offset = 19013170432
gguf_ex_read_0: tensor[372]: name = blk.20.ffn_down_shexp.weight, size = 1114112, offset = 19298383104
gguf_ex_read_0: tensor[373]: name = blk.20.ffn_gate_exps.weight, size = 285212672, offset = 19299497216
gguf_ex_read_0: tensor[374]: name = blk.20.ffn_gate_inp.weight, size = 2097152, offset = 19584709888
gguf_ex_read_0: tensor[375]: name = blk.20.ffn_gate_inp_shexp.weight, size = 8192, offset = 19586807040
gguf_ex_read_0: tensor[376]: name = blk.20.ffn_gate_shexp.weight, size = 1114112, offset = 19586815232
gguf_ex_read_0: tensor[377]: name = blk.20.ffn_up_exps.weight, size = 285212672, offset = 19587929344
gguf_ex_read_0: tensor[378]: name = blk.20.ffn_up_shexp.weight, size = 1114112, offset = 19873142016
gguf_ex_read_0: tensor[379]: name = blk.20.post_attention_norm.weight, size = 8192, offset = 19874256128
gguf_ex_read_0: tensor[380]: name = blk.20.ssm_a, size = 128, offset = 19874264320
gguf_ex_read_0: tensor[381]: name = blk.20.ssm_alpha.weight, size = 69632, offset = 19874264448
gguf_ex_read_0: tensor[382]: name = blk.20.ssm_beta.weight, size = 69632, offset = 19874334080
gguf_ex_read_0: tensor[383]: name = blk.20.ssm_conv1d.weight, size = 131072, offset = 19874403712
gguf_ex_read_0: tensor[384]: name = blk.20.ssm_dt.bias, size = 128, offset = 19874534784
gguf_ex_read_0: tensor[385]: name = blk.20.ssm_norm.weight, size = 512, offset = 19874534912
gguf_ex_read_0: tensor[386]: name = blk.20.ssm_out.weight, size = 8912896, offset = 19874535424
gguf_ex_read_0: tensor[387]: name = blk.21.attn_gate.weight, size = 8912896, offset = 19883448320
gguf_ex_read_0: tensor[388]: name = blk.21.attn_norm.weight, size = 8192, offset = 19892361216
gguf_ex_read_0: tensor[389]: name = blk.21.attn_qkv.weight, size = 17825792, offset = 19892369408
gguf_ex_read_0: tensor[390]: name = blk.21.ffn_down_exps.weight, size = 285212672, offset = 19910195200
gguf_ex_read_0: tensor[391]: name = blk.21.ffn_down_shexp.weight, size = 1114112, offset = 20195407872
gguf_ex_read_0: tensor[392]: name = blk.21.ffn_gate_exps.weight, size = 285212672, offset = 20196521984
gguf_ex_read_0: tensor[393]: name = blk.21.ffn_gate_inp.weight, size = 2097152, offset = 20481734656
gguf_ex_read_0: tensor[394]: name = blk.21.ffn_gate_inp_shexp.weight, size = 8192, offset = 20483831808
gguf_ex_read_0: tensor[395]: name = blk.21.ffn_gate_shexp.weight, size = 1114112, offset = 20483840000
gguf_ex_read_0: tensor[396]: name = blk.21.ffn_up_exps.weight, size = 285212672, offset = 20484954112
gguf_ex_read_0: tensor[397]: name = blk.21.ffn_up_shexp.weight, size = 1114112, offset = 20770166784
gguf_ex_read_0: tensor[398]: name = blk.21.post_attention_norm.weight, size = 8192, offset = 20771280896
gguf_ex_read_0: tensor[399]: name = blk.21.ssm_a, size = 128, offset = 20771289088
gguf_ex_read_0: tensor[400]: name = blk.21.ssm_alpha.weight, size = 69632, offset = 20771289216
gguf_ex_read_0: tensor[401]: name = blk.21.ssm_beta.weight, size = 69632, offset = 20771358848
gguf_ex_read_0: tensor[402]: name = blk.21.ssm_conv1d.weight, size = 131072, offset = 20771428480
gguf_ex_read_0: tensor[403]: name = blk.21.ssm_dt.bias, size = 128, offset = 20771559552
gguf_ex_read_0: tensor[404]: name = blk.21.ssm_norm.weight, size = 512, offset = 20771559680
gguf_ex_read_0: tensor[405]: name = blk.21.ssm_out.weight, size = 8912896, offset = 20771560192
gguf_ex_read_0: tensor[406]: name = blk.22.attn_gate.weight, size = 8912896, offset = 20780473088
gguf_ex_read_0: tensor[407]: name = blk.22.attn_norm.weight, size = 8192, offset = 20789385984
gguf_ex_read_0: tensor[408]: name = blk.22.attn_qkv.weight, size = 17825792, offset = 20789394176
gguf_ex_read_0: tensor[409]: name = blk.22.ffn_down_exps.weight, size = 285212672, offset = 20807219968
gguf_ex_read_0: tensor[410]: name = blk.22.ffn_down_shexp.weight, size = 1114112, offset = 21092432640
gguf_ex_read_0: tensor[411]: name = blk.22.ffn_gate_exps.weight, size = 285212672, offset = 21093546752
gguf_ex_read_0: tensor[412]: name = blk.22.ffn_gate_inp.weight, size = 2097152, offset = 21378759424
gguf_ex_read_0: tensor[413]: name = blk.22.ffn_gate_inp_shexp.weight, size = 8192, offset = 21380856576
gguf_ex_read_0: tensor[414]: name = blk.22.ffn_gate_shexp.weight, size = 1114112, offset = 21380864768
gguf_ex_read_0: tensor[415]: name = blk.22.ffn_up_exps.weight, size = 285212672, offset = 21381978880
gguf_ex_read_0: tensor[416]: name = blk.22.ffn_up_shexp.weight, size = 1114112, offset = 21667191552
gguf_ex_read_0: tensor[417]: name = blk.22.post_attention_norm.weight, size = 8192, offset = 21668305664
gguf_ex_read_0: tensor[418]: name = blk.22.ssm_a, size = 128, offset = 21668313856
gguf_ex_read_0: tensor[419]: name = blk.22.ssm_alpha.weight, size = 69632, offset = 21668313984
gguf_ex_read_0: tensor[420]: name = blk.22.ssm_beta.weight, size = 69632, offset = 21668383616
gguf_ex_read_0: tensor[421]: name = blk.22.ssm_conv1d.weight, size = 131072, offset = 21668453248
gguf_ex_read_0: tensor[422]: name = blk.22.ssm_dt.bias, size = 128, offset = 21668584320
gguf_ex_read_0: tensor[423]: name = blk.22.ssm_norm.weight, size = 512, offset = 21668584448
gguf_ex_read_0: tensor[424]: name = blk.22.ssm_out.weight, size = 8912896, offset = 21668584960
gguf_ex_read_0: tensor[425]: name = blk.23.attn_k.weight, size = 1114112, offset = 21677497856
gguf_ex_read_0: tensor[426]: name = blk.23.attn_k_norm.weight, size = 1024, offset = 21678611968
gguf_ex_read_0: tensor[427]: name = blk.23.attn_norm.weight, size = 8192, offset = 21678612992
gguf_ex_read_0: tensor[428]: name = blk.23.attn_output.weight, size = 8912896, offset = 21678621184
gguf_ex_read_0: tensor[429]: name = blk.23.attn_q.weight, size = 17825792, offset = 21687534080
gguf_ex_read_0: tensor[430]: name = blk.23.attn_q_norm.weight, size = 1024, offset = 21705359872
gguf_ex_read_0: tensor[431]: name = blk.23.attn_v.weight, size = 1114112, offset = 21705360896
gguf_ex_read_0: tensor[432]: name = blk.23.ffn_down_exps.weight, size = 285212672, offset = 21706475008
gguf_ex_read_0: tensor[433]: name = blk.23.ffn_down_shexp.weight, size = 1114112, offset = 21991687680
gguf_ex_read_0: tensor[434]: name = blk.23.ffn_gate_exps.weight, size = 285212672, offset = 21992801792
gguf_ex_read_0: tensor[435]: name = blk.23.ffn_gate_inp.weight, size = 2097152, offset = 22278014464
gguf_ex_read_0: tensor[436]: name = blk.23.ffn_gate_inp_shexp.weight, size = 8192, offset = 22280111616
gguf_ex_read_0: tensor[437]: name = blk.23.ffn_gate_shexp.weight, size = 1114112, offset = 22280119808
gguf_ex_read_0: tensor[438]: name = blk.23.ffn_up_exps.weight, size = 285212672, offset = 22281233920
gguf_ex_read_0: tensor[439]: name = blk.23.ffn_up_shexp.weight, size = 1114112, offset = 22566446592
gguf_ex_read_0: tensor[440]: name = blk.23.post_attention_norm.weight, size = 8192, offset = 22567560704
gguf_ex_read_0: tensor[441]: name = blk.24.attn_gate.weight, size = 8912896, offset = 22567568896
gguf_ex_read_0: tensor[442]: name = blk.24.attn_norm.weight, size = 8192, offset = 22576481792
gguf_ex_read_0: tensor[443]: name = blk.24.attn_qkv.weight, size = 17825792, offset = 22576489984
gguf_ex_read_0: tensor[444]: name = blk.24.ffn_down_exps.weight, size = 285212672, offset = 22594315776
gguf_ex_read_0: tensor[445]: name = blk.24.ffn_down_shexp.weight, size = 1114112, offset = 22879528448
gguf_ex_read_0: tensor[446]: name = blk.24.ffn_gate_exps.weight, size = 285212672, offset = 22880642560
gguf_ex_read_0: tensor[447]: name = blk.24.ffn_gate_inp.weight, size = 2097152, offset = 23165855232
gguf_ex_read_0: tensor[448]: name = blk.24.ffn_gate_inp_shexp.weight, size = 8192, offset = 23167952384
gguf_ex_read_0: tensor[449]: name = blk.24.ffn_gate_shexp.weight, size = 1114112, offset = 23167960576
gguf_ex_read_0: tensor[450]: name = blk.24.ffn_up_exps.weight, size = 285212672, offset = 23169074688
gguf_ex_read_0: tensor[451]: name = blk.24.ffn_up_shexp.weight, size = 1114112, offset = 23454287360
gguf_ex_read_0: tensor[452]: name = blk.24.post_attention_norm.weight, size = 8192, offset = 23455401472
gguf_ex_read_0: tensor[453]: name = blk.24.ssm_a, size = 128, offset = 23455409664
gguf_ex_read_0: tensor[454]: name = blk.24.ssm_alpha.weight, size = 69632, offset = 23455409792
gguf_ex_read_0: tensor[455]: name = blk.24.ssm_beta.weight, size = 69632, offset = 23455479424
gguf_ex_read_0: tensor[456]: name = blk.24.ssm_conv1d.weight, size = 131072, offset = 23455549056
gguf_ex_read_0: tensor[457]: name = blk.24.ssm_dt.bias, size = 128, offset = 23455680128
gguf_ex_read_0: tensor[458]: name = blk.24.ssm_norm.weight, size = 512, offset = 23455680256
gguf_ex_read_0: tensor[459]: name = blk.24.ssm_out.weight, size = 8912896, offset = 23455680768
gguf_ex_read_0: tensor[460]: name = blk.25.attn_gate.weight, size = 8912896, offset = 23464593664
gguf_ex_read_0: tensor[461]: name = blk.25.attn_norm.weight, size = 8192, offset = 23473506560
gguf_ex_read_0: tensor[462]: name = blk.25.attn_qkv.weight, size = 17825792, offset = 23473514752
gguf_ex_read_0: tensor[463]: name = blk.25.ffn_down_exps.weight, size = 285212672, offset = 23491340544
gguf_ex_read_0: tensor[464]: name = blk.25.ffn_down_shexp.weight, size = 1114112, offset = 23776553216
gguf_ex_read_0: tensor[465]: name = blk.25.ffn_gate_exps.weight, size = 285212672, offset = 23777667328
gguf_ex_read_0: tensor[466]: name = blk.25.ffn_gate_inp.weight, size = 2097152, offset = 24062880000
gguf_ex_read_0: tensor[467]: name = blk.25.ffn_gate_inp_shexp.weight, size = 8192, offset = 24064977152
gguf_ex_read_0: tensor[468]: name = blk.25.ffn_gate_shexp.weight, size = 1114112, offset = 24064985344
gguf_ex_read_0: tensor[469]: name = blk.25.ffn_up_exps.weight, size = 285212672, offset = 24066099456
gguf_ex_read_0: tensor[470]: name = blk.25.ffn_up_shexp.weight, size = 1114112, offset = 24351312128
gguf_ex_read_0: tensor[471]: name = blk.25.post_attention_norm.weight, size = 8192, offset = 24352426240
gguf_ex_read_0: tensor[472]: name = blk.25.ssm_a, size = 128, offset = 24352434432
gguf_ex_read_0: tensor[473]: name = blk.25.ssm_alpha.weight, size = 69632, offset = 24352434560
gguf_ex_read_0: tensor[474]: name = blk.25.ssm_beta.weight, size = 69632, offset = 24352504192
gguf_ex_read_0: tensor[475]: name = blk.25.ssm_conv1d.weight, size = 131072, offset = 24352573824
gguf_ex_read_0: tensor[476]: name = blk.25.ssm_dt.bias, size = 128, offset = 24352704896
gguf_ex_read_0: tensor[477]: name = blk.25.ssm_norm.weight, size = 512, offset = 24352705024
gguf_ex_read_0: tensor[478]: name = blk.25.ssm_out.weight, size = 8912896, offset = 24352705536
gguf_ex_read_0: tensor[479]: name = blk.26.attn_gate.weight, size = 8912896, offset = 24361618432
gguf_ex_read_0: tensor[480]: name = blk.26.attn_norm.weight, size = 8192, offset = 24370531328
gguf_ex_read_0: tensor[481]: name = blk.26.attn_qkv.weight, size = 17825792, offset = 24370539520
gguf_ex_read_0: tensor[482]: name = blk.26.ffn_down_exps.weight, size = 285212672, offset = 24388365312
gguf_ex_read_0: tensor[483]: name = blk.26.ffn_down_shexp.weight, size = 1114112, offset = 24673577984
gguf_ex_read_0: tensor[484]: name = blk.26.ffn_gate_exps.weight, size = 285212672, offset = 24674692096
gguf_ex_read_0: tensor[485]: name = blk.26.ffn_gate_inp.weight, size = 2097152, offset = 24959904768
gguf_ex_read_0: tensor[486]: name = blk.26.ffn_gate_inp_shexp.weight, size = 8192, offset = 24962001920
gguf_ex_read_0: tensor[487]: name = blk.26.ffn_gate_shexp.weight, size = 1114112, offset = 24962010112
gguf_ex_read_0: tensor[488]: name = blk.26.ffn_up_exps.weight, size = 285212672, offset = 24963124224
gguf_ex_read_0: tensor[489]: name = blk.26.ffn_up_shexp.weight, size = 1114112, offset = 25248336896
gguf_ex_read_0: tensor[490]: name = blk.26.post_attention_norm.weight, size = 8192, offset = 25249451008
gguf_ex_read_0: tensor[491]: name = blk.26.ssm_a, size = 128, offset = 25249459200
gguf_ex_read_0: tensor[492]: name = blk.26.ssm_alpha.weight, size = 69632, offset = 25249459328
gguf_ex_read_0: tensor[493]: name = blk.26.ssm_beta.weight, size = 69632, offset = 25249528960
gguf_ex_read_0: tensor[494]: name = blk.26.ssm_conv1d.weight, size = 131072, offset = 25249598592
gguf_ex_read_0: tensor[495]: name = blk.26.ssm_dt.bias, size = 128, offset = 25249729664
gguf_ex_read_0: tensor[496]: name = blk.26.ssm_norm.weight, size = 512, offset = 25249729792
gguf_ex_read_0: tensor[497]: name = blk.26.ssm_out.weight, size = 8912896, offset = 25249730304
gguf_ex_read_0: tensor[498]: name = blk.27.attn_k.weight, size = 1114112, offset = 25258643200
gguf_ex_read_0: tensor[499]: name = blk.27.attn_k_norm.weight, size = 1024, offset = 25259757312
gguf_ex_read_0: tensor[500]: name = blk.27.attn_norm.weight, size = 8192, offset = 25259758336
gguf_ex_read_0: tensor[501]: name = blk.27.attn_output.weight, size = 8912896, offset = 25259766528
gguf_ex_read_0: tensor[502]: name = blk.27.attn_q.weight, size = 17825792, offset = 25268679424
gguf_ex_read_0: tensor[503]: name = blk.27.attn_q_norm.weight, size = 1024, offset = 25286505216
gguf_ex_read_0: tensor[504]: name = blk.27.attn_v.weight, size = 1114112, offset = 25286506240
gguf_ex_read_0: tensor[505]: name = blk.27.ffn_down_exps.weight, size = 285212672, offset = 25287620352
gguf_ex_read_0: tensor[506]: name = blk.27.ffn_down_shexp.weight, size = 1114112, offset = 25572833024
gguf_ex_read_0: tensor[507]: name = blk.27.ffn_gate_exps.weight, size = 285212672, offset = 25573947136
gguf_ex_read_0: tensor[508]: name = blk.27.ffn_gate_inp.weight, size = 2097152, offset = 25859159808
gguf_ex_read_0: tensor[509]: name = blk.27.ffn_gate_inp_shexp.weight, size = 8192, offset = 25861256960
gguf_ex_read_0: tensor[510]: name = blk.27.ffn_gate_shexp.weight, size = 1114112, offset = 25861265152
gguf_ex_read_0: tensor[511]: name = blk.27.ffn_up_exps.weight, size = 285212672, offset = 25862379264
gguf_ex_read_0: tensor[512]: name = blk.27.ffn_up_shexp.weight, size = 1114112, offset = 26147591936
gguf_ex_read_0: tensor[513]: name = blk.27.post_attention_norm.weight, size = 8192, offset = 26148706048
gguf_ex_read_0: tensor[514]: name = blk.28.attn_gate.weight, size = 8912896, offset = 26148714240
gguf_ex_read_0: tensor[515]: name = blk.28.attn_norm.weight, size = 8192, offset = 26157627136
gguf_ex_read_0: tensor[516]: name = blk.28.attn_qkv.weight, size = 17825792, offset = 26157635328
gguf_ex_read_0: tensor[517]: name = blk.28.ffn_down_exps.weight, size = 285212672, offset = 26175461120
gguf_ex_read_0: tensor[518]: name = blk.28.ffn_down_shexp.weight, size = 1114112, offset = 26460673792
gguf_ex_read_0: tensor[519]: name = blk.28.ffn_gate_exps.weight, size = 285212672, offset = 26461787904
gguf_ex_read_0: tensor[520]: name = blk.28.ffn_gate_inp.weight, size = 2097152, offset = 26747000576
gguf_ex_read_0: tensor[521]: name = blk.28.ffn_gate_inp_shexp.weight, size = 8192, offset = 26749097728
gguf_ex_read_0: tensor[522]: name = blk.28.ffn_gate_shexp.weight, size = 1114112, offset = 26749105920
gguf_ex_read_0: tensor[523]: name = blk.28.ffn_up_exps.weight, size = 285212672, offset = 26750220032
gguf_ex_read_0: tensor[524]: name = blk.28.ffn_up_shexp.weight, size = 1114112, offset = 27035432704
gguf_ex_read_0: tensor[525]: name = blk.28.post_attention_norm.weight, size = 8192, offset = 27036546816
gguf_ex_read_0: tensor[526]: name = blk.28.ssm_a, size = 128, offset = 27036555008
gguf_ex_read_0: tensor[527]: name = blk.28.ssm_alpha.weight, size = 69632, offset = 27036555136
gguf_ex_read_0: tensor[528]: name = blk.28.ssm_beta.weight, size = 69632, offset = 27036624768
gguf_ex_read_0: tensor[529]: name = blk.28.ssm_conv1d.weight, size = 131072, offset = 27036694400
gguf_ex_read_0: tensor[530]: name = blk.28.ssm_dt.bias, size = 128, offset = 27036825472
gguf_ex_read_0: tensor[531]: name = blk.28.ssm_norm.weight, size = 512, offset = 27036825600
gguf_ex_read_0: tensor[532]: name = blk.28.ssm_out.weight, size = 8912896, offset = 27036826112
gguf_ex_read_0: tensor[533]: name = blk.29.attn_gate.weight, size = 8912896, offset = 27045739008
gguf_ex_read_0: tensor[534]: name = blk.29.attn_norm.weight, size = 8192, offset = 27054651904
gguf_ex_read_0: tensor[535]: name = blk.29.attn_qkv.weight, size = 17825792, offset = 27054660096
gguf_ex_read_0: tensor[536]: name = blk.29.ffn_down_exps.weight, size = 285212672, offset = 27072485888
gguf_ex_read_0: tensor[537]: name = blk.29.ffn_down_shexp.weight, size = 1114112, offset = 27357698560
gguf_ex_read_0: tensor[538]: name = blk.29.ffn_gate_exps.weight, size = 285212672, offset = 27358812672
gguf_ex_read_0: tensor[539]: name = blk.29.ffn_gate_inp.weight, size = 2097152, offset = 27644025344
gguf_ex_read_0: tensor[540]: name = blk.29.ffn_gate_inp_shexp.weight, size = 8192, offset = 27646122496
gguf_ex_read_0: tensor[541]: name = blk.29.ffn_gate_shexp.weight, size = 1114112, offset = 27646130688
gguf_ex_read_0: tensor[542]: name = blk.29.ffn_up_exps.weight, size = 285212672, offset = 27647244800
gguf_ex_read_0: tensor[543]: name = blk.29.ffn_up_shexp.weight, size = 1114112, offset = 27932457472
gguf_ex_read_0: tensor[544]: name = blk.29.post_attention_norm.weight, size = 8192, offset = 27933571584
gguf_ex_read_0: tensor[545]: name = blk.29.ssm_a, size = 128, offset = 27933579776
gguf_ex_read_0: tensor[546]: name = blk.29.ssm_alpha.weight, size = 69632, offset = 27933579904
gguf_ex_read_0: tensor[547]: name = blk.29.ssm_beta.weight, size = 69632, offset = 27933649536
gguf_ex_read_0: tensor[548]: name = blk.29.ssm_conv1d.weight, size = 131072, offset = 27933719168
gguf_ex_read_0: tensor[549]: name = blk.29.ssm_dt.bias, size = 128, offset = 27933850240
gguf_ex_read_0: tensor[550]: name = blk.29.ssm_norm.weight, size = 512, offset = 27933850368
gguf_ex_read_0: tensor[551]: name = blk.29.ssm_out.weight, size = 8912896, offset = 27933850880
gguf_ex_read_0: tensor[552]: name = blk.30.attn_gate.weight, size = 8912896, offset = 27942763776
gguf_ex_read_0: tensor[553]: name = blk.30.attn_norm.weight, size = 8192, offset = 27951676672
gguf_ex_read_0: tensor[554]: name = blk.30.attn_qkv.weight, size = 17825792, offset = 27951684864
gguf_ex_read_0: tensor[555]: name = blk.30.ffn_down_exps.weight, size = 285212672, offset = 27969510656
gguf_ex_read_0: tensor[556]: name = blk.30.ffn_down_shexp.weight, size = 1114112, offset = 28254723328
gguf_ex_read_0: tensor[557]: name = blk.30.ffn_gate_exps.weight, size = 285212672, offset = 28255837440
gguf_ex_read_0: tensor[558]: name = blk.30.ffn_gate_inp.weight, size = 2097152, offset = 28541050112
gguf_ex_read_0: tensor[559]: name = blk.30.ffn_gate_inp_shexp.weight, size = 8192, offset = 28543147264
gguf_ex_read_0: tensor[560]: name = blk.30.ffn_gate_shexp.weight, size = 1114112, offset = 28543155456
gguf_ex_read_0: tensor[561]: name = blk.30.ffn_up_exps.weight, size = 285212672, offset = 28544269568
gguf_ex_read_0: tensor[562]: name = blk.30.ffn_up_shexp.weight, size = 1114112, offset = 28829482240
gguf_ex_read_0: tensor[563]: name = blk.30.post_attention_norm.weight, size = 8192, offset = 28830596352
gguf_ex_read_0: tensor[564]: name = blk.30.ssm_a, size = 128, offset = 28830604544
gguf_ex_read_0: tensor[565]: name = blk.30.ssm_alpha.weight, size = 69632, offset = 28830604672
gguf_ex_read_0: tensor[566]: name = blk.30.ssm_beta.weight, size = 69632, offset = 28830674304
gguf_ex_read_0: tensor[567]: name = blk.30.ssm_conv1d.weight, size = 131072, offset = 28830743936
gguf_ex_read_0: tensor[568]: name = blk.30.ssm_dt.bias, size = 128, offset = 28830875008
gguf_ex_read_0: tensor[569]: name = blk.30.ssm_norm.weight, size = 512, offset = 28830875136
gguf_ex_read_0: tensor[570]: name = blk.30.ssm_out.weight, size = 8912896, offset = 28830875648
gguf_ex_read_0: tensor[571]: name = blk.31.attn_k.weight, size = 1114112, offset = 28839788544
gguf_ex_read_0: tensor[572]: name = blk.31.attn_k_norm.weight, size = 1024, offset = 28840902656
gguf_ex_read_0: tensor[573]: name = blk.31.attn_norm.weight, size = 8192, offset = 28840903680
gguf_ex_read_0: tensor[574]: name = blk.31.attn_output.weight, size = 8912896, offset = 28840911872
gguf_ex_read_0: tensor[575]: name = blk.31.attn_q.weight, size = 17825792, offset = 28849824768
gguf_ex_read_0: tensor[576]: name = blk.31.attn_q_norm.weight, size = 1024, offset = 28867650560
gguf_ex_read_0: tensor[577]: name = blk.31.attn_v.weight, size = 1114112, offset = 28867651584
gguf_ex_read_0: tensor[578]: name = blk.31.ffn_down_exps.weight, size = 285212672, offset = 28868765696
gguf_ex_read_0: tensor[579]: name = blk.31.ffn_down_shexp.weight, size = 1114112, offset = 29153978368
gguf_ex_read_0: tensor[580]: name = blk.31.ffn_gate_exps.weight, size = 285212672, offset = 29155092480
gguf_ex_read_0: tensor[581]: name = blk.31.ffn_gate_inp.weight, size = 2097152, offset = 29440305152
gguf_ex_read_0: tensor[582]: name = blk.31.ffn_gate_inp_shexp.weight, size = 8192, offset = 29442402304
gguf_ex_read_0: tensor[583]: name = blk.31.ffn_gate_shexp.weight, size = 1114112, offset = 29442410496
gguf_ex_read_0: tensor[584]: name = blk.31.ffn_up_exps.weight, size = 285212672, offset = 29443524608
gguf_ex_read_0: tensor[585]: name = blk.31.ffn_up_shexp.weight, size = 1114112, offset = 29728737280
gguf_ex_read_0: tensor[586]: name = blk.31.post_attention_norm.weight, size = 8192, offset = 29729851392
gguf_ex_read_0: tensor[587]: name = blk.32.attn_gate.weight, size = 8912896, offset = 29729859584
gguf_ex_read_0: tensor[588]: name = blk.32.attn_norm.weight, size = 8192, offset = 29738772480
gguf_ex_read_0: tensor[589]: name = blk.32.attn_qkv.weight, size = 17825792, offset = 29738780672
gguf_ex_read_0: tensor[590]: name = blk.32.ffn_down_exps.weight, size = 285212672, offset = 29756606464
gguf_ex_read_0: tensor[591]: name = blk.32.ffn_down_shexp.weight, size = 1114112, offset = 30041819136
gguf_ex_read_0: tensor[592]: name = blk.32.ffn_gate_exps.weight, size = 285212672, offset = 30042933248
gguf_ex_read_0: tensor[593]: name = blk.32.ffn_gate_inp.weight, size = 2097152, offset = 30328145920
gguf_ex_read_0: tensor[594]: name = blk.32.ffn_gate_inp_shexp.weight, size = 8192, offset = 30330243072
gguf_ex_read_0: tensor[595]: name = blk.32.ffn_gate_shexp.weight, size = 1114112, offset = 30330251264
gguf_ex_read_0: tensor[596]: name = blk.32.ffn_up_exps.weight, size = 285212672, offset = 30331365376
gguf_ex_read_0: tensor[597]: name = blk.32.ffn_up_shexp.weight, size = 1114112, offset = 30616578048
gguf_ex_read_0: tensor[598]: name = blk.32.post_attention_norm.weight, size = 8192, offset = 30617692160
gguf_ex_read_0: tensor[599]: name = blk.32.ssm_a, size = 128, offset = 30617700352
gguf_ex_read_0: tensor[600]: name = blk.32.ssm_alpha.weight, size = 69632, offset = 30617700480
gguf_ex_read_0: tensor[601]: name = blk.32.ssm_beta.weight, size = 69632, offset = 30617770112
gguf_ex_read_0: tensor[602]: name = blk.32.ssm_conv1d.weight, size = 131072, offset = 30617839744
gguf_ex_read_0: tensor[603]: name = blk.32.ssm_dt.bias, size = 128, offset = 30617970816
gguf_ex_read_0: tensor[604]: name = blk.32.ssm_norm.weight, size = 512, offset = 30617970944
gguf_ex_read_0: tensor[605]: name = blk.32.ssm_out.weight, size = 8912896, offset = 30617971456
gguf_ex_read_0: tensor[606]: name = blk.33.attn_gate.weight, size = 8912896, offset = 30626884352
gguf_ex_read_0: tensor[607]: name = blk.33.attn_norm.weight, size = 8192, offset = 30635797248
gguf_ex_read_0: tensor[608]: name = blk.33.attn_qkv.weight, size = 17825792, offset = 30635805440
gguf_ex_read_0: tensor[609]: name = blk.33.ffn_down_exps.weight, size = 285212672, offset = 30653631232
gguf_ex_read_0: tensor[610]: name = blk.33.ffn_down_shexp.weight, size = 1114112, offset = 30938843904
gguf_ex_read_0: tensor[611]: name = blk.33.ffn_gate_exps.weight, size = 285212672, offset = 30939958016
gguf_ex_read_0: tensor[612]: name = blk.33.ffn_gate_inp.weight, size = 2097152, offset = 31225170688
gguf_ex_read_0: tensor[613]: name = blk.33.ffn_gate_inp_shexp.weight, size = 8192, offset = 31227267840
gguf_ex_read_0: tensor[614]: name = blk.33.ffn_gate_shexp.weight, size = 1114112, offset = 31227276032
gguf_ex_read_0: tensor[615]: name = blk.33.ffn_up_exps.weight, size = 285212672, offset = 31228390144
gguf_ex_read_0: tensor[616]: name = blk.33.ffn_up_shexp.weight, size = 1114112, offset = 31513602816
gguf_ex_read_0: tensor[617]: name = blk.33.post_attention_norm.weight, size = 8192, offset = 31514716928
gguf_ex_read_0: tensor[618]: name = blk.33.ssm_a, size = 128, offset = 31514725120
gguf_ex_read_0: tensor[619]: name = blk.33.ssm_alpha.weight, size = 69632, offset = 31514725248
gguf_ex_read_0: tensor[620]: name = blk.33.ssm_beta.weight, size = 69632, offset = 31514794880
gguf_ex_read_0: tensor[621]: name = blk.33.ssm_conv1d.weight, size = 131072, offset = 31514864512
gguf_ex_read_0: tensor[622]: name = blk.33.ssm_dt.bias, size = 128, offset = 31514995584
gguf_ex_read_0: tensor[623]: name = blk.33.ssm_norm.weight, size = 512, offset = 31514995712
gguf_ex_read_0: tensor[624]: name = blk.33.ssm_out.weight, size = 8912896, offset = 31514996224
gguf_ex_read_0: tensor[625]: name = blk.34.attn_gate.weight, size = 8912896, offset = 31523909120
gguf_ex_read_0: tensor[626]: name = blk.34.attn_norm.weight, size = 8192, offset = 31532822016
gguf_ex_read_0: tensor[627]: name = blk.34.attn_qkv.weight, size = 17825792, offset = 31532830208
gguf_ex_read_0: tensor[628]: name = blk.34.ffn_down_exps.weight, size = 285212672, offset = 31550656000
gguf_ex_read_0: tensor[629]: name = blk.34.ffn_down_shexp.weight, size = 1114112, offset = 31835868672
gguf_ex_read_0: tensor[630]: name = blk.34.ffn_gate_exps.weight, size = 285212672, offset = 31836982784
gguf_ex_read_0: tensor[631]: name = blk.34.ffn_gate_inp.weight, size = 2097152, offset = 32122195456
gguf_ex_read_0: tensor[632]: name = blk.34.ffn_gate_inp_shexp.weight, size = 8192, offset = 32124292608
gguf_ex_read_0: tensor[633]: name = blk.34.ffn_gate_shexp.weight, size = 1114112, offset = 32124300800
gguf_ex_read_0: tensor[634]: name = blk.34.ffn_up_exps.weight, size = 285212672, offset = 32125414912
gguf_ex_read_0: tensor[635]: name = blk.34.ffn_up_shexp.weight, size = 1114112, offset = 32410627584
gguf_ex_read_0: tensor[636]: name = blk.34.post_attention_norm.weight, size = 8192, offset = 32411741696
gguf_ex_read_0: tensor[637]: name = blk.34.ssm_a, size = 128, offset = 32411749888
gguf_ex_read_0: tensor[638]: name = blk.34.ssm_alpha.weight, size = 69632, offset = 32411750016
gguf_ex_read_0: tensor[639]: name = blk.34.ssm_beta.weight, size = 69632, offset = 32411819648
gguf_ex_read_0: tensor[640]: name = blk.34.ssm_conv1d.weight, size = 131072, offset = 32411889280
gguf_ex_read_0: tensor[641]: name = blk.34.ssm_dt.bias, size = 128, offset = 32412020352
gguf_ex_read_0: tensor[642]: name = blk.34.ssm_norm.weight, size = 512, offset = 32412020480
gguf_ex_read_0: tensor[643]: name = blk.34.ssm_out.weight, size = 8912896, offset = 32412020992
gguf_ex_read_0: tensor[644]: name = blk.35.attn_k.weight, size = 1114112, offset = 32420933888
gguf_ex_read_0: tensor[645]: name = blk.35.attn_k_norm.weight, size = 1024, offset = 32422048000
gguf_ex_read_0: tensor[646]: name = blk.35.attn_norm.weight, size = 8192, offset = 32422049024
gguf_ex_read_0: tensor[647]: name = blk.35.attn_output.weight, size = 8912896, offset = 32422057216
gguf_ex_read_0: tensor[648]: name = blk.35.attn_q.weight, size = 17825792, offset = 32430970112
gguf_ex_read_0: tensor[649]: name = blk.35.attn_q_norm.weight, size = 1024, offset = 32448795904
gguf_ex_read_0: tensor[650]: name = blk.35.attn_v.weight, size = 1114112, offset = 32448796928
gguf_ex_read_0: tensor[651]: name = blk.35.ffn_down_exps.weight, size = 285212672, offset = 32449911040
gguf_ex_read_0: tensor[652]: name = blk.35.ffn_down_shexp.weight, size = 1114112, offset = 32735123712
gguf_ex_read_0: tensor[653]: name = blk.35.ffn_gate_exps.weight, size = 285212672, offset = 32736237824
gguf_ex_read_0: tensor[654]: name = blk.35.ffn_gate_inp.weight, size = 2097152, offset = 33021450496
gguf_ex_read_0: tensor[655]: name = blk.35.ffn_gate_inp_shexp.weight, size = 8192, offset = 33023547648
gguf_ex_read_0: tensor[656]: name = blk.35.ffn_gate_shexp.weight, size = 1114112, offset = 33023555840
gguf_ex_read_0: tensor[657]: name = blk.35.ffn_up_exps.weight, size = 285212672, offset = 33024669952
gguf_ex_read_0: tensor[658]: name = blk.35.ffn_up_shexp.weight, size = 1114112, offset = 33309882624
gguf_ex_read_0: tensor[659]: name = blk.35.post_attention_norm.weight, size = 8192, offset = 33310996736
gguf_ex_read_0: tensor[660]: name = blk.36.attn_gate.weight, size = 8912896, offset = 33311004928
gguf_ex_read_0: tensor[661]: name = blk.36.attn_norm.weight, size = 8192, offset = 33319917824
gguf_ex_read_0: tensor[662]: name = blk.36.attn_qkv.weight, size = 17825792, offset = 33319926016
gguf_ex_read_0: tensor[663]: name = blk.36.ffn_down_exps.weight, size = 285212672, offset = 33337751808
gguf_ex_read_0: tensor[664]: name = blk.36.ffn_down_shexp.weight, size = 1114112, offset = 33622964480
gguf_ex_read_0: tensor[665]: name = blk.36.ffn_gate_exps.weight, size = 285212672, offset = 33624078592
gguf_ex_read_0: tensor[666]: name = blk.36.ffn_gate_inp.weight, size = 2097152, offset = 33909291264
gguf_ex_read_0: tensor[667]: name = blk.36.ffn_gate_inp_shexp.weight, size = 8192, offset = 33911388416
gguf_ex_read_0: tensor[668]: name = blk.36.ffn_gate_shexp.weight, size = 1114112, offset = 33911396608
gguf_ex_read_0: tensor[669]: name = blk.36.ffn_up_exps.weight, size = 285212672, offset = 33912510720
gguf_ex_read_0: tensor[670]: name = blk.36.ffn_up_shexp.weight, size = 1114112, offset = 34197723392
gguf_ex_read_0: tensor[671]: name = blk.36.post_attention_norm.weight, size = 8192, offset = 34198837504
gguf_ex_read_0: tensor[672]: name = blk.36.ssm_a, size = 128, offset = 34198845696
gguf_ex_read_0: tensor[673]: name = blk.36.ssm_alpha.weight, size = 69632, offset = 34198845824
gguf_ex_read_0: tensor[674]: name = blk.36.ssm_beta.weight, size = 69632, offset = 34198915456
gguf_ex_read_0: tensor[675]: name = blk.36.ssm_conv1d.weight, size = 131072, offset = 34198985088
gguf_ex_read_0: tensor[676]: name = blk.36.ssm_dt.bias, size = 128, offset = 34199116160
gguf_ex_read_0: tensor[677]: name = blk.36.ssm_norm.weight, size = 512, offset = 34199116288
gguf_ex_read_0: tensor[678]: name = blk.36.ssm_out.weight, size = 8912896, offset = 34199116800
gguf_ex_read_0: tensor[679]: name = blk.37.attn_gate.weight, size = 8912896, offset = 34208029696
gguf_ex_read_0: tensor[680]: name = blk.37.attn_norm.weight, size = 8192, offset = 34216942592
gguf_ex_read_0: tensor[681]: name = blk.37.attn_qkv.weight, size = 17825792, offset = 34216950784
gguf_ex_read_0: tensor[682]: name = blk.37.ffn_down_exps.weight, size = 285212672, offset = 34234776576
gguf_ex_read_0: tensor[683]: name = blk.37.ffn_down_shexp.weight, size = 1114112, offset = 34519989248
gguf_ex_read_0: tensor[684]: name = blk.37.ffn_gate_exps.weight, size = 285212672, offset = 34521103360
gguf_ex_read_0: tensor[685]: name = blk.37.ffn_gate_inp.weight, size = 2097152, offset = 34806316032
gguf_ex_read_0: tensor[686]: name = blk.37.ffn_gate_inp_shexp.weight, size = 8192, offset = 34808413184
gguf_ex_read_0: tensor[687]: name = blk.37.ffn_gate_shexp.weight, size = 1114112, offset = 34808421376
gguf_ex_read_0: tensor[688]: name = blk.37.ffn_up_exps.weight, size = 285212672, offset = 34809535488
gguf_ex_read_0: tensor[689]: name = blk.37.ffn_up_shexp.weight, size = 1114112, offset = 35094748160
gguf_ex_read_0: tensor[690]: name = blk.37.post_attention_norm.weight, size = 8192, offset = 35095862272
gguf_ex_read_0: tensor[691]: name = blk.37.ssm_a, size = 128, offset = 35095870464
gguf_ex_read_0: tensor[692]: name = blk.37.ssm_alpha.weight, size = 69632, offset = 35095870592
gguf_ex_read_0: tensor[693]: name = blk.37.ssm_beta.weight, size = 69632, offset = 35095940224
gguf_ex_read_0: tensor[694]: name = blk.37.ssm_conv1d.weight, size = 131072, offset = 35096009856
gguf_ex_read_0: tensor[695]: name = blk.37.ssm_dt.bias, size = 128, offset = 35096140928
gguf_ex_read_0: tensor[696]: name = blk.37.ssm_norm.weight, size = 512, offset = 35096141056
gguf_ex_read_0: tensor[697]: name = blk.37.ssm_out.weight, size = 8912896, offset = 35096141568
gguf_ex_read_0: tensor[698]: name = blk.38.attn_gate.weight, size = 8912896, offset = 35105054464
gguf_ex_read_0: tensor[699]: name = blk.38.attn_norm.weight, size = 8192, offset = 35113967360
gguf_ex_read_0: tensor[700]: name = blk.38.attn_qkv.weight, size = 17825792, offset = 35113975552
gguf_ex_read_0: tensor[701]: name = blk.38.ffn_down_exps.weight, size = 285212672, offset = 35131801344
gguf_ex_read_0: tensor[702]: name = blk.38.ffn_down_shexp.weight, size = 1114112, offset = 35417014016
gguf_ex_read_0: tensor[703]: name = blk.38.ffn_gate_exps.weight, size = 285212672, offset = 35418128128
gguf_ex_read_0: tensor[704]: name = blk.38.ffn_gate_inp.weight, size = 2097152, offset = 35703340800
gguf_ex_read_0: tensor[705]: name = blk.38.ffn_gate_inp_shexp.weight, size = 8192, offset = 35705437952
gguf_ex_read_0: tensor[706]: name = blk.38.ffn_gate_shexp.weight, size = 1114112, offset = 35705446144
gguf_ex_read_0: tensor[707]: name = blk.38.ffn_up_exps.weight, size = 285212672, offset = 35706560256
gguf_ex_read_0: tensor[708]: name = blk.38.ffn_up_shexp.weight, size = 1114112, offset = 35991772928
gguf_ex_read_0: tensor[709]: name = blk.38.post_attention_norm.weight, size = 8192, offset = 35992887040
gguf_ex_read_0: tensor[710]: name = blk.38.ssm_a, size = 128, offset = 35992895232
gguf_ex_read_0: tensor[711]: name = blk.38.ssm_alpha.weight, size = 69632, offset = 35992895360
gguf_ex_read_0: tensor[712]: name = blk.38.ssm_beta.weight, size = 69632, offset = 35992964992
gguf_ex_read_0: tensor[713]: name = blk.38.ssm_conv1d.weight, size = 131072, offset = 35993034624
gguf_ex_read_0: tensor[714]: name = blk.38.ssm_dt.bias, size = 128, offset = 35993165696
gguf_ex_read_0: tensor[715]: name = blk.38.ssm_norm.weight, size = 512, offset = 35993165824
gguf_ex_read_0: tensor[716]: name = blk.38.ssm_out.weight, size = 8912896, offset = 35993166336
gguf_ex_read_0: tensor[717]: name = blk.39.attn_k.weight, size = 1114112, offset = 36002079232
gguf_ex_read_0: tensor[718]: name = blk.39.attn_k_norm.weight, size = 1024, offset = 36003193344
gguf_ex_read_0: tensor[719]: name = blk.39.attn_norm.weight, size = 8192, offset = 36003194368
gguf_ex_read_0: tensor[720]: name = blk.39.attn_output.weight, size = 8912896, offset = 36003202560
gguf_ex_read_0: tensor[721]: name = blk.39.attn_q.weight, size = 17825792, offset = 36012115456
gguf_ex_read_0: tensor[722]: name = blk.39.attn_q_norm.weight, size = 1024, offset = 36029941248
gguf_ex_read_0: tensor[723]: name = blk.39.attn_v.weight, size = 1114112, offset = 36029942272
gguf_ex_read_0: tensor[724]: name = blk.39.ffn_down_exps.weight, size = 285212672, offset = 36031056384
gguf_ex_read_0: tensor[725]: name = blk.39.ffn_down_shexp.weight, size = 1114112, offset