#-----------------------------------------------------------
# xsim v2026.1 (64-bit)
# SW Build 6511674 on Tue Jun 16 11:01:26 MDT 2026
# IP Build 6504888 on Tue Jun 09 09:05:25 MDT 2026
# SharedData Build 6501428 on Mon Jun 08 17:34:18 MDT 2026
# Start of session at: Tue Oct  6 18:18:21 2026
# Process ID         : 1550855
# Current directory  : /home/shen/AI370-2/output/M13/local-qwen-agent-write-loop-20261006/project/runs/attempt-1
# Command line       : xsim -mode tcl -source {xsim.dir/tb_attempt_1/xsim_script.tcl}
# Log file           : /home/shen/AI370-2/output/M13/local-qwen-agent-write-loop-20261006/project/runs/attempt-1/xsim.log
# Journal file       : /home/shen/AI370-2/output/M13/local-qwen-agent-write-loop-20261006/project/runs/attempt-1/xsim.jou
# Running On         : shen-AI-Series
# Platform           : Ubuntu
# Operating System   : Ubuntu 24.04.4 LTS
# Processor Detail   : AMD Ryzen AI 9 HX 370 w/ Radeon 890M
# CPU Frequency      : 4413.774 MHz
# CPU Physical cores : 12
# CPU Logical cores  : 24
# Host memory        : 50103 MB
# Swap memory        : 8589 MB
# Total Virtual      : 58693 MB
# Available Virtual  : 43792 MB
#-----------------------------------------------------------
source xsim.dir/tb_attempt_1/xsim_script.tcl
run -all
