This is not a fresh install.
Running in batch mode...
+---------------------------------------------------------------------------+
|                  AMD Installer for FPGAs & Adaptive SoCs                  |
|---------------------------------------------------------------------------|
|                    Build Date:  2026-05-27 11:41:04 UTC                   |
|                    Branch:      2026.1                                    |
|                    Version:     f57d91f                                   |
|                                                                           |
| Copyright (c) 1986-2022 Xilinx, Inc. All rights reserved.                 |
| Copyright (c) 2022-2025 Advanced Micro Devices, Inc. All rights reserved. |
+---------------------------------------------------------------------------+

INFO  - User has accepted the EULAs.
WARN  - Module Alveo_Edge selection cannot be changed by user for the selected Edition.
WARN  - Module zynquplus selection cannot be changed by user for the selected Edition.
WARN  - Module Kria_Som selection cannot be changed by user for the selected Edition.
WARN  - Module artix7 selection cannot be changed by user for the selected Edition.
INFO  - Adding design tools/devices to Edition: Vitis Unified Software Platform
INFO  - Installation directory is /home/shen/tools/Xilinx/2026.1



Installing files, 0% completed. |
Installing files, 0% completed. /
Installing files, 0% completed. -
Installing files, 0% completed. \
Installing files, 0% completed. |
Installing files, 0% completed. /
Installing files, 0% completed. -
Installing files, 0% completed. \
Installing files, 0% completed. |
Installing files, 0% completed. /
Installing files, 0% completed. -
Installing files, 0% completed. \
Installing files, 0% completed. |
Installing files, 0% completed. /
Installing files, 0% completed. -
Installing files, 0% completed. \
Installing files, 0% completed. |
Installing files, 0% completed. /
Installing files, 0% completed. -
Installing files, 0% completed. \
Installing files, 0% completed. |
Installing files, 0% completed. /
Installing files, 0% completed. -
Installing files, 0% completed. \
Installing files, 0% completed. |
Installing files, 0% completed. /
Installing files, 0% completed. -
Installing files, 0% completed. \
Installing files, 0% completed. |
Installing files, 0% completed. /
Installing files, 0% completed. -
Installing files, 0% completed. \
Installing files, 0% completed. |
Installing files, 0% completed. /
Installing files, 0% completed. -
Installing files, 0% completed. \
Installing files, 0% completed. |
Installing files, 0% completed. /
Installing files, 0% completed. -
Installing files, 0% completed. \
Installing files, 0% completed. |
Installing files, 0% completed. /
Installing files, 0% completed. -
Installing files, 0% completed. \
Installing files, 0% completed. |
Installing files, 0% completed. /
Installing files, 0% completed. -
Installing files, 0% completed. \
Installing files, 0% completed. |
Installing files, 0% completed. /
Installing files, 0% completed. -
Installing files, 0% completed. \
Installing files, 0% completed. |
Installing files, 0% completed. /
Installing files, 0% completed. -
Installing files, 0% completed. \
Installing files, 0% completed. |
Installing files, 0% completed. /
Installing files, 0% completed. -
Installing files, 0% completed. \
Installing files, 0% completed. |
Installing files, 0% completed. /
Installing files, 0% completed. -
Installing files, 0% completed. \
Installing files, 0% completed. |
Installing files, 0% completed. /
Installing files, 0% completed. -
Installing files, 0% completed. \
Installing files, 0% completed. |
Installing files, 0% completed. /
Installing files, 0% completed. -
Installing files, 0% completed. \
Installing files, 0% completed. |
Installing files, 0% completed. /
Installing files, 0% completed. -
Installing files, 0% completed. \
Installing files, 0% completed. |
Installing files, 0% completed. /
Installing files, 4% completed. -
Installing files, 4% completed. \
Installing files, 4% completed. |
Installing files, 4% completed. /
Installing files, 4% completed. -
Installing files, 4% completed. \
Installing files, 4% completed. |
Installing files, 7% completed. /
Installing files, 7% completed. -
Installing files, 7% completed. \
Installing files, 7% completed. |
Installing files, 7% completed. /
Installing files, 7% completed. -
Installing files, 7% completed. \
Installing files, 7% completed. |
Installing files, 7% completed. /
Installing files, 7% completed. -
Installing files, 7% completed. \
Installing files, 7% completed. |
Installing files, 7% completed. /
Installing files, 7% completed. -
Installing files, 7% completed. \
Installing files, 7% completed. |
Installing files, 7% completed. /
Installing files, 7% completed. -
Installing files, 7% completed. \
Installing files, 7% completed. |
Installing files, 7% completed. /
Installing files, 7% completed. -
Installing files, 7% completed. \
Installing files, 7% completed. |
Installing files, 7% completed. /
Installing files, 7% completed. -
Installing files, 7% completed. \
Installing files, 7% completed. |
Installing files, 7% completed. /
Installing files, 7% completed. -
Installing files, 7% completed. \
Installing files, 7% completed. |
Installing files, 7% completed. /
Installing files, 7% completed. -
Installing files, 7% completed. \
Installing files, 7% completed. |
Installing files, 7% completed. /
Installing files, 7% completed. -
Installing files, 7% completed. \
Installing files, 7% completed. |
Installing files, 7% completed. /
Installing files, 7% completed. -
Installing files, 7% completed. \
Installing files, 7% completed. |
Installing files, 7% completed. /
Installing files, 7% completed. -
Installing files, 7% completed. \
Installing files, 7% completed. |
Installing files, 7% completed. /
Installing files, 7% completed. -
Installing files, 7% completed. \
Installing files, 7% completed. |
Installing files, 7% completed. /
Installing files, 7% completed. -
Installing files, 7% completed. \
Installing files, 7% completed. |
Installing files, 7% completed. /
Installing files, 7% completed. -
Installing files, 7% completed. \
Installing files, 7% completed. |
Installing files, 7% completed. /
Installing files, 7% completed. -
Installing files, 7% completed. \
Installing files, 7% completed. |
Installing files, 7% completed. /
Installing files, 7% completed. -
Installing files, 7% completed. \
Installing files, 7% completed. |
Installing files, 14% completed. /
Installing files, 14% completed. -
Installing files, 14% completed. \
Installing files, 14% completed. |
Installing files, 14% completed. /
Installing files, 14% completed. -
Installing files, 14% completed. \
Installing files, 14% completed. |
Installing files, 14% completed. /
Installing files, 14% completed. -
Installing files, 14% completed. \
Installing files, 14% completed. |
Installing files, 14% completed. /
Installing files, 14% completed. -
Installing files, 14% completed. \
Installing files, 14% completed. |
Installing files, 14% completed. /
Installing files, 14% completed. -
Installing files, 14% completed. \
Installing files, 14% completed. |
Installing files, 14% completed. /
Installing files, 14% completed. -
Installing files, 14% completed. \
Installing files, 14% completed. |
Installing files, 14% completed. /
Installing files, 14% completed. -
Installing files, 17% completed. \
Installing files, 17% completed. |
Installing files, 17% completed. /
Installing files, 17% completed. -
Installing files, 17% completed. \
Installing files, 17% completed. |
Installing files, 17% completed. /
Installing files, 17% completed. -
Installing files, 17% completed. \
Installing files, 17% completed. |
Installing files, 17% completed. /
Installing files, 17% completed. -
Installing files, 17% completed. \
Installing files, 17% completed. |
Installing files, 17% completed. /
Installing files, 17% completed. -
Installing files, 17% completed. \
Installing files, 17% completed. |
Installing files, 17% completed. /
Installing files, 17% completed. -
Installing files, 17% completed. \
Installing files, 17% completed. |
Installing files, 17% completed. /
Installing files, 17% completed. -
Installing files, 17% completed. \
Installing files, 17% completed. |
Installing files, 17% completed. /
Installing files, 17% completed. -
Installing files, 17% completed. \
Installing files, 17% completed. |
Installing files, 17% completed. /
Installing files, 17% completed. -
Installing files, 17% completed. \
Installing files, 17% completed. |
Installing files, 17% completed. /
Installing files, 17% completed. -
Installing files, 17% completed. \
Installing files, 17% completed. |
Installing files, 17% completed. /
Installing files, 17% completed. -
Installing files, 17% completed. \
Installing files, 17% completed. |
Installing files, 17% completed. /
Installing files, 17% completed. -
Installing files, 17% completed. \
Installing files, 17% completed. |
Installing files, 17% completed. /
Installing files, 17% completed. -
Installing files, 17% completed. \
Installing files, 17% completed. |
Installing files, 17% completed. /
Installing files, 17% completed. -
Installing files, 17% completed. \
Installing files, 22% completed. |
Installing files, 27% completed. /
Installing files, 27% completed. -
Installing files, 27% completed. \
Installing files, 27% completed. |
Installing files, 27% completed. /
Installing files, 27% completed. -
Installing files, 27% completed. \
Installing files, 27% completed. |
Installing files, 27% completed. /
Installing files, 27% completed. -
Installing files, 27% completed. \
Installing files, 27% completed. |
Installing files, 27% completed. /
Installing files, 27% completed. -
Installing files, 27% completed. \
Installing files, 27% completed. |
Installing files, 27% completed. /
Installing files, 27% completed. -
Installing files, 27% completed. \
Installing files, 30% completed. |
Installing files, 30% completed. /
Installing files, 30% completed. -
Installing files, 30% completed. \
Installing files, 30% completed. |
Installing files, 34% completed. /
Installing files, 34% completed. -
Installing files, 34% completed. \
Installing files, 34% completed. |
Installing files, 34% completed. /
Installing files, 34% completed. -
Installing files, 34% completed. \
Installing files, 34% completed. |
Installing files, 34% completed. /
Installing files, 34% completed. -
Installing files, 34% completed. \
Installing files, 34% completed. |
Installing files, 34% completed. /
Installing files, 34% completed. -
Installing files, 34% completed. \
Installing files, 34% completed. |
Installing files, 34% completed. /
Installing files, 34% completed. -
Installing files, 34% completed. \
Installing files, 34% completed. |
Installing files, 34% completed. /
Installing files, 34% completed. -
Installing files, 34% completed. \
Installing files, 34% completed. |
Installing files, 34% completed. /
Installing files, 34% completed. -
Installing files, 34% completed. \
Installing files, 34% completed. |
Installing files, 34% completed. /
Installing files, 34% completed. -
Installing files, 34% completed. \
Installing files, 34% completed. |
Installing files, 34% completed. /
Installing files, 34% completed. -
Installing files, 34% completed. \
Installing files, 34% completed. |
Installing files, 34% completed. /
Installing files, 34% completed. -
Installing files, 34% completed. \
Installing files, 34% completed. |
Installing files, 34% completed. /
Installing files, 34% completed. -
Installing files, 34% completed. \
Installing files, 34% completed. |
Installing files, 34% completed. /
Installing files, 34% completed. -
Installing files, 34% completed. \
Installing files, 34% completed. |
Installing files, 34% completed. /
Installing files, 34% completed. -
Installing files, 34% completed. \
Installing files, 34% completed. |
Installing files, 34% completed. /
Installing files, 34% completed. -
Installing files, 34% completed. \
Installing files, 34% completed. |
Installing files, 34% completed. /
Installing files, 34% completed. -
Installing files, 34% completed. \
Installing files, 34% completed. |
Installing files, 34% completed. /
Installing files, 34% completed. -
Installing files, 34% completed. \
Installing files, 34% completed. |
Installing files, 34% completed. /
Installing files, 34% completed. -
Installing files, 34% completed. \
Installing files, 34% completed. |
Installing files, 34% completed. /
Installing files, 34% completed. -
Installing files, 34% completed. \
Installing files, 34% completed. |
Installing files, 34% completed. /
Installing files, 34% completed. -
Installing files, 34% completed. \
Installing files, 34% completed. |
Installing files, 34% completed. /
Installing files, 34% completed. -
Installing files, 34% completed. \
Installing files, 34% completed. |
Installing files, 34% completed. /
Installing files, 34% completed. -
Installing files, 34% completed. \
Installing files, 34% completed. |
Installing files, 34% completed. /
Installing files, 34% completed. -
Installing files, 34% completed. \
Installing files, 34% completed. |
Installing files, 34% completed. /
Installing files, 34% completed. -
Installing files, 34% completed. \
Installing files, 34% completed. |
Installing files, 34% completed. /
Installing files, 34% completed. -
Installing files, 34% completed. \
Installing files, 34% completed. |
Installing files, 34% completed. /
Installing files, 34% completed. -
Installing files, 34% completed. \
Installing files, 34% completed. |
Installing files, 34% completed. /
Installing files, 34% completed. -
Installing files, 34% completed. \
Installing files, 34% completed. |
Installing files, 34% completed. /
Installing files, 34% completed. -
Installing files, 34% completed. \
Installing files, 34% completed. |
Installing files, 37% completed. /
Installing files, 37% completed. -
Installing files, 37% completed. \
Installing files, 37% completed. |
Installing files, 37% completed. /
Installing files, 37% completed. -
Installing files, 37% completed. \
Installing files, 37% completed. |
Installing files, 37% completed. /
Installing files, 37% completed. -
Installing files, 37% completed. \
Installing files, 37% completed. |
Installing files, 37% completed. /
Installing files, 37% completed. -
Installing files, 37% completed. \
Installing files, 37% completed. |
Installing files, 37% completed. /
Installing files, 37% completed. -
Installing files, 37% completed. \
Installing files, 37% completed. |
Installing files, 37% completed. /
Installing files, 37% completed. -
Installing files, 37% completed. \
Installing files, 37% completed. |
Installing files, 37% completed. /
Installing files, 37% completed. -
Installing files, 37% completed. \
Installing files, 37% completed. |
Installing files, 37% completed. /
Installing files, 37% completed. -
Installing files, 41% completed. \
Installing files, 41% completed. |
Installing files, 41% completed. /
Installing files, 41% completed. -
Installing files, 41% completed. \
Installing files, 41% completed. |
Installing files, 41% completed. /
Installing files, 41% completed. -
Installing files, 41% completed. \
Installing files, 44% completed. |
Installing files, 44% completed. /
Installing files, 44% completed. -
Installing files, 44% completed. \
Installing files, 44% completed. |
Installing files, 44% completed. /
Installing files, 44% completed. -
Installing files, 44% completed. \
Installing files, 44% completed. |
Installing files, 44% completed. /
Installing files, 44% completed. -
Installing files, 44% completed. \
Installing files, 44% completed. |
Installing files, 44% completed. /
Installing files, 44% completed. -
Installing files, 44% completed. \
Installing files, 44% completed. |
Installing files, 44% completed. /
Installing files, 44% completed. -
Installing files, 44% completed. \
Installing files, 44% completed. |
Installing files, 44% completed. /
Installing files, 44% completed. -
Installing files, 44% completed. \
Installing files, 44% completed. |
Installing files, 44% completed. /
Installing files, 44% completed. -
Installing files, 44% completed. \
Installing files, 44% completed. |
Installing files, 44% completed. /
Installing files, 44% completed. -
Installing files, 44% completed. \
Installing files, 44% completed. |
Installing files, 44% completed. /
Installing files, 44% completed. -
Installing files, 44% completed. \
Installing files, 44% completed. |
Installing files, 48% completed. /
Installing files, 48% completed. -
Installing files, 48% completed. \
Installing files, 48% completed. |
Installing files, 48% completed. /
Installing files, 48% completed. -
Installing files, 48% completed. \
Installing files, 48% completed. |
Installing files, 48% completed. /
Installing files, 48% completed. -
Installing files, 48% completed. \
Installing files, 51% completed. |
Installing files, 51% completed. /
Installing files, 51% completed. -
Installing files, 51% completed. \
Installing files, 51% completed. |
Installing files, 51% completed. /
Installing files, 51% completed. -
Installing files, 51% completed. \
Installing files, 51% completed. |
Installing files, 51% completed. /
Installing files, 51% completed. -
Installing files, 51% completed. \
Installing files, 51% completed. |
Installing files, 51% completed. /
Installing files, 51% completed. -
Installing files, 51% completed. \
Installing files, 51% completed. |
Installing files, 51% completed. /
Installing files, 51% completed. -
Installing files, 51% completed. \
Installing files, 51% completed. |
Installing files, 51% completed. /
Installing files, 51% completed. -
Installing files, 51% completed. \
Installing files, 51% completed. |
Installing files, 51% completed. /
Installing files, 51% completed. -
Installing files, 51% completed. \
Installing files, 51% completed. |
Installing files, 55% completed. /
Installing files, 55% completed. -
Installing files, 55% completed. \
Installing files, 55% completed. |
Installing files, 55% completed. /
Installing files, 55% completed. -
Installing files, 55% completed. \
Installing files, 57% completed. |
Installing files, 57% completed. /
Installing files, 57% completed. -
Installing files, 57% completed. \
Installing files, 57% completed. |
Installing files, 57% completed. /
Installing files, 62% completed. -
Installing files, 62% completed. \
Installing files, 62% completed. |
Installing files, 62% completed. /
Installing files, 62% completed. -
Installing files, 62% completed. \
Installing files, 62% completed. |
Installing files, 62% completed. /
Installing files, 62% completed. -
Installing files, 62% completed. \
Installing files, 62% completed. |
Installing files, 62% completed. /
Installing files, 62% completed. -
Installing files, 62% completed. \
Installing files, 62% completed. |
Installing files, 64% completed. /
Installing files, 64% completed. -
Installing files, 64% completed. \
Installing files, 64% completed. |
Installing files, 64% completed. /
Installing files, 64% completed. -
Installing files, 64% completed. \
Installing files, 64% completed. |
Installing files, 64% completed. /
Installing files, 64% completed. -
Installing files, 64% completed. \
Installing files, 64% completed. |
Installing files, 64% completed. /
Installing files, 64% completed. -
Installing files, 64% completed. \
Installing files, 64% completed. |
Installing files, 64% completed. /
Installing files, 64% completed. -
Installing files, 64% completed. \
Installing files, 64% completed. |
Installing files, 64% completed. /
Installing files, 64% completed. -
Installing files, 64% completed. \
Installing files, 64% completed. |
Installing files, 64% completed. /
Installing files, 64% completed. -
Installing files, 64% completed. \
Installing files, 64% completed. |
Installing files, 64% completed. /
Installing files, 64% completed. -
Installing files, 64% completed. \
Installing files, 64% completed. |
Installing files, 64% completed. /
Installing files, 64% completed. -
Installing files, 64% completed. \
Installing files, 64% completed. |
Installing files, 64% completed. /
Installing files, 64% completed. -
Installing files, 64% completed. \
Installing files, 64% completed. |
Installing files, 64% completed. /
Installing files, 64% completed. -
Installing files, 64% completed. \
Installing files, 64% completed. |
Installing files, 64% completed. /
Installing files, 64% completed. -
Installing files, 64% completed. \
Installing files, 64% completed. |
Installing files, 64% completed. /
Installing files, 64% completed. -
Installing files, 64% completed. \
Installing files, 64% completed. |
Installing files, 64% completed. /
Installing files, 64% completed. -
Installing files, 64% completed. \
Installing files, 64% completed. |
Installing files, 64% completed. /
Installing files, 64% completed. -
Installing files, 64% completed. \
Installing files, 64% completed. |
Installing files, 64% completed. /
Installing files, 64% completed. -
Installing files, 64% completed. \
Installing files, 64% completed. |
Installing files, 64% completed. /
Installing files, 64% completed. -
Installing files, 64% completed. \
Installing files, 64% completed. |
Installing files, 68% completed. /
Installing files, 68% completed. -
Installing files, 68% completed. \
Installing files, 68% completed. |
Installing files, 68% completed. /
Installing files, 68% completed. -
Installing files, 68% completed. \
Installing files, 68% completed. |
Installing files, 68% completed. /
Installing files, 68% completed. -
Installing files, 68% completed. \
Installing files, 73% completed. |
Installing files, 73% completed. /
Installing files, 76% completed. -
Installing files, 76% completed. \
Installing files, 76% completed. |
Installing files, 76% completed. /
Installing files, 76% completed. -
Installing files, 76% completed. \
Installing files, 76% completed. |
Installing files, 76% completed. /
Installing files, 76% completed. -
Installing files, 76% completed. \
Installing files, 76% completed. |
Installing files, 76% completed. /
Installing files, 76% completed. -
Installing files, 76% completed. \
Installing files, 76% completed. |
Installing files, 76% completed. /
Installing files, 76% completed. -
Installing files, 76% completed. \
Installing files, 76% completed. |
Installing files, 76% completed. /
Installing files, 76% completed. -
Installing files, 76% completed. \
Installing files, 76% completed. |
Installing files, 76% completed. /
Installing files, 76% completed. -
Installing files, 76% completed. \
Installing files, 76% completed. |
Installing files, 76% completed. /
Installing files, 76% completed. -
Installing files, 76% completed. \
Installing files, 76% completed. |
Installing files, 76% completed. /
Installing files, 76% completed. -
Installing files, 76% completed. \
Installing files, 76% completed. |
Installing files, 76% completed. /
Installing files, 76% completed. -
Installing files, 76% completed. \
Installing files, 76% completed. |
Installing files, 76% completed. /
Installing files, 76% completed. -
Installing files, 76% completed. \
Installing files, 76% completed. |
Installing files, 76% completed. /
Installing files, 76% completed. -
Installing files, 76% completed. \
Installing files, 76% completed. |
Installing files, 76% completed. /
Installing files, 76% completed. -
Installing files, 76% completed. \
Installing files, 76% completed. |
Installing files, 76% completed. /
Installing files, 76% completed. -
Installing files, 76% completed. \
Installing files, 76% completed. |
Installing files, 76% completed. /
Installing files, 76% completed. -
Installing files, 76% completed. \
Installing files, 76% completed. |
Installing files, 76% completed. /
Installing files, 76% completed. -
Installing files, 76% completed. \
Installing files, 76% completed. |
Installing files, 76% completed. /
Installing files, 76% completed. -
Installing files, 76% completed. \
Installing files, 76% completed. |
Installing files, 76% completed. /
Installing files, 76% completed. -
Installing files, 76% completed. \
Installing files, 76% completed. |
Installing files, 76% completed. /
Installing files, 76% completed. -
Installing files, 76% completed. \
Installing files, 76% completed. |
Installing files, 76% completed. /
Installing files, 76% completed. -
Installing files, 76% completed. \
Installing files, 76% completed. |
Installing files, 76% completed. /
Installing files, 76% completed. -
Installing files, 76% completed. \
Installing files, 76% completed. |
Installing files, 76% completed. /
Installing files, 76% completed. -
Installing files, 76% completed. \
Installing files, 76% completed. |
Installing files, 76% completed. /
Installing files, 76% completed. -
Installing files, 76% completed. \
Installing files, 76% completed. |
Installing files, 76% completed. /
Installing files, 76% completed. -
Installing files, 76% completed. \
Installing files, 76% completed. |
Installing files, 81% completed. /
Installing files, 81% completed. -
Installing files, 81% completed. \
Installing files, 81% completed. |
Installing files, 81% completed. /
Installing files, 81% completed. -
Installing files, 81% completed. \
Installing files, 81% completed. |
Installing files, 81% completed. /
Installing files, 81% completed. -
Installing files, 81% completed. \
Installing files, 81% completed. |
Installing files, 81% completed. /
Installing files, 81% completed. -
Installing files, 85% completed. \
Installing files, 85% completed. |
Installing files, 85% completed. /
Installing files, 85% completed. -
Installing files, 85% completed. \
Installing files, 85% completed. |
Installing files, 85% completed. /
Installing files, 85% completed. -
Installing files, 85% completed. \
Installing files, 85% completed. |
Installing files, 85% completed. /
Installing files, 85% completed. -
Installing files, 85% completed. \
Installing files, 85% completed. |
Installing files, 85% completed. /
Installing files, 85% completed. -
Installing files, 85% completed. \
Installing files, 85% completed. |
Installing files, 85% completed. /
Installing files, 85% completed. -
Installing files, 85% completed. \
Installing files, 85% completed. |
Installing files, 85% completed. /
Installing files, 85% completed. -
Installing files, 85% completed. \
Installing files, 85% completed. |
Installing files, 85% completed. /
Installing files, 85% completed. -
Installing files, 85% completed. \
Installing files, 85% completed. |
Installing files, 85% completed. /
Installing files, 85% completed. -
Installing files, 85% completed. \
Installing files, 85% completed. |
Installing files, 85% completed. /
Installing files, 85% completed. -
Installing files, 85% completed. \
Installing files, 89% completed. |
Installing files, 89% completed. /
Installing files, 89% completed. -
Installing files, 89% completed. \
Installing files, 89% completed. |
Installing files, 89% completed. /
Installing files, 89% completed. -
Installing files, 89% completed. \
Installing files, 89% completed. |
Installing files, 89% completed. /
Installing files, 89% completed. -
Installing files, 89% completed. \
Installing files, 89% completed. |
Installing files, 89% completed. /
Installing files, 89% completed. -
Installing files, 89% completed. \
Installing files, 89% completed. |
Installing files, 89% completed. /
Installing files, 89% completed. -
Installing files, 89% completed. \
Installing files, 89% completed. |
Installing files, 89% completed. /
Installing files, 89% completed. -
Installing files, 93% completed. \
Installing files, 93% completed. |
Installing files, 93% completed. /
Installing files, 93% completed. -
Installing files, 93% completed. \
Installing files, 93% completed. |
Installing files, 93% completed. /
Installing files, 93% completed. -
Installing files, 93% completed. \
Installing files, 93% completed. |
Installing files, 93% completed. /
Installing files, 93% completed. -
Installing files, 93% completed. \
Installing files, 93% completed. |
Installing files, 93% completed. /
Installing files, 93% completed. -
Installing files, 93% completed. \
Installing files, 93% completed. |
Installing files, 93% completed. /
Installing files, 93% completed. -
Installing files, 93% completed. \
Installing files, 93% completed. |
Installing files, 93% completed. /
Installing files, 93% completed. -
Installing files, 93% completed. \
Installing files, 93% completed. |
Installing files, 93% completed. /
Installing files, 93% completed. -
Installing files, 93% completed. \
Installing files, 93% completed. |
Installing files, 93% completed. /
Installing files, 93% completed. -
Installing files, 93% completed. \
Installing files, 93% completed. |
Installing files, 93% completed. /
Installing files, 93% completed. -
Installing files, 93% completed. \
Installing files, 93% completed. |
Installing files, 93% completed. /
Installing files, 93% completed. -
Installing files, 93% completed. \
Installing files, 93% completed. |
Installing files, 93% completed. /
Installing files, 93% completed. -
Installing files, 93% completed. \
Installing files, 93% completed. |
Installing files, 93% completed. /
Installing files, 93% completed. -
Installing files, 93% completed. \
Installing files, 93% completed. |
Installing files, 93% completed. /
Installing files, 93% completed. -
Installing files, 93% completed. \
Installing files, 93% completed. |
Installing files, 93% completed. /
Installing files, 93% completed. -
Installing files, 93% completed. \
Installing files, 93% completed. |
Installing files, 93% completed. /
Installing files, 93% completed. -
Installing files, 93% completed. \
Installing files, 93% completed. |
Installing files, 93% completed. /
Installing files, 93% completed. -
Installing files, 93% completed. \
Installing files, 93% completed. |
Installing files, 93% completed. /
Installing files, 93% completed. -
Installing files, 96% completed. \
Installing files, 96% completed. |
Installing files, 96% completed. /
Installing files, 96% completed. -
Installing files, 96% completed. \
Installing files, 96% completed. |
Installing files, 96% completed. /
Installing files, 96% completed. -
Installing files, 96% completed. \
Installing files, 96% completed. |
Installing files, 96% completed. /
Installing files, 96% completed. -
Installing files, 96% completed. \
Installing files, 96% completed. |
Installing files, 96% completed. /
Installing files, 96% completed. -
Installing files, 96% completed. \
Installing files, 96% completed. |
Installing files, 96% completed. /
Installing files, 96% completed. -
Installing files, 96% completed. \
Installing files, 96% completed. |
Installing files, 96% completed. /
Installing files, 96% completed. -
Installing files, 96% completed. \
Installing files, 96% completed. |
Installing files, 96% completed. /
Installing files, 96% completed. -
Installing files, 96% completed. \
Installing files, 96% completed. |
Installing files, 96% completed. /
Installing files, 96% completed. -
Installing files, 96% completed. \
Installing files, 96% completed. |
Installing files, 96% completed. /
Installing files, 96% completed. -
Installing files, 96% completed. \
Installing files, 96% completed. |
Installing files, 96% completed. /
Installing files, 96% completed. -
Installing files, 96% completed. \
Installing files, 96% completed. |
Installing files, 96% completed. /
Installing files, 96% completed. -
Installing files, 96% completed. \
Installing files, 96% completed. |
Installing files, 96% completed. /
Installing files, 96% completed. -
Installing files, 96% completed. \
Installing files, 96% completed. |
Installing files, 96% completed. /
Installing files, 99% completed. -
Installing files, 99% completed. \
Installing files, 99% completed. |
Installing files, 99% completed. /
Installing files, 99% completed. -
Installing files, 99% completed. \
Installing files, 99% completed. |
Installing files, 99% completed. /
Installing files, 99% completed. -
Installing files, 99% completed. \
Installing files, 99% completed. |
Installing files, 99% completed. /
Installing files, 99% completed. -
Installing files, 99% completed. \
Installing files, 99% completed. |
Installing files, 99% completed. /
Installing files, 99% completed. -
Installing files, 99% completed. \
Installing files, 99% completed. |
Installing files, 99% completed. /
Installing files, 99% completed. -
Installing files, 99% completed. \
Installing files, 99% completed. |
Installing files, 99% completed. /
Installing files, 99% completed. (Done)
It took 1 minute to install files.
INFO  - Install completed successfully.If AMD FPGAs & Adaptive SoCs tools are currently running, please restart to see the devices you've just added.
