
****** vitis-run v2026.1 (64-bit)
  **** SW Build 6511674 on 2026-06-16-13:16:19
  **** Start of session at: Thu Oct  1 14:11:44 2026
    ** Copyright 1986-2022 Xilinx, Inc. All Rights Reserved.
    ** Copyright 2022-2026 Advanced Micro Devices, Inc. All Rights Reserved.

  **** HLS Build v2026.1 6493734
Sourcing Tcl script '/home/shen/AI370-2/docs/M9/native-toolchain-smoke/hls_smoke.tcl'
INFO: [HLS 200-1510] Running: open_project -reset /home/shen/AI370-2/docs/M9/native-toolchain-smoke/work/hls
WARNING: [HLS 200-2182] The 'hls' project will not automatically appear within Vitis IDE workspaces and is meant only for TCL batch use.  Please use open_component instead of open_project/open_solution to generate Vitis IDE compatible component files and directory structure.
Resolution: For help on HLS 200-2182 see docs.amd.com/access/sources/dita/topic?Doc_Version=2026.1%20English&url=ug1448-hls-guidance&resourceid=200-2182.html
INFO: [HLS 200-10] Creating and opening solution '/home/shen/AI370-2/docs/M9/native-toolchain-smoke/work/hls'.
INFO: [HLS 200-1510] Running: set_top m9_adder
INFO: [HLS 200-1510] Running: add_files /home/shen/AI370-2/docs/M9/native-toolchain-smoke/hls_adder.cpp
INFO: [HLS 200-10] Adding design file '/home/shen/AI370-2/docs/M9/native-toolchain-smoke/hls_adder.cpp' to the project
INFO: [HLS 200-1510] Running: open_solution -reset solution1 -flow_target vivado
INFO: [HLS 200-10] Creating and opening solution '/home/shen/AI370-2/docs/M9/native-toolchain-smoke/work/hls/solution1'.
INFO: [HLS 200-10] Cleaning up the solution database.
INFO: [HLS 200-1505] Using flow_target 'vivado'
Resolution: For help on HLS 200-1505 see docs.amd.com/access/sources/dita/topic?Doc_Version=2026.1%20English&url=ug1448-hls-guidance&resourceid=200-1505.html
WARNING: [HLS 200-2149] The 'flow_target' option is deprecated and will be removed in a future release. For 'vivado' value you may simply remove the option for equivalent behavior.
WARNING: [HLS 200-484] The 'open_solution -flow_target' command is deprecated and will be removed in a future release.
INFO: [HLS 200-1510] Running: set_part xc7a35ticsg324-1L
ERROR: Vivado Design Suite cannot be launched because a valid license was not found. Visit the Vivado Licensing page to choose and generate the right license.
ERROR: [HLS 200-1023] Part 'xc7a35ticsg324-1L' is not supported. It is either unknown, not installed or does not have an appropriate license.
command 'create_platform' returned error code
    while executing
"source /home/shen/AI370-2/docs/M9/native-toolchain-smoke/hls_smoke.tcl"
    ("uplevel" body line 1)
    invoked from within
"uplevel \#0 [list source $tclfile] "

INFO: [HLS 200-112] Total CPU user time: 0.45 seconds. Total CPU system time: 0.05 seconds. Total elapsed time: 0.46 seconds; peak allocated memory: 115.594 MB.
INFO: [vitis-run 60-1662] Stopping dispatch session having empty uuid.
