INFO: [Common 17-3922] A valid Vivado Design Suite ENTERPRISE license has been detected. Your current license is active and will expire on Permanent.

****** Vivado v2026.1 (64-bit)
  **** SW Build 6511674 on Tue Jun 16 11:01:26 MDT 2026
  **** IP Build 6504888 on Tue Jun 09 09:05:25 MDT 2026
  **** SharedData Build 6501428 on Mon Jun 08 17:34:18 MDT 2026
  **** Start of session at: Thu Oct  1 18:32:45 2026
    ** Copyright 1986-2022 Xilinx, Inc. All Rights Reserved.
    ** Copyright 2022-2026 Advanced Micro Devices, Inc. All Rights Reserved.

source /home/shen/AI370-2/docs/M9/native-toolchain-smoke/vivado_smoke.tcl
# set part_name xc7a35ticsg324-1L
# set source_dir [file dirname [file normalize [info script]]]
# set work_dir [file normalize [file join $source_dir work vivado]]
# set board_repo [file normalize [file join $::env(XILINX_VIVADO) data boards board_files]]
# puts "M9_VIVADO_VERSION=[version -short]"
M9_VIVADO_VERSION=2026.1
# set parts [get_parts -quiet $part_name]
# if {[llength $parts] == 0} {
#     error "Required smoke-test part is unavailable: $part_name"
# }
# puts "M9_PART_FOUND=[get_property NAME [lindex $parts 0]]"
M9_PART_FOUND=xc7a35ticsg324-1L
# set_param board.repoPaths [list $board_repo]
# set boards [get_board_parts -quiet *arty-a7-35*]
# if {[llength $boards] == 0} {
#     error "Digilent Arty A7-35 board definition was not found in $board_repo"
# }
# puts "M9_BOARD_FOUND=[get_property NAME [lindex $boards 0]]"
M9_BOARD_FOUND=digilentinc.com:arty-a7-35:part0:1.0
# create_project -force m9_smoke $work_dir -part $part_name
CRITICAL WARNING: [Board 49-56] Problem parsing board file - /home/shen/tools/Xilinx/2026.1/2026.1/data/boards/board_files/Avnet/zub1cg/1.0/board.xml.
Resolution: Please contact your board vendor with this message.
CRITICAL WARNING: [Board 49-56] Problem parsing board file - /home/shen/tools/Xilinx/2026.1/2026.1/data/boards/board_files/alinx/axku042/1.0/board.xml.
Resolution: Please contact your board vendor with this message.
CRITICAL WARNING: [Board 49-56] Problem parsing board file - /home/shen/tools/Xilinx/2026.1/2026.1/data/boards/board_files/AlphaData/admpa101_2ms/1.1/board.xml.
Resolution: Please contact your board vendor with this message.
CRITICAL WARNING: [Board 49-56] Problem parsing board file - /home/shen/tools/Xilinx/2026.1/2026.1/data/boards/board_files/AlphaData/admpa101_2ms/1.2/board.xml.
Resolution: Please contact your board vendor with this message.
CRITICAL WARNING: [Board 49-56] Problem parsing board file - /home/shen/tools/Xilinx/2026.1/2026.1/data/boards/board_files/AlphaData/admpa100_2ms/1.0/board.xml.
Resolution: Please contact your board vendor with this message.
CRITICAL WARNING: [Board 49-56] Problem parsing board file - /home/shen/tools/Xilinx/2026.1/2026.1/data/boards/board_files/AlphaData/admpa100_2ms/1.2/board.xml.
Resolution: Please contact your board vendor with this message.
create_project: Time (s): cpu = 00:00:06 ; elapsed = 00:00:06 . Memory (MB): peak = 2639.727 ; gain = 351.625 ; free physical = 33881 ; free virtual = 48062
# add_files [file join $source_dir adder.v]
# set_property top m9_adder [current_fileset]
# update_compile_order -fileset sources_1
# synth_design -top m9_adder -part $part_name
Command: synth_design -top m9_adder -part xc7a35ticsg324-1L
Starting synth_design
Attempting to get a license for feature 'Synthesis' and/or device 'xc7a35ti'
INFO: [Common 17-349] Got license for feature 'Synthesis' and/or device 'xc7a35ti'
INFO: [Synth 8-7079] Multithreading enabled for synth_design using a maximum of 7 processes.
INFO: [Synth 8-7078] Launching helper process for spawning children vivado processes
INFO: [Synth 8-7075] Helper process launched with PID 346262
---------------------------------------------------------------------------------
Starting Synthesize : Time (s): cpu = 00:00:02 ; elapsed = 00:00:02 . Memory (MB): peak = 3171.305 ; gain = 520.672 ; free physical = 33163 ; free virtual = 47343
---------------------------------------------------------------------------------
INFO: [Synth 8-6157] synthesizing module 'm9_adder' [/home/shen/AI370-2/docs/M9/native-toolchain-smoke/adder.v:1]
INFO: [Synth 8-6155] done synthesizing module 'm9_adder' (0#1) [/home/shen/AI370-2/docs/M9/native-toolchain-smoke/adder.v:1]
---------------------------------------------------------------------------------
Finished Synthesize : Time (s): cpu = 00:00:03 ; elapsed = 00:00:03 . Memory (MB): peak = 3256.273 ; gain = 605.641 ; free physical = 33050 ; free virtual = 47231
---------------------------------------------------------------------------------
---------------------------------------------------------------------------------
Finished Constraint Validation : Time (s): cpu = 00:00:03 ; elapsed = 00:00:03 . Memory (MB): peak = 3259.242 ; gain = 608.609 ; free physical = 33050 ; free virtual = 47231
---------------------------------------------------------------------------------
---------------------------------------------------------------------------------
Start Loading Part and Timing Information
---------------------------------------------------------------------------------
Loading part: xc7a35ticsg324-1L
---------------------------------------------------------------------------------
INFO: [Device 21-403] Loading part xc7a35ticsg324-1L
Finished Loading Part and Timing Information : Time (s): cpu = 00:00:03 ; elapsed = 00:00:03 . Memory (MB): peak = 3259.242 ; gain = 608.609 ; free physical = 33050 ; free virtual = 47231
---------------------------------------------------------------------------------
---------------------------------------------------------------------------------
Finished RTL Optimization Phase 2 : Time (s): cpu = 00:00:03 ; elapsed = 00:00:03 . Memory (MB): peak = 3265.180 ; gain = 614.547 ; free physical = 33044 ; free virtual = 47228
---------------------------------------------------------------------------------
No constraint files found.
---------------------------------------------------------------------------------
Start RTL Component Statistics
---------------------------------------------------------------------------------
Detailed RTL Component Info :
+---Adders :
	   2 Input    5 Bit       Adders := 1
+---Registers :
	                5 Bit    Registers := 1
---------------------------------------------------------------------------------
Finished RTL Component Statistics
---------------------------------------------------------------------------------
---------------------------------------------------------------------------------
Start Part Resource Summary
---------------------------------------------------------------------------------
Part Resources:
DSPs: 90 (col length:60)
BRAMs: 100 (col length: RAMB18 60 RAMB36 30)
---------------------------------------------------------------------------------
Finished Part Resource Summary
---------------------------------------------------------------------------------
No constraint files found.
---------------------------------------------------------------------------------
Start Cross Boundary and Area Optimization
---------------------------------------------------------------------------------
---------------------------------------------------------------------------------
Finished Cross Boundary and Area Optimization : Time (s): cpu = 00:00:05 ; elapsed = 00:00:05 . Memory (MB): peak = 3405.180 ; gain = 754.547 ; free physical = 32889 ; free virtual = 47095
---------------------------------------------------------------------------------
No constraint files found.
---------------------------------------------------------------------------------
Start Timing Optimization
---------------------------------------------------------------------------------
---------------------------------------------------------------------------------
Finished Timing Optimization : Time (s): cpu = 00:00:05 ; elapsed = 00:00:05 . Memory (MB): peak = 3405.180 ; gain = 754.547 ; free physical = 32889 ; free virtual = 47095
---------------------------------------------------------------------------------
---------------------------------------------------------------------------------
Start Technology Mapping
---------------------------------------------------------------------------------
---------------------------------------------------------------------------------
Finished Technology Mapping : Time (s): cpu = 00:00:05 ; elapsed = 00:00:05 . Memory (MB): peak = 3413.188 ; gain = 762.555 ; free physical = 32881 ; free virtual = 47087
---------------------------------------------------------------------------------
---------------------------------------------------------------------------------
Start IO Insertion
---------------------------------------------------------------------------------
---------------------------------------------------------------------------------
Start Flattening Before IO Insertion
---------------------------------------------------------------------------------
---------------------------------------------------------------------------------
Finished Flattening Before IO Insertion
---------------------------------------------------------------------------------
---------------------------------------------------------------------------------
Start Final Netlist Cleanup
---------------------------------------------------------------------------------
---------------------------------------------------------------------------------
Finished Final Netlist Cleanup
---------------------------------------------------------------------------------
---------------------------------------------------------------------------------
Finished IO Insertion : Time (s): cpu = 00:00:07 ; elapsed = 00:00:07 . Memory (MB): peak = 3596.000 ; gain = 945.367 ; free physical = 32705 ; free virtual = 46910
---------------------------------------------------------------------------------
---------------------------------------------------------------------------------
Start Renaming Generated Instances
---------------------------------------------------------------------------------
---------------------------------------------------------------------------------
Finished Renaming Generated Instances : Time (s): cpu = 00:00:07 ; elapsed = 00:00:07 . Memory (MB): peak = 3596.000 ; gain = 945.367 ; free physical = 32705 ; free virtual = 46910
---------------------------------------------------------------------------------
---------------------------------------------------------------------------------
Start Rebuilding User Hierarchy
---------------------------------------------------------------------------------
---------------------------------------------------------------------------------
Finished Rebuilding User Hierarchy : Time (s): cpu = 00:00:07 ; elapsed = 00:00:07 . Memory (MB): peak = 3596.000 ; gain = 945.367 ; free physical = 32704 ; free virtual = 46910
---------------------------------------------------------------------------------
---------------------------------------------------------------------------------
Start Renaming Generated Ports
---------------------------------------------------------------------------------
---------------------------------------------------------------------------------
Finished Renaming Generated Ports : Time (s): cpu = 00:00:07 ; elapsed = 00:00:07 . Memory (MB): peak = 3596.000 ; gain = 945.367 ; free physical = 32704 ; free virtual = 46909
---------------------------------------------------------------------------------
---------------------------------------------------------------------------------
Start Handling Custom Attributes
---------------------------------------------------------------------------------
---------------------------------------------------------------------------------
Finished Handling Custom Attributes : Time (s): cpu = 00:00:07 ; elapsed = 00:00:07 . Memory (MB): peak = 3596.000 ; gain = 945.367 ; free physical = 32703 ; free virtual = 46909
---------------------------------------------------------------------------------
---------------------------------------------------------------------------------
Start Renaming Generated Nets
---------------------------------------------------------------------------------
---------------------------------------------------------------------------------
Finished Renaming Generated Nets : Time (s): cpu = 00:00:07 ; elapsed = 00:00:07 . Memory (MB): peak = 3596.000 ; gain = 945.367 ; free physical = 32703 ; free virtual = 46909
---------------------------------------------------------------------------------
---------------------------------------------------------------------------------
Start Writing Synthesis Report
---------------------------------------------------------------------------------

Report BlackBoxes:
+-+--------------+----------+
| |BlackBox name |Instances |
+-+--------------+----------+
+-+--------------+----------+

Report Cell Usage:
+------+-----+------+
|      |Cell |Count |
+------+-----+------+
|1     |BUFG |     1|
|2     |LUT2 |     1|
|3     |LUT3 |     2|
|4     |LUT4 |     1|
|5     |LUT6 |     2|
|6     |FDRE |     5|
|7     |IBUF |     9|
|8     |OBUF |     5|
+------+-----+------+

Report Instance Areas:
+------+---------+-------+------+
|      |Instance |Module |Cells |
+------+---------+-------+------+
|1     |top      |       |    26|
+------+---------+-------+------+
---------------------------------------------------------------------------------
Finished Writing Synthesis Report : Time (s): cpu = 00:00:07 ; elapsed = 00:00:07 . Memory (MB): peak = 3596.000 ; gain = 945.367 ; free physical = 32703 ; free virtual = 46909
---------------------------------------------------------------------------------
Synthesis finished with 0 errors, 0 critical warnings and 0 warnings.
Synthesis Optimization Runtime : Time (s): cpu = 00:00:07 ; elapsed = 00:00:07 . Memory (MB): peak = 3596.000 ; gain = 945.367 ; free physical = 32701 ; free virtual = 46907
Synthesis Optimization Complete : Time (s): cpu = 00:00:07 ; elapsed = 00:00:07 . Memory (MB): peak = 3598.969 ; gain = 945.367 ; free physical = 32701 ; free virtual = 46907
INFO: [Project 1-571] Translating synthesized netlist
Netlist sorting complete. Time (s): cpu = 00:00:00 ; elapsed = 00:00:00 . Memory (MB): peak = 3609.875 ; gain = 0.000 ; free physical = 32678 ; free virtual = 46888
INFO: [Project 1-570] Preparing netlist for logic optimization
INFO: [Opt 31-138] Pushed 0 inverter(s) to 0 load pin(s).
Netlist sorting complete. Time (s): cpu = 00:00:00 ; elapsed = 00:00:00 . Memory (MB): peak = 3753.520 ; gain = 0.000 ; free physical = 32710 ; free virtual = 46930
INFO: [Project 1-111] Unisim Transformation Summary:
No Unisim elements were transformed.

Synth Design complete | Checksum: e0bdea20
INFO: [Common 17-83] Releasing license: Synthesis
12 Infos, 0 Warnings, 0 Critical Warnings and 0 Errors encountered.
synth_design completed successfully
synth_design: Time (s): cpu = 00:00:09 ; elapsed = 00:00:08 . Memory (MB): peak = 3756.488 ; gain = 1116.727 ; free physical = 32709 ; free virtual = 46929
INFO: [Common 17-2834] synth_design peak Physical Memory [PSS] (MB): overall = 3106.338; main = 3106.338; forked = 0.000
INFO: [Common 17-2834] synth_design peak Virtual Memory [VSS] (MB): overall = 3756.492; main = 3756.492; forked = 0.000
# report_utilization -file [file join $work_dir utilization.rpt]
# puts "M9_SYNTHESIS=PASS"
M9_SYNTHESIS=PASS
# close_project
# exit
INFO: [Common 17-206] Exiting Vivado at Thu Oct  1 18:33:10 2026...
