INFO: [Common 17-3922] A valid Vivado Design Suite ENTERPRISE license has been detected. Your current license is active and will expire on Permanent.

****** Vivado v2026.1 (64-bit)
  **** SW Build 6511674 on Tue Jun 16 11:01:26 MDT 2026
  **** IP Build 6504888 on Tue Jun 09 09:05:25 MDT 2026
  **** SharedData Build 6501428 on Mon Jun 08 17:34:18 MDT 2026
  **** Start of session at: Thu Oct  1 18:46:40 2026
    ** Copyright 1986-2022 Xilinx, Inc. All Rights Reserved.
    ** Copyright 2022-2026 Advanced Micro Devices, Inc. All Rights Reserved.

source /home/shen/AI370-2/docs/M9/native-toolchain-smoke/vivado_smoke.tcl
# set part_name xc7s100fgga676-2
# set source_dir [file dirname [file normalize [info script]]]
# set work_dir [file normalize [file join $source_dir work vivado]]
# set board_repo [file normalize [file join $::env(XILINX_VIVADO) data boards board_files]]
# puts "M9_VIVADO_VERSION=[version -short]"
M9_VIVADO_VERSION=2026.1
# set_param board.repoPaths [list $board_repo]
# set boards [get_board_parts -quiet *sp701*]
# if {[llength $boards] == 0} {
#     error "AMD/Xilinx SP701 board definition was not found in $board_repo"
# }
# puts "M9_BOARD_FOUND=[get_property NAME [lindex $boards 0]]"
M9_BOARD_FOUND=xilinx.com:sp701:part0:1.0
# set parts [get_parts -quiet $part_name]
# if {[llength $parts] == 0} {
#     error "Required smoke-test part is unavailable: $part_name"
# }
# puts "M9_PART_FOUND=[get_property NAME [lindex $parts 0]]"
M9_PART_FOUND=xc7s100fgga676-2
# create_project -force m9_smoke $work_dir -part $part_name
CRITICAL WARNING: [Board 49-56] Problem parsing board file - /home/shen/tools/Xilinx/2026.1/2026.1/data/boards/board_files/Avnet/zub1cg/1.0/board.xml.
Resolution: Please contact your board vendor with this message.
CRITICAL WARNING: [Board 49-56] Problem parsing board file - /home/shen/tools/Xilinx/2026.1/2026.1/data/boards/board_files/alinx/axku042/1.0/board.xml.
Resolution: Please contact your board vendor with this message.
CRITICAL WARNING: [Board 49-56] Problem parsing board file - /home/shen/tools/Xilinx/2026.1/2026.1/data/boards/board_files/AlphaData/admpa101_2ms/1.1/board.xml.
Resolution: Please contact your board vendor with this message.
CRITICAL WARNING: [Board 49-56] Problem parsing board file - /home/shen/tools/Xilinx/2026.1/2026.1/data/boards/board_files/AlphaData/admpa101_2ms/1.2/board.xml.
Resolution: Please contact your board vendor with this message.
CRITICAL WARNING: [Board 49-56] Problem parsing board file - /home/shen/tools/Xilinx/2026.1/2026.1/data/boards/board_files/AlphaData/admpa100_2ms/1.0/board.xml.
Resolution: Please contact your board vendor with this message.
CRITICAL WARNING: [Board 49-56] Problem parsing board file - /home/shen/tools/Xilinx/2026.1/2026.1/data/boards/board_files/AlphaData/admpa100_2ms/1.2/board.xml.
Resolution: Please contact your board vendor with this message.
create_project: Time (s): cpu = 00:00:06 ; elapsed = 00:00:07 . Memory (MB): peak = 2571.480 ; gain = 351.594 ; free physical = 13480 ; free virtual = 47631
# add_files [file join $source_dir adder.v]
# set_property top m9_adder [current_fileset]
# update_compile_order -fileset sources_1
# synth_design -top m9_adder -part $part_name
Command: synth_design -top m9_adder -part xc7s100fgga676-2
Starting synth_design
Attempting to get a license for feature 'Synthesis' and/or device 'xc7s100'
INFO: [Common 17-349] Got license for feature 'Synthesis' and/or device 'xc7s100'
INFO: [Synth 8-7079] Multithreading enabled for synth_design using a maximum of 7 processes.
INFO: [Synth 8-7078] Launching helper process for spawning children vivado processes
INFO: [Synth 8-7075] Helper process launched with PID 357269
---------------------------------------------------------------------------------
Starting Synthesize : Time (s): cpu = 00:00:02 ; elapsed = 00:00:02 . Memory (MB): peak = 3102.059 ; gain = 519.672 ; free physical = 12796 ; free virtual = 46947
---------------------------------------------------------------------------------
INFO: [Synth 8-6157] synthesizing module 'm9_adder' [/home/shen/AI370-2/docs/M9/native-toolchain-smoke/adder.v:1]
INFO: [Synth 8-6155] done synthesizing module 'm9_adder' (0#1) [/home/shen/AI370-2/docs/M9/native-toolchain-smoke/adder.v:1]
---------------------------------------------------------------------------------
Finished Synthesize : Time (s): cpu = 00:00:03 ; elapsed = 00:00:03 . Memory (MB): peak = 3188.027 ; gain = 605.641 ; free physical = 12690 ; free virtual = 46842
---------------------------------------------------------------------------------
---------------------------------------------------------------------------------
Finished Constraint Validation : Time (s): cpu = 00:00:03 ; elapsed = 00:00:03 . Memory (MB): peak = 3188.027 ; gain = 605.641 ; free physical = 12688 ; free virtual = 46840
---------------------------------------------------------------------------------
---------------------------------------------------------------------------------
Start Loading Part and Timing Information
---------------------------------------------------------------------------------
Loading part: xc7s100fgga676-2
---------------------------------------------------------------------------------
INFO: [Device 21-403] Loading part xc7s100fgga676-2
Finished Loading Part and Timing Information : Time (s): cpu = 00:00:03 ; elapsed = 00:00:03 . Memory (MB): peak = 3188.027 ; gain = 605.641 ; free physical = 12688 ; free virtual = 46840
---------------------------------------------------------------------------------
---------------------------------------------------------------------------------
Finished RTL Optimization Phase 2 : Time (s): cpu = 00:00:03 ; elapsed = 00:00:04 . Memory (MB): peak = 3199.004 ; gain = 616.617 ; free physical = 12680 ; free virtual = 46832
---------------------------------------------------------------------------------
No constraint files found.
---------------------------------------------------------------------------------
Start RTL Component Statistics
---------------------------------------------------------------------------------
Detailed RTL Component Info :
+---Adders :
	   2 Input    5 Bit       Adders := 1
+---Registers :
	                5 Bit    Registers := 1
---------------------------------------------------------------------------------
Finished RTL Component Statistics
---------------------------------------------------------------------------------
---------------------------------------------------------------------------------
Start Part Resource Summary
---------------------------------------------------------------------------------
Part Resources:
DSPs: 160 (col length:80)
BRAMs: 240 (col length: RAMB18 80 RAMB36 40)
---------------------------------------------------------------------------------
Finished Part Resource Summary
---------------------------------------------------------------------------------
No constraint files found.
---------------------------------------------------------------------------------
Start Cross Boundary and Area Optimization
---------------------------------------------------------------------------------
---------------------------------------------------------------------------------
Finished Cross Boundary and Area Optimization : Time (s): cpu = 00:00:05 ; elapsed = 00:00:05 . Memory (MB): peak = 3327.066 ; gain = 744.680 ; free physical = 12559 ; free virtual = 46716
---------------------------------------------------------------------------------
No constraint files found.
---------------------------------------------------------------------------------
Start Timing Optimization
---------------------------------------------------------------------------------
---------------------------------------------------------------------------------
Finished Timing Optimization : Time (s): cpu = 00:00:05 ; elapsed = 00:00:05 . Memory (MB): peak = 3327.066 ; gain = 744.680 ; free physical = 12560 ; free virtual = 46716
---------------------------------------------------------------------------------
---------------------------------------------------------------------------------
Start Technology Mapping
---------------------------------------------------------------------------------
---------------------------------------------------------------------------------
Finished Technology Mapping : Time (s): cpu = 00:00:05 ; elapsed = 00:00:05 . Memory (MB): peak = 3335.074 ; gain = 752.688 ; free physical = 12552 ; free virtual = 46709
---------------------------------------------------------------------------------
---------------------------------------------------------------------------------
Start IO Insertion
---------------------------------------------------------------------------------
---------------------------------------------------------------------------------
Start Flattening Before IO Insertion
---------------------------------------------------------------------------------
---------------------------------------------------------------------------------
Finished Flattening Before IO Insertion
---------------------------------------------------------------------------------
---------------------------------------------------------------------------------
Start Final Netlist Cleanup
---------------------------------------------------------------------------------
---------------------------------------------------------------------------------
Finished Final Netlist Cleanup
---------------------------------------------------------------------------------
---------------------------------------------------------------------------------
Finished IO Insertion : Time (s): cpu = 00:00:07 ; elapsed = 00:00:07 . Memory (MB): peak = 3517.887 ; gain = 935.500 ; free physical = 12387 ; free virtual = 46544
---------------------------------------------------------------------------------
---------------------------------------------------------------------------------
Start Renaming Generated Instances
---------------------------------------------------------------------------------
---------------------------------------------------------------------------------
Finished Renaming Generated Instances : Time (s): cpu = 00:00:07 ; elapsed = 00:00:07 . Memory (MB): peak = 3517.887 ; gain = 935.500 ; free physical = 12387 ; free virtual = 46544
---------------------------------------------------------------------------------
---------------------------------------------------------------------------------
Start Rebuilding User Hierarchy
---------------------------------------------------------------------------------
---------------------------------------------------------------------------------
Finished Rebuilding User Hierarchy : Time (s): cpu = 00:00:07 ; elapsed = 00:00:07 . Memory (MB): peak = 3517.887 ; gain = 935.500 ; free physical = 12387 ; free virtual = 46544
---------------------------------------------------------------------------------
---------------------------------------------------------------------------------
Start Renaming Generated Ports
---------------------------------------------------------------------------------
---------------------------------------------------------------------------------
Finished Renaming Generated Ports : Time (s): cpu = 00:00:07 ; elapsed = 00:00:07 . Memory (MB): peak = 3517.887 ; gain = 935.500 ; free physical = 12387 ; free virtual = 46544
---------------------------------------------------------------------------------
---------------------------------------------------------------------------------
Start Handling Custom Attributes
---------------------------------------------------------------------------------
---------------------------------------------------------------------------------
Finished Handling Custom Attributes : Time (s): cpu = 00:00:07 ; elapsed = 00:00:07 . Memory (MB): peak = 3517.887 ; gain = 935.500 ; free physical = 12387 ; free virtual = 46544
---------------------------------------------------------------------------------
---------------------------------------------------------------------------------
Start Renaming Generated Nets
---------------------------------------------------------------------------------
---------------------------------------------------------------------------------
Finished Renaming Generated Nets : Time (s): cpu = 00:00:07 ; elapsed = 00:00:07 . Memory (MB): peak = 3517.887 ; gain = 935.500 ; free physical = 12387 ; free virtual = 46544
---------------------------------------------------------------------------------
---------------------------------------------------------------------------------
Start Writing Synthesis Report
---------------------------------------------------------------------------------

Report BlackBoxes:
+-+--------------+----------+
| |BlackBox name |Instances |
+-+--------------+----------+
+-+--------------+----------+

Report Cell Usage:
+------+-----+------+
|      |Cell |Count |
+------+-----+------+
|1     |BUFG |     1|
|2     |LUT2 |     1|
|3     |LUT3 |     2|
|4     |LUT4 |     1|
|5     |LUT6 |     2|
|6     |FDRE |     5|
|7     |IBUF |     9|
|8     |OBUF |     5|
+------+-----+------+

Report Instance Areas:
+------+---------+-------+------+
|      |Instance |Module |Cells |
+------+---------+-------+------+
|1     |top      |       |    26|
+------+---------+-------+------+
---------------------------------------------------------------------------------
Finished Writing Synthesis Report : Time (s): cpu = 00:00:07 ; elapsed = 00:00:07 . Memory (MB): peak = 3517.887 ; gain = 935.500 ; free physical = 12387 ; free virtual = 46544
---------------------------------------------------------------------------------
Synthesis finished with 0 errors, 0 critical warnings and 0 warnings.
Synthesis Optimization Runtime : Time (s): cpu = 00:00:07 ; elapsed = 00:00:07 . Memory (MB): peak = 3517.887 ; gain = 935.500 ; free physical = 12387 ; free virtual = 46544
Synthesis Optimization Complete : Time (s): cpu = 00:00:07 ; elapsed = 00:00:07 . Memory (MB): peak = 3520.855 ; gain = 935.500 ; free physical = 12387 ; free virtual = 46544
INFO: [Project 1-571] Translating synthesized netlist
Netlist sorting complete. Time (s): cpu = 00:00:00 ; elapsed = 00:00:00 . Memory (MB): peak = 3531.762 ; gain = 0.000 ; free physical = 12473 ; free virtual = 46630
INFO: [Project 1-570] Preparing netlist for logic optimization
INFO: [Opt 31-138] Pushed 0 inverter(s) to 0 load pin(s).
Netlist sorting complete. Time (s): cpu = 00:00:00 ; elapsed = 00:00:00 . Memory (MB): peak = 3673.312 ; gain = 0.000 ; free physical = 12397 ; free virtual = 46553
INFO: [Project 1-111] Unisim Transformation Summary:
No Unisim elements were transformed.

Synth Design complete | Checksum: e0bdea20
INFO: [Common 17-83] Releasing license: Synthesis
12 Infos, 0 Warnings, 0 Critical Warnings and 0 Errors encountered.
synth_design completed successfully
synth_design: Time (s): cpu = 00:00:09 ; elapsed = 00:00:08 . Memory (MB): peak = 3676.281 ; gain = 1104.766 ; free physical = 12397 ; free virtual = 46554
INFO: [Common 17-2834] synth_design peak Physical Memory [PSS] (MB): overall = 3030.173; main = 3030.173; forked = 0.000
INFO: [Common 17-2834] synth_design peak Virtual Memory [VSS] (MB): overall = 3676.285; main = 3676.285; forked = 0.000
# report_utilization -file [file join $work_dir utilization.rpt]
# puts "M9_SP701_SYNTHESIS=PASS"
M9_SP701_SYNTHESIS=PASS
# close_project
# exit
INFO: [Common 17-206] Exiting Vivado at Thu Oct  1 18:47:06 2026...
