INFO: [Common 17-3922] A valid Vivado Design Suite ENTERPRISE license has been detected. Your current license is active and will expire on Permanent.

****** Vivado v2026.1 (64-bit)
  **** SW Build 6511674 on Tue Jun 16 11:01:26 MDT 2026
  **** IP Build 6504888 on Tue Jun 09 09:05:25 MDT 2026
  **** SharedData Build 6501428 on Mon Jun 08 17:34:18 MDT 2026
  **** Start of session at: Thu Oct  1 18:37:26 2026
    ** Copyright 1986-2022 Xilinx, Inc. All Rights Reserved.
    ** Copyright 2022-2026 Advanced Micro Devices, Inc. All Rights Reserved.

source /tmp/m9-board-query.tcl
# set root $::env(XILINX_VIVADO)
# set_param board.repoPaths [list [file join $root data boards board_files]]
# puts "BOARD_REPOS=[get_param board.repoPaths]"
BOARD_REPOS=/home/shen/tools/Xilinx/2026.1/2026.1/Vivado/data/boards/board_files
# create_project -force board_probe /tmp/m9-board-probe -part xc7a35ticsg324-1L
CRITICAL WARNING: [Board 49-56] Problem parsing board file - /home/shen/tools/Xilinx/2026.1/2026.1/data/boards/board_files/Avnet/zub1cg/1.0/board.xml.
Resolution: Please contact your board vendor with this message.
CRITICAL WARNING: [Board 49-56] Problem parsing board file - /home/shen/tools/Xilinx/2026.1/2026.1/data/boards/board_files/alinx/axku042/1.0/board.xml.
Resolution: Please contact your board vendor with this message.
CRITICAL WARNING: [Board 49-56] Problem parsing board file - /home/shen/tools/Xilinx/2026.1/2026.1/data/boards/board_files/AlphaData/admpa101_2ms/1.1/board.xml.
Resolution: Please contact your board vendor with this message.
CRITICAL WARNING: [Board 49-56] Problem parsing board file - /home/shen/tools/Xilinx/2026.1/2026.1/data/boards/board_files/AlphaData/admpa100_2ms/1.0/board.xml.
Resolution: Please contact your board vendor with this message.
CRITICAL WARNING: [Board 49-56] Problem parsing board file - /home/shen/tools/Xilinx/2026.1/2026.1/data/boards/board_files/AlphaData/admpa101_2ms/1.2/board.xml.
Resolution: Please contact your board vendor with this message.
CRITICAL WARNING: [Board 49-56] Problem parsing board file - /home/shen/tools/Xilinx/2026.1/2026.1/data/boards/board_files/AlphaData/admpa100_2ms/1.2/board.xml.
Resolution: Please contact your board vendor with this message.
CRITICAL WARNING: [Board 49-56] Problem parsing board file - /home/shen/tools/Xilinx/2026.1/2026.1/data/boards/board_files/Avnet/zub1cg/1.0/board.xml.
Resolution: Please contact your board vendor with this message.
CRITICAL WARNING: [Board 49-56] Problem parsing board file - /home/shen/tools/Xilinx/2026.1/2026.1/data/boards/board_files/alinx/axku042/1.0/board.xml.
Resolution: Please contact your board vendor with this message.
CRITICAL WARNING: [Board 49-56] Problem parsing board file - /home/shen/tools/Xilinx/2026.1/2026.1/data/boards/board_files/AlphaData/admpa101_2ms/1.1/board.xml.
Resolution: Please contact your board vendor with this message.
CRITICAL WARNING: [Board 49-56] Problem parsing board file - /home/shen/tools/Xilinx/2026.1/2026.1/data/boards/board_files/AlphaData/admpa101_2ms/1.2/board.xml.
Resolution: Please contact your board vendor with this message.
CRITICAL WARNING: [Board 49-56] Problem parsing board file - /home/shen/tools/Xilinx/2026.1/2026.1/data/boards/board_files/AlphaData/admpa100_2ms/1.0/board.xml.
Resolution: Please contact your board vendor with this message.
CRITICAL WARNING: [Board 49-56] Problem parsing board file - /home/shen/tools/Xilinx/2026.1/2026.1/data/boards/board_files/AlphaData/admpa100_2ms/1.2/board.xml.
Resolution: Please contact your board vendor with this message.
CRITICAL WARNING: [Board 49-56] Problem parsing board file - /home/shen/tools/Xilinx/2026.1/2026.1/data/boards/board_files/Avnet/zub1cg/1.0/board.xml.
Resolution: Please contact your board vendor with this message.
CRITICAL WARNING: [Board 49-56] Problem parsing board file - /home/shen/tools/Xilinx/2026.1/2026.1/data/boards/board_files/alinx/axku042/1.0/board.xml.
Resolution: Please contact your board vendor with this message.
CRITICAL WARNING: [Board 49-56] Problem parsing board file - /home/shen/tools/Xilinx/2026.1/2026.1/data/boards/board_files/AlphaData/admpa101_2ms/1.1/board.xml.
Resolution: Please contact your board vendor with this message.
CRITICAL WARNING: [Board 49-56] Problem parsing board file - /home/shen/tools/Xilinx/2026.1/2026.1/data/boards/board_files/AlphaData/admpa101_2ms/1.2/board.xml.
Resolution: Please contact your board vendor with this message.
CRITICAL WARNING: [Board 49-56] Problem parsing board file - /home/shen/tools/Xilinx/2026.1/2026.1/data/boards/board_files/AlphaData/admpa100_2ms/1.0/board.xml.
Resolution: Please contact your board vendor with this message.
CRITICAL WARNING: [Board 49-56] Problem parsing board file - /home/shen/tools/Xilinx/2026.1/2026.1/data/boards/board_files/AlphaData/admpa100_2ms/1.2/board.xml.
Resolution: Please contact your board vendor with this message.
create_project: Time (s): cpu = 00:00:28 ; elapsed = 00:00:16 . Memory (MB): peak = 2639.887 ; gain = 1122.480 ; free physical = 33090 ; free virtual = 47910
# puts "BOARD_COUNT=[llength [get_board_parts -quiet *]]"
BOARD_COUNT=339
# puts "SP701=[get_board_parts -quiet *sp701*]"
SP701=
# puts "EXACT=[get_board_parts -quiet xilinx.com:sp701:part0:1.1]"
EXACT=
# help get_board_parts
# exit
INFO: [Common 17-206] Exiting Vivado at Thu Oct  1 18:37:44 2026...
