Copyright 1986-2022 Xilinx, Inc. All Rights Reserved. Copyright 2022-2026 Advanced Micro Devices, Inc. All Rights Reserved.
---------------------------------------------------------------------------------------------------------------------------------------------
| Tool Version : Vivado v.2026.1 (lin64) Build 6511674 Tue Jun 16 11:01:26 MDT 2026
| Date         : Fri Oct  2 12:31:33 2026
| Host         : shen-AI-Series running 64-bit Ubuntu 24.04.4 LTS
| Command      : report_drc -file /home/shen/AI370-2/docs/M11/evidence/ddr3-hardware-test-2026-10-02/drc_bitstream.rpt
| Design State : ignored
---------------------------------------------------------------------------------------------------------------------------------------------

Report DRC

Table of Contents
-----------------
1. REPORT SUMMARY
2. REPORT DETAILS

1. REPORT SUMMARY
-----------------
            Netlist: <none>
          Floorplan: <none>
      Design limits: <entire design considered>
           Ruledeck: proj_checks
             Max checks: <unlimited>
             Checks found: 0
+------+----------+-------------+--------+
| Rule | Severity | Description | Checks |
+------+----------+-------------+--------+
+------+----------+-------------+--------+

2. REPORT DETAILS
-----------------
