Copyright 1986-2022 Xilinx, Inc. All Rights Reserved. Copyright 2022-2026 Advanced Micro Devices, Inc. All Rights Reserved.
---------------------------------------------------------------------------------------------------------------------------------------------
| Tool Version : Vivado v.2026.1 (lin64) Build 6511674 Tue Jun 16 11:01:26 MDT 2026
| Date         : Mon Oct  5 12:34:36 2026
| Host         : shen-AI-Series running 64-bit Ubuntu 24.04.4 LTS
| Command      : report_timing_summary -file /home/shen/AI370-2/output/M13/Local_AI_FPGA_Engineering_Test/timing-summary.rpt
| Design       : local_model_axi_lite
| Device       : 7s100-fgga676
| Speed File   : -2  PRODUCTION 1.23 2018-06-13
| Design State : Synthesized
---------------------------------------------------------------------------------------------------------------------------------------------

Timing Summary Report

------------------------------------------------------------------------------------------------
| Timer Settings
| --------------
------------------------------------------------------------------------------------------------

  Enable Multi Corner Analysis               :  Yes
  Enable Pessimism Removal                   :  Yes
  Pessimism Removal Resolution               :  Nearest Common Node
  Enable Input Delay Default Clock           :  No
  Enable Preset / Clear Arcs                 :  No
  Disable Flight Delays                      :  No
  Ignore I/O Paths                           :  No
  Timing Early Launch at Borrowing Latches   :  No
  Borrow Time for Max Delay Exceptions       :  Yes
  Merge Timing Exceptions                    :  Yes
  Inter-SLR Compensation                     :  Conservative

  Corner  Analyze    Analyze    
  Name    Max Paths  Min Paths  
  ------  ---------  ---------  
  Slow    Yes        Yes        
  Fast    Yes        Yes        


------------------------------------------------------------------------------------------------
| Report Methodology
| ------------------
------------------------------------------------------------------------------------------------

No report available as report_methodology has not been run prior. Run report_methodology on the current design for the summary of methodology violations.



check_timing report

Table of Contents
-----------------
1. checking no_clock (0)
2. checking constant_clock (0)
3. checking pulse_width_clock (0)
4. checking unconstrained_internal_endpoints (0)
5. checking no_input_delay (58)
6. checking no_output_delay (39)
7. checking multiple_clock (0)
8. checking generated_clocks (0)
9. checking loops (0)
10. checking partial_input_delay (0)
11. checking partial_output_delay (0)
12. checking latch_loops (0)

1. checking no_clock (0)
------------------------
 There are 0 register/latch pins with no clock.


2. checking constant_clock (0)
------------------------------
 There are 0 register/latch pins with constant_clock.


3. checking pulse_width_clock (0)
---------------------------------
 There are 0 register/latch pins which need pulse_width check


4. checking unconstrained_internal_endpoints (0)
------------------------------------------------
 There are 0 pins that are not constrained for maximum delay.

 There are 0 pins that are not constrained for maximum delay due to constant clock.


5. checking no_input_delay (58)
-------------------------------
 There are 58 input ports with no input delay specified. (HIGH)

 There are 0 input ports with no input delay but user has a false path constraint.


6. checking no_output_delay (39)
--------------------------------
 There are 39 ports with no output delay specified. (HIGH)

 There are 0 ports with no output delay but user has a false path constraint

 There are 0 ports with no output delay but with a timing clock defined on it or propagating through it


7. checking multiple_clock (0)
------------------------------
 There are 0 register/latch pins with multiple clocks.


8. checking generated_clocks (0)
--------------------------------
 There are 0 generated clocks that are not connected to a clock source.


9. checking loops (0)
---------------------
 There are 0 combinational loops in the design.


10. checking partial_input_delay (0)
------------------------------------
 There are 0 input ports with partial input delay specified.


11. checking partial_output_delay (0)
-------------------------------------
 There are 0 ports with partial output delay specified.


12. checking latch_loops (0)
----------------------------
 There are 0 combinational latch loops in the design through latch input



------------------------------------------------------------------------------------------------
| Design Timing Summary
| ---------------------
------------------------------------------------------------------------------------------------

    WNS(ns)      TNS(ns)  TNS Failing Endpoints  TNS Total Endpoints      WHS(ns)      THS(ns)  THS Failing Endpoints  THS Total Endpoints     WPWS(ns)     TPWS(ns)  TPWS Failing Endpoints  TPWS Total Endpoints  
    -------      -------  ---------------------  -------------------      -------      -------  ---------------------  -------------------     --------     --------  ----------------------  --------------------  
      6.316        0.000                      0                  307        0.137        0.000                      0                  307        4.500        0.000                       0                   179  


All user specified timing constraints are met.


------------------------------------------------------------------------------------------------
| Clock Summary
| -------------
------------------------------------------------------------------------------------------------

Clock    Waveform(ns)       Period(ns)      Frequency(MHz)
-----    ------------       ----------      --------------
axi_clk  {0.000 5.000}      10.000          100.000         


------------------------------------------------------------------------------------------------
| Intra Clock Table
| -----------------
------------------------------------------------------------------------------------------------

Clock             WNS(ns)      TNS(ns)  TNS Failing Endpoints  TNS Total Endpoints      WHS(ns)      THS(ns)  THS Failing Endpoints  THS Total Endpoints     WPWS(ns)     TPWS(ns)  TPWS Failing Endpoints  TPWS Total Endpoints  
-----             -------      -------  ---------------------  -------------------      -------      -------  ---------------------  -------------------     --------     --------  ----------------------  --------------------  
axi_clk             6.316        0.000                      0                  307        0.137        0.000                      0                  307        4.500        0.000                       0                   179  


------------------------------------------------------------------------------------------------
| Inter Clock Table
| -----------------
------------------------------------------------------------------------------------------------

From Clock    To Clock          WNS(ns)      TNS(ns)  TNS Failing Endpoints  TNS Total Endpoints      WHS(ns)      THS(ns)  THS Failing Endpoints  THS Total Endpoints  
----------    --------          -------      -------  ---------------------  -------------------      -------      -------  ---------------------  -------------------  


------------------------------------------------------------------------------------------------
| Other Path Groups Table
| -----------------------
------------------------------------------------------------------------------------------------

Path Group    From Clock    To Clock          WNS(ns)      TNS(ns)  TNS Failing Endpoints  TNS Total Endpoints      WHS(ns)      THS(ns)  THS Failing Endpoints  THS Total Endpoints  
----------    ----------    --------          -------      -------  ---------------------  -------------------      -------      -------  ---------------------  -------------------  


------------------------------------------------------------------------------------------------
| Timing Details
| --------------
------------------------------------------------------------------------------------------------


---------------------------------------------------------------------------------------------------
From Clock:  axi_clk
  To Clock:  axi_clk

Setup :            0  Failing Endpoints,  Worst Slack        6.316ns,  Total Violation        0.000ns
Hold  :            0  Failing Endpoints,  Worst Slack        0.137ns,  Total Violation        0.000ns
PW    :            0  Failing Endpoints,  Worst Slack        4.500ns,  Total Violation        0.000ns
---------------------------------------------------------------------------------------------------


Max Delay Paths
--------------------------------------------------------------------------------------
Slack (MET) :             6.316ns  (required time - arrival time)
  Source:                 input_reg_reg[1]/C
                            (rising edge-triggered cell FDRE clocked by axi_clk  {rise@0.000ns fall@5.000ns period=10.000ns})
  Destination:            s_axi_rdata_reg[31]/D
                            (rising edge-triggered cell FDRE clocked by axi_clk  {rise@0.000ns fall@5.000ns period=10.000ns})
  Path Group:             axi_clk
  Path Type:              Setup (Max at Slow Process Corner)
  Requirement:            10.000ns  (axi_clk rise@10.000ns - axi_clk rise@0.000ns)
  Data Path Delay:        3.533ns  (logic 2.287ns (64.733%)  route 1.246ns (35.267%))
  Logic Levels:           11  (CARRY4=8 LUT2=1 LUT6=2)
  Clock Path Skew:        -0.145ns (DCD - SCD + CPR)
    Destination Clock Delay (DCD):    1.924ns = ( 11.924 - 10.000 ) 
    Source Clock Delay      (SCD):    2.236ns
    Clock Pessimism Removal (CPR):    0.167ns
  Clock Uncertainty:      0.035ns  ((TSJ^2 + TIJ^2)^1/2 + DJ) / 2 + PE
    Total System Jitter     (TSJ):    0.071ns
    Total Input Jitter      (TIJ):    0.000ns
    Discrete Jitter          (DJ):    0.000ns
    Phase Error              (PE):    0.000ns

    Location             Delay type                Incr(ns)  Path(ns)    Netlist Resource(s)
  -------------------------------------------------------------------    -------------------
                         (clock axi_clk rise edge)    0.000     0.000 r  <hidden>
                                                      0.000     0.000 r  aclk
                         net (fo=0)                   0.000     0.000    aclk
                         IBUF (Prop_ibuf_I_O)         0.926     0.926 r  aclk_IBUF_inst/O
                         net (fo=1, unplaced)         0.646     1.571    aclk_IBUF
                         BUFG (Prop_bufg_I_O)         0.081     1.652 r  aclk_IBUF_BUFG_inst/O
                         net (fo=178, unplaced)       0.584     2.236    aclk_IBUF_BUFG
                         FDRE                                         r  input_reg_reg[1]/C
  -------------------------------------------------------------------    -------------------
                         FDRE (Prop_fdre_C_Q)         0.379     2.615 r  input_reg_reg[1]/Q
                         net (fo=3, unplaced)         0.380     2.995    input_reg[1]
                         LUT2 (Prop_lut2_I0_O)        0.232     3.227 r  s_axi_rdata[3]_i_6/O
                         net (fo=1, unplaced)         0.000     3.227    s_axi_rdata[3]_i_6_n_0
                         CARRY4 (Prop_carry4_S[1]_CO[3])
                                                      0.444     3.671 r  s_axi_rdata_reg[3]_i_3/CO[3]
                         net (fo=1, unplaced)         0.000     3.671    s_axi_rdata_reg[3]_i_3_n_0
                         CARRY4 (Prop_carry4_CI_CO[3])
                                                      0.100     3.771 r  s_axi_rdata_reg[7]_i_3/CO[3]
                         net (fo=1, unplaced)         0.000     3.771    s_axi_rdata_reg[7]_i_3_n_0
                         CARRY4 (Prop_carry4_CI_CO[3])
                                                      0.100     3.871 r  s_axi_rdata_reg[11]_i_3/CO[3]
                         net (fo=1, unplaced)         0.000     3.871    s_axi_rdata_reg[11]_i_3_n_0
                         CARRY4 (Prop_carry4_CI_CO[3])
                                                      0.100     3.971 r  s_axi_rdata_reg[15]_i_3/CO[3]
                         net (fo=1, unplaced)         0.000     3.971    s_axi_rdata_reg[15]_i_3_n_0
                         CARRY4 (Prop_carry4_CI_CO[3])
                                                      0.100     4.071 r  s_axi_rdata_reg[19]_i_3/CO[3]
                         net (fo=1, unplaced)         0.000     4.071    s_axi_rdata_reg[19]_i_3_n_0
                         CARRY4 (Prop_carry4_CI_CO[3])
                                                      0.100     4.171 r  s_axi_rdata_reg[23]_i_3/CO[3]
                         net (fo=1, unplaced)         0.000     4.171    s_axi_rdata_reg[23]_i_3_n_0
                         CARRY4 (Prop_carry4_CI_CO[3])
                                                      0.100     4.271 r  s_axi_rdata_reg[27]_i_3/CO[3]
                         net (fo=1, unplaced)         0.000     4.271    s_axi_rdata_reg[27]_i_3_n_0
                         CARRY4 (Prop_carry4_CI_O[3])
                                                      0.277     4.548 r  s_axi_rdata_reg[31]_i_4/O[3]
                         net (fo=1, unplaced)         0.519     5.067    s_axi_rdata01_in[31]
                         LUT6 (Prop_lut6_I2_O)        0.250     5.317 r  s_axi_rdata[31]_i_3/O
                         net (fo=1, unplaced)         0.347     5.664    s_axi_rdata[31]_i_3_n_0
                         LUT6 (Prop_lut6_I5_O)        0.105     5.769 r  s_axi_rdata[31]_i_2/O
                         net (fo=1, unplaced)         0.000     5.769    s_axi_rdata[31]_i_2_n_0
                         FDRE                                         r  s_axi_rdata_reg[31]/D
  -------------------------------------------------------------------    -------------------

                         (clock axi_clk rise edge)   10.000    10.000 r  <hidden>
                                                      0.000    10.000 r  aclk
                         net (fo=0)                   0.000    10.000    aclk
                         IBUF (Prop_ibuf_I_O)         0.794    10.794 r  aclk_IBUF_inst/O
                         net (fo=1, unplaced)         0.613    11.408    aclk_IBUF
                         BUFG (Prop_bufg_I_O)         0.077    11.485 r  aclk_IBUF_BUFG_inst/O
                         net (fo=178, unplaced)       0.439    11.924    aclk_IBUF_BUFG
                         FDRE                                         r  s_axi_rdata_reg[31]/C
                         clock pessimism              0.167    12.091    <hidden>
                         clock uncertainty           -0.035    12.056    <hidden>
                         FDRE (Setup_fdre_C_D)        0.029    12.085    s_axi_rdata_reg[31]
  -------------------------------------------------------------------
                         required time                         12.085    <hidden>
                         arrival time                          -5.769    <hidden>
  -------------------------------------------------------------------
                         slack                                  6.316    <hidden>





Min Delay Paths
--------------------------------------------------------------------------------------
Slack (MET) :             0.137ns  (arrival time - required time)
  Source:                 s_axi_rvalid_reg/C
                            (rising edge-triggered cell FDRE clocked by axi_clk  {rise@0.000ns fall@5.000ns period=10.000ns})
  Destination:            s_axi_rvalid_reg/D
                            (rising edge-triggered cell FDRE clocked by axi_clk  {rise@0.000ns fall@5.000ns period=10.000ns})
  Path Group:             axi_clk
  Path Type:              Hold (Min at Fast Process Corner)
  Requirement:            0.000ns  (axi_clk rise@0.000ns - axi_clk rise@0.000ns)
  Data Path Delay:        0.373ns  (logic 0.242ns (64.893%)  route 0.131ns (35.107%))
  Logic Levels:           1  (LUT4=1)
  Clock Path Skew:        0.145ns (DCD - SCD - CPR)
    Destination Clock Delay (DCD):    1.036ns
    Source Clock Delay      (SCD):    0.682ns
    Clock Pessimism Removal (CPR):    0.209ns

    Location             Delay type                Incr(ns)  Path(ns)    Netlist Resource(s)
  -------------------------------------------------------------------    -------------------
                         (clock axi_clk rise edge)    0.000     0.000 r  <hidden>
                                                      0.000     0.000 r  aclk
                         net (fo=0)                   0.000     0.000    aclk
                         IBUF (Prop_ibuf_I_O)         0.222     0.222 r  aclk_IBUF_inst/O
                         net (fo=1, unplaced)         0.320     0.542    aclk_IBUF
                         BUFG (Prop_bufg_I_O)         0.026     0.568 r  aclk_IBUF_BUFG_inst/O
                         net (fo=178, unplaced)       0.114     0.682    aclk_IBUF_BUFG
                         FDRE                                         r  s_axi_rvalid_reg/C
  -------------------------------------------------------------------    -------------------
                         FDRE (Prop_fdre_C_Q)         0.141     0.823 r  s_axi_rvalid_reg/Q
                         net (fo=4, unplaced)         0.131     0.954    s_axi_rvalid_OBUF
                         LUT4 (Prop_lut4_I3_O)        0.101     1.055 r  s_axi_rvalid_i_1/O
                         net (fo=1, unplaced)         0.000     1.055    s_axi_rvalid_i_1_n_0
                         FDRE                                         r  s_axi_rvalid_reg/D
  -------------------------------------------------------------------    -------------------

                         (clock axi_clk rise edge)    0.000     0.000 r  <hidden>
                                                      0.000     0.000 r  aclk
                         net (fo=0)                   0.000     0.000    aclk
                         IBUF (Prop_ibuf_I_O)         0.411     0.411 r  aclk_IBUF_inst/O
                         net (fo=1, unplaced)         0.337     0.748    aclk_IBUF
                         BUFG (Prop_bufg_I_O)         0.029     0.777 r  aclk_IBUF_BUFG_inst/O
                         net (fo=178, unplaced)       0.259     1.036    aclk_IBUF_BUFG
                         FDRE                                         r  s_axi_rvalid_reg/C
                         clock pessimism             -0.209     0.827    <hidden>
                         FDRE (Hold_fdre_C_D)         0.091     0.918    s_axi_rvalid_reg
  -------------------------------------------------------------------
                         required time                         -0.918    <hidden>
                         arrival time                           1.055    <hidden>
  -------------------------------------------------------------------
                         slack                                  0.137    <hidden>





Pulse Width Checks
--------------------------------------------------------------------------------------
Clock Name:         axi_clk
Waveform(ns):       { 0.000 5.000 }
Period(ns):         10.000
Sources:            { aclk }

Check Type        Corner  Lib Pin  Reference Pin  Required(ns)  Actual(ns)  Slack(ns)  Location  Pin
Min Period        n/a     BUFG/I   n/a            1.592         10.000      8.408                aclk_IBUF_BUFG_inst/I
Low Pulse Width   Slow    FDRE/C   n/a            0.500         5.000       4.500                aw_pending_reg/C
High Pulse Width  Slow    FDRE/C   n/a            0.500         5.000       4.500                aw_pending_reg/C



