INFO: [Common 17-3922] A valid Vivado Design Suite ENTERPRISE license has been detected. Your current license is active and will expire on Permanent.
#-----------------------------------------------------------
# Vivado v2026.1 (64-bit)
# SW Build 6511674 on Tue Jun 16 11:01:26 MDT 2026
# IP Build 6504888 on Tue Jun 09 09:05:25 MDT 2026
# SharedData Build 6501428 on Mon Jun 08 17:34:18 MDT 2026
# Start of session at: Fri Oct  2 11:26:57 2026
# Process ID         : 925064
# Current directory  : /home/shen/AI370-2
# Command line       : vivado -mode batch -source /tmp/ai370-m11-readonly-probe.tcl -log output/M11/hw-probe/vivado-hw-probe-post-driver.log -journal output/M11/hw-probe/vivado-hw-probe-post-driver.jou
# Log file           : /home/shen/AI370-2/output/M11/hw-probe/vivado-hw-probe-post-driver.log
# Journal file       : /home/shen/AI370-2/output/M11/hw-probe/vivado-hw-probe-post-driver.jou
# Running On         : shen-AI-Series
# Platform           : Ubuntu
# Operating System   : Ubuntu 24.04.4 LTS
# Processor Detail   : AMD Ryzen AI 9 HX 370 w/ Radeon 890M
# CPU Frequency      : 5140.732 MHz
# CPU Physical cores : 12
# CPU Logical cores  : 24
# Host memory        : 50103 MB
# Swap memory        : 8589 MB
# Total Virtual      : 58693 MB
# Available Virtual  : 43135 MB
#-----------------------------------------------------------
source /tmp/ai370-m11-readonly-probe.tcl
# open_hw_manager
CRITICAL WARNING: [Board 49-56] Problem parsing board file - /home/shen/tools/Xilinx/2026.1/2026.1/data/boards/board_files/Avnet/zub1cg/1.0/board.xml.
Resolution: Please contact your board vendor with this message.
CRITICAL WARNING: [Board 49-56] Problem parsing board file - /home/shen/tools/Xilinx/2026.1/2026.1/data/boards/board_files/alinx/axku042/1.0/board.xml.
Resolution: Please contact your board vendor with this message.
CRITICAL WARNING: [Board 49-56] Problem parsing board file - /home/shen/tools/Xilinx/2026.1/2026.1/data/boards/board_files/AlphaData/admpa100_2ms/1.0/board.xml.
Resolution: Please contact your board vendor with this message.
CRITICAL WARNING: [Board 49-56] Problem parsing board file - /home/shen/tools/Xilinx/2026.1/2026.1/data/boards/board_files/AlphaData/admpa101_2ms/1.1/board.xml.
Resolution: Please contact your board vendor with this message.
CRITICAL WARNING: [Board 49-56] Problem parsing board file - /home/shen/tools/Xilinx/2026.1/2026.1/data/boards/board_files/AlphaData/admpa100_2ms/1.2/board.xml.
Resolution: Please contact your board vendor with this message.
CRITICAL WARNING: [Board 49-56] Problem parsing board file - /home/shen/tools/Xilinx/2026.1/2026.1/data/boards/board_files/AlphaData/admpa101_2ms/1.2/board.xml.
Resolution: Please contact your board vendor with this message.
# connect_hw_server -url TCP:127.0.0.1:3121
INFO: [Labtools 27-2285] Connecting to hw_server url TCP:127.0.0.1:3121
INFO: [Labtools 27-3415] Connecting to cs_server url TCP:localhost:0
INFO: [Labtools 27-3417] Launching cs_server...
INFO: [Labtools 27-2221] Launch Output:

****** Xilinx cs_server v2026.1
  **** Build Info : #60 | 2026-06-15 19:15 UTC | a9691a9
    ** Copyright 2017-2022 Xilinx, Inc. All Rights Reserved.
    ** Copyright 2022-2026 Advanced Micro Devices, Inc. All Rights Reserved.



# refresh_hw_server
# set targets {}
# if {[catch {set targets [get_hw_targets]} err]} {
#   puts "M11_TARGET_SCAN_ERROR=$err"
# } else {
#   puts "M11_HW_TARGET_COUNT=[llength $targets]"
# }
M11_HW_TARGET_COUNT=1
# foreach target $targets {
#   puts "M11_HW_TARGET=$target"
#   if {[catch {open_hw_target $target} err]} {
#     puts "M11_OPEN_TARGET_ERROR=$err"
#     continue
#   }
#   set devices [get_hw_devices]
#   puts "M11_HW_DEVICE_COUNT=[llength $devices]"
#   foreach device $devices {
#     puts "M11_DEVICE_NAME=$device"
#     foreach prop {PART IDCODE DNA IR_LENGTH} {
#       if {[catch {set value [get_property $prop $device]} err]} {
#         puts "M11_DEVICE_${prop}=UNAVAILABLE ($err)"
#       } else {
#         puts "M11_DEVICE_${prop}=$value"
#       }
#     }
#   }
#   close_hw_target
# }
M11_HW_TARGET=127.0.0.1:3121/xilinx_tcf/Xilinx/46602010028A
INFO: [Labtoolstcl 44-466] Opening hw_target 127.0.0.1:3121/xilinx_tcf/Xilinx/46602010028A
M11_HW_DEVICE_COUNT=1
M11_DEVICE_NAME=xc7s100_0
M11_DEVICE_PART=xc7s100
M11_DEVICE_IDCODE=00000011011111000111000010010011
M11_DEVICE_DNA=UNAVAILABLE (ERROR: [Labtoolstcl 44-56] hw_device [xc7s100_0] does not have a [DNA] property
)
M11_DEVICE_IR_LENGTH=6
INFO: [Labtoolstcl 44-464] Closing hw_target 127.0.0.1:3121/xilinx_tcf/Xilinx/46602010028A
# disconnect_hw_server
# close_hw_manager
# exit
INFO: [Common 17-206] Exiting Vivado at Fri Oct  2 11:27:02 2026...
