INFO: [Common 17-3922] A valid Vivado Design Suite ENTERPRISE license has been detected. Your current license is active and will expire on Permanent.
#-----------------------------------------------------------
# Vivado v2026.1 (64-bit)
# SW Build 6511674 on Tue Jun 16 11:01:26 MDT 2026
# IP Build 6504888 on Tue Jun 09 09:05:25 MDT 2026
# SharedData Build 6501428 on Mon Jun 08 17:34:18 MDT 2026
# Start of session at: Thu Oct  1 20:26:29 2026
# Process ID         : 422349
# Current directory  : /home/shen/AI370-2
# Command line       : vivado -mode batch -source /home/shen/AI370-2/docs/M12/pre_hardware/sp701_impl_bitstream.tcl -log /home/shen/AI370-2/docs/M12/pre_hardware/sp701_impl_bitstream.log -journal /home/shen/AI370-2/docs/M12/pre_hardware/sp701_impl_bitstream.jou
# Log file           : /home/shen/AI370-2/docs/M12/pre_hardware/sp701_impl_bitstream.log
# Journal file       : /home/shen/AI370-2/docs/M12/pre_hardware/sp701_impl_bitstream.jou
# Running On         : shen-AI-Series
# Platform           : Ubuntu
# Operating System   : Ubuntu 24.04.4 LTS
# Processor Detail   : AMD Ryzen AI 9 HX 370 w/ Radeon 890M
# CPU Frequency      : 5096.163 MHz
# CPU Physical cores : 12
# CPU Logical cores  : 24
# Host memory        : 50103 MB
# Swap memory        : 8589 MB
# Total Virtual      : 58693 MB
# Available Virtual  : 48747 MB
#-----------------------------------------------------------
source /home/shen/AI370-2/docs/M12/pre_hardware/sp701_impl_bitstream.tcl
# set part_name xc7s100fgga676-2
# set source_dir [file normalize [file join [file dirname [file normalize [info script]]] .. .. M9 native-toolchain-smoke]]
# set out_dir [file normalize [file join [pwd] output M12 pre-hardware]]
# file mkdir $out_dir
# set project_dir [file join $out_dir vivado]
# create_project -force m12_sp701 $project_dir -part $part_name
CRITICAL WARNING: [Board 49-56] Problem parsing board file - /home/shen/tools/Xilinx/2026.1/2026.1/data/boards/board_files/Avnet/zub1cg/1.0/board.xml.
Resolution: Please contact your board vendor with this message.
CRITICAL WARNING: [Board 49-56] Problem parsing board file - /home/shen/tools/Xilinx/2026.1/2026.1/data/boards/board_files/alinx/axku042/1.0/board.xml.
Resolution: Please contact your board vendor with this message.
CRITICAL WARNING: [Board 49-56] Problem parsing board file - /home/shen/tools/Xilinx/2026.1/2026.1/data/boards/board_files/AlphaData/admpa101_2ms/1.1/board.xml.
Resolution: Please contact your board vendor with this message.
CRITICAL WARNING: [Board 49-56] Problem parsing board file - /home/shen/tools/Xilinx/2026.1/2026.1/data/boards/board_files/AlphaData/admpa100_2ms/1.0/board.xml.
Resolution: Please contact your board vendor with this message.
CRITICAL WARNING: [Board 49-56] Problem parsing board file - /home/shen/tools/Xilinx/2026.1/2026.1/data/boards/board_files/AlphaData/admpa101_2ms/1.2/board.xml.
Resolution: Please contact your board vendor with this message.
CRITICAL WARNING: [Board 49-56] Problem parsing board file - /home/shen/tools/Xilinx/2026.1/2026.1/data/boards/board_files/AlphaData/admpa100_2ms/1.2/board.xml.
Resolution: Please contact your board vendor with this message.
# add_files [file join $source_dir adder.v]
# set_property top m9_adder [current_fileset]
# update_compile_order -fileset sources_1
# synth_design -top m9_adder -part $part_name
Command: synth_design -top m9_adder -part xc7s100fgga676-2
Starting synth_design
Attempting to get a license for feature 'Synthesis' and/or device 'xc7s100'
INFO: [Common 17-349] Got license for feature 'Synthesis' and/or device 'xc7s100'
INFO: [Synth 8-7079] Multithreading enabled for synth_design using a maximum of 7 processes.
INFO: [Synth 8-7078] Launching helper process for spawning children vivado processes
INFO: [Synth 8-7075] Helper process launched with PID 422437
---------------------------------------------------------------------------------
Starting Synthesize : Time (s): cpu = 00:00:03 ; elapsed = 00:00:03 . Memory (MB): peak = 2504.219 ; gain = 460.258 ; free physical = 9090 ; free virtual = 45059
---------------------------------------------------------------------------------
INFO: [Synth 8-6157] synthesizing module 'm9_adder' [/home/shen/AI370-2/docs/M9/native-toolchain-smoke/adder.v:1]
INFO: [Synth 8-6155] done synthesizing module 'm9_adder' (0#1) [/home/shen/AI370-2/docs/M9/native-toolchain-smoke/adder.v:1]
---------------------------------------------------------------------------------
Finished Synthesize : Time (s): cpu = 00:00:04 ; elapsed = 00:00:04 . Memory (MB): peak = 2587.188 ; gain = 543.227 ; free physical = 8986 ; free virtual = 44956
---------------------------------------------------------------------------------
---------------------------------------------------------------------------------
Finished Constraint Validation : Time (s): cpu = 00:00:04 ; elapsed = 00:00:04 . Memory (MB): peak = 2587.188 ; gain = 543.227 ; free physical = 8984 ; free virtual = 44955
---------------------------------------------------------------------------------
---------------------------------------------------------------------------------
Start Loading Part and Timing Information
---------------------------------------------------------------------------------
Loading part: xc7s100fgga676-2
---------------------------------------------------------------------------------
INFO: [Device 21-403] Loading part xc7s100fgga676-2
Finished Loading Part and Timing Information : Time (s): cpu = 00:00:04 ; elapsed = 00:00:04 . Memory (MB): peak = 2587.188 ; gain = 543.227 ; free physical = 8984 ; free virtual = 44954
---------------------------------------------------------------------------------
---------------------------------------------------------------------------------
Finished RTL Optimization Phase 2 : Time (s): cpu = 00:00:04 ; elapsed = 00:00:04 . Memory (MB): peak = 2587.188 ; gain = 543.227 ; free physical = 8984 ; free virtual = 44955
---------------------------------------------------------------------------------
No constraint files found.
---------------------------------------------------------------------------------
Start RTL Component Statistics 
---------------------------------------------------------------------------------
Detailed RTL Component Info : 
+---Adders : 
	   2 Input    5 Bit       Adders := 1     
+---Registers : 
	                5 Bit    Registers := 1     
---------------------------------------------------------------------------------
Finished RTL Component Statistics 
---------------------------------------------------------------------------------
---------------------------------------------------------------------------------
Start Part Resource Summary
---------------------------------------------------------------------------------
Part Resources:
DSPs: 160 (col length:80)
BRAMs: 240 (col length: RAMB18 80 RAMB36 40)
---------------------------------------------------------------------------------
Finished Part Resource Summary
---------------------------------------------------------------------------------
No constraint files found.
---------------------------------------------------------------------------------
Start Cross Boundary and Area Optimization
---------------------------------------------------------------------------------
---------------------------------------------------------------------------------
Finished Cross Boundary and Area Optimization : Time (s): cpu = 00:00:06 ; elapsed = 00:00:06 . Memory (MB): peak = 2704.250 ; gain = 660.289 ; free physical = 8864 ; free virtual = 44838
---------------------------------------------------------------------------------
No constraint files found.
---------------------------------------------------------------------------------
Start Timing Optimization
---------------------------------------------------------------------------------
---------------------------------------------------------------------------------
Finished Timing Optimization : Time (s): cpu = 00:00:06 ; elapsed = 00:00:06 . Memory (MB): peak = 2704.250 ; gain = 660.289 ; free physical = 8856 ; free virtual = 44830
---------------------------------------------------------------------------------
---------------------------------------------------------------------------------
Start Technology Mapping
---------------------------------------------------------------------------------
---------------------------------------------------------------------------------
Finished Technology Mapping : Time (s): cpu = 00:00:06 ; elapsed = 00:00:06 . Memory (MB): peak = 2704.250 ; gain = 660.289 ; free physical = 8856 ; free virtual = 44830
---------------------------------------------------------------------------------
---------------------------------------------------------------------------------
Start IO Insertion
---------------------------------------------------------------------------------
---------------------------------------------------------------------------------
Start Flattening Before IO Insertion
---------------------------------------------------------------------------------
---------------------------------------------------------------------------------
Finished Flattening Before IO Insertion
---------------------------------------------------------------------------------
---------------------------------------------------------------------------------
Start Final Netlist Cleanup
---------------------------------------------------------------------------------
---------------------------------------------------------------------------------
Finished Final Netlist Cleanup
---------------------------------------------------------------------------------
---------------------------------------------------------------------------------
Finished IO Insertion : Time (s): cpu = 00:00:08 ; elapsed = 00:00:09 . Memory (MB): peak = 2895.062 ; gain = 851.102 ; free physical = 8701 ; free virtual = 44675
---------------------------------------------------------------------------------
---------------------------------------------------------------------------------
Start Renaming Generated Instances
---------------------------------------------------------------------------------
---------------------------------------------------------------------------------
Finished Renaming Generated Instances : Time (s): cpu = 00:00:08 ; elapsed = 00:00:09 . Memory (MB): peak = 2895.062 ; gain = 851.102 ; free physical = 8701 ; free virtual = 44675
---------------------------------------------------------------------------------
---------------------------------------------------------------------------------
Start Rebuilding User Hierarchy
---------------------------------------------------------------------------------
---------------------------------------------------------------------------------
Finished Rebuilding User Hierarchy : Time (s): cpu = 00:00:08 ; elapsed = 00:00:09 . Memory (MB): peak = 2895.062 ; gain = 851.102 ; free physical = 8701 ; free virtual = 44675
---------------------------------------------------------------------------------
---------------------------------------------------------------------------------
Start Renaming Generated Ports
---------------------------------------------------------------------------------
---------------------------------------------------------------------------------
Finished Renaming Generated Ports : Time (s): cpu = 00:00:08 ; elapsed = 00:00:09 . Memory (MB): peak = 2895.062 ; gain = 851.102 ; free physical = 8701 ; free virtual = 44675
---------------------------------------------------------------------------------
---------------------------------------------------------------------------------
Start Handling Custom Attributes
---------------------------------------------------------------------------------
---------------------------------------------------------------------------------
Finished Handling Custom Attributes : Time (s): cpu = 00:00:08 ; elapsed = 00:00:09 . Memory (MB): peak = 2895.062 ; gain = 851.102 ; free physical = 8701 ; free virtual = 44675
---------------------------------------------------------------------------------
---------------------------------------------------------------------------------
Start Renaming Generated Nets
---------------------------------------------------------------------------------
---------------------------------------------------------------------------------
Finished Renaming Generated Nets : Time (s): cpu = 00:00:08 ; elapsed = 00:00:09 . Memory (MB): peak = 2895.062 ; gain = 851.102 ; free physical = 8701 ; free virtual = 44675
---------------------------------------------------------------------------------
---------------------------------------------------------------------------------
Start Writing Synthesis Report
---------------------------------------------------------------------------------

Report BlackBoxes: 
+-+--------------+----------+
| |BlackBox name |Instances |
+-+--------------+----------+
+-+--------------+----------+

Report Cell Usage: 
+------+-----+------+
|      |Cell |Count |
+------+-----+------+
|1     |BUFG |     1|
|2     |LUT2 |     1|
|3     |LUT3 |     2|
|4     |LUT4 |     1|
|5     |LUT6 |     2|
|6     |FDRE |     5|
|7     |IBUF |     9|
|8     |OBUF |     5|
+------+-----+------+

Report Instance Areas: 
+------+---------+-------+------+
|      |Instance |Module |Cells |
+------+---------+-------+------+
|1     |top      |       |    26|
+------+---------+-------+------+
---------------------------------------------------------------------------------
Finished Writing Synthesis Report : Time (s): cpu = 00:00:08 ; elapsed = 00:00:09 . Memory (MB): peak = 2895.062 ; gain = 851.102 ; free physical = 8701 ; free virtual = 44675
---------------------------------------------------------------------------------
Synthesis finished with 0 errors, 0 critical warnings and 0 warnings.
Synthesis Optimization Runtime : Time (s): cpu = 00:00:08 ; elapsed = 00:00:09 . Memory (MB): peak = 2895.062 ; gain = 851.102 ; free physical = 8701 ; free virtual = 44675
Synthesis Optimization Complete : Time (s): cpu = 00:00:08 ; elapsed = 00:00:09 . Memory (MB): peak = 2898.031 ; gain = 851.102 ; free physical = 8701 ; free virtual = 44675
INFO: [Project 1-571] Translating synthesized netlist
Netlist sorting complete. Time (s): cpu = 00:00:00 ; elapsed = 00:00:00.01 . Memory (MB): peak = 2908.938 ; gain = 0.000 ; free physical = 8812 ; free virtual = 44786
INFO: [Project 1-570] Preparing netlist for logic optimization
INFO: [Opt 31-138] Pushed 0 inverter(s) to 0 load pin(s).
Netlist sorting complete. Time (s): cpu = 00:00:00 ; elapsed = 00:00:00 . Memory (MB): peak = 3049.551 ; gain = 0.000 ; free physical = 8740 ; free virtual = 44714
INFO: [Project 1-111] Unisim Transformation Summary:
No Unisim elements were transformed.

Synth Design complete | Checksum: e0bdea20
INFO: [Common 17-83] Releasing license: Synthesis
12 Infos, 0 Warnings, 0 Critical Warnings and 0 Errors encountered.
synth_design completed successfully
synth_design: Time (s): cpu = 00:00:11 ; elapsed = 00:00:10 . Memory (MB): peak = 3052.520 ; gain = 1008.559 ; free physical = 8740 ; free virtual = 44714
INFO: [Common 17-2834] synth_design peak Physical Memory [PSS] (MB): overall = 2398.381; main = 2398.381; forked = 0.000
INFO: [Common 17-2834] synth_design peak Virtual Memory [VSS] (MB): overall = 3052.523; main = 3052.523; forked = 0.000
# write_checkpoint -force [file join $out_dir post_synth.dcp]
Write ShapeDB Complete: Time (s): cpu = 00:00:00 ; elapsed = 00:00:00 . Memory (MB): peak = 3084.535 ; gain = 0.000 ; free physical = 8739 ; free virtual = 44714
INFO: [Common 17-1381] The checkpoint '/home/shen/AI370-2/output/M12/pre-hardware/post_synth.dcp' has been generated.
# report_utilization -file [file join $out_dir utilization.rpt]
# opt_design
Command: opt_design
Attempting to get a license for feature 'Implementation' and/or device 'xc7s100'
INFO: [Common 17-349] Got license for feature 'Implementation' and/or device 'xc7s100'
Running DRC as a precondition to command opt_design

Starting DRC Task
INFO: [DRC 23-27] Running DRC with 8 threads
INFO: [Project 1-461] DRC finished with 0 Errors
INFO: [Project 1-462] Please refer to the DRC report (report_drc) for more information.

Time (s): cpu = 00:00:00.26 ; elapsed = 00:00:00.24 . Memory (MB): peak = 3116.551 ; gain = 32.016 ; free physical = 8751 ; free virtual = 44725

Starting Cache Timing Information Task
INFO: [Timing 38-35] Done setting XDC timing constraints.
Ending Cache Timing Information Task | Checksum: 2e457aa15

Time (s): cpu = 00:00:02 ; elapsed = 00:00:02 . Memory (MB): peak = 3116.551 ; gain = 0.000 ; free physical = 8738 ; free virtual = 44713

Starting Logic Optimization Task

Phase 1 Initialization

Phase 1.1 Core Generation And Design Setup
Phase 1.1 Core Generation And Design Setup | Checksum: 2e457aa15

Time (s): cpu = 00:00:00.01 ; elapsed = 00:00:00 . Memory (MB): peak = 3155.551 ; gain = 0.000 ; free physical = 8691 ; free virtual = 44665

Phase 1.2 Setup Constraints And Sort Netlist
Phase 1.2 Setup Constraints And Sort Netlist | Checksum: 2e457aa15

Time (s): cpu = 00:00:00.01 ; elapsed = 00:00:00 . Memory (MB): peak = 3155.551 ; gain = 0.000 ; free physical = 8691 ; free virtual = 44665
Phase 1 Initialization | Checksum: 2e457aa15

Time (s): cpu = 00:00:00.01 ; elapsed = 00:00:00 . Memory (MB): peak = 3155.551 ; gain = 0.000 ; free physical = 8691 ; free virtual = 44665

Phase 2 Timer Update And Timing Data Collection

Phase 2.1 Detect if minReqCache needed
Phase 2.1 Detect if minReqCache needed | Checksum: 2e457aa15

Time (s): cpu = 00:00:00.01 ; elapsed = 00:00:00 . Memory (MB): peak = 3155.551 ; gain = 0.000 ; free physical = 8691 ; free virtual = 44665

Phase 2.2 Timer Update
Phase 2.2 Timer Update | Checksum: 2e457aa15

Time (s): cpu = 00:00:00.01 ; elapsed = 00:00:00 . Memory (MB): peak = 3155.551 ; gain = 0.000 ; free physical = 8690 ; free virtual = 44665

Phase 2.3 Timing Data Collection
Phase 2.3 Timing Data Collection | Checksum: 2e457aa15

Time (s): cpu = 00:00:00.01 ; elapsed = 00:00:00 . Memory (MB): peak = 3155.551 ; gain = 0.000 ; free physical = 8690 ; free virtual = 44665
Phase 2 Timer Update And Timing Data Collection | Checksum: 2e457aa15

Time (s): cpu = 00:00:00.01 ; elapsed = 00:00:00 . Memory (MB): peak = 3155.551 ; gain = 0.000 ; free physical = 8690 ; free virtual = 44665

Phase 3 Retarget
INFO: [Opt 31-1851] Number of loadless carry chains removed were: 0
INFO: [Opt 31-1834] Total Chains To Be Transformed Were: 0 AND Number of Transformed insts Created are: 0
INFO: [Opt 31-138] Pushed 0 inverter(s) to 0 load pin(s).
INFO: [Opt 31-49] Retargeted 0 cell(s).
Phase 3 Retarget | Checksum: 2e457aa15

Time (s): cpu = 00:00:00.01 ; elapsed = 00:00:00.01 . Memory (MB): peak = 3155.551 ; gain = 0.000 ; free physical = 8690 ; free virtual = 44665
Retarget | Checksum: 2e457aa15
INFO: [Opt 31-389] Phase Retarget created 0 cells and removed 0 cells

Phase 4 Constant propagation
INFO: [Opt 31-138] Pushed 0 inverter(s) to 0 load pin(s).
Phase 4 Constant propagation | Checksum: 2e457aa15

Time (s): cpu = 00:00:00.01 ; elapsed = 00:00:00.01 . Memory (MB): peak = 3155.551 ; gain = 0.000 ; free physical = 8691 ; free virtual = 44665
Constant propagation | Checksum: 2e457aa15
INFO: [Opt 31-389] Phase Constant propagation created 0 cells and removed 0 cells

Phase 5 Sweep
INFO: [Constraints 18-11670] Building netlist checker database with flags, 0x8
Done building netlist checker database: Time (s): cpu = 00:00:00 ; elapsed = 00:00:00 . Memory (MB): peak = 3155.551 ; gain = 0.000 ; free physical = 8691 ; free virtual = 44665
Phase 5 Sweep | Checksum: 2e457aa15

Time (s): cpu = 00:00:00.02 ; elapsed = 00:00:00.01 . Memory (MB): peak = 3155.551 ; gain = 0.000 ; free physical = 8691 ; free virtual = 44665
Sweep | Checksum: 2e457aa15
INFO: [Opt 31-389] Phase Sweep created 0 cells and removed 0 cells

Phase 6 BUFG optimization
Phase 6 BUFG optimization | Checksum: 2e457aa15

Time (s): cpu = 00:00:00.02 ; elapsed = 00:00:00.01 . Memory (MB): peak = 3187.566 ; gain = 32.016 ; free physical = 8691 ; free virtual = 44665
BUFG optimization | Checksum: 2e457aa15
INFO: [Opt 31-662] Phase BUFG optimization created 0 cells of which 0 are BUFGs and removed 0 cells.

Phase 7 Shift Register Optimization
INFO: [Opt 31-1064] SRL Remap converted 0 SRLs to 0 registers and converted 0 registers of register chains to 0 SRLs
Phase 7 Shift Register Optimization | Checksum: 2e457aa15

Time (s): cpu = 00:00:00.02 ; elapsed = 00:00:00.01 . Memory (MB): peak = 3187.566 ; gain = 32.016 ; free physical = 8691 ; free virtual = 44665
Shift Register Optimization | Checksum: 2e457aa15
INFO: [Opt 31-389] Phase Shift Register Optimization created 0 cells and removed 0 cells

Phase 8 Post Processing Netlist
Phase 8 Post Processing Netlist | Checksum: 2e457aa15

Time (s): cpu = 00:00:00.02 ; elapsed = 00:00:00.01 . Memory (MB): peak = 3187.566 ; gain = 32.016 ; free physical = 8691 ; free virtual = 44665
Post Processing Netlist | Checksum: 2e457aa15
INFO: [Opt 31-389] Phase Post Processing Netlist created 0 cells and removed 0 cells

Phase 9 Finalization

Phase 9.1 Finalizing Design Cores and Updating Shapes
Phase 9.1 Finalizing Design Cores and Updating Shapes | Checksum: 2e457aa15

Time (s): cpu = 00:00:00.02 ; elapsed = 00:00:00.01 . Memory (MB): peak = 3187.566 ; gain = 32.016 ; free physical = 8691 ; free virtual = 44665

Phase 9.2 Verifying Netlist Connectivity

Starting Connectivity Check Task

Time (s): cpu = 00:00:00 ; elapsed = 00:00:00 . Memory (MB): peak = 3187.566 ; gain = 0.000 ; free physical = 8691 ; free virtual = 44665
Phase 9.2 Verifying Netlist Connectivity | Checksum: 2e457aa15

Time (s): cpu = 00:00:00.02 ; elapsed = 00:00:00.01 . Memory (MB): peak = 3187.566 ; gain = 32.016 ; free physical = 8691 ; free virtual = 44665
Phase 9 Finalization | Checksum: 2e457aa15

Time (s): cpu = 00:00:00.02 ; elapsed = 00:00:00.01 . Memory (MB): peak = 3187.566 ; gain = 32.016 ; free physical = 8691 ; free virtual = 44665
Opt_design Change Summary
=========================


-------------------------------------------------------------------------------------------------------------------------
|  Phase                        |  #Cells created  |  #Cells Removed  |  #Constrained objects preventing optimizations  |
-------------------------------------------------------------------------------------------------------------------------
|  Retarget                     |               0  |               0  |                                              0  |
|  Constant propagation         |               0  |               0  |                                              0  |
|  Sweep                        |               0  |               0  |                                              0  |
|  BUFG optimization            |               0  |               0  |                                              0  |
|  Shift Register Optimization  |               0  |               0  |                                              0  |
|  Post Processing Netlist      |               0  |               0  |                                              0  |
-------------------------------------------------------------------------------------------------------------------------


Ending Logic Optimization Task | Checksum: 2e457aa15

Time (s): cpu = 00:00:00.02 ; elapsed = 00:00:00.01 . Memory (MB): peak = 3187.566 ; gain = 32.016 ; free physical = 8691 ; free virtual = 44665

Starting Power Optimization Task
INFO: [Pwropt 34-132] Skipping clock gating for clocks with a period < 2.00 ns.
Ending Power Optimization Task | Checksum: 2e457aa15

Time (s): cpu = 00:00:00.01 ; elapsed = 00:00:00 . Memory (MB): peak = 3187.566 ; gain = 0.000 ; free physical = 8691 ; free virtual = 44665

Starting Final Cleanup Task
Ending Final Cleanup Task | Checksum: 2e457aa15

Time (s): cpu = 00:00:00 ; elapsed = 00:00:00 . Memory (MB): peak = 3187.566 ; gain = 0.000 ; free physical = 8691 ; free virtual = 44665
Netlist sorting complete. Time (s): cpu = 00:00:00 ; elapsed = 00:00:00 . Memory (MB): peak = 3187.566 ; gain = 0.000 ; free physical = 8691 ; free virtual = 44665
INFO: [Common 17-83] Releasing license: Implementation
20 Infos, 0 Warnings, 0 Critical Warnings and 0 Errors encountered.
opt_design completed successfully
# place_design
Command: place_design
Attempting to get a license for feature 'Implementation' and/or device 'xc7s100'
INFO: [Common 17-349] Got license for feature 'Implementation' and/or device 'xc7s100'
INFO: [Common 17-83] Releasing license: Implementation
INFO: [Timing 38-35] Done setting XDC timing constraints.
Running DRC as a precondition to command place_design
INFO: [DRC 23-27] Running DRC with 8 threads
INFO: [Vivado_Tcl 4-198] DRC finished with 0 Errors
INFO: [Vivado_Tcl 4-199] Please refer to the DRC report (report_drc) for more information.
INFO: [Place 30-611] Multithreading enabled for place_design using a maximum of 8 CPUs

Starting Placer Task

Phase 1 Placer Initialization

Phase 1.1 Placer Initialization Netlist Sorting
Netlist sorting complete. Time (s): cpu = 00:00:00 ; elapsed = 00:00:00 . Memory (MB): peak = 3187.566 ; gain = 0.000 ; free physical = 8695 ; free virtual = 44669
Phase 1.1 Placer Initialization Netlist Sorting | Checksum: 20399bff5

Time (s): cpu = 00:00:00 ; elapsed = 00:00:00 . Memory (MB): peak = 3187.566 ; gain = 0.000 ; free physical = 8695 ; free virtual = 44669
Netlist sorting complete. Time (s): cpu = 00:00:00 ; elapsed = 00:00:00 . Memory (MB): peak = 3187.566 ; gain = 0.000 ; free physical = 8695 ; free virtual = 44669

Phase 1.2 IO Placement/ Clock Placement/ Build Placer Device
Phase 1.2 IO Placement/ Clock Placement/ Build Placer Device | Checksum: 16009af64

Time (s): cpu = 00:00:00.4 ; elapsed = 00:00:00.16 . Memory (MB): peak = 3187.566 ; gain = 0.000 ; free physical = 8695 ; free virtual = 44670

Phase 1.3 Build Placer Netlist Model
Phase 1.3 Build Placer Netlist Model | Checksum: 1dc852d27

Time (s): cpu = 00:00:00.48 ; elapsed = 00:00:00.18 . Memory (MB): peak = 3187.566 ; gain = 0.000 ; free physical = 8695 ; free virtual = 44670

Phase 1.4 Constrain Clocks/Macros
Phase 1.4 Constrain Clocks/Macros | Checksum: 1dc852d27

Time (s): cpu = 00:00:00.49 ; elapsed = 00:00:00.19 . Memory (MB): peak = 3187.566 ; gain = 0.000 ; free physical = 8695 ; free virtual = 44670
Phase 1 Placer Initialization | Checksum: 1dc852d27

Time (s): cpu = 00:00:00.49 ; elapsed = 00:00:00.19 . Memory (MB): peak = 3187.566 ; gain = 0.000 ; free physical = 8695 ; free virtual = 44670

Phase 2 Global Placement

Phase 2.1 Floorplanning
Phase 2.1 Floorplanning | Checksum: 1dc852d27

Time (s): cpu = 00:00:00.5 ; elapsed = 00:00:00.19 . Memory (MB): peak = 3187.566 ; gain = 0.000 ; free physical = 8695 ; free virtual = 44670

Phase 2.2 Update Timing before SLR Path Opt
Phase 2.2 Update Timing before SLR Path Opt | Checksum: 1dc852d27

Time (s): cpu = 00:00:00.5 ; elapsed = 00:00:00.19 . Memory (MB): peak = 3187.566 ; gain = 0.000 ; free physical = 8695 ; free virtual = 44670

Phase 2.3 Post-Processing in Floorplanning
Phase 2.3 Post-Processing in Floorplanning | Checksum: 1dc852d27

Time (s): cpu = 00:00:00.5 ; elapsed = 00:00:00.19 . Memory (MB): peak = 3187.566 ; gain = 0.000 ; free physical = 8695 ; free virtual = 44670

Phase 2.4 Global Place Phase1
Phase 2.4 Global Place Phase1 | Checksum: 225e3a77b

Time (s): cpu = 00:00:00.75 ; elapsed = 00:00:00.27 . Memory (MB): peak = 3219.582 ; gain = 32.016 ; free physical = 8681 ; free virtual = 44656

Phase 2.5 Global Place Phase2
WARNING: [Place 46-29] Timing had been disabled during Placer and, therefore, physical synthesis in Placer will be skipped.
Phase 2.5 Global Place Phase2 | Checksum: 1d8eace2f

Time (s): cpu = 00:00:00.91 ; elapsed = 00:00:00.31 . Memory (MB): peak = 3219.582 ; gain = 32.016 ; free physical = 8692 ; free virtual = 44667
Phase 2 Global Placement | Checksum: 1d8eace2f

Time (s): cpu = 00:00:00.91 ; elapsed = 00:00:00.31 . Memory (MB): peak = 3219.582 ; gain = 32.016 ; free physical = 8693 ; free virtual = 44667

Phase 3 Detail Placement

Phase 3.1 Commit Multi Column Macros
Phase 3.1 Commit Multi Column Macros | Checksum: 1d8eace2f

Time (s): cpu = 00:00:00.92 ; elapsed = 00:00:00.32 . Memory (MB): peak = 3219.582 ; gain = 32.016 ; free physical = 8693 ; free virtual = 44668

Phase 3.2 Commit Most Macros & LUTRAMs
Phase 3.2 Commit Most Macros & LUTRAMs | Checksum: 22b8f174d

Time (s): cpu = 00:00:00.99 ; elapsed = 00:00:00.33 . Memory (MB): peak = 3219.582 ; gain = 32.016 ; free physical = 8696 ; free virtual = 44671

Phase 3.3 Area Swap Optimization
Phase 3.3 Area Swap Optimization | Checksum: 162ca157c

Time (s): cpu = 00:00:01 ; elapsed = 00:00:00.33 . Memory (MB): peak = 3219.582 ; gain = 32.016 ; free physical = 8696 ; free virtual = 44671

Phase 3.4 Pipeline Register Optimization
Phase 3.4 Pipeline Register Optimization | Checksum: 162ca157c

Time (s): cpu = 00:00:01 ; elapsed = 00:00:00.33 . Memory (MB): peak = 3219.582 ; gain = 32.016 ; free physical = 8696 ; free virtual = 44671

Phase 3.5 Small Shape Detail Placement
Phase 3.5 Small Shape Detail Placement | Checksum: 210be4de7

Time (s): cpu = 00:00:01 ; elapsed = 00:00:00.4 . Memory (MB): peak = 3219.582 ; gain = 32.016 ; free physical = 8693 ; free virtual = 44668

Phase 3.6 Re-assign LUT pins
Phase 3.6 Re-assign LUT pins | Checksum: 210be4de7

Time (s): cpu = 00:00:01 ; elapsed = 00:00:00.4 . Memory (MB): peak = 3219.582 ; gain = 32.016 ; free physical = 8693 ; free virtual = 44668

Phase 3.7 Pipeline Register Optimization
Phase 3.7 Pipeline Register Optimization | Checksum: 210be4de7

Time (s): cpu = 00:00:01 ; elapsed = 00:00:00.4 . Memory (MB): peak = 3219.582 ; gain = 32.016 ; free physical = 8693 ; free virtual = 44668
Phase 3 Detail Placement | Checksum: 210be4de7

Time (s): cpu = 00:00:01 ; elapsed = 00:00:00.4 . Memory (MB): peak = 3219.582 ; gain = 32.016 ; free physical = 8693 ; free virtual = 44668

Phase 4 Post Placement Optimization and Clean-Up

Phase 4.1 Post Commit Optimization
Phase 4.1 Post Commit Optimization | Checksum: 210be4de7

Time (s): cpu = 00:00:01 ; elapsed = 00:00:00.42 . Memory (MB): peak = 3219.582 ; gain = 32.016 ; free physical = 8693 ; free virtual = 44668

Phase 4.2 Post Placement Cleanup
Phase 4.2 Post Placement Cleanup | Checksum: 210be4de7

Time (s): cpu = 00:00:01 ; elapsed = 00:00:00.42 . Memory (MB): peak = 3219.582 ; gain = 32.016 ; free physical = 8693 ; free virtual = 44668

Phase 4.3 Placer Reporting

Phase 4.3.1 Print Estimated Congestion
INFO: [Place 30-612] Post-Placement Estimated Congestion 
 ____________________________________________________
|           | Global Congestion | Short Congestion  |
| Direction | Region Size       | Region Size       |
|___________|___________________|___________________|
|      North|                1x1|                1x1|
|___________|___________________|___________________|
|      South|                1x1|                1x1|
|___________|___________________|___________________|
|       East|                1x1|                1x1|
|___________|___________________|___________________|
|       West|                1x1|                1x1|
|___________|___________________|___________________|

Phase 4.3.1 Print Estimated Congestion | Checksum: 210be4de7

Time (s): cpu = 00:00:01 ; elapsed = 00:00:00.42 . Memory (MB): peak = 3219.582 ; gain = 32.016 ; free physical = 8693 ; free virtual = 44668
Phase 4.3 Placer Reporting | Checksum: 210be4de7

Time (s): cpu = 00:00:01 ; elapsed = 00:00:00.42 . Memory (MB): peak = 3219.582 ; gain = 32.016 ; free physical = 8693 ; free virtual = 44668

Phase 4.4 Final Placement Cleanup
Netlist sorting complete. Time (s): cpu = 00:00:00 ; elapsed = 00:00:00 . Memory (MB): peak = 3219.582 ; gain = 0.000 ; free physical = 8693 ; free virtual = 44668

Time (s): cpu = 00:00:01 ; elapsed = 00:00:00.42 . Memory (MB): peak = 3219.582 ; gain = 32.016 ; free physical = 8693 ; free virtual = 44668
Phase 4 Post Placement Optimization and Clean-Up | Checksum: 2d4d2ac9b

Time (s): cpu = 00:00:01 ; elapsed = 00:00:00.43 . Memory (MB): peak = 3219.582 ; gain = 32.016 ; free physical = 8693 ; free virtual = 44668
Ending Placer Task | Checksum: 24fdae0d4

Time (s): cpu = 00:00:01 ; elapsed = 00:00:00.43 . Memory (MB): peak = 3219.582 ; gain = 32.016 ; free physical = 8693 ; free virtual = 44668
8 Infos, 1 Warnings, 0 Critical Warnings and 0 Errors encountered.
place_design completed successfully
# phys_opt_design
Command: phys_opt_design
Attempting to get a license for feature 'Implementation' and/or device 'xc7s100'
INFO: [Common 17-349] Got license for feature 'Implementation' and/or device 'xc7s100'

Starting Initial Update Timing Task

Time (s): cpu = 00:00:00.01 ; elapsed = 00:00:00.01 . Memory (MB): peak = 3219.582 ; gain = 0.000 ; free physical = 8693 ; free virtual = 44668
INFO: [Vivado_Tcl 4-235] No timing constraint found. The netlist was not modified.
INFO: [Common 17-83] Releasing license: Implementation
3 Infos, 0 Warnings, 0 Critical Warnings and 0 Errors encountered.
phys_opt_design completed successfully
# route_design
Command: route_design
Attempting to get a license for feature 'Implementation' and/or device 'xc7s100'
INFO: [Common 17-349] Got license for feature 'Implementation' and/or device 'xc7s100'


Starting Routing Task
INFO: [Route 35-254] Multithreading enabled for route_design using a maximum of 8 CPUs

Phase 1 Build RT Design
Checksum: PlaceDB: e9cd4f34 ConstDB: 0 ShapeSum: d5f62e35 RouteDB: 9017636b
Post Restoration Checksum: NetGraph: 8fd79734 | NumContArr: 91f2f8e5 | Constraints: c2a8fa9d | Timing: c2a8fa9d
Phase 1 Build RT Design | Checksum: 2a71c8553

Time (s): cpu = 00:00:15 ; elapsed = 00:00:12 . Memory (MB): peak = 3219.582 ; gain = 0.000 ; free physical = 8714 ; free virtual = 44689

Phase 2 Router Initialization
INFO: [Route 35-64] No timing constraints were detected. The router will operate in resource-optimization mode.

Phase 2.1 Fix Topology Constraints
Phase 2.1 Fix Topology Constraints | Checksum: 2a71c8553

Time (s): cpu = 00:00:15 ; elapsed = 00:00:12 . Memory (MB): peak = 3219.582 ; gain = 0.000 ; free physical = 8714 ; free virtual = 44690

Phase 2.2 Pre Route Cleanup
Phase 2.2 Pre Route Cleanup | Checksum: 2a71c8553

Time (s): cpu = 00:00:15 ; elapsed = 00:00:12 . Memory (MB): peak = 3219.582 ; gain = 0.000 ; free physical = 8714 ; free virtual = 44690
 Number of Nodes with overlaps = 0

Router Utilization Summary
  Global Vertical Routing Utilization    = 0 %
  Global Horizontal Routing Utilization  = 0 %
  Routable Net Status*
  *Does not include unroutable nets such as driverless and loadless.
  Run report_route_status for detailed report.
  Number of Failed Nets               = 14
    (Failed Nets is the sum of unrouted and partially routed nets)
  Number of Unrouted Nets             = 14
  Number of Partially Routed Nets     = 0
  Number of Node Overlaps             = 0

Phase 2 Router Initialization | Checksum: 2ed57f4c0

Time (s): cpu = 00:00:16 ; elapsed = 00:00:13 . Memory (MB): peak = 3219.582 ; gain = 0.000 ; free physical = 8714 ; free virtual = 44689

Phase 3 Global Routing
Phase 3 Global Routing | Checksum: 2ed57f4c0

Time (s): cpu = 00:00:16 ; elapsed = 00:00:13 . Memory (MB): peak = 3219.582 ; gain = 0.000 ; free physical = 8714 ; free virtual = 44689

Phase 4 Initial Routing

Phase 4.1 Initial Net Routing Pass
Phase 4.1 Initial Net Routing Pass | Checksum: 20dbb63ce

Time (s): cpu = 00:00:16 ; elapsed = 00:00:13 . Memory (MB): peak = 3219.582 ; gain = 0.000 ; free physical = 8714 ; free virtual = 44689
Phase 4 Initial Routing | Checksum: 20dbb63ce

Time (s): cpu = 00:00:16 ; elapsed = 00:00:13 . Memory (MB): peak = 3219.582 ; gain = 0.000 ; free physical = 8714 ; free virtual = 44689

Phase 5 Rip-up And Reroute

Phase 5.1 Global Iteration 0
 Number of Nodes with overlaps = 0
Phase 5.1 Global Iteration 0 | Checksum: 2bc8519cb

Time (s): cpu = 00:00:16 ; elapsed = 00:00:13 . Memory (MB): peak = 3219.582 ; gain = 0.000 ; free physical = 8714 ; free virtual = 44689
Phase 5 Rip-up And Reroute | Checksum: 2bc8519cb

Time (s): cpu = 00:00:16 ; elapsed = 00:00:13 . Memory (MB): peak = 3219.582 ; gain = 0.000 ; free physical = 8714 ; free virtual = 44689

Phase 6 Delay and Skew Optimization
Phase 6 Delay and Skew Optimization | Checksum: 2bc8519cb

Time (s): cpu = 00:00:16 ; elapsed = 00:00:13 . Memory (MB): peak = 3219.582 ; gain = 0.000 ; free physical = 8714 ; free virtual = 44689

Phase 7 Post Hold Fix

Phase 7.1 Hold Fix Iter
Phase 7.1 Hold Fix Iter | Checksum: 2bc8519cb

Time (s): cpu = 00:00:16 ; elapsed = 00:00:13 . Memory (MB): peak = 3219.582 ; gain = 0.000 ; free physical = 8714 ; free virtual = 44689
Phase 7 Post Hold Fix | Checksum: 2bc8519cb

Time (s): cpu = 00:00:16 ; elapsed = 00:00:13 . Memory (MB): peak = 3219.582 ; gain = 0.000 ; free physical = 8714 ; free virtual = 44689

Phase 8 Route finalize

Router Utilization Summary
  Global Vertical Routing Utilization    = 0.00220809 %
  Global Horizontal Routing Utilization  = 0.00216263 %
  Routable Net Status*
  *Does not include unroutable nets such as driverless and loadless.
  Run report_route_status for detailed report.
  Number of Failed Nets               = 0
    (Failed Nets is the sum of unrouted and partially routed nets)
  Number of Unrouted Nets             = 0
  Number of Partially Routed Nets     = 0
  Number of Node Overlaps             = 0


--GLOBAL Congestion:
Utilization threshold used for congestion level computation: 0.85
Congestion Report
North Dir 1x1 Area, Max Cong = 1.8018%, No Congested Regions.
South Dir 1x1 Area, Max Cong = 18.018%, No Congested Regions.
East Dir 1x1 Area, Max Cong = 5.88235%, No Congested Regions.
West Dir 1x1 Area, Max Cong = 8.82353%, No Congested Regions.

------------------------------
Reporting congestion hotspots
------------------------------
Direction: North
----------------
Congested clusters found at Level 0
Effective congestion level: 0 Aspect Ratio: 1 Sparse Ratio: 0
Direction: South
----------------
Congested clusters found at Level 0
Effective congestion level: 0 Aspect Ratio: 1 Sparse Ratio: 0
Direction: East
----------------
Congested clusters found at Level 0
Effective congestion level: 0 Aspect Ratio: 1 Sparse Ratio: 0
Direction: West
----------------
Congested clusters found at Level 0
Effective congestion level: 0 Aspect Ratio: 1 Sparse Ratio: 0

Phase 8 Route finalize | Checksum: 2bc8519cb

Time (s): cpu = 00:00:17 ; elapsed = 00:00:13 . Memory (MB): peak = 3219.582 ; gain = 0.000 ; free physical = 8714 ; free virtual = 44689

Phase 9 Verifying routed nets

 Verification completed successfully
Phase 9 Verifying routed nets | Checksum: 2bc8519cb

Time (s): cpu = 00:00:17 ; elapsed = 00:00:13 . Memory (MB): peak = 3219.582 ; gain = 0.000 ; free physical = 8714 ; free virtual = 44689

Phase 10 Depositing Routes
Phase 10 Depositing Routes | Checksum: 2ea8c54c2

Time (s): cpu = 00:00:17 ; elapsed = 00:00:13 . Memory (MB): peak = 3219.582 ; gain = 0.000 ; free physical = 8714 ; free virtual = 44689

Phase 11 Post Process Routing
Phase 11 Post Process Routing | Checksum: 2ea8c54c2

Time (s): cpu = 00:00:17 ; elapsed = 00:00:13 . Memory (MB): peak = 3219.582 ; gain = 0.000 ; free physical = 8714 ; free virtual = 44689
Total Elapsed time in route_design: 12.78 secs

Phase 12 Post-Route Event Processing
Phase 12 Post-Route Event Processing | Checksum: 24cb1144d

Time (s): cpu = 00:00:17 ; elapsed = 00:00:13 . Memory (MB): peak = 3219.582 ; gain = 0.000 ; free physical = 8714 ; free virtual = 44689
INFO: [Route 35-16] Router Completed Successfully
Ending Routing Task | Checksum: 24cb1144d

Time (s): cpu = 00:00:17 ; elapsed = 00:00:13 . Memory (MB): peak = 3219.582 ; gain = 0.000 ; free physical = 8714 ; free virtual = 44689

Routing Is Done.
INFO: [Common 17-83] Releasing license: Implementation
5 Infos, 0 Warnings, 0 Critical Warnings and 0 Errors encountered.
route_design completed successfully
route_design: Time (s): cpu = 00:00:17 ; elapsed = 00:00:13 . Memory (MB): peak = 3219.582 ; gain = 0.000 ; free physical = 8714 ; free virtual = 44689
# report_timing_summary -file [file join $out_dir timing_summary.rpt] -warn_on_violation
INFO: [Timing 38-91] UpdateTimingParams: Speed grade: -2, Delay Type: min_max.
INFO: [Timing 38-191] Multithreading enabled for timing update using a maximum of 8 CPUs
WARNING: [Timing 38-313] There are no user specified timing constraints. Timing constraints are needed for proper timing analysis.
# report_utilization -file [file join $out_dir utilization_implemented.rpt]
# write_checkpoint -force [file join $out_dir post_route.dcp]
Wrote PlaceDB: Time (s): cpu = 00:00:00 ; elapsed = 00:00:00 . Memory (MB): peak = 3219.582 ; gain = 0.000 ; free physical = 8715 ; free virtual = 44690
Write ShapeDB Complete: Time (s): cpu = 00:00:00.01 ; elapsed = 00:00:00 . Memory (MB): peak = 3219.582 ; gain = 0.000 ; free physical = 8715 ; free virtual = 44690
Wrote PulsedLatchDB: Time (s): cpu = 00:00:00 ; elapsed = 00:00:00 . Memory (MB): peak = 3219.582 ; gain = 0.000 ; free physical = 8715 ; free virtual = 44690
Writing XDEF routing.
Writing XDEF routing logical nets.
Writing XDEF routing special nets.
Wrote RouteStorage: Time (s): cpu = 00:00:00.03 ; elapsed = 00:00:00.03 . Memory (MB): peak = 3219.582 ; gain = 0.000 ; free physical = 8715 ; free virtual = 44690
Wrote PlaceStorage: Time (s): cpu = 00:00:00 ; elapsed = 00:00:00 . Memory (MB): peak = 3219.582 ; gain = 0.000 ; free physical = 8715 ; free virtual = 44690
Wrote Netlist Cache: Time (s): cpu = 00:00:00 ; elapsed = 00:00:00 . Memory (MB): peak = 3219.582 ; gain = 0.000 ; free physical = 8715 ; free virtual = 44690
Wrote Device Cache: Time (s): cpu = 00:00:00 ; elapsed = 00:00:00 . Memory (MB): peak = 3219.582 ; gain = 0.000 ; free physical = 8715 ; free virtual = 44691
Write Physdb Complete: Time (s): cpu = 00:00:00.05 ; elapsed = 00:00:00.04 . Memory (MB): peak = 3219.582 ; gain = 0.000 ; free physical = 8715 ; free virtual = 44691
INFO: [Common 17-1381] The checkpoint '/home/shen/AI370-2/output/M12/pre-hardware/post_route.dcp' has been generated.
# write_bitstream -force [file join $out_dir m12_sp701.bit]
Command: write_bitstream -force /home/shen/AI370-2/output/M12/pre-hardware/m12_sp701.bit
Attempting to get a license for feature 'Implementation' and/or device 'xc7s100'
INFO: [Common 17-349] Got license for feature 'Implementation' and/or device 'xc7s100'
Running DRC as a precondition to command write_bitstream
INFO: [IP_Flow 19-234] Refreshing IP repositories
INFO: [IP_Flow 19-1704] No user IP repositories specified
INFO: [IP_Flow 19-2313] Loaded Vivado IP repository '/home/shen/tools/Xilinx/2026.1/2026.1/data/ip'.
INFO: [DRC 23-27] Running DRC with 8 threads
ERROR: [DRC NSTD-1] Unspecified I/O Standard: 14 out of 14 logical ports use I/O standard (IOSTANDARD) value 'DEFAULT', instead of a user assigned specific value. This may cause I/O contention or incompatibility with the board power or connectivity affecting performance, signal integrity or in extreme cases cause damage to the device or the components to which it is connected. To correct this violation, specify all I/O standards. This design will fail to generate a bitstream unless all logical ports have a user specified I/O standard value defined. To allow bitstream creation with unspecified I/O standard values (not recommended), use this command: set_property SEVERITY {Warning} [get_drc_checks NSTD-1].  NOTE: When using the Vivado Runs infrastructure (e.g. launch_runs Tcl command), add this command to a .tcl file and add that file as a pre-hook for write_bitstream step for the implementation run. Problem ports: a[3:0], b[3:0], clk, and sum[4:0].
ERROR: [DRC UCIO-1] Unconstrained Logical Port: 14 out of 14 logical ports have no user assigned specific location constraint (LOC). This may cause I/O contention or incompatibility with the board power or connectivity affecting performance, signal integrity or in extreme cases cause damage to the device or the components to which it is connected. To correct this violation, specify all pin locations. This design will fail to generate a bitstream unless all logical ports have a user specified site LOC constraint defined.  To allow bitstream creation with unspecified pin locations (not recommended), use this command: set_property SEVERITY {Warning} [get_drc_checks UCIO-1].  NOTE: When using the Vivado Runs infrastructure (e.g. launch_runs Tcl command), add this command to a .tcl file and add that file as a pre-hook for write_bitstream step for the implementation run.  Problem ports: a[3:0], b[3:0], clk, and sum[4:0].
INFO: [Vivado 12-3199] DRC finished with 2 Errors
INFO: [Vivado 12-3200] Please refer to the DRC report (report_drc) for more information.
ERROR: [Vivado 12-1345] Error(s) found during DRC. Bitgen not run.
INFO: [Common 17-83] Releasing license: Implementation
8 Infos, 0 Warnings, 0 Critical Warnings and 3 Errors encountered.
write_bitstream failed
write_bitstream: Time (s): cpu = 00:00:00.7 ; elapsed = 00:00:21 . Memory (MB): peak = 3219.582 ; gain = 0.000 ; free physical = 8748 ; free virtual = 44726
ERROR: [Common 17-39] 'write_bitstream' failed due to earlier errors.

    while executing
"write_bitstream -force [file join $out_dir m12_sp701.bit]"
    (file "/home/shen/AI370-2/docs/M12/pre_hardware/sp701_impl_bitstream.tcl" line 22)
INFO: [Common 17-206] Exiting Vivado at Thu Oct  1 20:27:22 2026...
