

================================================================
== Synthesis Summary Report of 'm9_adder'
================================================================
+ General Information:
    * Date:           Thu Oct  1 18:47:34 2026
    * Version:        2026.1 (Build 6493734 on Jun 16 2026)
    * Project:        hls
    * Solution:       solution1 (Vivado IP Flow Target)
    * Product family: spartan7
    * Target device:  xc7s100-fgga676-2


* Performance & Resource Estimates:
+------------+------+---------------+----------+---------+------+----------+---------+-------+------+------+----+---+----------+-----+
|   Modules  | Issue|               | Iteration|         | Trip |          |     Latency     |      |      |    |   |          |     |
|   & Loops  | Type | Violation Type|  Latency | Interval| Count| Pipelined| (cycles)|  (ns) | Slack| BRAM | DSP| FF|    LUT   | URAM|
+------------+------+---------------+----------+---------+------+----------+---------+-------+------+------+----+---+----------+-----+
|+ m9_adder  |     -|              -|         -|        1|     -|        no|        0|  0.000|  5.16|     -|   -|  -|  39 (~0%)|    -|
+------------+------+---------------+----------+---------+------+----------+---------+-------+------+------+----+---+----------+-----+
    Name Prefix: '+' for module, 'o' for loop, '*' for dataflow


================================================================
== HW Interfaces
================================================================
* Other Ports
+-----------+---------+-----------+----------+
| Port      | Mode    | Direction | Bitwidth |
+-----------+---------+-----------+----------+
| a         | ap_none | in        | 32       |
| ap_return |         | out       | 32       |
| b         | ap_none | in        | 32       |
+-----------+---------+-----------+----------+

* TOP LEVEL CONTROL
+-----------+------------+-----------------------------------+
| Interface | Type       | Ports                             |
+-----------+------------+-----------------------------------+
| ap_rst    | reset      | ap_rst                            |
| ap_ctrl   | ap_ctrl_hs | ap_done ap_idle ap_ready ap_start |
+-----------+------------+-----------------------------------+


================================================================
== SW I/O Information
================================================================
* Top Function Arguments
+----------+-----------+----------+
| Argument | Direction | Datatype |
+----------+-----------+----------+
| a        | in        | int      |
| b        | in        | int      |
| return   | out       | int      |
+----------+-----------+----------+

* SW-to-HW Mapping
+----------+--------------+---------+
| Argument | HW Interface | HW Type |
+----------+--------------+---------+
| a        | a            | port    |
| b        | b            | port    |
| return   | ap_return    | port    |
+----------+--------------+---------+


================================================================
== Bind Op Report
================================================================
+-------------+-----+--------+----------+-----+--------+---------+
| Name        | DSP | Pragma | Variable | Op  | Impl   | Latency |
+-------------+-----+--------+----------+-----+--------+---------+
| + m9_adder  | 0   |        |          |     |        |         |
|   ap_return |     |        | add_ln2  | add | fabric | 0       |
+-------------+-----+--------+----------+-----+--------+---------+


================================================================
== Storage Report
================================================================
  No bind storage info in design

================================================================
== Pragma Report
================================================================
  No pragmas found
