

================================================================
== Vitis HLS Report for 'm9_adder'
================================================================
* Date:           Thu Oct  1 18:47:34 2026

* Version:        2026.1 (Build 6493734 on Jun 16 2026)
* Project:        hls
* Solution:       solution1 (Vivado IP Flow Target)
* Product family: spartan7
* Target device:  xc7s100-fgga676-2


================================================================
== Performance Estimates
================================================================
+ Timing:
    * Summary:
    +--------+----------+----------+------------+
    |  Clock |  Target  | Estimated| Uncertainty|
    +--------+----------+----------+------------+
    |ap_clk  |  10.00 ns|  2.145 ns|     2.70 ns|
    +--------+----------+----------+------------+

+ Latency:
    * Summary:
    +---------+---------+----------+----------+-----+-----+---------+
    |  Latency (cycles) |  Latency (absolute) |  Interval | Pipeline|
    |   min   |   max   |    min   |    max   | min | max |   Type  |
    +---------+---------+----------+----------+-----+-----+---------+
    |        0|        0|      0 ns|      0 ns|    1|    1|       no|
    +---------+---------+----------+----------+-----+-----+---------+

    + Detail:
        * Instance:
        N/A

        * Loop:
        N/A



================================================================
== Utilization Estimates
================================================================
* Summary:
+-----------------+---------+-----+--------+-------+-----+
|       Name      | BRAM_18K| DSP |   FF   |  LUT  | URAM|
+-----------------+---------+-----+--------+-------+-----+
|DSP              |        -|    -|       -|      -|    -|
|Expression       |        -|    -|       0|     39|    -|
|FIFO             |        -|    -|       -|      -|    -|
|Instance         |        -|    -|       -|      -|    -|
|Memory           |        -|    -|       -|      -|    -|
|Multiplexer      |        -|    -|       -|      -|    -|
|Register         |        -|    -|       -|      -|    -|
+-----------------+---------+-----+--------+-------+-----+
|Total            |        0|    0|       0|     39|    0|
+-----------------+---------+-----+--------+-------+-----+
|Available        |      240|  160|  128000|  64000|    0|
+-----------------+---------+-----+--------+-------+-----+
|Utilization (%)  |        0|    0|       0|     ~0|    0|
+-----------------+---------+-----+--------+-------+-----+

+ Detail:
    * Instance:
    N/A

    * DSP:
    N/A

    * Memory:
    N/A

    * FIFO:
    N/A

    * Expression:
    +--------------+----------+----+---+----+------------+------------+
    | Variable Name| Operation| DSP| FF| LUT| Bitwidth P0| Bitwidth P1|
    +--------------+----------+----+---+----+------------+------------+
    |ap_return     |         +|   0|  0|  39|          32|          32|
    +--------------+----------+----+---+----+------------+------------+
    |Total         |          |   0|  0|  39|          32|          32|
    +--------------+----------+----+---+----+------------+------------+

    * Multiplexer:
    N/A

    * Register:
    N/A



================================================================
== Interface
================================================================
* Summary:
+-----------+-----+-----+------------+--------------+--------------+
| RTL Ports | Dir | Bits|  Protocol  | Source Object|    C Type    |
+-----------+-----+-----+------------+--------------+--------------+
|ap_start   |   in|    1|  ap_ctrl_hs|      m9_adder|  return value|
|ap_done    |  out|    1|  ap_ctrl_hs|      m9_adder|  return value|
|ap_idle    |  out|    1|  ap_ctrl_hs|      m9_adder|  return value|
|ap_ready   |  out|    1|  ap_ctrl_hs|      m9_adder|  return value|
|ap_return  |  out|   32|  ap_ctrl_hs|      m9_adder|  return value|
|ap_rst     |   in|    1|  ap_ctrl_hs|      m9_adder|  return value|
|a          |   in|   32|     ap_none|             a|        scalar|
|b          |   in|   32|     ap_none|             b|        scalar|
+-----------+-----+-----+------------+--------------+--------------+
