RESUME 126 completed; 340 remaining
RESUME RANGES AMD/ROCm-7.2.1/debs/composablekernel-dev_1.2.0.70201-81~24.04_amd64.deb prefix 708837376 total 1076919022
OK Ubuntu24.04/debs/libncurses6_6.4+20240113-1ubuntu2.2_amd64.deb 111902
OK Ubuntu24.04/debs/libtinfo6_6.4+20240113-1ubuntu2.2_amd64.deb 108086
OK Ubuntu24.04/debs/libncursesw6_6.4+20240113-1ubuntu2.2_amd64.deb 147816
RESUME RANGES AMD/PyTorch-ROCm-7.2.1/torch-2.9.1+rocm7.2.1.lw.gitff65f5bc-cp312-cp312-linux_x86_64.whl prefix 603979776 total 1650644034
OK Ubuntu24.04/debs/libcap2_1%3a2.66-5ubuntu2.4_amd64.deb 30500
OK Ubuntu24.04/debs/libnss-systemd_255.4-1ubuntu8.17_amd64.deb 159400
OK Ubuntu24.04/debs/liblzma5_5.6.1+really5.4.5-1ubuntu0.3_amd64.deb 127352
OK Ubuntu24.04/debs/systemd-dev_255.4-1ubuntu8.17_all.deb 106892
OK Ubuntu24.04/debs/systemd-timesyncd_255.4-1ubuntu8.17_amd64.deb 35290
OK Ubuntu24.04/debs/libsqlite3-0_3.45.1-1ubuntu2.8_amd64.deb 701602
OK Ubuntu24.04/debs/libblkid1_2.39.3-9ubuntu6.6_amd64.deb 124124
OK Ubuntu24.04/debs/systemd-oomd_255.4-1ubuntu8.17_amd64.deb 39414
OK Ubuntu24.04/debs/systemd-resolved_255.4-1ubuntu8.17_amd64.deb 296502
OK Ubuntu24.04/debs/systemd-sysv_255.4-1ubuntu8.17_amd64.deb 11890
OK Ubuntu24.04/debs/libsystemd0_255.4-1ubuntu8.17_amd64.deb 431784
OK Ubuntu24.04/debs/libpam-systemd_255.4-1ubuntu8.17_amd64.deb 235340
OK Ubuntu24.04/debs/libsystemd-shared_255.4-1ubuntu8.17_amd64.deb 2077458
OK Ubuntu24.04/debs/libmount1_2.39.3-9ubuntu6.6_amd64.deb 134082
OK Ubuntu24.04/debs/libudev1_255.4-1ubuntu8.17_amd64.deb 177608
OK Ubuntu24.04/debs/libfdisk1_2.39.3-9ubuntu6.6_amd64.deb 146344
OK Ubuntu24.04/debs/systemd_255.4-1ubuntu8.17_amd64.deb 3475000
OK Ubuntu24.04/debs/uuid-runtime_2.39.3-9ubuntu6.6_amd64.deb 33066
OK Ubuntu24.04/debs/libsmartcols1_2.39.3-9ubuntu6.6_amd64.deb 66282
OK Ubuntu24.04/debs/libuuid1_2.39.3-9ubuntu6.6_amd64.deb 36596
OK Ubuntu24.04/debs/udev_255.4-1ubuntu8.17_amd64.deb 1875042
OK Ubuntu24.04/debs/libpam-cap_1%3a2.66-5ubuntu2.4_amd64.deb 12458
OK Ubuntu24.04/debs/eject_2.39.3-9ubuntu6.6_amd64.deb 26278
OK Ubuntu24.04/debs/dkms_3.0.11-1ubuntu13_all.deb 51542
OK Ubuntu24.04/debs/libcap2-bin_1%3a2.66-5ubuntu2.4_amd64.deb 34134
OK Ubuntu24.04/debs/libxml2_2.9.14+dfsg-1.3ubuntu3.9_amd64.deb 764598
OK Ubuntu24.04/debs/libdrm-common_2.4.125-1ubuntu0.1~24.04.2_all.deb 9250
OK Ubuntu24.04/debs/libdrm2_2.4.125-1ubuntu0.1~24.04.2_amd64.deb 41388
OK Ubuntu24.04/debs/bsdextrautils_2.39.3-9ubuntu6.6_amd64.deb 73682
OK Ubuntu24.04/debs/sudo_1.9.15p5-3ubuntu5.24.04.3_amd64.deb 948870
OK Ubuntu24.04/debs/libpng16-16t64_1.6.43-5ubuntu0.6_amd64.deb 188776
OK Ubuntu24.04/debs/ocl-icd-libopencl1_2.3.2-1build1_amd64.deb 38530
OK Ubuntu24.04/debs/locales_2.39-0ubuntu8.9_all.deb 4231704
OK Ubuntu24.04/debs/xz-utils_5.6.1+really5.4.5-1ubuntu0.3_amd64.deb 267424
OK Ubuntu24.04/debs/clinfo_3.0.23.01.25-1build1_amd64.deb 56966
OK Ubuntu24.04/debs/libjsoncpp25_1.9.5-6build1_amd64.deb 82754
OK Ubuntu24.04/debs/librhash0_1.4.3-3build1_amd64.deb 128748
OK Ubuntu24.04/debs/libssh-4_0.10.6-2ubuntu0.5_amd64.deb 191284
OK Ubuntu24.04/debs/libcurl4t64_8.5.0-2ubuntu10.15_amd64.deb 343472
OK Ubuntu24.04/debs/fdisk_2.39.3-9ubuntu6.6_amd64.deb 121538
OK Ubuntu24.04/debs/cmake-data_3.28.3-1build7_all.deb 2154936
OK Ubuntu24.04/debs/gdal-data_3.8.4+dfsg-3ubuntu3_all.deb 261442
OK Ubuntu24.04/debs/fonts-katex_0.16.10+~cs6.1.0-2_all.deb 775246
OK Ubuntu24.04/debs/gdal-plugins_3.8.4+dfsg-3ubuntu3_amd64.deb 24804
OK Ubuntu24.04/debs/glslc_2023.8-1build1_amd64.deb 76032
OK Ubuntu24.04/debs/git-lfs_3.4.1-1ubuntu0.4_amd64.deb 3908174
OK Ubuntu24.04/debs/libva2_2.20.0-2ubuntu0.2_amd64.deb 66362
OK Ubuntu24.04/debs/cmake_3.28.3-1build7_amd64.deb 11190006
OK Ubuntu24.04/debs/icu-devtools_74.2-1ubuntu3.1_amd64.deb 211852
OK Ubuntu24.04/debs/libigdgmm12_22.3.17+ds1-1ubuntu1_amd64.deb 145046
OK Ubuntu24.04/debs/jq_1.7.1-3ubuntu0.24.04.2_amd64.deb 65694
OK Ubuntu24.04/debs/intel-media-va-driver_24.1.0+dfsg1-1ubuntu0.2_amd64.deb 3162838
OK Ubuntu24.04/debs/libjq1_1.7.1-3ubuntu0.24.04.2_amd64.deb 141902
OK Ubuntu24.04/debs/libaec0_1.1.2-1build1_amd64.deb 22918
OK Ubuntu24.04/debs/libaacs0_0.11.1-2build1_amd64.deb 62906
OK Ubuntu24.04/debs/libdrm-amdgpu1_2.4.125-1ubuntu0.1~24.04.2_amd64.deb 21374
OK Ubuntu24.04/debs/libhsakmt1_5.7.0-1build1_amd64.deb 62912
OK Ubuntu24.04/debs/libhsa-runtime64-1_5.7.1-2build1_amd64.deb 490966
OK Ubuntu24.04/debs/libshaderc1_2023.8-1build1_amd64.deb 2423388
OK Ubuntu24.04/debs/libblas3_3.12.0-3build1.1_amd64.deb 237978
OK Ubuntu24.04/debs/libamd-comgr2_6.0+git20231212.4510c28+dfsg-3build2_amd64.deb 14405016
OK Ubuntu24.04/debs/libgfortran5_14.2.0-4ubuntu2~24.04.1_amd64.deb 916316
OK Ubuntu24.04/debs/libarpack2t64_3.9.1-1.1build2_amd64.deb 105512
OK Ubuntu24.04/debs/libsuperlu6_6.0.1+dfsg1-1build1_amd64.deb 179964
OK Ubuntu24.04/debs/liblapack3_3.12.0-3build1.1_amd64.deb 2646422
OK Ubuntu24.04/debs/libva-drm2_2.20.0-2ubuntu0.2_amd64.deb 7124
OK Ubuntu24.04/debs/libva-x11-2_2.20.0-2ubuntu0.2_amd64.deb 12028
OK Ubuntu24.04/debs/libllvm17t64_1%3a17.0.6-9ubuntu1_amd64.deb 26162724
OK Ubuntu24.04/debs/libpciaccess0_0.17-3ubuntu0.24.04.3_amd64.deb 19220
OK Ubuntu24.04/debs/libdrm-intel1_2.4.125-1ubuntu0.1~24.04.2_amd64.deb 63868
OK Ubuntu24.04/debs/libarmadillo12_1%3a12.6.7+dfsg-1build2_amd64.deb 105918
OK Ubuntu24.04/debs/libvdpau1_1.5-2build1_amd64.deb 27836
OK Ubuntu24.04/debs/libvpl2_2023.3.0-1build1_amd64.deb 99802
OK Ubuntu24.04/debs/libavutil58_7%3a6.1.1-3ubuntu5_amd64.deb 401184
OK Ubuntu24.04/debs/libgsm1_1.0.22-1build1_amd64.deb 27810
OK Ubuntu24.04/debs/libdav1d7_1.4.1-1build1_amd64.deb 604018
OK Ubuntu24.04/debs/libhwy1t64_1.0.7-8.1build1_amd64.deb 584050
OK Ubuntu24.04/debs/libamdhip64-5_5.7.1-3_amd64.deb 9621212
OK Ubuntu24.04/debs/libcodec2-1.2_1.2.0-2build1_amd64.deb 8998330
OK Ubuntu24.04/debs/libjxl0.7_0.7.0-10.2ubuntu6.1_amd64.deb 1001370
OK Ubuntu24.04/debs/libsnappy1v5_1.1.10-1build1_amd64.deb 28634
OK Ubuntu24.04/debs/libshine3_3.1.1-2build1_amd64.deb 23170
OK Ubuntu24.04/debs/libswresample4_7%3a6.1.1-3ubuntu5_amd64.deb 63782
OK Ubuntu24.04/debs/librav1e0_0.7.1-2_amd64.deb 1021698
OK Ubuntu24.04/debs/libsoxr0_0.1.3-4build3_amd64.deb 80038
OK Ubuntu24.04/debs/libsvtav1enc1d1_1.7.0+dfsg-2build1_amd64.deb 2424900
OK Ubuntu24.04/debs/libzvbi-common_0.2.42-2_all.deb 42360
OK Ubuntu24.04/debs/libxvidcore4_2%3a1.3.7-1build1_amd64.deb 219400
OK Ubuntu24.04/debs/libx264-164_2%3a0.164.3108+git31e19f9-1_amd64.deb 603814
OK Ubuntu24.04/debs/libzvbi0t64_0.2.42-2_amd64.deb 260558
OK Ubuntu24.04/debs/libswresample-dev_7%3a6.1.1-3ubuntu5_amd64.deb 79726
OK Ubuntu24.04/debs/libavutil-dev_7%3a6.1.1-3ubuntu5_amd64.deb 547468
OK Ubuntu24.04/debs/libudfread0_1.1.2-1build1_amd64.deb 18980
OK Ubuntu24.04/debs/libavcodec60_7%3a6.1.1-3ubuntu5_amd64.deb 5851220
OK Ubuntu24.04/debs/libbluray2_1%3a1.3.4-1build1_amd64.deb 159390
OK Ubuntu24.04/debs/libchromaprint1_1.5.1-5_amd64.deb 30524
OK Ubuntu24.04/debs/libgme0_0.6.3-7build1_amd64.deb 134050
OK Ubuntu24.04/debs/librabbitmq4_0.11.0-1ubuntu0.2_amd64.deb 38306
OK Ubuntu24.04/debs/libavcodec-dev_7%3a6.1.1-3ubuntu5_amd64.deb 6504074
OK Ubuntu24.04/debs/libcjson1_1.7.17-1_amd64.deb 24762
OK Ubuntu24.04/debs/libopenmpt0t64_0.7.3-1.1build3_amd64.deb 647356
OK Ubuntu24.04/debs/libmbedcrypto7t64_2.28.8-1_amd64.deb 209262
OK Ubuntu24.04/debs/librist4_0.2.10+dfsg-2_amd64.deb 74894
OK Ubuntu24.04/debs/libssh-gcrypt-4_0.10.6-2ubuntu0.5_amd64.deb 225808
OK Ubuntu24.04/debs/libnorm1t64_1.5.9+dfsg-3.1build1_amd64.deb 153694
OK Ubuntu24.04/debs/libpgm-5.3-0t64_5.3.128~dfsg-2.1build1_amd64.deb 166620
OK Ubuntu24.04/debs/libsrt1.5-gnutls_1.5.3-1build2_amd64.deb 316428
OK Ubuntu24.04/debs/libx265-199_3.5-2build1_amd64.deb 1226422
OK Ubuntu24.04/debs/libsodium23_1.0.18-1ubuntu0.24.04.1_amd64.deb 161290
OK Ubuntu24.04/debs/libbdplus0_0.2.0-3build1_amd64.deb 52234
OK Ubuntu24.04/debs/libzmq5_4.3.5-1build2_amd64.deb 260300
OK Ubuntu24.04/debs/libblosc1_1.21.5+ds-1build1_amd64.deb 36248
OK Ubuntu24.04/debs/libavformat60_7%3a6.1.1-3ubuntu5_amd64.deb 1153444
OK Ubuntu24.04/debs/libboost-filesystem1.83.0_1.83.0-2.1ubuntu3.2_amd64.deb 283562
OK Ubuntu24.04/debs/libboost-program-options1.83.0_1.83.0-2.1ubuntu3.2_amd64.deb 320510
OK Ubuntu24.04/debs/libavformat-dev_7%3a6.1.1-3ubuntu5_amd64.deb 1397670
OK Ubuntu24.04/debs/libcurl3t64-gnutls_8.5.0-2ubuntu10.15_amd64.deb 335564
OK Ubuntu24.04/debs/libbrotli-dev_1.1.0-2build2_amd64.deb 353230
OK Ubuntu24.04/debs/libcharls2_2.4.2-2build2_amd64.deb 90442
OK Ubuntu24.04/debs/libdc1394-25_2.2.6-4build1_amd64.deb 90084
OK Ubuntu24.04/debs/libcfitsio10t64_4.3.1-1.1build2_amd64.deb 527630
OK Ubuntu24.04/debs/libraw1394-dev_2.1.2-2build3_amd64.deb 38312
OK Ubuntu24.04/debs/libcurl4-openssl-dev_8.5.0-2ubuntu10.15_amd64.deb 446114
OK Ubuntu24.04/debs/libdrm-radeon1_2.4.125-1ubuntu0.1~24.04.2_amd64.deb 20776
OK Ubuntu24.04/debs/libdrm-nouveau2_2.4.125-1ubuntu0.1~24.04.2_amd64.deb 17620
OK Ubuntu24.04/debs/libpciaccess-dev_0.17-3ubuntu0.24.04.3_amd64.deb 22026
OK Ubuntu24.04/debs/libdrm-dev_2.4.125-1ubuntu0.1~24.04.2_amd64.deb 314338
OK Ubuntu24.04/debs/libdc1394-dev_2.2.6-4build1_amd64.deb 118666
OK Ubuntu24.04/debs/libgl1-mesa-dri_25.2.8-0ubuntu0.24.04.3_amd64.deb 37948
OK Ubuntu24.04/debs/libdeflate-dev_1.19-1build1.1_amd64.deb 50936
OK Ubuntu24.04/debs/libdouble-conversion3_3.3.0-1build1_amd64.deb 40294
OK Ubuntu24.04/debs/libglx-mesa0_25.2.8-0ubuntu0.24.04.3_amd64.deb 110154
OK Ubuntu24.04/debs/libgbm1_25.2.8-0ubuntu0.24.04.3_amd64.deb 34274
OK Ubuntu24.04/debs/libegl-mesa0_25.2.8-0ubuntu0.24.04.3_amd64.deb 121412
OK Ubuntu24.04/debs/libelf-dev_0.190-1.1ubuntu0.1_amd64.deb 68530
OK Ubuntu24.04/debs/libzstd-dev_1.5.5+dfsg2-2build1.1_amd64.deb 363956
OK Ubuntu24.04/debs/libevent-pthreads-2.1-7t64_2.1.12-stable-9ubuntu2.2_amd64.deb 7988
OK Ubuntu24.04/debs/libevent-core-2.1-7t64_2.1.12-stable-9ubuntu2.2_amd64.deb 91942
OK Ubuntu24.04/debs/zlib1g-dev_1%3a1.3.dfsg-3.1ubuntu2.2_amd64.deb 894116
OK Ubuntu24.04/debs/libexif-dev_0.6.24-1ubuntu0.24.04.1_amd64.deb 109926
OK Ubuntu24.04/debs/libexif12_0.6.24-1ubuntu0.24.04.1_amd64.deb 88336
OK Ubuntu24.04/debs/libexif-doc_0.6.24-1ubuntu0.24.04.1_all.deb 365876
OK Ubuntu24.04/debs/mesa-libgallium_25.2.8-0ubuntu0.24.04.3_amd64.deb 10783430
OK Ubuntu24.04/debs/libpsm-infinipath1_3.3+20.604758e7-6.3build1_amd64.deb 178148
OK Ubuntu24.04/debs/libexpat1-dev_2.6.1-2ubuntu0.6_amd64.deb 146542
OK Ubuntu24.04/debs/libpsm2-2_11.2.185-2build1_amd64.deb 193594
OK Ubuntu24.04/debs/libminizip1t64_1%3a1.3.dfsg-3.1ubuntu2.2_amd64.deb 22194
OK Ubuntu24.04/debs/librdmacm1t64_50.0-2ubuntu0.2_amd64.deb 70698
OK Ubuntu24.04/debs/libfabric1_1.17.0-3build2_amd64.deb 656666
OK Ubuntu24.04/debs/libfyba0t64_4.1.1-11build1_amd64.deb 119016
OK Ubuntu24.04/debs/libfreexl1_2.0.0-1build2_amd64.deb 41708
OK Ubuntu24.04/debs/libgeos3.12.1t64_3.12.1-3build1_amd64.deb 849210
OK Ubuntu24.04/debs/libgeos-c1t64_3.12.1-3build1_amd64.deb 94532
OK Ubuntu24.04/debs/libtiff6_4.5.1+git230720-4ubuntu2.5_amd64.deb 199612
OK Ubuntu24.04/debs/libgeotiff5_1.7.1-5build1_amd64.deb 62882
OK Ubuntu24.04/debs/libhdf4-0-alt_4.2.16-4build1_amd64.deb 281792
OK Ubuntu24.04/debs/libsz2_1.1.2-1build1_amd64.deb 5476
OK Ubuntu24.04/debs/libproj25_9.4.0-1build2_amd64.deb 1395736
OK Ubuntu24.04/debs/liburiparser1_0.9.7+dfsg-2build1_amd64.deb 35816
OK Ubuntu24.04/debs/libkmlbase1t64_1.3.0-12build1_amd64.deb 49916
OK Ubuntu24.04/debs/proj-data_9.4.0-1build2_all.deb 7885446
OK Ubuntu24.04/debs/libkmldom1t64_1.3.0-12build1_amd64.deb 156424
OK Ubuntu24.04/debs/libkmlengine1t64_1.3.0-12build1_amd64.deb 71372
OK Ubuntu24.04/debs/mysql-common_5.8+1.1.0build1_all.deb 6746
OK Ubuntu24.04/debs/libhdf5-hl-100t64_1.10.10+repack-3.1ubuntu4_amd64.deb 56016
OK Ubuntu24.04/debs/libhdf5-103-1t64_1.10.10+repack-3.1ubuntu4_amd64.deb 1269972
OK Ubuntu24.04/debs/unixodbc-common_2.3.12-1ubuntu0.24.04.1_all.deb 8806
OK Ubuntu24.04/debs/libodbcinst2_2.3.12-1ubuntu0.24.04.1_amd64.deb 30720
OK Ubuntu24.04/debs/libnetcdf19t64_1%3a4.9.2-5ubuntu4_amd64.deb 472848
OK Ubuntu24.04/debs/libodbc2_2.3.12-1ubuntu0.24.04.1_amd64.deb 158090
OK Ubuntu24.04/debs/libogdi4.1_4.1.1+ds-3build1_amd64.deb 225898
OK Ubuntu24.04/debs/libmysqlclient21_8.0.46-0ubuntu0.24.04.4_amd64.deb 1254894
OK Ubuntu24.04/debs/libqhull-r8.0_2020.2-6build1_amd64.deb 192772
OK Ubuntu24.04/debs/libpq5_16.15-0ubuntu0.24.04.1_amd64.deb 151262
OK Ubuntu24.04/debs/librttopo1_1.1.0-3build2_amd64.deb 190582
OK Ubuntu24.04/debs/libxerces-c3.2t64_3.2.4+debian-1.2ubuntu2_amd64.deb 919492
OK Ubuntu24.04/debs/libsocket++1_1.12.13+git20131030.5d039ba-1build1_amd64.deb 83124
OK Ubuntu24.04/debs/libgdcm-dev_3.0.22-2.1ubuntu1_amd64.deb 268342
OK Ubuntu24.04/debs/xorg-sgml-doctools_1%3a1.11-1.1_all.deb 10936
OK Ubuntu24.04/debs/x11proto-dev_2023.2-1_all.deb 602398
OK Ubuntu24.04/debs/libspatialite8t64_5.1.0-3build1_amd64.deb 1918564
OK Ubuntu24.04/debs/libxau-dev_1%3a1.0.9-1build6_amd64.deb 9570
OK Ubuntu24.04/debs/libxdmcp-dev_1%3a1.1.3-0ubuntu6_amd64.deb 26546
OK Ubuntu24.04/debs/xtrans-dev_1.4.0-1_all.deb 68900
OK Ubuntu24.04/debs/libpthread-stubs0-dev_0.4-1build3_amd64.deb 4746
OK Ubuntu24.04/debs/libgdcm3.0t64_3.0.22-2.1ubuntu1_amd64.deb 2159552
OK Ubuntu24.04/debs/libxcb1-dev_1.15-1ubuntu2_amd64.deb 85790
OK Ubuntu24.04/debs/libglx-dev_1.7.0-1build1_amd64.deb 14176
OK Ubuntu24.04/debs/libgl-dev_1.7.0-1build1_amd64.deb 102444
OK Ubuntu24.04/debs/libx11-dev_2%3a1.8.7-1build1_amd64.deb 732214
OK Ubuntu24.04/debs/libgl2ps1.4_1.4.2+dfsg1-2build1_amd64.deb 41878
OK Ubuntu24.04/debs/libgphoto2-port12t64_2.5.31-2.1ubuntu1.1_amd64.deb 59212
OK Ubuntu24.04/debs/libglew2.2_2.2.0-4build1_amd64.deb 187350
OK Ubuntu24.04/debs/libpkgconf3_1.8.1-2build1_amd64.deb 30652
OK Ubuntu24.04/debs/pkgconf-bin_1.8.1-2build1_amd64.deb 20730
OK Ubuntu24.04/debs/pkgconf_1.8.1-2build1_amd64.deb 16790
OK Ubuntu24.04/debs/libgphoto2-6t64_2.5.31-2.1ubuntu1.1_amd64.deb 734596
OK Ubuntu24.04/debs/pkg-config_1.8.1-2build1_amd64.deb 7264
OK Ubuntu24.04/debs/libgphoto2-dev_2.5.31-2.1ubuntu1.1_amd64.deb 33184
OK Ubuntu24.04/debs/libgphoto2-l10n_2.5.31-2.1ubuntu1.1_all.deb 15602
OK Ubuntu24.04/debs/libhwloc15_2.10.0-1build1_amd64.deb 172340
OK Ubuntu24.04/debs/libimath-3-1-29t64_3.1.9-3.1ubuntu2_amd64.deb 72248
OK Ubuntu24.04/debs/libimath-dev_3.1.9-3.1ubuntu2_amd64.deb 115276
OK Ubuntu24.04/debs/libjpeg8-dev_8c-2ubuntu11_amd64.deb 1484
OK Ubuntu24.04/debs/libjpeg-dev_8c-2ubuntu11_amd64.deb 1482
OK Ubuntu24.04/debs/libjpeg-turbo8-dev_2.1.5-2ubuntu2_amd64.deb 294776
OK Ubuntu24.04/debs/libjs-underscore_1.13.4~dfsg+~1.11.4-3_all.deb 117876
OK Ubuntu24.04/debs/libgdal34t64_3.8.4+dfsg-3ubuntu3_amd64.deb 8346038
OK Ubuntu24.04/debs/libjs-jquery_3.6.1+dfsg+~3.5.14-1_all.deb 327720
OK Ubuntu24.04/debs/libjs-sphinxdoc_7.2.6-6_all.deb 149488
OK Ubuntu24.04/debs/libicu-dev_74.2-1ubuntu3.1_amd64.deb 11892666
OK Ubuntu24.04/debs/liblerc-dev_4.0.0+ds-4ubuntu2_amd64.deb 182412
OK Ubuntu24.04/debs/libmd4c0_0.4.8-1build1_amd64.deb 42274
OK Ubuntu24.04/debs/liblept5_1.82.0-3build4_amd64.deb 1099276
OK Ubuntu24.04/debs/libtbbmalloc2_2021.11.0-2ubuntu2_amd64.deb 60542
OK Ubuntu24.04/debs/libtbbbind-2-5_2021.11.0-2ubuntu2_amd64.deb 16442
OK Ubuntu24.04/debs/libtbb12_2021.11.0-2ubuntu2_amd64.deb 106374
OK Ubuntu24.04/debs/libopencv-flann406t64_4.6.0+dfsg-13.1ubuntu1_amd64.deb 134074
OK Ubuntu24.04/debs/libopencv-imgproc406t64_4.6.0+dfsg-13.1ubuntu1_amd64.deb 1459894
OK Ubuntu24.04/debs/libopencv-core406t64_4.6.0+dfsg-13.1ubuntu1_amd64.deb 1201528
OK Ubuntu24.04/debs/libopencv-features2d406t64_4.6.0+dfsg-13.1ubuntu1_amd64.deb 272690
OK Ubuntu24.04/debs/libtbb-dev_2021.11.0-2ubuntu2_amd64.deb 253278
OK Ubuntu24.04/debs/libopencv-calib3d406t64_4.6.0+dfsg-13.1ubuntu1_amd64.deb 697514
OK Ubuntu24.04/debs/libopencv-flann-dev_4.6.0+dfsg-13.1ubuntu1_amd64.deb 207076
OK Ubuntu24.04/debs/libpcre2-16-0_10.42-4ubuntu2.1_amd64.deb 210092
OK Ubuntu24.04/debs/libopencv-imgcodecs406t64_4.6.0+dfsg-13.1ubuntu1_amd64.deb 127684
OK Ubuntu24.04/debs/libopenexr-3-1-30_3.1.5-5.1build3_amd64.deb 1004380
OK Ubuntu24.04/debs/libopencv-core-dev_4.6.0+dfsg-13.1ubuntu1_amd64.deb 2017320
OK Ubuntu24.04/debs/libxcb-xinerama0_1.15-1ubuntu2_amd64.deb 5410
OK Ubuntu24.04/debs/libqt5dbus5t64_5.15.13+dfsg-1ubuntu1_amd64.deb 219892
OK Ubuntu24.04/debs/libqt5network5t64_5.15.13+dfsg-1ubuntu1_amd64.deb 722778
OK Ubuntu24.04/debs/libxcb-xinput0_1.15-1ubuntu2_amd64.deb 33240
OK Ubuntu24.04/debs/libqt5opengl5t64_5.15.13+dfsg-1ubuntu1_amd64.deb 149804
OK Ubuntu24.04/debs/libqt5core5t64_5.15.13+dfsg-1ubuntu1_amd64.deb 2010540
OK Ubuntu24.04/debs/libqt5test5t64_5.15.13+dfsg-1ubuntu1_amd64.deb 147612
OK Ubuntu24.04/debs/libopencv-highgui406t64_4.6.0+dfsg-13.1ubuntu1_amd64.deb 117700
OK Ubuntu24.04/debs/libqt5widgets5t64_5.15.13+dfsg-1ubuntu1_amd64.deb 2560968
OK Ubuntu24.04/debs/libqt5gui5t64_5.15.13+dfsg-1ubuntu1_amd64.deb 3747576
OK Ubuntu24.04/debs/libswscale7_7%3a6.1.1-3ubuntu5_amd64.deb 192938
OK Ubuntu24.04/debs/libopencv-imgcodecs-dev_4.6.0+dfsg-13.1ubuntu1_amd64.deb 203426
OK Ubuntu24.04/debs/libopencv-videoio406t64_4.6.0+dfsg-13.1ubuntu1_amd64.deb 198558
OK Ubuntu24.04/debs/libopencv-imgproc-dev_4.6.0+dfsg-13.1ubuntu1_amd64.deb 1905172
OK Ubuntu24.04/debs/libopenexr-dev_3.1.5-5.1build3_amd64.deb 106118
OK Ubuntu24.04/debs/libopencv-videoio-dev_4.6.0+dfsg-13.1ubuntu1_amd64.deb 320816
OK Ubuntu24.04/debs/libswscale-dev_7%3a6.1.1-3ubuntu5_amd64.deb 224022
OK Ubuntu24.04/debs/libjbig-dev_2.1-6.1ubuntu2_amd64.deb 27886
OK Ubuntu24.04/debs/libpng-dev_1.6.43-5ubuntu0.6_amd64.deb 264814
OK Ubuntu24.04/debs/liblzma-dev_5.6.1+really5.4.5-1ubuntu0.3_amd64.deb 176166
OK Ubuntu24.04/debs/libsharpyuv-dev_1.3.2-0.4build3_amd64.deb 16018
OK Ubuntu24.04/debs/libtiffxx6_4.5.1+git230720-4ubuntu2.5_amd64.deb 5642
OK Ubuntu24.04/debs/libwebpdecoder3_1.3.2-0.4build3_amd64.deb 114352
OK Ubuntu24.04/debs/libwebp-dev_1.3.2-0.4build3_amd64.deb 366856
OK Ubuntu24.04/debs/libopencv-ml406t64_4.6.0+dfsg-13.1ubuntu1_amd64.deb 207556
OK Ubuntu24.04/debs/libtiff-dev_4.5.1+git230720-4ubuntu2.5_amd64.deb 338168
OK Ubuntu24.04/debs/libopencv-highgui-dev_4.6.0+dfsg-13.1ubuntu1_amd64.deb 176184
OK Ubuntu24.04/debs/libopencv-ml-dev_4.6.0+dfsg-13.1ubuntu1_amd64.deb 296520
OK Ubuntu24.04/debs/libopencv-calib3d-dev_4.6.0+dfsg-13.1ubuntu1_amd64.deb 1046282
OK Ubuntu24.04/debs/libopencv-features2d-dev_4.6.0+dfsg-13.1ubuntu1_amd64.deb 371968
OK Ubuntu24.04/debs/libprotobuf32t64_3.21.12-8.2ubuntu0.3_amd64.deb 922638
OK Ubuntu24.04/debs/libopencv-objdetect406t64_4.6.0+dfsg-13.1ubuntu1_amd64.deb 219892
OK Ubuntu24.04/debs/libopencv-video406t64_4.6.0+dfsg-13.1ubuntu1_amd64.deb 178620
OK Ubuntu24.04/debs/libtesseract5_5.3.4-1build5_amd64.deb 1291308
OK Ubuntu24.04/debs/libopencv-dnn406t64_4.6.0+dfsg-13.1ubuntu1_amd64.deb 1142214
OK Ubuntu24.04/debs/libopencv-objdetect-dev_4.6.0+dfsg-13.1ubuntu1_amd64.deb 275012
OK Ubuntu24.04/debs/libopencv-contrib406t64_4.6.0+dfsg-13.1ubuntu1_amd64.deb 3967896
OK Ubuntu24.04/debs/libopencv-shape406t64_4.6.0+dfsg-13.1ubuntu1_amd64.deb 51568
OK Ubuntu24.04/debs/libopencv-photo-dev_4.6.0+dfsg-13.1ubuntu1_amd64.deb 229702
OK Ubuntu24.04/debs/libopencv-dnn-dev_4.6.0+dfsg-13.1ubuntu1_amd64.deb 1824606
OK Ubuntu24.04/debs/libopencv-shape-dev_4.6.0+dfsg-13.1ubuntu1_amd64.deb 72148
OK Ubuntu24.04/debs/libopencv-video-dev_4.6.0+dfsg-13.1ubuntu1_amd64.deb 253306
OK Ubuntu24.04/debs/libopencv-photo406t64_4.6.0+dfsg-13.1ubuntu1_amd64.deb 200382
OK Ubuntu24.04/debs/libopencv-stitching406t64_4.6.0+dfsg-13.1ubuntu1_amd64.deb 195286
OK Ubuntu24.04/debs/libopencv-superres-dev_4.6.0+dfsg-13.1ubuntu1_amd64.deb 61234
OK Ubuntu24.04/debs/libopencv-superres406t64_4.6.0+dfsg-13.1ubuntu1_amd64.deb 46088
OK Ubuntu24.04/debs/libopencv-stitching-dev_4.6.0+dfsg-13.1ubuntu1_amd64.deb 263936
OK Ubuntu24.04/debs/libmunge2_0.5.15-4ubuntu0.1_amd64.deb 14846
OK Ubuntu24.04/debs/libopencv-videostab406t64_4.6.0+dfsg-13.1ubuntu1_amd64.deb 76766
OK Ubuntu24.04/debs/libopencv-videostab-dev_4.6.0+dfsg-13.1ubuntu1_amd64.deb 108796
OK Ubuntu24.04/debs/libxnvctrl0_510.47.03-0ubuntu4.24.04.1_amd64.deb 12696
OK Ubuntu24.04/debs/libhwloc-plugins_2.10.0-1build1_amd64.deb 15664
OK Ubuntu24.04/debs/libpmix2t64_5.0.1-4.1build1_amd64.deb 697360
OK Ubuntu24.04/debs/libopenmpi3t64_4.1.6-7ubuntu2_amd64.deb 2563070
OK Ubuntu24.04/debs/libtk8.6_8.6.14-1build1_amd64.deb 778878
OK Ubuntu24.04/debs/libopencv-viz406t64_4.6.0+dfsg-13.1ubuntu1_amd64.deb 108258
OK Ubuntu24.04/debs/libopencv-viz-dev_4.6.0+dfsg-13.1ubuntu1_amd64.deb 185782
OK Ubuntu24.04/debs/libopencv-dev_4.6.0+dfsg-13.1ubuntu1_amd64.deb 84240
OK Ubuntu24.04/debs/libvtk9.1t64_9.1.0+really9.1.0+dfsg2-7.1build3_amd64.deb 20252016
OK Ubuntu24.04/debs/libucx0_1.16.0+ds-5ubuntu1_amd64.deb 1139558
OK Ubuntu24.04/debs/libopencv406-jni_4.6.0+dfsg-13.1ubuntu1_amd64.deb 486250
OK Ubuntu24.04/debs/libopencv-java_4.6.0+dfsg-13.1ubuntu1_amd64.deb 1002684
OK Ubuntu24.04/debs/libpng-tools_1.6.43-5ubuntu0.6_amd64.deb 28532
OK Ubuntu24.04/debs/libpython3-dev_3.12.3-0ubuntu2.1_amd64.deb 10350
OK Ubuntu24.04/debs/libopencv-contrib-dev_4.6.0+dfsg-13.1ubuntu1_amd64.deb 5551966
OK Ubuntu24.04/debs/libqt5qmlmodels5_5.15.13+dfsg-1ubuntu0.1_amd64.deb 202694
OK Ubuntu24.04/debs/libqt5quick5_5.15.13+dfsg-1ubuntu0.1_amd64.deb 1732980
OK Ubuntu24.04/debs/libqt5svg5_5.15.13-1_amd64.deb 146010
OK Ubuntu24.04/debs/libqt5qml5_5.15.13+dfsg-1ubuntu0.1_amd64.deb 1482036
OK Ubuntu24.04/debs/libpython3.12-dev_3.12.3-1ubuntu0.17_amd64.deb 5683746
OK Ubuntu24.04/debs/libqt5waylandclient5_5.15.13-1_amd64.deb 405284
OK Ubuntu24.04/debs/libqt5waylandcompositor5_5.15.13-1_amd64.deb 396034
OK Ubuntu24.04/debs/libraw1394-tools_2.1.2-2build3_amd64.deb 16838
OK Ubuntu24.04/debs/libwebsockets19t64_4.3.3-1.1build3_amd64.deb 229104
OK Ubuntu24.04/debs/mesa-common-dev_25.2.8-0ubuntu0.24.04.3_amd64.deb 3133534
OK AMD/ROCm-7.2.1/debs/composablekernel-dev_1.2.0.70201-81~24.04_amd64.deb 1076919022
OK Ubuntu24.04/debs/mesa-va-drivers_25.2.8-0ubuntu0.24.04.3_amd64.deb 6778
OK Ubuntu24.04/debs/mesa-vdpau-drivers_25.2.8-0ubuntu0.24.04.3_amd64.deb 23336
OK Ubuntu24.04/debs/libvulkan-dev_1.3.275.0-1build1_amd64.deb 1238904
OK Ubuntu24.04/debs/mesa-utils-bin_9.0.0-2_amd64.deb 164440
OK Ubuntu24.04/debs/libxml2-dev_2.9.14+dfsg-1.3ubuntu3.9_amd64.deb 781202
OK Ubuntu24.04/debs/ninja-build_1.11.1-2_amd64.deb 128926
OK Ubuntu24.04/debs/node-markdown-it_22.2.3+dfsg+~12.2.3-2_all.deb 81354
OK Ubuntu24.04/debs/opencv-data_4.6.0+dfsg-13.1ubuntu1_all.deb 1355454
OK Ubuntu24.04/debs/python3-dev_3.12.3-0ubuntu2.1_amd64.deb 26698
OK Ubuntu24.04/debs/mesa-vulkan-drivers_25.2.8-0ubuntu0.24.04.3_amd64.deb 17492698
OK Ubuntu24.04/debs/python3-wheel_0.42.0-2_all.deb 53052
OK Ubuntu24.04/debs/python3.12-dev_3.12.3-1ubuntu0.17_amd64.deb 497932
OK Ubuntu24.04/debs/python3-setuptools_68.1.2-2ubuntu1.2_all.deb 396614
OK Ubuntu24.04/debs/python3.12-venv_3.12.3-1ubuntu0.17_amd64.deb 5684
OK Ubuntu24.04/debs/python3-pip-whl_24.0+dfsg-1ubuntu1.3_all.deb 1706638
OK Ubuntu24.04/debs/python3-setuptools-whl_68.1.2-2ubuntu1.2_all.deb 716284
OK Ubuntu24.04/debs/python3-pip_24.0+dfsg-1ubuntu1.3_all.deb 1319940
OK Ubuntu24.04/debs/qt5-gtk-platformtheme_5.15.13+dfsg-1ubuntu1_amd64.deb 124894
OK Ubuntu24.04/debs/rfkill_2.39.3-9ubuntu6.6_amd64.deb 20196
OK Ubuntu24.04/debs/qtwayland5_5.15.13-1_amd64.deb 222744
OK Ubuntu24.04/debs/va-driver-all_2.20.0-2ubuntu0.2_amd64.deb 5014
OK Ubuntu24.04/debs/vdpau-driver-all_1.5-2build1_amd64.deb 4414
OK Ubuntu24.04/debs/i965-va-driver_2.4.1+dfsg1-1ubuntu0.2_amd64.deb 332252
OK Ubuntu24.04/debs/qttranslations5-l10n_5.15.13-1_all.deb 1964478
OK Ubuntu24.04/debs/libnuma-dev_2.0.18-1ubuntu0.24.04.1_amd64.deb 36996
OK Ubuntu24.04/debs/vulkan-tools_1.3.275.0+dfsg1-1_amd64.deb 298102
OK Ubuntu24.04/debs/opencl-c-headers_3.0~2023.12.14-1_all.deb 58666
OK Ubuntu24.04/debs/ocl-icd-opencl-dev_2.3.2-1build1_amd64.deb 2448
OK Ubuntu24.04/debs/opencl-clhpp-headers_3.0~2023.12.14-1ubuntu1_all.deb 50546
OK Ubuntu24.04/debs/mesa-utils_9.0.0-2_amd64.deb 1051400
OK Ubuntu24.04/debs/proj-bin_9.4.0-1build2_amd64.deb 163914
OK Ubuntu24.04/debs/uuid-dev_2.39.3-9ubuntu6.6_amd64.deb 33546
OK AMD/PyTorch-ROCm-7.2.1/torch-2.9.1+rocm7.2.1.lw.gitff65f5bc-cp312-cp312-linux_x86_64.whl 1650644034
COMPLETE 466 / 466 downloads
