./README.md: OK
./logs/baseline-run-validation.log: OK
./logs/sandbox-and-host-status.txt: OK
./logs/validation-summary.txt: OK
./logs/vivado-license-failure.log: OK
./logs/xelab.log: OK
./logs/xsim-direct-testplusarg.log: OK
./logs/xsim-legacy-mode.log: OK
./logs/xsim-patched-network-sandbox.log: OK
./logs/xsim-rerunall-failure.log: OK
./logs/xsim-testplusarg-failure.log: OK
./logs/xvlog.log: OK
./model/matlabpath-feedback.md: OK
./model/patch-hunk.md: OK
./model/patch-truncated.md: OK
./model/plan.md: OK
./model/pythonpath-feedback.md: OK
./model/sim-license-feedback.md: OK
./reports/timing-summary.txt: OK
./reports/utilization-summary.txt: OK
./sandbox-license-diagnosis.md: OK
./source/README.md: OK
./source/modified_local_model_axi_lite.v: OK
./source/original_local_model_axi_lite.v: OK
./source/run-validation.sh: OK
./source/synth.tcl: OK
./source/synth_clock.xdc: OK
./source/task_spec.md: OK
./source/tb_local_model_axi_lite.sv: OK
