INFO: [Common 17-3922] A valid Vivado Design Suite ENTERPRISE license has been detected. Your current license is active and will expire on Permanent.

****** Vivado v2026.1 (64-bit)
  **** SW Build 6511674 on Tue Jun 16 11:01:26 MDT 2026
  **** IP Build 6504888 on Tue Jun 09 09:05:25 MDT 2026
  **** SharedData Build 6501428 on Mon Jun 08 17:34:18 MDT 2026
  **** Start of session at: Fri Oct  2 15:21:10 2026
    ** Copyright 1986-2022 Xilinx, Inc. All Rights Reserved.
    ** Copyright 2022-2026 Advanced Micro Devices, Inc. All Rights Reserved.

source /home/shen/AI370-2/projects/FPGA/SP701_Host_FPGA_JTAG_AXI/build.tcl
# set here [file normalize [file dirname [info script]]]
# set project_name SP701_Host_FPGA_JTAG_AXI
# set build_root $here
# if {[info exists ::env(AI370_M12_BUILD_ROOT)] && $::env(AI370_M12_BUILD_ROOT) ne ""} {
#     set build_root [file normalize $::env(AI370_M12_BUILD_ROOT)]
# }
# set proj_dir [file join $build_root vivado]
# file mkdir $proj_dir
# file mkdir [file join $build_root reports]
# create_project $project_name $proj_dir -part xc7s100fgga676-2 -force
CRITICAL WARNING: [Board 49-56] Problem parsing board file - /home/shen/tools/Xilinx/2026.1/2026.1/data/boards/board_files/Avnet/zub1cg/1.0/board.xml.
Resolution: Please contact your board vendor with this message.
CRITICAL WARNING: [Board 49-56] Problem parsing board file - /home/shen/tools/Xilinx/2026.1/2026.1/data/boards/board_files/alinx/axku042/1.0/board.xml.
Resolution: Please contact your board vendor with this message.
CRITICAL WARNING: [Board 49-56] Problem parsing board file - /home/shen/tools/Xilinx/2026.1/2026.1/data/boards/board_files/AlphaData/admpa101_2ms/1.1/board.xml.
Resolution: Please contact your board vendor with this message.
CRITICAL WARNING: [Board 49-56] Problem parsing board file - /home/shen/tools/Xilinx/2026.1/2026.1/data/boards/board_files/AlphaData/admpa100_2ms/1.0/board.xml.
Resolution: Please contact your board vendor with this message.
CRITICAL WARNING: [Board 49-56] Problem parsing board file - /home/shen/tools/Xilinx/2026.1/2026.1/data/boards/board_files/AlphaData/admpa101_2ms/1.2/board.xml.
Resolution: Please contact your board vendor with this message.
CRITICAL WARNING: [Board 49-56] Problem parsing board file - /home/shen/tools/Xilinx/2026.1/2026.1/data/boards/board_files/AlphaData/admpa100_2ms/1.2/board.xml.
Resolution: Please contact your board vendor with this message.
# set_property board_part xilinx.com:sp701:part0:1.0 [current_project]
# create_ip -name jtag_axi -vendor xilinx.com -library ip -version 1.2 -module_name jtag_axi_0
INFO: [IP_Flow 19-234] Refreshing IP repositories
INFO: [IP_Flow 19-1704] No user IP repositories specified
INFO: [IP_Flow 19-2313] Loaded Vivado IP repository '/home/shen/tools/Xilinx/2026.1/2026.1/data/ip'.
# set_property -dict [list CONFIG.M_AXI_ADDR_WIDTH {32} CONFIG.M_AXI_DATA_WIDTH {32} CONFIG.PROTOCOL {2}] [get_ips jtag_axi_0]
# generate_target all [get_ips jtag_axi_0]
INFO: [IP_Flow 19-1686] Generating 'Instantiation Template' target for IP 'jtag_axi_0'...
INFO: [IP_Flow 19-1686] Generating 'Synthesis' target for IP 'jtag_axi_0'...
INFO: [IP_Flow 19-1686] Generating 'Simulation' target for IP 'jtag_axi_0'...
INFO: [IP_Flow 19-1686] Generating 'Change Log' target for IP 'jtag_axi_0'...
# add_files -norecurse [file join $here src sp701_host_fpga_top.v]
# add_files -fileset constrs_1 -norecurse [file join $here constraints sp701_sysclk.xdc]
# set_property top sp701_host_fpga_top [current_fileset]
# update_compile_order -fileset sources_1
# update_compile_order -fileset sim_1
# set_property strategy {Vivado Implementation Defaults} [get_runs impl_1]
# launch_runs impl_1 -to_step write_bitstream -jobs 4
[Fri Oct  2 15:21:15 2026] Launched jtag_axi_0_synth_1, synth_1...
Run output will be captured here:
jtag_axi_0_synth_1: /home/shen/AI370-2/output/M14/rebuild-2026-10-02/vivado/SP701_Host_FPGA_JTAG_AXI.runs/jtag_axi_0_synth_1/runme.log
synth_1: /home/shen/AI370-2/output/M14/rebuild-2026-10-02/vivado/SP701_Host_FPGA_JTAG_AXI.runs/synth_1/runme.log
[Fri Oct  2 15:21:15 2026] Launched impl_1...
Run output will be captured here: /home/shen/AI370-2/output/M14/rebuild-2026-10-02/vivado/SP701_Host_FPGA_JTAG_AXI.runs/impl_1/runme.log
# wait_on_run impl_1
[Fri Oct  2 15:21:15 2026] Waiting for impl_1 to finish...

*** Running vivado
    with args -log sp701_host_fpga_top.vdi -applog -m64 -product Vivado -messageDb vivado.pb -mode batch -source sp701_host_fpga_top.tcl -notrace

INFO: [Common 17-3922] A valid Vivado Design Suite ENTERPRISE license has been detected. Your current license is active and will expire on Permanent.
#-----------------------------------------------------------
# Vivado v2026.1 (64-bit)
# SW Build 6511674 on Tue Jun 16 11:01:26 MDT 2026
# IP Build 6504888 on Tue Jun 09 09:05:25 MDT 2026
# SharedData Build 6501428 on Mon Jun 08 17:34:18 MDT 2026
# Start of session at: Fri Oct  2 15:22:03 2026
# Process ID         : 1436236
# Current directory  : /home/shen/AI370-2/output/M14/rebuild-2026-10-02/vivado/SP701_Host_FPGA_JTAG_AXI.runs/impl_1
# Command line       : vivado -log sp701_host_fpga_top.vdi -applog -product Vivado -messageDb vivado.pb -mode batch -source sp701_host_fpga_top.tcl -notrace
# Log file           : /home/shen/AI370-2/output/M14/rebuild-2026-10-02/vivado/SP701_Host_FPGA_JTAG_AXI.runs/impl_1/sp701_host_fpga_top.vdi
# Journal file       : /home/shen/AI370-2/output/M14/rebuild-2026-10-02/vivado/SP701_Host_FPGA_JTAG_AXI.runs/impl_1/vivado.jou
# Running On         : shen-AI-Series
# Platform           : Ubuntu
# Operating System   : Ubuntu 24.04.4 LTS
# Processor Detail   : AMD Ryzen AI 9 HX 370 w/ Radeon 890M
# CPU Frequency      : 5133.772 MHz
# CPU Physical cores : 12
# CPU Logical cores  : 24
# Host memory        : 50103 MB
# Swap memory        : 8589 MB
# Total Virtual      : 58693 MB
# Available Virtual  : 46899 MB
#-----------------------------------------------------------

****** Vivado v2026.1 (64-bit)
  **** SW Build 6511674 on Tue Jun 16 11:01:26 MDT 2026
  **** IP Build 6504888 on Tue Jun 09 09:05:25 MDT 2026
  **** SharedData Build 6501428 on Mon Jun 08 17:34:18 MDT 2026
  **** Start of session at: Fri Oct  2 15:22:03 2026
    ** Copyright 1986-2022 Xilinx, Inc. All Rights Reserved.
    ** Copyright 2022-2026 Advanced Micro Devices, Inc. All Rights Reserved.

source sp701_host_fpga_top.tcl -notrace
CRITICAL WARNING: [Board 49-56] Problem parsing board file - /home/shen/tools/Xilinx/2026.1/2026.1/data/boards/board_files/Avnet/zub1cg/1.0/board.xml.
Resolution: Please contact your board vendor with this message.
CRITICAL WARNING: [Board 49-56] Problem parsing board file - /home/shen/tools/Xilinx/2026.1/2026.1/data/boards/board_files/alinx/axku042/1.0/board.xml.
Resolution: Please contact your board vendor with this message.
CRITICAL WARNING: [Board 49-56] Problem parsing board file - /home/shen/tools/Xilinx/2026.1/2026.1/data/boards/board_files/AlphaData/admpa101_2ms/1.1/board.xml.
Resolution: Please contact your board vendor with this message.
CRITICAL WARNING: [Board 49-56] Problem parsing board file - /home/shen/tools/Xilinx/2026.1/2026.1/data/boards/board_files/AlphaData/admpa100_2ms/1.0/board.xml.
Resolution: Please contact your board vendor with this message.
CRITICAL WARNING: [Board 49-56] Problem parsing board file - /home/shen/tools/Xilinx/2026.1/2026.1/data/boards/board_files/AlphaData/admpa101_2ms/1.2/board.xml.
Resolution: Please contact your board vendor with this message.
CRITICAL WARNING: [Board 49-56] Problem parsing board file - /home/shen/tools/Xilinx/2026.1/2026.1/data/boards/board_files/AlphaData/admpa100_2ms/1.2/board.xml.
Resolution: Please contact your board vendor with this message.
Command: link_design -top sp701_host_fpga_top -part xc7s100fgga676-2
Design is defaulting to srcset: sources_1
Design is defaulting to constrset: constrs_1
INFO: [Device 21-403] Loading part xc7s100fgga676-2
INFO: [Project 1-5699] Read binary netlist with skipMacroContent - 1
INFO: [Project 1-454] Reading design checkpoint '/home/shen/AI370-2/output/M14/rebuild-2026-10-02/vivado/SP701_Host_FPGA_JTAG_AXI.gen/sources_1/ip/jtag_axi_0/jtag_axi_0.dcp' for cell 'u_jtag_axi'
Netlist sorting complete. Time (s): cpu = 00:00:00.01 ; elapsed = 00:00:00 . Memory (MB): peak = 2165.859 ; gain = 0.000 ; free physical = 1476 ; free virtual = 43831
INFO: [Netlist 29-17] Analyzing 48 Unisim elements for replacement
INFO: [Netlist 29-28] Unisim Transformation completed in 0 CPU seconds
INFO: [Project 1-479] Netlist was created with Vivado 2026.1
INFO: [Project 1-570] Preparing netlist for logic optimization
INFO: [Chipscope 16-324] Core: u_jtag_axi UUID: a3ada461-e7bb-5052-9175-584161bc11ce 
Parsing XDC File [/home/shen/AI370-2/output/M14/rebuild-2026-10-02/vivado/SP701_Host_FPGA_JTAG_AXI.gen/sources_1/ip/jtag_axi_0/constraints/jtag_axi.xdc] for cell 'u_jtag_axi/inst'
Finished Parsing XDC File [/home/shen/AI370-2/output/M14/rebuild-2026-10-02/vivado/SP701_Host_FPGA_JTAG_AXI.gen/sources_1/ip/jtag_axi_0/constraints/jtag_axi.xdc] for cell 'u_jtag_axi/inst'
Parsing XDC File [/home/shen/AI370-2/projects/FPGA/SP701_Host_FPGA_JTAG_AXI/constraints/sp701_sysclk.xdc]
Finished Parsing XDC File [/home/shen/AI370-2/projects/FPGA/SP701_Host_FPGA_JTAG_AXI/constraints/sp701_sysclk.xdc]
INFO: [Project 1-1714] 8 XPM XDC files have been applied to the design.
INFO: [Opt 31-138] Pushed 0 inverter(s) to 0 load pin(s).
Netlist sorting complete. Time (s): cpu = 00:00:00 ; elapsed = 00:00:00 . Memory (MB): peak = 2793.590 ; gain = 0.000 ; free physical = 1009 ; free virtual = 43365
INFO: [Project 1-111] Unisim Transformation Summary:
  A total of 44 instances were transformed.
  RAM64M => RAM64M (RAMD64E(x4)): 44 instances

11 Infos, 0 Warnings, 6 Critical Warnings and 0 Errors encountered.
link_design completed successfully
Command: opt_design
Attempting to get a license for feature 'Implementation' and/or device 'xc7s100'
INFO: [Common 17-349] Got license for feature 'Implementation' and/or device 'xc7s100'
Running DRC as a precondition to command opt_design

Starting DRC Task
INFO: [DRC 23-27] Running DRC with 8 threads
INFO: [Project 1-461] DRC finished with 0 Errors
INFO: [Project 1-462] Please refer to the DRC report (report_drc) for more information.

Time (s): cpu = 00:00:00.5 ; elapsed = 00:00:00.19 . Memory (MB): peak = 2811.059 ; gain = 17.434 ; free physical = 982 ; free virtual = 43338

Starting Cache Timing Information Task
INFO: [Timing 38-35] Done setting XDC timing constraints.
Ending Cache Timing Information Task | Checksum: 24df1cb2e

Time (s): cpu = 00:00:00.09 ; elapsed = 00:00:00.03 . Memory (MB): peak = 2811.059 ; gain = 0.000 ; free physical = 982 ; free virtual = 43338

Starting Logic Optimization Task

Phase 1 Initialization

Phase 1.1 Core Generation And Design Setup

Phase 1.1.1 Generate And Synthesize Debug Cores
INFO: [Chipscope 16-329] Generating Script for core instance : dbg_hub 
INFO: [IP_Flow 19-3806] Processing IP xilinx.com:ip:xsdbm:3.0 for cell dbg_hub_CV.
Done building netlist checker database: Time (s): cpu = 00:00:00 ; elapsed = 00:00:00 . Memory (MB): peak = 3203.730 ; gain = 0.000 ; free physical = 3189 ; free virtual = 42963
Netlist sorting complete. Time (s): cpu = 00:00:00.01 ; elapsed = 00:00:00 . Memory (MB): peak = 3203.730 ; gain = 0.000 ; free physical = 3189 ; free virtual = 42963
Phase 1.1.1 Generate And Synthesize Debug Cores | Checksum: 26573823b

Time (s): cpu = 00:00:56 ; elapsed = 00:00:30 . Memory (MB): peak = 3203.730 ; gain = 24.781 ; free physical = 3189 ; free virtual = 42963
Phase 1.1 Core Generation And Design Setup | Checksum: 26573823b

Time (s): cpu = 00:00:56 ; elapsed = 00:00:30 . Memory (MB): peak = 3203.730 ; gain = 24.781 ; free physical = 3189 ; free virtual = 42963

Phase 1.2 Setup Constraints And Sort Netlist
Phase 1.2 Setup Constraints And Sort Netlist | Checksum: 26573823b

Time (s): cpu = 00:00:56 ; elapsed = 00:00:30 . Memory (MB): peak = 3203.730 ; gain = 24.781 ; free physical = 3189 ; free virtual = 42963
Phase 1 Initialization | Checksum: 26573823b

Time (s): cpu = 00:00:56 ; elapsed = 00:00:30 . Memory (MB): peak = 3203.730 ; gain = 24.781 ; free physical = 3189 ; free virtual = 42963

Phase 2 Timer Update And Timing Data Collection

Phase 2.1 Detect if minReqCache needed
Phase 2.1 Detect if minReqCache needed | Checksum: 26573823b

Time (s): cpu = 00:00:56 ; elapsed = 00:00:30 . Memory (MB): peak = 3203.730 ; gain = 24.781 ; free physical = 3189 ; free virtual = 42963

Phase 2.2 Timer Update
Phase 2.2 Timer Update | Checksum: 26573823b

Time (s): cpu = 00:00:56 ; elapsed = 00:00:30 . Memory (MB): peak = 3203.730 ; gain = 24.781 ; free physical = 3189 ; free virtual = 42963

Phase 2.3 Timing Data Collection
Phase 2.3 Timing Data Collection | Checksum: 26573823b

Time (s): cpu = 00:00:56 ; elapsed = 00:00:30 . Memory (MB): peak = 3203.730 ; gain = 24.781 ; free physical = 3189 ; free virtual = 42963
Phase 2 Timer Update And Timing Data Collection | Checksum: 26573823b

Time (s): cpu = 00:00:56 ; elapsed = 00:00:30 . Memory (MB): peak = 3203.730 ; gain = 24.781 ; free physical = 3189 ; free virtual = 42963

Phase 3 Retarget
INFO: [Opt 31-1851] Number of loadless carry chains removed were: 0
INFO: [Opt 31-1834] Total Chains To Be Transformed Were: 0 AND Number of Transformed insts Created are: 0
INFO: [Opt 31-1566] Pulled 1 inverters resulting in an inversion of 2 pins
INFO: [Opt 31-138] Pushed 0 inverter(s) to 0 load pin(s).
INFO: [Opt 31-49] Retargeted 0 cell(s).
Phase 3 Retarget | Checksum: 279afa5cd

Time (s): cpu = 00:00:56 ; elapsed = 00:00:30 . Memory (MB): peak = 3203.730 ; gain = 24.781 ; free physical = 3189 ; free virtual = 42963
Retarget | Checksum: 279afa5cd
INFO: [Opt 31-389] Phase Retarget created 3 cells and removed 15 cells
INFO: [Opt 31-1021] In phase Retarget, 52 netlist objects are constrained preventing optimization. Please run opt_design with -debug_log to get more detail. 

Phase 4 Constant propagation
INFO: [Opt 31-138] Pushed 0 inverter(s) to 0 load pin(s).
Phase 4 Constant propagation | Checksum: 279afa5cd

Time (s): cpu = 00:00:56 ; elapsed = 00:00:30 . Memory (MB): peak = 3203.730 ; gain = 24.781 ; free physical = 3189 ; free virtual = 42963
Constant propagation | Checksum: 279afa5cd
INFO: [Opt 31-389] Phase Constant propagation created 0 cells and removed 0 cells
INFO: [Opt 31-1021] In phase Constant propagation, 52 netlist objects are constrained preventing optimization. Please run opt_design with -debug_log to get more detail. 

Phase 5 Sweep
INFO: [Constraints 18-11670] Building netlist checker database with flags, 0x8
Done building netlist checker database: Time (s): cpu = 00:00:00 ; elapsed = 00:00:00 . Memory (MB): peak = 3203.730 ; gain = 0.000 ; free physical = 3189 ; free virtual = 42963
INFO: [Constraints 18-11670] Building netlist checker database with flags, 0x8
Done building netlist checker database: Time (s): cpu = 00:00:00.01 ; elapsed = 00:00:00 . Memory (MB): peak = 3203.730 ; gain = 0.000 ; free physical = 3189 ; free virtual = 42963
Phase 5 Sweep | Checksum: 25ce87c7c

Time (s): cpu = 00:00:56 ; elapsed = 00:00:30 . Memory (MB): peak = 3203.730 ; gain = 24.781 ; free physical = 3189 ; free virtual = 42963
Sweep | Checksum: 25ce87c7c
INFO: [Opt 31-389] Phase Sweep created 0 cells and removed 184 cells
INFO: [Opt 31-1021] In phase Sweep, 911 netlist objects are constrained preventing optimization. Please run opt_design with -debug_log to get more detail. 

Phase 6 BUFG optimization
Phase 6 BUFG optimization | Checksum: 25ce87c7c

Time (s): cpu = 00:00:56 ; elapsed = 00:00:30 . Memory (MB): peak = 3235.746 ; gain = 56.797 ; free physical = 3189 ; free virtual = 42963
BUFG optimization | Checksum: 25ce87c7c
INFO: [Opt 31-662] Phase BUFG optimization created 0 cells of which 0 are BUFGs and removed 0 cells.

Phase 7 Shift Register Optimization
INFO: [Opt 31-1064] SRL Remap converted 0 SRLs to 0 registers and converted 0 registers of register chains to 0 SRLs
Phase 7 Shift Register Optimization | Checksum: 25ce87c7c

Time (s): cpu = 00:00:56 ; elapsed = 00:00:30 . Memory (MB): peak = 3235.746 ; gain = 56.797 ; free physical = 3189 ; free virtual = 42963
Shift Register Optimization | Checksum: 25ce87c7c
INFO: [Opt 31-389] Phase Shift Register Optimization created 0 cells and removed 0 cells

Phase 8 Post Processing Netlist
Phase 8 Post Processing Netlist | Checksum: 25ce87c7c

Time (s): cpu = 00:00:56 ; elapsed = 00:00:30 . Memory (MB): peak = 3235.746 ; gain = 56.797 ; free physical = 3189 ; free virtual = 42963
Post Processing Netlist | Checksum: 25ce87c7c
INFO: [Opt 31-389] Phase Post Processing Netlist created 0 cells and removed 0 cells
INFO: [Opt 31-1021] In phase Post Processing Netlist, 72 netlist objects are constrained preventing optimization. Please run opt_design with -debug_log to get more detail. 

Phase 9 Finalization

Phase 9.1 Finalizing Design Cores and Updating Shapes
Phase 9.1 Finalizing Design Cores and Updating Shapes | Checksum: 3069cf079

Time (s): cpu = 00:00:56 ; elapsed = 00:00:30 . Memory (MB): peak = 3235.746 ; gain = 56.797 ; free physical = 3189 ; free virtual = 42963

Phase 9.2 Verifying Netlist Connectivity

Starting Connectivity Check Task

Time (s): cpu = 00:00:00 ; elapsed = 00:00:00.01 . Memory (MB): peak = 3235.746 ; gain = 0.000 ; free physical = 3189 ; free virtual = 42963
Phase 9.2 Verifying Netlist Connectivity | Checksum: 3069cf079

Time (s): cpu = 00:00:56 ; elapsed = 00:00:30 . Memory (MB): peak = 3235.746 ; gain = 56.797 ; free physical = 3189 ; free virtual = 42963
Phase 9 Finalization | Checksum: 3069cf079

Time (s): cpu = 00:00:56 ; elapsed = 00:00:30 . Memory (MB): peak = 3235.746 ; gain = 56.797 ; free physical = 3189 ; free virtual = 42963
Opt_design Change Summary
=========================


-------------------------------------------------------------------------------------------------------------------------
|  Phase                        |  #Cells created  |  #Cells Removed  |  #Constrained objects preventing optimizations  |
-------------------------------------------------------------------------------------------------------------------------
|  Retarget                     |               3  |              15  |                                             52  |
|  Constant propagation         |               0  |               0  |                                             52  |
|  Sweep                        |               0  |             184  |                                            911  |
|  BUFG optimization            |               0  |               0  |                                              0  |
|  Shift Register Optimization  |               0  |               0  |                                              0  |
|  Post Processing Netlist      |               0  |               0  |                                             72  |
-------------------------------------------------------------------------------------------------------------------------


Ending Logic Optimization Task | Checksum: 3069cf079

Time (s): cpu = 00:00:56 ; elapsed = 00:00:30 . Memory (MB): peak = 3235.746 ; gain = 56.797 ; free physical = 3189 ; free virtual = 42963

Starting Power Optimization Task
INFO: [Pwropt 34-132] Skipping clock gating for clocks with a period < 2.00 ns.
INFO: [Pwropt 34-9] Applying IDT optimizations ...
INFO: [Pwropt 34-10] Applying ODC optimizations ...
INFO: [Timing 38-35] Done setting XDC timing constraints.
Running Vector-less Activity Propagation...

Finished Running Vector-less Activity Propagation


Starting PowerOpt Patch Enables Task
INFO: [Pwropt 34-162] WRITE_MODE attribute of 0 BRAM(s) out of a total of 3 has been updated to save power. Run report_power_opt to get a complete listing of the BRAMs updated.
INFO: [Pwropt 34-201] Structural ODC has moved 0 WE to EN ports
Number of BRAM Ports augmented: 4 newly gated: 0 Total Ports: 6
Number of Flops added for Enable Generation: 6

Ending PowerOpt Patch Enables Task | Checksum: 2ac8662c7

Time (s): cpu = 00:00:00.04 ; elapsed = 00:00:00.03 . Memory (MB): peak = 3403.797 ; gain = 0.000 ; free physical = 3148 ; free virtual = 42922
Ending Power Optimization Task | Checksum: 2ac8662c7

Time (s): cpu = 00:00:01 ; elapsed = 00:00:00.39 . Memory (MB): peak = 3403.797 ; gain = 168.051 ; free physical = 3148 ; free virtual = 42922

Starting Final Cleanup Task

Starting Logic Optimization Task
INFO: [Timing 38-35] Done setting XDC timing constraints.
Ending Logic Optimization Task | Checksum: 1b9c3b6dc

Time (s): cpu = 00:00:00.3 ; elapsed = 00:00:00.12 . Memory (MB): peak = 3403.797 ; gain = 0.000 ; free physical = 3136 ; free virtual = 42912
Ending Final Cleanup Task | Checksum: 1b9c3b6dc

Time (s): cpu = 00:00:02 ; elapsed = 00:00:02 . Memory (MB): peak = 3403.797 ; gain = 0.000 ; free physical = 3136 ; free virtual = 42912
Parsing XDC File [/home/shen/AI370-2/output/M14/rebuild-2026-10-02/vivado/SP701_Host_FPGA_JTAG_AXI.gen/sources_1/ip/jtag_axi_0/constraints/jtag_axi_0_impl.xdc] from IP /home/shen/AI370-2/output/M14/rebuild-2026-10-02/vivado/SP701_Host_FPGA_JTAG_AXI.srcs/sources_1/ip/jtag_axi_0/jtag_axi_0.xci
Parsing XDC File [/home/shen/AI370-2/output/M14/rebuild-2026-10-02/vivado/SP701_Host_FPGA_JTAG_AXI.gen/sources_1/ip/jtag_axi_0/constraints/jtag_axi_0_impl.xdc] for cell 'u_jtag_axi/inst'
INFO: [Timing 38-35] Done setting XDC timing constraints. [/home/shen/AI370-2/output/M14/rebuild-2026-10-02/vivado/SP701_Host_FPGA_JTAG_AXI.gen/sources_1/ip/jtag_axi_0/constraints/jtag_axi_0_impl.xdc:69]
Finished Parsing XDC File [/home/shen/AI370-2/output/M14/rebuild-2026-10-02/vivado/SP701_Host_FPGA_JTAG_AXI.gen/sources_1/ip/jtag_axi_0/constraints/jtag_axi_0_impl.xdc] for cell 'u_jtag_axi/inst'
Netlist sorting complete. Time (s): cpu = 00:00:00 ; elapsed = 00:00:00 . Memory (MB): peak = 3403.797 ; gain = 0.000 ; free physical = 3136 ; free virtual = 42912
INFO: [Common 17-83] Releasing license: Implementation
50 Infos, 0 Warnings, 6 Critical Warnings and 0 Errors encountered.
opt_design completed successfully
opt_design: Time (s): cpu = 00:01:02 ; elapsed = 00:00:34 . Memory (MB): peak = 3403.797 ; gain = 610.172 ; free physical = 3136 ; free virtual = 42912
INFO: [Vivado 12-24828] Executing command : report_drc -file sp701_host_fpga_top_drc_opted.rpt -pb sp701_host_fpga_top_drc_opted.pb -rpx sp701_host_fpga_top_drc_opted.rpx
Command: report_drc -file sp701_host_fpga_top_drc_opted.rpt -pb sp701_host_fpga_top_drc_opted.pb -rpx sp701_host_fpga_top_drc_opted.rpx
INFO: [IP_Flow 19-1839] IP Catalog is up to date.
INFO: [DRC 23-27] Running DRC with 8 threads
INFO: [Vivado_Tcl 2-168] The results of DRC are in file /home/shen/AI370-2/output/M14/rebuild-2026-10-02/vivado/SP701_Host_FPGA_JTAG_AXI.runs/impl_1/sp701_host_fpga_top_drc_opted.rpt.
report_drc completed successfully
INFO: [Timing 38-480] Writing timing data to binary archive.
Wrote PlaceDB: Time (s): cpu = 00:00:00 ; elapsed = 00:00:00 . Memory (MB): peak = 3403.797 ; gain = 0.000 ; free physical = 3132 ; free virtual = 42908
Wrote PulsedLatchDB: Time (s): cpu = 00:00:00 ; elapsed = 00:00:00 . Memory (MB): peak = 3403.797 ; gain = 0.000 ; free physical = 3132 ; free virtual = 42908
Writing XDEF routing.
Write ShapeDB Complete: Time (s): cpu = 00:00:00.01 ; elapsed = 00:00:00.01 . Memory (MB): peak = 3403.797 ; gain = 0.000 ; free physical = 3132 ; free virtual = 42908
Writing XDEF routing logical nets.
Writing XDEF routing special nets.
Wrote RouteStorage: Time (s): cpu = 00:00:00.04 ; elapsed = 00:00:00.01 . Memory (MB): peak = 3403.797 ; gain = 0.000 ; free physical = 3132 ; free virtual = 42908
Wrote PlaceStorage: Time (s): cpu = 00:00:00 ; elapsed = 00:00:00 . Memory (MB): peak = 3403.797 ; gain = 0.000 ; free physical = 3132 ; free virtual = 42908
Wrote Netlist Cache: Time (s): cpu = 00:00:00 ; elapsed = 00:00:00 . Memory (MB): peak = 3403.797 ; gain = 0.000 ; free physical = 3132 ; free virtual = 42908
Wrote Device Cache: Time (s): cpu = 00:00:00.01 ; elapsed = 00:00:00.01 . Memory (MB): peak = 3403.797 ; gain = 0.000 ; free physical = 3132 ; free virtual = 42909
Write Physdb Complete: Time (s): cpu = 00:00:00.05 ; elapsed = 00:00:00.02 . Memory (MB): peak = 3403.797 ; gain = 0.000 ; free physical = 3132 ; free virtual = 42909
INFO: [Common 17-1381] The checkpoint '/home/shen/AI370-2/output/M14/rebuild-2026-10-02/vivado/SP701_Host_FPGA_JTAG_AXI.runs/impl_1/sp701_host_fpga_top_opt.dcp' has been generated.
INFO: [Chipscope 16-240] Debug cores have already been implemented
Command: place_design
Attempting to get a license for feature 'Implementation' and/or device 'xc7s100'
INFO: [Common 17-349] Got license for feature 'Implementation' and/or device 'xc7s100'
INFO: [Common 17-83] Releasing license: Implementation
Running DRC as a precondition to command place_design
INFO: [DRC 23-27] Running DRC with 8 threads
INFO: [Vivado_Tcl 4-198] DRC finished with 0 Errors
INFO: [Vivado_Tcl 4-199] Please refer to the DRC report (report_drc) for more information.
INFO: [Place 30-611] Multithreading enabled for place_design using a maximum of 8 CPUs

Starting Placer Task

Phase 1 Placer Initialization

Phase 1.1 Placer Initialization Netlist Sorting
Netlist sorting complete. Time (s): cpu = 00:00:00 ; elapsed = 00:00:00 . Memory (MB): peak = 3403.797 ; gain = 0.000 ; free physical = 3129 ; free virtual = 42907
Phase 1.1 Placer Initialization Netlist Sorting | Checksum: 1b143665a

Time (s): cpu = 00:00:00 ; elapsed = 00:00:00 . Memory (MB): peak = 3403.797 ; gain = 0.000 ; free physical = 3129 ; free virtual = 42907
Netlist sorting complete. Time (s): cpu = 00:00:00 ; elapsed = 00:00:00 . Memory (MB): peak = 3403.797 ; gain = 0.000 ; free physical = 3129 ; free virtual = 42907

Phase 1.2 IO Placement/ Clock Placement/ Build Placer Device
Phase 1.2 IO Placement/ Clock Placement/ Build Placer Device | Checksum: 189aaa547

Time (s): cpu = 00:00:00.51 ; elapsed = 00:00:00.17 . Memory (MB): peak = 3403.797 ; gain = 0.000 ; free physical = 3129 ; free virtual = 42906

Phase 1.3 Build Placer Netlist Model
Phase 1.3 Build Placer Netlist Model | Checksum: 228eb96ec

Time (s): cpu = 00:00:01 ; elapsed = 00:00:00.48 . Memory (MB): peak = 3403.797 ; gain = 0.000 ; free physical = 3131 ; free virtual = 42909

Phase 1.4 Constrain Clocks/Macros
Phase 1.4 Constrain Clocks/Macros | Checksum: 228eb96ec

Time (s): cpu = 00:00:01 ; elapsed = 00:00:00.49 . Memory (MB): peak = 3403.797 ; gain = 0.000 ; free physical = 3131 ; free virtual = 42909
Phase 1 Placer Initialization | Checksum: 228eb96ec

Time (s): cpu = 00:00:01 ; elapsed = 00:00:00.49 . Memory (MB): peak = 3403.797 ; gain = 0.000 ; free physical = 3132 ; free virtual = 42909

Phase 2 Global Placement

Phase 2.1 Floorplanning
Phase 2.1 Floorplanning | Checksum: 1922bcc45

Time (s): cpu = 00:00:02 ; elapsed = 00:00:00.65 . Memory (MB): peak = 3403.797 ; gain = 0.000 ; free physical = 3095 ; free virtual = 42873

Phase 2.2 Update Timing before SLR Path Opt
Phase 2.2 Update Timing before SLR Path Opt | Checksum: 1ad581db2

Time (s): cpu = 00:00:02 ; elapsed = 00:00:00.75 . Memory (MB): peak = 3403.797 ; gain = 0.000 ; free physical = 3151 ; free virtual = 42929

Phase 2.3 Post-Processing in Floorplanning
Phase 2.3 Post-Processing in Floorplanning | Checksum: 1ad581db2

Time (s): cpu = 00:00:02 ; elapsed = 00:00:00.76 . Memory (MB): peak = 3403.797 ; gain = 0.000 ; free physical = 3151 ; free virtual = 42929

Phase 2.4 Global Place Phase1
Phase 2.4 Global Place Phase1 | Checksum: 2eff8b6e6

Time (s): cpu = 00:00:09 ; elapsed = 00:00:03 . Memory (MB): peak = 3403.797 ; gain = 0.000 ; free physical = 3154 ; free virtual = 42934

Phase 2.5 Global Place Phase2

Phase 2.5.1 UpdateTiming Before Physical Synthesis
Phase 2.5.1 UpdateTiming Before Physical Synthesis | Checksum: 294c75571

Time (s): cpu = 00:00:10 ; elapsed = 00:00:03 . Memory (MB): peak = 3403.797 ; gain = 0.000 ; free physical = 3153 ; free virtual = 42933

Phase 2.5.2 Physical Synthesis In Placer
INFO: [Physopt 32-1035] Found 0 LUTNM shape to break, 135 LUT instances to create LUTNM shape
INFO: [Physopt 32-1044] Break lutnm for timing: one critical 0, two critical 0, total 0, new lutff created 0
INFO: [Physopt 32-1138] End 1 Pass. Optimized 62 nets or LUTs. Breaked 0 LUT, combined 62 existing LUTs and moved 0 existing LUT
INFO: [Physopt 32-65] No nets found for high-fanout optimization.
INFO: [Physopt 32-232] Optimized 0 net. Created 0 new instance.
INFO: [Physopt 32-775] End 1 Pass. Optimized 0 net or cell. Created 0 new cell, deleted 0 existing cell and moved 0 existing cell
INFO: [Physopt 32-670] No setup violation found.  DSP Register Optimization was not performed.
INFO: [Physopt 32-670] No setup violation found.  Shift Register to Pipeline Optimization was not performed.
INFO: [Physopt 32-670] No setup violation found.  Shift Register Optimization was not performed.
INFO: [Physopt 32-670] No setup violation found.  BRAM Register Optimization was not performed.
INFO: [Physopt 32-670] No setup violation found.  URAM Register Optimization was not performed.
INFO: [Physopt 32-949] No candidate nets found for dynamic/static region interface net replication
INFO: [Physopt 32-775] End 1 Pass. Optimized 0 net or cell. Created 0 new cell, deleted 0 existing cell and moved 0 existing cell
Netlist sorting complete. Time (s): cpu = 00:00:00 ; elapsed = 00:00:00.01 . Memory (MB): peak = 3403.797 ; gain = 0.000 ; free physical = 3153 ; free virtual = 42933

Summary of Physical Synthesis Optimizations
============================================


-----------------------------------------------------------------------------------------------------------------------------------------------------------
|  Optimization                                     |  Added Cells  |  Removed Cells  |  Optimized Cells/Nets  |  Dont Touch  |  Iterations  |  Elapsed   |
-----------------------------------------------------------------------------------------------------------------------------------------------------------
|  LUT Combining                                    |            0  |             62  |                    62  |           0  |           1  |  00:00:00  |
|  Retime                                           |            0  |              0  |                     0  |           0  |           1  |  00:00:00  |
|  Very High Fanout                                 |            0  |              0  |                     0  |           0  |           1  |  00:00:00  |
|  DSP Register                                     |            0  |              0  |                     0  |           0  |           0  |  00:00:00  |
|  Shift Register to Pipeline                       |            0  |              0  |                     0  |           0  |           0  |  00:00:00  |
|  Shift Register                                   |            0  |              0  |                     0  |           0  |           0  |  00:00:00  |
|  BRAM Register                                    |            0  |              0  |                     0  |           0  |           0  |  00:00:00  |
|  URAM Register                                    |            0  |              0  |                     0  |           0  |           0  |  00:00:00  |
|  Dynamic/Static Region Interface Net Replication  |            0  |              0  |                     0  |           0  |           1  |  00:00:00  |
|  Total                                            |            0  |             62  |                    62  |           0  |           4  |  00:00:00  |
-----------------------------------------------------------------------------------------------------------------------------------------------------------


Phase 2.5.2 Physical Synthesis In Placer | Checksum: 2093f60bf

Time (s): cpu = 00:00:10 ; elapsed = 00:00:03 . Memory (MB): peak = 3403.797 ; gain = 0.000 ; free physical = 3152 ; free virtual = 42931
Phase 2.5 Global Place Phase2 | Checksum: 1d5940ff7

Time (s): cpu = 00:00:11 ; elapsed = 00:00:03 . Memory (MB): peak = 3403.797 ; gain = 0.000 ; free physical = 3151 ; free virtual = 42931
Phase 2 Global Placement | Checksum: 1d5940ff7

Time (s): cpu = 00:00:11 ; elapsed = 00:00:03 . Memory (MB): peak = 3403.797 ; gain = 0.000 ; free physical = 3151 ; free virtual = 42931

Phase 3 Detail Placement

Phase 3.1 Commit Multi Column Macros
Phase 3.1 Commit Multi Column Macros | Checksum: 2082c5a76

Time (s): cpu = 00:00:11 ; elapsed = 00:00:03 . Memory (MB): peak = 3403.797 ; gain = 0.000 ; free physical = 3151 ; free virtual = 42931

Phase 3.2 Commit Most Macros & LUTRAMs
Phase 3.2 Commit Most Macros & LUTRAMs | Checksum: 1b57a2526

Time (s): cpu = 00:00:11 ; elapsed = 00:00:04 . Memory (MB): peak = 3403.797 ; gain = 0.000 ; free physical = 3151 ; free virtual = 42931

Phase 3.3 Area Swap Optimization
Phase 3.3 Area Swap Optimization | Checksum: 1f6fd8588

Time (s): cpu = 00:00:11 ; elapsed = 00:00:04 . Memory (MB): peak = 3403.797 ; gain = 0.000 ; free physical = 3151 ; free virtual = 42931

Phase 3.4 Pipeline Register Optimization
Phase 3.4 Pipeline Register Optimization | Checksum: 20ff3f097

Time (s): cpu = 00:00:11 ; elapsed = 00:00:04 . Memory (MB): peak = 3403.797 ; gain = 0.000 ; free physical = 3151 ; free virtual = 42931

Phase 3.5 Small Shape Detail Placement
Phase 3.5 Small Shape Detail Placement | Checksum: 1c9d8e97c

Time (s): cpu = 00:00:12 ; elapsed = 00:00:04 . Memory (MB): peak = 3403.797 ; gain = 0.000 ; free physical = 3143 ; free virtual = 42923

Phase 3.6 Re-assign LUT pins
Phase 3.6 Re-assign LUT pins | Checksum: 198883b7c

Time (s): cpu = 00:00:12 ; elapsed = 00:00:04 . Memory (MB): peak = 3403.797 ; gain = 0.000 ; free physical = 3143 ; free virtual = 42923

Phase 3.7 Pipeline Register Optimization
Phase 3.7 Pipeline Register Optimization | Checksum: 11a6986a4

Time (s): cpu = 00:00:12 ; elapsed = 00:00:04 . Memory (MB): peak = 3403.797 ; gain = 0.000 ; free physical = 3143 ; free virtual = 42923
Phase 3 Detail Placement | Checksum: 11a6986a4

Time (s): cpu = 00:00:12 ; elapsed = 00:00:04 . Memory (MB): peak = 3403.797 ; gain = 0.000 ; free physical = 3143 ; free virtual = 42923

Phase 4 Post Placement Optimization and Clean-Up

Phase 4.1 Post Commit Optimization
INFO: [Timing 38-35] Done setting XDC timing constraints.

Phase 4.1.1 Post Placement Optimization
Post Placement Optimization Initialization | Checksum: eb6820c3

Phase 4.1.1.1 BUFG Insertion

Starting Physical Synthesis Task

Phase 1 Physical Synthesis Initialization
INFO: [Physopt 32-721] Multithreading enabled for phys_opt_design using a maximum of 8 CPUs
INFO: [Physopt 32-619] Estimated Timing Summary | WNS=-0.219 | TNS=-0.219 |
Phase 1 Physical Synthesis Initialization | Checksum: 2c79b489

Time (s): cpu = 00:00:00.13 ; elapsed = 00:00:00.04 . Memory (MB): peak = 3403.797 ; gain = 0.000 ; free physical = 3138 ; free virtual = 42919
INFO: [Place 46-56] BUFG insertion identified 0 candidate nets. Inserted BUFG: 0, Replicated BUFG Driver: 0, Skipped due to Placement/Routing Conflicts: 0, Skipped due to Timing Degradation: 0, Skipped due to netlist editing failed: 0.
Ending Physical Synthesis Task | Checksum: e0104edc

Time (s): cpu = 00:00:00.14 ; elapsed = 00:00:00.05 . Memory (MB): peak = 3403.797 ; gain = 0.000 ; free physical = 3138 ; free virtual = 42919
Phase 4.1.1.1 BUFG Insertion | Checksum: eb6820c3

Time (s): cpu = 00:00:13 ; elapsed = 00:00:04 . Memory (MB): peak = 3403.797 ; gain = 0.000 ; free physical = 3138 ; free virtual = 42919

Phase 4.1.1.2 Post Placement Timing Optimization
INFO: [Place 30-746] Post Placement Timing Summary WNS=0.405. For the most accurate timing information please run report_timing.
Phase 4.1.1.2 Post Placement Timing Optimization | Checksum: 12c897662

Time (s): cpu = 00:00:14 ; elapsed = 00:00:06 . Memory (MB): peak = 3403.797 ; gain = 0.000 ; free physical = 3140 ; free virtual = 42922

Time (s): cpu = 00:00:14 ; elapsed = 00:00:06 . Memory (MB): peak = 3403.797 ; gain = 0.000 ; free physical = 3140 ; free virtual = 42922
Phase 4.1 Post Commit Optimization | Checksum: 12c897662

Time (s): cpu = 00:00:14 ; elapsed = 00:00:06 . Memory (MB): peak = 3403.797 ; gain = 0.000 ; free physical = 3140 ; free virtual = 42922

Phase 4.2 Post Placement Cleanup
Phase 4.2 Post Placement Cleanup | Checksum: 12c897662

Time (s): cpu = 00:00:14 ; elapsed = 00:00:06 . Memory (MB): peak = 3403.797 ; gain = 0.000 ; free physical = 3140 ; free virtual = 42922

Phase 4.3 Placer Reporting

Phase 4.3.1 Print Estimated Congestion
INFO: [Place 30-612] Post-Placement Estimated Congestion 
 ____________________________________________________
|           | Global Congestion | Short Congestion  |
| Direction | Region Size       | Region Size       |
|___________|___________________|___________________|
|      North|                1x1|                1x1|
|___________|___________________|___________________|
|      South|                1x1|                1x1|
|___________|___________________|___________________|
|       East|                1x1|                1x1|
|___________|___________________|___________________|
|       West|                1x1|                1x1|
|___________|___________________|___________________|

Phase 4.3.1 Print Estimated Congestion | Checksum: 12c897662

Time (s): cpu = 00:00:14 ; elapsed = 00:00:06 . Memory (MB): peak = 3403.797 ; gain = 0.000 ; free physical = 3140 ; free virtual = 42922
Phase 4.3 Placer Reporting | Checksum: 12c897662

Time (s): cpu = 00:00:14 ; elapsed = 00:00:06 . Memory (MB): peak = 3403.797 ; gain = 0.000 ; free physical = 3140 ; free virtual = 42922

Phase 4.4 Final Placement Cleanup
Netlist sorting complete. Time (s): cpu = 00:00:00 ; elapsed = 00:00:00 . Memory (MB): peak = 3403.797 ; gain = 0.000 ; free physical = 3140 ; free virtual = 42922

Time (s): cpu = 00:00:14 ; elapsed = 00:00:06 . Memory (MB): peak = 3403.797 ; gain = 0.000 ; free physical = 3140 ; free virtual = 42922
Phase 4 Post Placement Optimization and Clean-Up | Checksum: 1c3169409

Time (s): cpu = 00:00:14 ; elapsed = 00:00:06 . Memory (MB): peak = 3403.797 ; gain = 0.000 ; free physical = 3140 ; free virtual = 42922
Ending Placer Task | Checksum: 185f4f154

Time (s): cpu = 00:00:14 ; elapsed = 00:00:06 . Memory (MB): peak = 3403.797 ; gain = 0.000 ; free physical = 3140 ; free virtual = 42921
82 Infos, 0 Warnings, 6 Critical Warnings and 0 Errors encountered.
place_design completed successfully
place_design: Time (s): cpu = 00:00:15 ; elapsed = 00:00:06 . Memory (MB): peak = 3403.797 ; gain = 0.000 ; free physical = 3140 ; free virtual = 42921
INFO: [Vivado 12-24838] Running report commands "report_control_sets, report_io, report_utilization" in parallel.
Running report generation with 3 threads.
INFO: [Vivado 12-24828] Executing command : report_control_sets -verbose -file sp701_host_fpga_top_control_sets_placed.rpt
report_control_sets: Time (s): cpu = 00:00:00.12 ; elapsed = 00:00:00.09 . Memory (MB): peak = 3403.797 ; gain = 0.000 ; free physical = 3121 ; free virtual = 42903
INFO: [Vivado 12-24828] Executing command : report_io -file sp701_host_fpga_top_io_placed.rpt
report_io: Time (s): cpu = 00:00:00.17 ; elapsed = 00:00:00.18 . Memory (MB): peak = 3403.797 ; gain = 0.000 ; free physical = 3110 ; free virtual = 42892
INFO: [Vivado 12-24828] Executing command : report_utilization -file sp701_host_fpga_top_utilization_placed.rpt -pb sp701_host_fpga_top_utilization_placed.pb
INFO: [Timing 38-480] Writing timing data to binary archive.
Wrote PlaceDB: Time (s): cpu = 00:00:00 ; elapsed = 00:00:00 . Memory (MB): peak = 3403.797 ; gain = 0.000 ; free physical = 3108 ; free virtual = 42890
Wrote PulsedLatchDB: Time (s): cpu = 00:00:00 ; elapsed = 00:00:00 . Memory (MB): peak = 3403.797 ; gain = 0.000 ; free physical = 3108 ; free virtual = 42890
Writing XDEF routing.
Write ShapeDB Complete: Time (s): cpu = 00:00:00.04 ; elapsed = 00:00:00 . Memory (MB): peak = 3403.797 ; gain = 0.000 ; free physical = 3108 ; free virtual = 42890
Writing XDEF routing logical nets.
Writing XDEF routing special nets.
Wrote RouteStorage: Time (s): cpu = 00:00:00.08 ; elapsed = 00:00:00.01 . Memory (MB): peak = 3403.797 ; gain = 0.000 ; free physical = 3108 ; free virtual = 42890
Wrote PlaceStorage: Time (s): cpu = 00:00:00.27 ; elapsed = 00:00:00.08 . Memory (MB): peak = 3403.797 ; gain = 0.000 ; free physical = 3104 ; free virtual = 42889
Wrote Netlist Cache: Time (s): cpu = 00:00:00.01 ; elapsed = 00:00:00 . Memory (MB): peak = 3403.797 ; gain = 0.000 ; free physical = 3104 ; free virtual = 42890
Wrote Device Cache: Time (s): cpu = 00:00:00.01 ; elapsed = 00:00:00.01 . Memory (MB): peak = 3403.797 ; gain = 0.000 ; free physical = 3102 ; free virtual = 42888
Write Physdb Complete: Time (s): cpu = 00:00:00.38 ; elapsed = 00:00:00.1 . Memory (MB): peak = 3403.797 ; gain = 0.000 ; free physical = 3102 ; free virtual = 42888
INFO: [Common 17-1381] The checkpoint '/home/shen/AI370-2/output/M14/rebuild-2026-10-02/vivado/SP701_Host_FPGA_JTAG_AXI.runs/impl_1/sp701_host_fpga_top_placed.dcp' has been generated.
Command: phys_opt_design
Attempting to get a license for feature 'Implementation' and/or device 'xc7s100'
INFO: [Common 17-349] Got license for feature 'Implementation' and/or device 'xc7s100'

Starting Initial Update Timing Task

Time (s): cpu = 00:00:00.57 ; elapsed = 00:00:00.14 . Memory (MB): peak = 3403.797 ; gain = 0.000 ; free physical = 3101 ; free virtual = 42884
INFO: [Vivado_Tcl 4-2279] Estimated Timing Summary | WNS= 0.405 | TNS= 0.000 | 
INFO: [Vivado_Tcl 4-383] Design worst setup slack (WNS) is greater than or equal to 0.000 ns. All physical synthesis setup optimizations will be skipped.
INFO: [Vivado_Tcl 4-232] No setup violation found. The netlist was not modified.
INFO: [Common 17-83] Releasing license: Implementation
93 Infos, 0 Warnings, 6 Critical Warnings and 0 Errors encountered.
phys_opt_design completed successfully
INFO: [Timing 38-480] Writing timing data to binary archive.
Wrote PlaceDB: Time (s): cpu = 00:00:00 ; elapsed = 00:00:00 . Memory (MB): peak = 3403.797 ; gain = 0.000 ; free physical = 3101 ; free virtual = 42884
Wrote PulsedLatchDB: Time (s): cpu = 00:00:00 ; elapsed = 00:00:00 . Memory (MB): peak = 3403.797 ; gain = 0.000 ; free physical = 3101 ; free virtual = 42884
Writing XDEF routing.
Write ShapeDB Complete: Time (s): cpu = 00:00:00.04 ; elapsed = 00:00:00.01 . Memory (MB): peak = 3403.797 ; gain = 0.000 ; free physical = 3101 ; free virtual = 42884
Writing XDEF routing logical nets.
Writing XDEF routing special nets.
Wrote RouteStorage: Time (s): cpu = 00:00:00.06 ; elapsed = 00:00:00.02 . Memory (MB): peak = 3403.797 ; gain = 0.000 ; free physical = 3101 ; free virtual = 42884
Wrote PlaceStorage: Time (s): cpu = 00:00:00.3 ; elapsed = 00:00:00.08 . Memory (MB): peak = 3403.797 ; gain = 0.000 ; free physical = 3094 ; free virtual = 42881
Wrote Netlist Cache: Time (s): cpu = 00:00:00 ; elapsed = 00:00:00 . Memory (MB): peak = 3403.797 ; gain = 0.000 ; free physical = 3094 ; free virtual = 42881
Wrote Device Cache: Time (s): cpu = 00:00:00.01 ; elapsed = 00:00:00 . Memory (MB): peak = 3403.797 ; gain = 0.000 ; free physical = 3094 ; free virtual = 42881
Write Physdb Complete: Time (s): cpu = 00:00:00.37 ; elapsed = 00:00:00.1 . Memory (MB): peak = 3403.797 ; gain = 0.000 ; free physical = 3094 ; free virtual = 42881
INFO: [Common 17-1381] The checkpoint '/home/shen/AI370-2/output/M14/rebuild-2026-10-02/vivado/SP701_Host_FPGA_JTAG_AXI.runs/impl_1/sp701_host_fpga_top_physopt.dcp' has been generated.
Command: route_design
Attempting to get a license for feature 'Implementation' and/or device 'xc7s100'
INFO: [Common 17-349] Got license for feature 'Implementation' and/or device 'xc7s100'


Starting Routing Task
INFO: [Route 35-254] Multithreading enabled for route_design using a maximum of 8 CPUs

Phase 1 Build RT Design
Checksum: PlaceDB: 4f2f2ea4 ConstDB: 0 ShapeSum: a6ae5f45 RouteDB: 9017636b
Post Restoration Checksum: NetGraph: 68f7f4c7 | NumContArr: 88558452 | Constraints: c2a8fa9d | Timing: c2a8fa9d
Phase 1 Build RT Design | Checksum: 2769f6e53

Time (s): cpu = 00:00:13 ; elapsed = 00:00:10 . Memory (MB): peak = 3403.797 ; gain = 0.000 ; free physical = 3105 ; free virtual = 42896

Phase 2 Router Initialization

Phase 2.1 Fix Topology Constraints
Phase 2.1 Fix Topology Constraints | Checksum: 2769f6e53

Time (s): cpu = 00:00:13 ; elapsed = 00:00:10 . Memory (MB): peak = 3403.797 ; gain = 0.000 ; free physical = 3105 ; free virtual = 42896

Phase 2.2 Pre Route Cleanup
Phase 2.2 Pre Route Cleanup | Checksum: 2769f6e53

Time (s): cpu = 00:00:13 ; elapsed = 00:00:10 . Memory (MB): peak = 3403.797 ; gain = 0.000 ; free physical = 3105 ; free virtual = 42896
 Number of Nodes with overlaps = 0

Phase 2.3 Update Timing
Phase 2.3 Update Timing | Checksum: 2faea3ddf

Time (s): cpu = 00:00:15 ; elapsed = 00:00:11 . Memory (MB): peak = 3403.797 ; gain = 0.000 ; free physical = 3101 ; free virtual = 42892
INFO: [Route 35-416] Intermediate Timing Summary | WNS=0.472  | TNS=0.000  | WHS=-0.380 | THS=-305.619|


Phase 2.4 Update Timing for Bus Skew

Phase 2.4.1 Update Timing
Phase 2.4.1 Update Timing | Checksum: 2cfa34091

Time (s): cpu = 00:00:15 ; elapsed = 00:00:11 . Memory (MB): peak = 3403.797 ; gain = 0.000 ; free physical = 3101 ; free virtual = 42893
INFO: [Route 35-416] Intermediate Timing Summary | WNS=0.472  | TNS=0.000  | WHS=-0.157 | THS=-2.723 |

Phase 2.4 Update Timing for Bus Skew | Checksum: 2d627a6cc

Time (s): cpu = 00:00:15 ; elapsed = 00:00:11 . Memory (MB): peak = 3403.797 ; gain = 0.000 ; free physical = 3107 ; free virtual = 42898

Phase 2.5 Soft Constraint Pins - Fast Budgeting
Phase 2.5 Soft Constraint Pins - Fast Budgeting | Checksum: 2d627a6cc

Time (s): cpu = 00:00:15 ; elapsed = 00:00:11 . Memory (MB): peak = 3403.797 ; gain = 0.000 ; free physical = 3107 ; free virtual = 42899

Router Utilization Summary
  Global Vertical Routing Utilization    = 0 %
  Global Horizontal Routing Utilization  = 0 %
  Routable Net Status*
  *Does not include unroutable nets such as driverless and loadless.
  Run report_route_status for detailed report.
  Number of Failed Nets               = 3163
    (Failed Nets is the sum of unrouted and partially routed nets)
  Number of Unrouted Nets             = 3163
  Number of Partially Routed Nets     = 0
  Number of Node Overlaps             = 0

Phase 2 Router Initialization | Checksum: 3119f3e93

Time (s): cpu = 00:00:16 ; elapsed = 00:00:11 . Memory (MB): peak = 3403.797 ; gain = 0.000 ; free physical = 3106 ; free virtual = 42897

Phase 3 Global Routing
Phase 3 Global Routing | Checksum: 3119f3e93

Time (s): cpu = 00:00:16 ; elapsed = 00:00:11 . Memory (MB): peak = 3403.797 ; gain = 0.000 ; free physical = 3106 ; free virtual = 42897

Phase 4 Initial Routing

Phase 4.1 Initial Net Routing Pass
Phase 4.1 Initial Net Routing Pass | Checksum: 151458e95

Time (s): cpu = 00:00:16 ; elapsed = 00:00:11 . Memory (MB): peak = 3403.797 ; gain = 0.000 ; free physical = 3105 ; free virtual = 42897
Phase 4 Initial Routing | Checksum: 151458e95

Time (s): cpu = 00:00:16 ; elapsed = 00:00:11 . Memory (MB): peak = 3403.797 ; gain = 0.000 ; free physical = 3105 ; free virtual = 42897

Phase 5 Rip-up And Reroute

Phase 5.1 Global Iteration 0
 Number of Nodes with overlaps = 215
 Number of Nodes with overlaps = 42
 Number of Nodes with overlaps = 18
 Number of Nodes with overlaps = 6
 Number of Nodes with overlaps = 3
 Number of Nodes with overlaps = 0
INFO: [Route 35-416] Intermediate Timing Summary | WNS=0.529  | TNS=0.000  | WHS=N/A    | THS=N/A    |

Phase 5.1 Global Iteration 0 | Checksum: 247dcf9c1

Time (s): cpu = 00:00:18 ; elapsed = 00:00:12 . Memory (MB): peak = 3403.797 ; gain = 0.000 ; free physical = 3104 ; free virtual = 42896
Phase 5 Rip-up And Reroute | Checksum: 247dcf9c1

Time (s): cpu = 00:00:18 ; elapsed = 00:00:12 . Memory (MB): peak = 3403.797 ; gain = 0.000 ; free physical = 3104 ; free virtual = 42896

Phase 6 Delay and Skew Optimization

Phase 6.1 Delay CleanUp

Phase 6.1.1 Update Timing
Phase 6.1.1 Update Timing | Checksum: 27c4b073b

Time (s): cpu = 00:00:18 ; elapsed = 00:00:12 . Memory (MB): peak = 3403.797 ; gain = 0.000 ; free physical = 3104 ; free virtual = 42896
INFO: [Route 35-416] Intermediate Timing Summary | WNS=0.602  | TNS=0.000  | WHS=N/A    | THS=N/A    |

Phase 6.1 Delay CleanUp | Checksum: 2c02c7595

Time (s): cpu = 00:00:18 ; elapsed = 00:00:12 . Memory (MB): peak = 3403.797 ; gain = 0.000 ; free physical = 3104 ; free virtual = 42896

Phase 6.2 Clock Skew Optimization
Phase 6.2 Clock Skew Optimization | Checksum: 2c02c7595

Time (s): cpu = 00:00:18 ; elapsed = 00:00:12 . Memory (MB): peak = 3403.797 ; gain = 0.000 ; free physical = 3104 ; free virtual = 42896
Phase 6 Delay and Skew Optimization | Checksum: 2c02c7595

Time (s): cpu = 00:00:18 ; elapsed = 00:00:12 . Memory (MB): peak = 3403.797 ; gain = 0.000 ; free physical = 3104 ; free virtual = 42896

Phase 7 Post Hold Fix

Phase 7.1 Hold Fix Iter
INFO: [Route 35-416] Intermediate Timing Summary | WNS=0.602  | TNS=0.000  | WHS=0.052  | THS=0.000  |

Phase 7.1 Hold Fix Iter | Checksum: 2ad2a2e92

Time (s): cpu = 00:00:18 ; elapsed = 00:00:12 . Memory (MB): peak = 3403.797 ; gain = 0.000 ; free physical = 3106 ; free virtual = 42898
Phase 7 Post Hold Fix | Checksum: 2ad2a2e92

Time (s): cpu = 00:00:18 ; elapsed = 00:00:12 . Memory (MB): peak = 3403.797 ; gain = 0.000 ; free physical = 3106 ; free virtual = 42898

Phase 8 Route finalize

Router Utilization Summary
  Global Vertical Routing Utilization    = 0.333466 %
  Global Horizontal Routing Utilization  = 0.505479 %
  Routable Net Status*
  *Does not include unroutable nets such as driverless and loadless.
  Run report_route_status for detailed report.
  Number of Failed Nets               = 0
    (Failed Nets is the sum of unrouted and partially routed nets)
  Number of Unrouted Nets             = 0
  Number of Partially Routed Nets     = 0
  Number of Node Overlaps             = 0

Phase 8 Route finalize | Checksum: 2ad2a2e92

Time (s): cpu = 00:00:18 ; elapsed = 00:00:12 . Memory (MB): peak = 3403.797 ; gain = 0.000 ; free physical = 3106 ; free virtual = 42898

Phase 9 Verifying routed nets

 Verification completed successfully
Phase 9 Verifying routed nets | Checksum: 2ad2a2e92

Time (s): cpu = 00:00:18 ; elapsed = 00:00:12 . Memory (MB): peak = 3403.797 ; gain = 0.000 ; free physical = 3106 ; free virtual = 42898

Phase 10 Depositing Routes
Phase 10 Depositing Routes | Checksum: 28c696f62

Time (s): cpu = 00:00:18 ; elapsed = 00:00:12 . Memory (MB): peak = 3403.797 ; gain = 0.000 ; free physical = 3109 ; free virtual = 42901

Phase 11 Post Process Routing
Phase 11 Post Process Routing | Checksum: 28c696f62

Time (s): cpu = 00:00:18 ; elapsed = 00:00:12 . Memory (MB): peak = 3403.797 ; gain = 0.000 ; free physical = 3109 ; free virtual = 42902

Phase 12 Post Router Timing
INFO: [Route 35-57] Estimated Timing Summary | WNS=0.602  | TNS=0.000  | WHS=0.052  | THS=0.000  |

INFO: [Route 35-327] The final timing numbers are based on the router estimated timing analysis. For a complete and accurate timing signoff, please run report_timing_summary.
Phase 12 Post Router Timing | Checksum: 28c696f62

Time (s): cpu = 00:00:18 ; elapsed = 00:00:12 . Memory (MB): peak = 3403.797 ; gain = 0.000 ; free physical = 3109 ; free virtual = 42902
Total Elapsed time in route_design: 12.08 secs

Phase 13 Post-Route Event Processing
Phase 13 Post-Route Event Processing | Checksum: 12f58674f

Time (s): cpu = 00:00:18 ; elapsed = 00:00:12 . Memory (MB): peak = 3403.797 ; gain = 0.000 ; free physical = 3109 ; free virtual = 42902
INFO: [Route 35-16] Router Completed Successfully
Ending Routing Task | Checksum: 12f58674f

Time (s): cpu = 00:00:18 ; elapsed = 00:00:12 . Memory (MB): peak = 3403.797 ; gain = 0.000 ; free physical = 3109 ; free virtual = 42902

Routing Is Done.
INFO: [Common 17-83] Releasing license: Implementation
106 Infos, 0 Warnings, 6 Critical Warnings and 0 Errors encountered.
route_design completed successfully
route_design: Time (s): cpu = 00:00:18 ; elapsed = 00:00:12 . Memory (MB): peak = 3403.797 ; gain = 0.000 ; free physical = 3109 ; free virtual = 42902
INFO: [Vivado 12-24828] Executing command : report_drc -file sp701_host_fpga_top_drc_routed.rpt -pb sp701_host_fpga_top_drc_routed.pb -rpx sp701_host_fpga_top_drc_routed.rpx
Command: report_drc -file sp701_host_fpga_top_drc_routed.rpt -pb sp701_host_fpga_top_drc_routed.pb -rpx sp701_host_fpga_top_drc_routed.rpx
INFO: [IP_Flow 19-1839] IP Catalog is up to date.
INFO: [DRC 23-27] Running DRC with 8 threads
INFO: [Vivado_Tcl 2-168] The results of DRC are in file /home/shen/AI370-2/output/M14/rebuild-2026-10-02/vivado/SP701_Host_FPGA_JTAG_AXI.runs/impl_1/sp701_host_fpga_top_drc_routed.rpt.
report_drc completed successfully
INFO: [Vivado 12-24828] Executing command : report_methodology -file sp701_host_fpga_top_methodology_drc_routed.rpt -pb sp701_host_fpga_top_methodology_drc_routed.pb -rpx sp701_host_fpga_top_methodology_drc_routed.rpx
Command: report_methodology -file sp701_host_fpga_top_methodology_drc_routed.rpt -pb sp701_host_fpga_top_methodology_drc_routed.pb -rpx sp701_host_fpga_top_methodology_drc_routed.rpx
INFO: [Timing 38-35] Done setting XDC timing constraints.
INFO: [DRC 23-133] Running Methodology with 8 threads
INFO: [Vivado_Tcl 2-1520] The results of Report Methodology are in file /home/shen/AI370-2/output/M14/rebuild-2026-10-02/vivado/SP701_Host_FPGA_JTAG_AXI.runs/impl_1/sp701_host_fpga_top_methodology_drc_routed.rpt.
report_methodology completed successfully
INFO: [Vivado 12-24828] Executing command : report_timing_summary -max_paths 10 -routable_nets -report_unconstrained -file sp701_host_fpga_top_timing_summary_routed.rpt -pb sp701_host_fpga_top_timing_summary_routed.pb -rpx sp701_host_fpga_top_timing_summary_routed.rpx -warn_on_violation 
INFO: [Timing 38-35] Done setting XDC timing constraints.
INFO: [Timing 38-91] UpdateTimingParams: Speed grade: -2, Delay Type: min_max.
INFO: [Timing 38-191] Multithreading enabled for timing update using a maximum of 8 CPUs
WARNING: [Timing 38-436] There are set_bus_skew constraint(s) in this design. Please run report_bus_skew to ensure that bus skew requirements are met.
INFO: [Vivado 12-24838] Running report commands "report_bus_skew, report_incremental_reuse, report_route_status" in parallel.
Running report generation with 3 threads.
INFO: [Vivado 12-24828] Executing command : report_incremental_reuse -file sp701_host_fpga_top_incremental_reuse_routed.rpt
INFO: [Vivado_Tcl 4-1062] Incremental flow is disabled. No incremental reuse Info to report.
INFO: [Vivado 12-24828] Executing command : report_route_status -file sp701_host_fpga_top_route_status.rpt -pb sp701_host_fpga_top_route_status.pb
INFO: [Vivado 12-24828] Executing command : report_bus_skew -warn_on_violation -file sp701_host_fpga_top_bus_skew_routed.rpt -pb sp701_host_fpga_top_bus_skew_routed.pb -rpx sp701_host_fpga_top_bus_skew_routed.rpx
INFO: [Timing 38-91] UpdateTimingParams: Speed grade: -2, Delay Type: min_max.
INFO: [Timing 38-191] Multithreading enabled for timing update using a maximum of 8 CPUs
INFO: [Vivado 12-24828] Executing command : report_power -file sp701_host_fpga_top_power_routed.rpt -pb sp701_host_fpga_top_power_summary_routed.pb -rpx sp701_host_fpga_top_power_routed.rpx
Command: report_power -file sp701_host_fpga_top_power_routed.rpt -pb sp701_host_fpga_top_power_summary_routed.pb -rpx sp701_host_fpga_top_power_routed.rpx
Running Vector-less Activity Propagation...

Finished Running Vector-less Activity Propagation
126 Infos, 1 Warnings, 6 Critical Warnings and 0 Errors encountered.
report_power completed successfully
INFO: [Vivado 12-24828] Executing command : report_clock_utilization -file sp701_host_fpga_top_clock_utilization_routed.rpt
INFO: [Timing 38-480] Writing timing data to binary archive.
Wrote PlaceDB: Time (s): cpu = 00:00:00 ; elapsed = 00:00:00 . Memory (MB): peak = 3403.797 ; gain = 0.000 ; free physical = 3120 ; free virtual = 42918
Wrote PulsedLatchDB: Time (s): cpu = 00:00:00 ; elapsed = 00:00:00 . Memory (MB): peak = 3403.797 ; gain = 0.000 ; free physical = 3120 ; free virtual = 42918
Writing XDEF routing.
Write ShapeDB Complete: Time (s): cpu = 00:00:00.03 ; elapsed = 00:00:00 . Memory (MB): peak = 3403.797 ; gain = 0.000 ; free physical = 3120 ; free virtual = 42918
Writing XDEF routing logical nets.
Writing XDEF routing special nets.
Wrote RouteStorage: Time (s): cpu = 00:00:00.14 ; elapsed = 00:00:00.03 . Memory (MB): peak = 3403.797 ; gain = 0.000 ; free physical = 3120 ; free virtual = 42918
Wrote PlaceStorage: Time (s): cpu = 00:00:00.19 ; elapsed = 00:00:00.05 . Memory (MB): peak = 3403.797 ; gain = 0.000 ; free physical = 3119 ; free virtual = 42919
Wrote Netlist Cache: Time (s): cpu = 00:00:00 ; elapsed = 00:00:00 . Memory (MB): peak = 3403.797 ; gain = 0.000 ; free physical = 3119 ; free virtual = 42920
Wrote Device Cache: Time (s): cpu = 00:00:00.01 ; elapsed = 00:00:00 . Memory (MB): peak = 3403.797 ; gain = 0.000 ; free physical = 3119 ; free virtual = 42920
Write Physdb Complete: Time (s): cpu = 00:00:00.36 ; elapsed = 00:00:00.09 . Memory (MB): peak = 3403.797 ; gain = 0.000 ; free physical = 3119 ; free virtual = 42920
INFO: [Common 17-1381] The checkpoint '/home/shen/AI370-2/output/M14/rebuild-2026-10-02/vivado/SP701_Host_FPGA_JTAG_AXI.runs/impl_1/sp701_host_fpga_top_routed.dcp' has been generated.
Command: write_bitstream -force sp701_host_fpga_top.bit
Attempting to get a license for feature 'Implementation' and/or device 'xc7s100'
INFO: [Common 17-349] Got license for feature 'Implementation' and/or device 'xc7s100'
Running DRC as a precondition to command write_bitstream
INFO: [IP_Flow 19-1839] IP Catalog is up to date.
INFO: [DRC 23-27] Running DRC with 8 threads
INFO: [Vivado 12-3199] DRC finished with 0 Errors
INFO: [Vivado 12-3200] Please refer to the DRC report (report_drc) for more information.
Integrating Hard IP ELF/MEM with the PDI.
INFO: [Designutils 20-2272] Running write_bitstream with 8 threads.
Initializing bitstream generation complete. Time (s): cpu = 00:00:00.39 ; elapsed = 00:00:00.39 . Memory (MB): peak = 3403.797 ; gain = 0.000 ; free physical = 3117 ; free virtual = 42930
Loading data files...
Loading site data...
Loading route data...
Processing options...
Creating bitmap...
Creating bitstream...
Writing bitstream ./sp701_host_fpga_top.bit...
Generate Bitstream complete. Time (s): cpu = 00:00:05 ; elapsed = 00:00:03 . Memory (MB): peak = 3480.516 ; gain = 76.719 ; free physical = 2893 ; free virtual = 42711
INFO: [Vivado 12-1842] Bitgen Completed Successfully.
INFO: [Common 17-83] Releasing license: Implementation
137 Infos, 1 Warnings, 6 Critical Warnings and 0 Errors encountered.
write_bitstream completed successfully
write_bitstream: Time (s): cpu = 00:00:08 ; elapsed = 00:00:36 . Memory (MB): peak = 3480.598 ; gain = 76.801 ; free physical = 2891 ; free virtual = 42719
INFO: [Common 17-206] Exiting Vivado at Fri Oct  2 15:23:43 2026...
[Fri Oct  2 15:23:48 2026] impl_1 finished
wait_on_runs: Time (s): cpu = 00:01:14 ; elapsed = 00:02:33 . Memory (MB): peak = 2036.801 ; gain = 0.000 ; free physical = 5011 ; free virtual = 44843
# set run_status [get_property STATUS [get_runs impl_1]]
# puts "M12_IMPL_STATUS=$run_status"
M12_IMPL_STATUS=write_bitstream Complete!
# if {![string match "*Complete!*" $run_status]} {error "Implementation/bitstream did not complete: $run_status"}
# open_run impl_1
INFO: [Device 21-403] Loading part xc7s100fgga676-2
Netlist sorting complete. Time (s): cpu = 00:00:00.01 ; elapsed = 00:00:00 . Memory (MB): peak = 2163.754 ; gain = 0.000 ; free physical = 4879 ; free virtual = 44713
INFO: [Netlist 29-17] Analyzing 66 Unisim elements for replacement
INFO: [Netlist 29-28] Unisim Transformation completed in 0 CPU seconds
INFO: [Project 1-479] Netlist was created with Vivado 2026.1
INFO: [Project 1-570] Preparing netlist for logic optimization
Read ShapeDB Complete: Time (s): cpu = 00:00:00 ; elapsed = 00:00:00.01 . Memory (MB): peak = 2239.504 ; gain = 1.000 ; free physical = 4705 ; free virtual = 44538
INFO: [Timing 38-478] Restoring timing data from binary archive.
INFO: [Timing 38-479] Binary timing data restore complete.
INFO: [Project 1-856] Restoring constraints from binary archive.
INFO: [Project 1-853] Binary constraint restore complete.
INFO: [Designutils 20-5722] Start Reading Physical Databases.
Reading placement.
Read Netlist Cache: Time (s): cpu = 00:00:00 ; elapsed = 00:00:00 . Memory (MB): peak = 2749.684 ; gain = 0.000 ; free physical = 4288 ; free virtual = 44124
Reading placer database...
Read Device Cache: Time (s): cpu = 00:00:00 ; elapsed = 00:00:00 . Memory (MB): peak = 2749.684 ; gain = 0.000 ; free physical = 4288 ; free virtual = 44124
Read PlaceDB: Time (s): cpu = 00:00:00 ; elapsed = 00:00:00 . Memory (MB): peak = 2749.684 ; gain = 0.000 ; free physical = 4288 ; free virtual = 44124
Read placeStorage: Time (s): cpu = 00:00:00.03 ; elapsed = 00:00:00.04 . Memory (MB): peak = 2759.223 ; gain = 9.539 ; free physical = 4290 ; free virtual = 44126
Read PulsedLatchDB: Time (s): cpu = 00:00:00 ; elapsed = 00:00:00 . Memory (MB): peak = 2759.223 ; gain = 0.000 ; free physical = 4290 ; free virtual = 44126
Reading routing.
Read RouteStorage: Time (s): cpu = 00:00:00.04 ; elapsed = 00:00:00.01 . Memory (MB): peak = 2759.223 ; gain = 0.000 ; free physical = 4290 ; free virtual = 44126
Read Physdb Files: Time (s): cpu = 00:00:00.08 ; elapsed = 00:00:00.06 . Memory (MB): peak = 2759.223 ; gain = 9.539 ; free physical = 4290 ; free virtual = 44126
Restored from archive | CPU: 0.110000 secs | Memory: 3.978920 MB |
Finished XDEF File Restore: Time (s): cpu = 00:00:00.1 ; elapsed = 00:00:00.08 . Memory (MB): peak = 2759.223 ; gain = 17.477 ; free physical = 4290 ; free virtual = 44126
Netlist sorting complete. Time (s): cpu = 00:00:00 ; elapsed = 00:00:00 . Memory (MB): peak = 2759.223 ; gain = 0.000 ; free physical = 4290 ; free virtual = 44126
INFO: [Project 1-111] Unisim Transformation Summary:
  A total of 50 instances were transformed.
  RAM32M => RAM32M (RAMD32(x6), RAMS32(x2)): 6 instances
  RAM64M => RAM64M (RAMD64E(x4)): 44 instances

# report_drc -file [file join $build_root reports build-drc.rpt]
Command: report_drc -file /home/shen/AI370-2/output/M14/rebuild-2026-10-02/reports/build-drc.rpt
INFO: [IP_Flow 19-1839] IP Catalog is up to date.
INFO: [DRC 23-27] Running DRC with 8 threads
INFO: [Vivado_Tcl 2-168] The results of DRC are in file /home/shen/AI370-2/output/M14/rebuild-2026-10-02/reports/build-drc.rpt.
report_drc completed successfully
# report_timing_summary -file [file join $build_root reports build-timing.rpt]
INFO: [Timing 38-91] UpdateTimingParams: Speed grade: -2, Delay Type: min_max.
INFO: [Timing 38-191] Multithreading enabled for timing update using a maximum of 8 CPUs
WARNING: [Timing 38-436] There are set_bus_skew constraint(s) in this design. Please run report_bus_skew to ensure that bus skew requirements are met.
# report_utilization -file [file join $build_root reports build-utilization.rpt]
# set bit_files [glob -nocomplain [file join $proj_dir ${project_name}.runs impl_1 *.bit]]
# if {[llength $bit_files] != 1} {error "Expected one implementation bitstream; found: $bit_files"}
# puts "M12_BITSTREAM=[lindex $bit_files 0]"
M12_BITSTREAM=/home/shen/AI370-2/output/M14/rebuild-2026-10-02/vivado/SP701_Host_FPGA_JTAG_AXI.runs/impl_1/sp701_host_fpga_top.bit
# close_project
INFO: [Common 17-206] Exiting Vivado at Fri Oct  2 15:23:54 2026...
